Archive member included to satisfy reference by file (symbol)

c:/program files (x86)/atmel/studio/7.0/toolchain/avr8/avr8-gnu-toolchain/bin/../lib/gcc/avr/4.9.2/../../../../avr/lib/avr6\libm.a(addsf3.o)
                              Kinematics.o (__subsf3)
c:/program files (x86)/atmel/studio/7.0/toolchain/avr8/avr8-gnu-toolchain/bin/../lib/gcc/avr/4.9.2/../../../../avr/lib/avr6\libm.a(addsf3x.o)
                              c:/program files (x86)/atmel/studio/7.0/toolchain/avr8/avr8-gnu-toolchain/bin/../lib/gcc/avr/4.9.2/../../../../avr/lib/avr6\libm.a(addsf3.o) (__addsf3x)
c:/program files (x86)/atmel/studio/7.0/toolchain/avr8/avr8-gnu-toolchain/bin/../lib/gcc/avr/4.9.2/../../../../avr/lib/avr6\libm.a(atan2.o)
                              Path.o (atan2)
c:/program files (x86)/atmel/studio/7.0/toolchain/avr8/avr8-gnu-toolchain/bin/../lib/gcc/avr/4.9.2/../../../../avr/lib/avr6\libm.a(atan.o)
                              c:/program files (x86)/atmel/studio/7.0/toolchain/avr8/avr8-gnu-toolchain/bin/../lib/gcc/avr/4.9.2/../../../../avr/lib/avr6\libm.a(atan2.o) (atan)
c:/program files (x86)/atmel/studio/7.0/toolchain/avr8/avr8-gnu-toolchain/bin/../lib/gcc/avr/4.9.2/../../../../avr/lib/avr6\libm.a(cmpsf2.o)
                              Path.o (__ltsf2)
c:/program files (x86)/atmel/studio/7.0/toolchain/avr8/avr8-gnu-toolchain/bin/../lib/gcc/avr/4.9.2/../../../../avr/lib/avr6\libm.a(cos.o)
                              Sketch.o (cos)
c:/program files (x86)/atmel/studio/7.0/toolchain/avr8/avr8-gnu-toolchain/bin/../lib/gcc/avr/4.9.2/../../../../avr/lib/avr6\libm.a(divsf3.o)
                              Kinematics.o (__divsf3)
c:/program files (x86)/atmel/studio/7.0/toolchain/avr8/avr8-gnu-toolchain/bin/../lib/gcc/avr/4.9.2/../../../../avr/lib/avr6\libm.a(divsf3x.o)
                              c:/program files (x86)/atmel/studio/7.0/toolchain/avr8/avr8-gnu-toolchain/bin/../lib/gcc/avr/4.9.2/../../../../avr/lib/avr6\libm.a(divsf3.o) (__divsf3x)
c:/program files (x86)/atmel/studio/7.0/toolchain/avr8/avr8-gnu-toolchain/bin/../lib/gcc/avr/4.9.2/../../../../avr/lib/avr6\libm.a(fixsfsi.o)
                              Kinematics.o (__fixsfsi)
c:/program files (x86)/atmel/studio/7.0/toolchain/avr8/avr8-gnu-toolchain/bin/../lib/gcc/avr/4.9.2/../../../../avr/lib/avr6\libm.a(fixunssfsi.o)
                              PS2X_lib.o (__fixunssfsi)
c:/program files (x86)/atmel/studio/7.0/toolchain/avr8/avr8-gnu-toolchain/bin/../lib/gcc/avr/4.9.2/../../../../avr/lib/avr6\libm.a(floatsisf.o)
                              PS2X_lib.o (__floatunsisf)
c:/program files (x86)/atmel/studio/7.0/toolchain/avr8/avr8-gnu-toolchain/bin/../lib/gcc/avr/4.9.2/../../../../avr/lib/avr6\libm.a(fmod.o)
                              Sketch.o (fmod)
c:/program files (x86)/atmel/studio/7.0/toolchain/avr8/avr8-gnu-toolchain/bin/../lib/gcc/avr/4.9.2/../../../../avr/lib/avr6\libm.a(fp_cmp.o)
                              c:/program files (x86)/atmel/studio/7.0/toolchain/avr8/avr8-gnu-toolchain/bin/../lib/gcc/avr/4.9.2/../../../../avr/lib/avr6\libm.a(cmpsf2.o) (__fp_cmp)
c:/program files (x86)/atmel/studio/7.0/toolchain/avr8/avr8-gnu-toolchain/bin/../lib/gcc/avr/4.9.2/../../../../avr/lib/avr6\libm.a(fp_inf.o)
                              c:/program files (x86)/atmel/studio/7.0/toolchain/avr8/avr8-gnu-toolchain/bin/../lib/gcc/avr/4.9.2/../../../../avr/lib/avr6\libm.a(addsf3x.o) (__fp_inf)
c:/program files (x86)/atmel/studio/7.0/toolchain/avr8/avr8-gnu-toolchain/bin/../lib/gcc/avr/4.9.2/../../../../avr/lib/avr6\libm.a(fp_mpack.o)
                              c:/program files (x86)/atmel/studio/7.0/toolchain/avr8/avr8-gnu-toolchain/bin/../lib/gcc/avr/4.9.2/../../../../avr/lib/avr6\libm.a(fmod.o) (__fp_mpack)
c:/program files (x86)/atmel/studio/7.0/toolchain/avr8/avr8-gnu-toolchain/bin/../lib/gcc/avr/4.9.2/../../../../avr/lib/avr6\libm.a(fp_nan.o)
                              c:/program files (x86)/atmel/studio/7.0/toolchain/avr8/avr8-gnu-toolchain/bin/../lib/gcc/avr/4.9.2/../../../../avr/lib/avr6\libm.a(addsf3x.o) (__fp_nan)
c:/program files (x86)/atmel/studio/7.0/toolchain/avr8/avr8-gnu-toolchain/bin/../lib/gcc/avr/4.9.2/../../../../avr/lib/avr6\libm.a(fp_powser.o)
                              c:/program files (x86)/atmel/studio/7.0/toolchain/avr8/avr8-gnu-toolchain/bin/../lib/gcc/avr/4.9.2/../../../../avr/lib/avr6\libm.a(atan.o) (__fp_powser)
c:/program files (x86)/atmel/studio/7.0/toolchain/avr8/avr8-gnu-toolchain/bin/../lib/gcc/avr/4.9.2/../../../../avr/lib/avr6\libm.a(fp_pscA.o)
                              c:/program files (x86)/atmel/studio/7.0/toolchain/avr8/avr8-gnu-toolchain/bin/../lib/gcc/avr/4.9.2/../../../../avr/lib/avr6\libm.a(addsf3x.o) (__fp_pscA)
c:/program files (x86)/atmel/studio/7.0/toolchain/avr8/avr8-gnu-toolchain/bin/../lib/gcc/avr/4.9.2/../../../../avr/lib/avr6\libm.a(fp_pscB.o)
[...]
Memory Configuration

Name             Origin             Length             Attributes
text             0x00000000         0x00100000         xr
data             0x00800200         0x0000fe00         rw !x
eeprom           0x00810000         0x00010000         rw !x
fuse             0x00820000         0x00000400         rw !x
lock             0x00830000         0x00000400         rw !x
signature        0x00840000         0x00000400         rw !x
user_signatures  0x00850000         0x00000400         rw !x
*default*        0x00000000         0xffffffff

Linker script and memory map

Address of section .data set to 0x800200
LOAD C:/Program Files (x86)/Atmel/Studio/7.0/Packs/atmel/ATmega_DFP/1.0.106/gcc/dev/atmega2560/avr6/crtatmega2560.o
LOAD Adafruit_GFX.o
LOAD Adafruit_SPITFT.o
LOAD Adafruit_SSD1306.o
LOAD ComwithMotor.o
LOAD ComwithPC.o
LOAD ComwithShot.o
LOAD Display.o
LOAD glcdfont.o
LOAD Kinematics.o
LOAD mMotor.o
LOAD mPS2.o
LOAD Path.o
LOAD PS2X_lib.o
LOAD Sketch.o
LOAD src/libraries/SPI/src/SPI.o
LOAD src/libraries/Wire/src/utility/twi.o
LOAD src/libraries/Wire/src/Wire.o
LOAD Timer1.o
START GROUP
LOAD c:/program files (x86)/atmel/studio/7.0/toolchain/avr8/avr8-gnu-toolchain/bin/../lib/gcc/avr/4.9.2/../../../../avr/lib/avr6\libm.a
LOAD I:\atmel studio\led2\ArduinoSketch42\ArduinoSketch42\ArduinoCore\Debug\libArduinoCore.a
END GROUP
LOAD c:/program files (x86)/atmel/studio/7.0/toolchain/avr8/avr8-gnu-toolchain/bin/../lib/gcc/avr/4.9.2/avr6\libgcc.a
LOAD c:/program files (x86)/atmel/studio/7.0/toolchain/avr8/avr8-gnu-toolchain/bin/../lib/gcc/avr/4.9.2/../../../../avr/lib/avr6\libm.a
START GROUP
LOAD c:/program files (x86)/atmel/studio/7.0/toolchain/avr8/avr8-gnu-toolchain/bin/../lib/gcc/avr/4.9.2/avr6\libgcc.a
LOAD c:/program files (x86)/atmel/studio/7.0/toolchain/avr8/avr8-gnu-toolchain/bin/../lib/gcc/avr/4.9.2/../../../../avr/lib/avr6\libm.a
LOAD c:/program files (x86)/atmel/studio/7.0/toolchain/avr8/avr8-gnu-toolchain/bin/../lib/gcc/avr/4.9.2/../../../../avr/lib/avr6\libc.a
LOAD C:/Program Files (x86)/Atmel/Studio/7.0/Packs/atmel/ATmega_DFP/1.0.106/gcc/dev/atmega2560/avr6\libatmega2560.a
END GROUP
                0x00100000                __TEXT_REGION_LENGTH__ = DEFINED (__TEXT_REGION_LENGTH__)?__TEXT_REGION_LENGTH__:0x100000
                0x0000fe00                __DATA_REGION_LENGTH__ = DEFINED (__DATA_REGION_LENGTH__)?__DATA_REGION_LENGTH__:0xfe00
                0x00010000                __EEPROM_REGION_LENGTH__ = DEFINED (__EEPROM_REGION_LENGTH__)?__EEPROM_REGION_LENGTH__:0x10000
                0x00000400                __FUSE_REGION_LENGTH__ = DEFINED (__FUSE_REGION_LENGTH__)?__FUSE_REGION_LENGTH__:0x400
                0x00000400                __LOCK_REGION_LENGTH__ = DEFINED (__LOCK_REGION_LENGTH__)?__LOCK_REGION_LENGTH__:0x400
                0x00000400                __SIGNATURE_REGION_LENGTH__ = DEFINED (__SIGNATURE_REGION_LENGTH__)?__SIGNATURE_REGION_LENGTH__:0x400
                0x00000400                __USER_SIGNATURE_REGION_LENGTH__ = DEFINED (__USER_SIGNATURE_REGION_LENGTH__)?__USER_SIGNATURE_REGION_LENGTH__:0x400

.hash
 *(.hash)

.dynsym
 *(.dynsym)

.dynstr
 *(.dynstr)

.gnu.version
 *(.gnu.version)

.gnu.version_d
 *(.gnu.version_d)

.gnu.version_r
 *(.gnu.version_r)

.rel.init
 *(.rel.init)

.rela.init
 *(.rela.init)

.rel.text
 *(.rel.text)
 *(.rel.text.*)
 *(.rel.gnu.linkonce.t*)

.rela.text
 *(.rela.text)
 *(.rela.text.*)
 *(.rela.gnu.linkonce.t*)

.rel.fini
 *(.rel.fini)

.rela.fini
 *(.rela.fini)

.rel.rodata
 *(.rel.rodata)
 *(.rel.rodata.*)
 *(.rel.gnu.linkonce.r*)

.rela.rodata
 *(.rela.rodata)
 *(.rela.rodata.*)
 *(.rela.gnu.linkonce.r*)

.rel.data
 *(.rel.data)
 *(.rel.data.*)
 *(.rel.gnu.linkonce.d*)

.rela.data
 *(.rela.data)
 *(.rela.data.*)
 *(.rela.gnu.linkonce.d*)

.rel.ctors
 *(.rel.ctors)

.rela.ctors
 *(.rela.ctors)

.rel.dtors
 *(.rel.dtors)

.rela.dtors
 *(.rela.dtors)

.rel.got
 *(.rel.got)

.rela.got
 *(.rela.got)

.rel.bss
 *(.rel.bss)

.rela.bss
 *(.rela.bss)

.rel.plt
 *(.rel.plt)

.rela.plt
 *(.rela.plt)

.text           0x00000000     0x7264
 *(.vectors)
 .vectors       0x00000000       0xe4 C:/Program Files (x86)/Atmel/Studio/7.0/Packs/atmel/ATmega_DFP/1.0.106/gcc/dev/atmega2560/avr6/crtatmega2560.o
                0x00000000                __vector_default
                0x00000000                __vectors
 *(.vectors)
 *(.progmem.gcc*)
 .progmem.gcc_fplib
                0x000000e4       0x2d c:/program files (x86)/atmel/studio/7.0/toolchain/avr8/avr8-gnu-toolchain/bin/../lib/gcc/avr/4.9.2/../../../../avr/lib/avr6\libm.a(atan.o)
 .progmem.gcc_fplib
                0x00000111       0x1e c:/program files (x86)/atmel/studio/7.0/toolchain/avr8/avr8-gnu-toolchain/bin/../lib/gcc/avr/4.9.2/../../../../avr/lib/avr6\libm.a(fp_sinus.o)
 .progmem.gcc_fplib
                0x0000012f       0x28 c:/program files (x86)/atmel/studio/7.0/toolchain/avr8/avr8-gnu-toolchain/bin/../lib/gcc/avr/4.9.2/../../../../avr/lib/avr6\libm.a(exp.o)
 .progmem.gcc_fplib
                0x00000157       0x5a c:/program files (x86)/atmel/studio/7.0/toolchain/avr8/avr8-gnu-toolchain/bin/../lib/gcc/avr/4.9.2/../../../../avr/lib/avr6\libm.a(log.o)
 *fill*         0x000001b1        0x1 
 .progmem.gcc_sw_table.attachInterrupt
                0x000001b2        0xe I:\atmel studio\led2\ArduinoSketch42\ArduinoSketch42\ArduinoCore\Debug\libArduinoCore.a(WInterrupts.o)
 .progmem.gcc_sw_table.turnOffPWM
                0x000001c0       0x24 I:\atmel studio\led2\ArduinoSketch42\ArduinoSketch42\ArduinoCore\Debug\libArduinoCore.a(wiring_digital.o)
                0x000001e4                . = ALIGN (0x2)
                0x000001e4                __trampolines_start = .
 *(.trampolines)
 .trampolines   0x000001e4        0x0 linker stubs
 *(.trampolines*)
                0x000001e4                __trampolines_end = .
 *libprintf_flt.a:*(.progmem.data)
 *libc.a:*(.progmem.data)
 *(.progmem*)
 .progmem.data._ZL4font
                0x000001e4      0x500 Adafruit_GFX.o
 .progmem.data.digital_pin_to_timer_PGM
                0x000006e4       0x46 I:\atmel studio\led2\ArduinoSketch42\ArduinoSketch42\ArduinoCore\Debug\libArduinoCore.a(wiring_digital.o)
                0x000006e4                digital_pin_to_timer_PGM
 .progmem.data.digital_pin_to_bit_mask_PGM
                0x0000072a       0x46 I:\atmel studio\led2\ArduinoSketch42\ArduinoSketch42\ArduinoCore\Debug\libArduinoCore.a(wiring_digital.o)
                0x0000072a                digital_pin_to_bit_mask_PGM
 .progmem.data.digital_pin_to_port_PGM
                0x00000770       0x46 I:\atmel studio\led2\ArduinoSketch42\ArduinoSketch42\ArduinoCore\Debug\libArduinoCore.a(wiring_digital.o)
                0x00000770                digital_pin_to_port_PGM
 .progmem.data.port_to_input_PGM
                0x000007b6       0x1a I:\atmel studio\led2\ArduinoSketch42\ArduinoSketch42\ArduinoCore\Debug\libArduinoCore.a(wiring_digital.o)
                0x000007b6                port_to_input_PGM
 .progmem.data.port_to_output_PGM
                0x000007d0       0x1a I:\atmel studio\led2\ArduinoSketch42\ArduinoSketch42\ArduinoCore\Debug\libArduinoCore.a(wiring_digital.o)
                0x000007d0                port_to_output_PGM
 .progmem.data.port_to_mode_PGM
                0x000007ea       0x1a I:\atmel studio\led2\ArduinoSketch42\ArduinoSketch42\ArduinoCore\Debug\libArduinoCore.a(wiring_digital.o)
                0x000007ea                port_to_mode_PGM
                0x00000804                . = ALIGN (0x2)
 *(.jumptables)
 *(.jumptables*)
 *(.lowtext)
 *(.lowtext*)
                0x00000804                __ctors_start = .
 *(.ctors)
 .ctors         0x00000804        0x2 Display.o
 .ctors         0x00000806        0x2 Sketch.o
 .ctors         0x00000808        0x2 src/libraries/Wire/src/Wire.o
 .ctors         0x0000080a        0x2 I:\atmel studio\led2\ArduinoSketch42\ArduinoSketch42\ArduinoCore\Debug\libArduinoCore.a(HardwareSerial0.o)
 .ctors         0x0000080c        0x2 I:\atmel studio\led2\ArduinoSketch42\ArduinoSketch42\ArduinoCore\Debug\libArduinoCore.a(HardwareSerial2.o)
                0x0000080e                __ctors_end = .
                0x0000080e                __dtors_start = .
 *(.dtors)
 .dtors         0x0000080e        0x2 Sketch.o
                0x00000810                __dtors_end = .
 SORT(*)(.ctors)
 SORT(*)(.dtors)
 *(.init0)
 .init0         0x00000810        0x0 C:/Program Files (x86)/Atmel/Studio/7.0/Packs/atmel/ATmega_DFP/1.0.106/gcc/dev/atmega2560/avr6/crtatmega2560.o
                0x00000810                __init
 *(.init0)
 *(.init1)
 *(.init1)
 *(.init2)
 .init2         0x00000810       0x10 C:/Program Files (x86)/Atmel/Studio/7.0/Packs/atmel/ATmega_DFP/1.0.106/gcc/dev/atmega2560/avr6/crtatmega2560.o
 *(.init2)
 *(.init3)
 *(.init3)
 *(.init4)
 .init4         0x00000820       0x1a c:/program files (x86)/atmel/studio/7.0/toolchain/avr8/avr8-gnu-toolchain/bin/../lib/gcc/avr/4.9.2/avr6\libgcc.a(_copy_data.o)
                0x00000820                __do_copy_data
 .init4         0x0000083a       0x10 c:/program files (x86)/atmel/studio/7.0/toolchain/avr8/avr8-gnu-toolchain/bin/../lib/gcc/avr/4.9.2/avr6\libgcc.a(_clear_bss.o)
                0x0000083a                __do_clear_bss
 *(.init4)
 *(.init5)
 *(.init5)
 *(.init6)
 .init6         0x0000084a       0x20 c:/program files (x86)/atmel/studio/7.0/toolchain/avr8/avr8-gnu-toolchain/bin/../lib/gcc/avr/4.9.2/avr6\libgcc.a(_ctors.o)
                0x0000084a                __do_global_ctors
 *(.init6)
 *(.init7)
 *(.init7)
 *(.init8)
 *(.init8)
 *(.init9)
 .init9         0x0000086a        0x8 C:/Program Files (x86)/Atmel/Studio/7.0/Packs/atmel/ATmega_DFP/1.0.106/gcc/dev/atmega2560/avr6/crtatmega2560.o
 *(.init9)
 *(.text)
 .text          0x00000872        0x2 C:/Program Files (x86)/Atmel/Studio/7.0/Packs/atmel/ATmega_DFP/1.0.106/gcc/dev/atmega2560/avr6/crtatmega2560.o
                0x00000872                __vector_38
                0x00000872                __vector_22
                0x00000872                __vector_28
                0x00000872                __vector_32
                0x00000872                __vector_34
                0x00000872                __vector_24
                0x00000872                __vector_12
                0x00000872                __vector_55
                0x00000872                __vector_46
                0x00000872                __bad_interrupt
                0x00000872                __vector_31
                0x00000872                __vector_35
                0x00000872                __vector_30
                0x00000872                __vector_45
                0x00000872                __vector_11
                0x00000872                __vector_54
                0x00000872                __vector_13
                0x00000872                __vector_19
                0x00000872                __vector_56
                0x00000872                __vector_49
                0x00000872                __vector_41
                0x00000872                __vector_43
                0x00000872                __vector_27
                0x00000872                __vector_33
                0x00000872                __vector_47
                0x00000872                __vector_37
                0x00000872                __vector_44
                0x00000872                __vector_9
                0x00000872                __vector_21
                0x00000872                __vector_15
                0x00000872                __vector_36
                0x00000872                __vector_29
                0x00000872                __vector_40
                0x00000872                __vector_48
                0x00000872                __vector_14
                0x00000872                __vector_53
                0x00000872                __vector_10
                0x00000872                __vector_50
                0x00000872                __vector_16
                0x00000872                __vector_18
                0x00000872                __vector_20
                0x00000872                __vector_42
                0x00000874                . = ALIGN (0x2)
 *(.text.*)
 .text._ZN5Print17availableForWriteEv
                0x00000874        0x6 Adafruit_GFX.o
                0x00000874                _ZN5Print17availableForWriteEv
 .text._ZN5Print5flushEv
                0x0000087a        0x2 Adafruit_GFX.o
                0x0000087a                _ZN5Print5flushEv
 .text._ZN12Adafruit_GFX9writeLineEiiiij
                0x0000087c      0x152 Adafruit_GFX.o
                0x0000087c                _ZN12Adafruit_GFX9writeLineEiiiij
 .text._ZN12Adafruit_GFX10startWriteEv
                0x000009ce        0x2 Adafruit_GFX.o
                0x000009ce                _ZN12Adafruit_GFX10startWriteEv
 .text._ZN12Adafruit_GFX10writePixelEiij
                0x000009d0        0xe Adafruit_GFX.o
                0x000009d0                _ZN12Adafruit_GFX10writePixelEiij
 .text._ZN12Adafruit_GFX14writeFastVLineEiiij
                0x000009de       0x18 Adafruit_GFX.o
                0x000009de                _ZN12Adafruit_GFX14writeFastVLineEiiij
 .text._ZN12Adafruit_GFX14writeFastHLineEiiij
                0x000009f6       0x18 Adafruit_GFX.o
                0x000009f6                _ZN12Adafruit_GFX14writeFastHLineEiiij
 .text._ZN12Adafruit_GFX13writeFillRectEiiiij
                0x00000a0e       0x20 Adafruit_GFX.o
                0x00000a0e                _ZN12Adafruit_GFX13writeFillRectEiiiij
 .text._ZN12Adafruit_GFX8endWriteEv
                0x00000a2e        0x2 Adafruit_GFX.o
                0x00000a2e                _ZN12Adafruit_GFX8endWriteEv
 .text._ZN12Adafruit_GFX13drawFastVLineEiiij
                0x00000a30       0x8a Adafruit_GFX.o
                0x00000a30                _ZN12Adafruit_GFX13drawFastVLineEiiij
 .text._ZN12Adafruit_GFX13drawFastHLineEiiij
                0x00000aba       0x88 Adafruit_GFX.o
                0x00000aba                _ZN12Adafruit_GFX13drawFastHLineEiiij
 .text._ZN12Adafruit_GFX8fillRectEiiiij
                0x00000b42       0xa2 Adafruit_GFX.o
                0x00000b42                _ZN12Adafruit_GFX8fillRectEiiiij
 .text._ZN12Adafruit_GFX10fillScreenEj
                0x00000be4       0x3c Adafruit_GFX.o
                0x00000be4                _ZN12Adafruit_GFX10fillScreenEj
 .text._ZN12Adafruit_GFX8drawLineEiiiij
                0x00000c20       0xec Adafruit_GFX.o
                0x00000c20                _ZN12Adafruit_GFX8drawLineEiiiij
 .text._ZN12Adafruit_GFX8drawRectEiiiij
                0x00000d0c       0xbe Adafruit_GFX.o
                0x00000d0c                _ZN12Adafruit_GFX8drawRectEiiiij
 .text._ZN12Adafruit_GFX13invertDisplayEb
                0x00000dca        0x2 Adafruit_GFX.o
                0x00000dca                _ZN12Adafruit_GFX13invertDisplayEb
 .text._ZN12Adafruit_GFX11setRotationEh
                0x00000dcc       0x2a Adafruit_GFX.o
                0x00000dcc                _ZN12Adafruit_GFX11setRotationEh
 .text._ZN12Adafruit_GFXC2Eii
                0x00000df6       0x42 Adafruit_GFX.o
                0x00000df6                _ZN12Adafruit_GFXC2Eii
                0x00000df6                _ZN12Adafruit_GFXC1Eii
 .text._ZN12Adafruit_GFX8drawCharEiihjjh
                0x00000e38      0x42c Adafruit_GFX.o
                0x00000e38                _ZN12Adafruit_GFX8drawCharEiihjjh
 .text._ZN12Adafruit_GFX5writeEh
                0x00001264      0x1a8 Adafruit_GFX.o
                0x00001264                _ZN12Adafruit_GFX5writeEh
 .text._ZN12Adafruit_GFX9setCursorEii
                0x0000140c        0xc Adafruit_GFX.o
                0x0000140c                _ZN12Adafruit_GFX9setCursorEii
 .text._ZN12Adafruit_GFX11setTextSizeEh
                0x00001418        0xc Adafruit_GFX.o
                0x00001418                _ZN12Adafruit_GFX11setTextSizeEh
 .text._ZN12Adafruit_GFX12setTextColorEj
                0x00001424        0xc Adafruit_GFX.o
                0x00001424                _ZN12Adafruit_GFX12setTextColorEj
 .text._ZNK12Adafruit_GFX11getRotationEv
                0x00001430        0x6 Adafruit_GFX.o
                0x00001430                _ZNK12Adafruit_GFX11getRotationEv
 .text._ZNK12Adafruit_GFX5widthEv
                0x00001436        0x8 Adafruit_GFX.o
                0x00001436                _ZNK12Adafruit_GFX5widthEv
 .text._ZNK12Adafruit_GFX6heightEv
                0x0000143e        0x8 Adafruit_GFX.o
                0x0000143e                _ZNK12Adafruit_GFX6heightEv
 .text._ZN16Adafruit_SSD130613drawFastHLineEiiij
                0x00001446      0x2b4 Adafruit_SSD1306.o
                0x00001446                _ZN16Adafruit_SSD130613drawFastHLineEiiij
 .text._ZN16Adafruit_SSD130613drawFastVLineEiiij
                0x000016fa      0x2b4 Adafruit_SSD1306.o
                0x000016fa                _ZN16Adafruit_SSD130613drawFastVLineEiiij
 .text._ZN16Adafruit_SSD13069drawPixelEiij
                0x000019ae      0x168 Adafruit_SSD1306.o
                0x000019ae                _ZN16Adafruit_SSD13069drawPixelEiij
 .text._ZN16Adafruit_SSD1306C2Ea
                0x00001b16       0x30 Adafruit_SSD1306.o
                0x00001b16                _ZN16Adafruit_SSD1306C2Ea
                0x00001b16                _ZN16Adafruit_SSD1306C1Ea
 .text._ZN16Adafruit_SSD130612clearDisplayEv
                0x00001b46       0x16 Adafruit_SSD1306.o
                0x00001b46                _ZN16Adafruit_SSD130612clearDisplayEv
 .text._ZN16Adafruit_SSD130612fastSPIwriteEh
                0x00001b5c       0x5a Adafruit_SSD1306.o
                0x00001b5c                _ZN16Adafruit_SSD130612fastSPIwriteEh
 .text._ZN16Adafruit_SSD130615ssd1306_commandEh
                0x00001bb6       0x82 Adafruit_SSD1306.o
                0x00001bb6                _ZN16Adafruit_SSD130615ssd1306_commandEh
 .text._ZN16Adafruit_SSD13065beginEhhb
                0x00001c38      0x236 Adafruit_SSD1306.o
                0x00001c38                _ZN16Adafruit_SSD13065beginEhhb
 .text._ZN16Adafruit_SSD13067displayEv
                0x00001e6e       0xf4 Adafruit_SSD1306.o
                0x00001e6e                _ZN16Adafruit_SSD13067displayEv
 .text._ZN12ComwithMotorC2Ev
                0x00001f62       0x4e ComwithMotor.o
                0x00001f62                _ZN12ComwithMotorC1Ev
                0x00001f62                _ZN12ComwithMotorC2Ev
 .text._ZN12ComwithMotor7SendAtoENS_5MotorEi
                0x00001fb0       0x36 ComwithMotor.o
                0x00001fb0                _ZN12ComwithMotor7SendAtoENS_5MotorEi
 .text._ZN12ComwithMotor10SendAtoALLEiiii
                0x00001fe6       0x44 ComwithMotor.o
                0x00001fe6                _ZN12ComwithMotor10SendAtoALLEiiii
 .text._ZN12ComwithMotor7SendKtoENS_5MotorEddd
                0x0000202a       0xc6 ComwithMotor.o
                0x0000202a                _ZN12ComwithMotor7SendKtoENS_5MotorEddd
 .text._ZN12ComwithMotor10SendKtoALLEddd
                0x000020f0       0xa2 ComwithMotor.o
                0x000020f0                _ZN12ComwithMotor10SendKtoALLEddd
 .text._ZN12ComwithMotor9ReadBfromENS_5MotorE
                0x00002192       0x46 ComwithMotor.o
                0x00002192                _ZN12ComwithMotor9ReadBfromENS_5MotorE
 .text._ZN12ComwithMotor5beginEv
                0x000021d8       0xf0 ComwithMotor.o
                0x000021d8                _ZN12ComwithMotor5beginEv
 .text._ZN9ComwithPCC2Ev
                0x000022c8        0x2 ComwithPC.o
                0x000022c8                _ZN9ComwithPCC2Ev
                0x000022c8                _ZN9ComwithPCC1Ev
 .text._ZN9ComwithPC5beginEm
                0x000022ca       0x16 ComwithPC.o
                0x000022ca                _ZN9ComwithPC5beginEm
 .text._ZN9ComwithPC10tellMotorsEiiii
                0x000022e0       0x88 ComwithPC.o
                0x000022e0                _ZN9ComwithPC10tellMotorsEiiii
 .text._ZN9ComwithPC7tellXYPEddd
                0x00002368       0xcc ComwithPC.o
                0x00002368                _ZN9ComwithPC7tellXYPEddd
 .text._ZN9ComwithPC9tellStateE6String
                0x00002434       0x20 ComwithPC.o
                0x00002434                _ZN9ComwithPC9tellStateE6String
 .text._ZN11ComwithShotC2Ev
                0x00002454        0xe ComwithShot.o
                0x00002454                _ZN11ComwithShotC2Ev
                0x00002454                _ZN11ComwithShotC1Ev
 .text._ZN11ComwithShot14SendXYPandSHOTEddd
                0x00002462      0x136 ComwithShot.o
                0x00002462                _ZN11ComwithShot14SendXYPandSHOTEddd
 .text._ZN7DisplayC2Ev
                0x00002598       0x78 Display.o
                0x00002598                _ZN7DisplayC2Ev
                0x00002598                _ZN7DisplayC1Ev
 .text._ZN7Display5beginEv
                0x00002610       0x24 Display.o
                0x00002610                _ZN7Display5beginEv
 .text._ZN7Display7refreshEiiiiddd6String
                0x00002634      0x262 Display.o
                0x00002634                _ZN7Display7refreshEiiiiddd6String
 .text.startup._GLOBAL__sub_I_display
                0x00002896        0x8 Display.o
 .text._ZN10KinematicsC2Eiffi
                0x0000289e       0x9a Kinematics.o
                0x0000289e                _ZN10KinematicsC1Eiffi
                0x0000289e                _ZN10KinematicsC2Eiffi
 .text._ZN10Kinematics6getRPMEfff
                0x00002938      0x1ea Kinematics.o
                0x00002938                _ZN10Kinematics6getRPMEfff
 .text._ZN10Kinematics8rpmToPWMEi
                0x00002b22       0x5a Kinematics.o
                0x00002b22                _ZN10Kinematics8rpmToPWMEi
 .text._ZN10Kinematics6getPWMEfff
                0x00002b7c      0x256 Kinematics.o
                0x00002b7c                _ZN10Kinematics6getPWMEfff
 .text._ZN6mMotorC2Ev
                0x00002dd2       0x28 mMotor.o
                0x00002dd2                _ZN6mMotorC1Ev
                0x00002dd2                _ZN6mMotorC2Ev
 .text._ZN4mPS2C2Ev
                0x00002dfa       0x46 mPS2.o
                0x00002dfa                _ZN4mPS2C2Ev
                0x00002dfa                _ZN4mPS2C1Ev
 .text._ZN4mPS25beginEv
                0x00002e40      0x118 mPS2.o
                0x00002e40                _ZN4mPS25beginEv
 .text._ZN4mPS27refreshEv
                0x00002f58      0x2fe mPS2.o
                0x00002f58                _ZN4mPS27refreshEv
 .text._ZN4PathC2Ev
                0x00003256      0x126 Path.o
                0x00003256                _ZN4PathC2Ev
                0x00003256                _ZN4PathC1Ev
 .text._ZN4Path12CcltAngleSubEdd
                0x0000337c       0x7a Path.o
                0x0000337c                _ZN4Path12CcltAngleSubEdd
 .text._ZN4Path9gotoPointEddddd
                0x000033f6      0x244 Path.o
                0x000033f6                _ZN4Path9gotoPointEddddd
 .text._ZN4PS2X14NewButtonStateEv
                0x0000363a       0x16 PS2X_lib.o
                0x0000363a                _ZN4PS2X14NewButtonStateEv
 .text._ZN4PS2X14NewButtonStateEj
                0x00003650       0x1c PS2X_lib.o
                0x00003650                _ZN4PS2X14NewButtonStateEj
 .text._ZN4PS2X13ButtonPressedEj
                0x0000366c       0x38 PS2X_lib.o
                0x0000366c                _ZN4PS2X13ButtonPressedEj
 .text._ZN4PS2X14ButtonReleasedEj
                0x000036a4       0x38 PS2X_lib.o
                0x000036a4                _ZN4PS2X14ButtonReleasedEj
 .text._ZN4PS2X6ButtonEj
                0x000036dc       0x18 PS2X_lib.o
                0x000036dc                _ZN4PS2X6ButtonEj
 .text._ZN4PS2X6AnalogEh
                0x000036f4        0xa PS2X_lib.o
                0x000036f4                _ZN4PS2X6AnalogEh
 .text._ZN4PS2X8readTypeEv
                0x000036fe       0x20 PS2X_lib.o
                0x000036fe                _ZN4PS2X8readTypeEv
 .text._ZN4PS2X7CLK_SETEv
                0x0000371e       0x1c PS2X_lib.o
                0x0000371e                _ZN4PS2X7CLK_SETEv
 .text._ZN4PS2X7CMD_SETEv
                0x0000373a       0x1c PS2X_lib.o
                0x0000373a                _ZN4PS2X7CMD_SETEv
 .text._ZN4PS2X19_gamepad_shiftinoutEc
                0x00003756       0xce PS2X_lib.o
                0x00003756                _ZN4PS2X19_gamepad_shiftinoutEc
 .text._ZN4PS2X7ATT_SETEv
                0x00003824       0x1c PS2X_lib.o
                0x00003824                _ZN4PS2X7ATT_SETEv
 .text._ZN4PS2X7ATT_CLREv
                0x00003840       0x1e PS2X_lib.o
                0x00003840                _ZN4PS2X7ATT_CLREv
 .text._ZN4PS2X17sendCommandStringEPhh
                0x0000385e       0x54 PS2X_lib.o
                0x0000385e                _ZN4PS2X17sendCommandStringEPhh
 .text._ZN4PS2X16reconfig_gamepadEv
                0x000038b2       0x46 PS2X_lib.o
                0x000038b2                _ZN4PS2X16reconfig_gamepadEv
 .text._ZN4PS2X12read_gamepadEbh
                0x000038f8      0x1fc PS2X_lib.o
                0x000038f8                _ZN4PS2X12read_gamepadEbh
 .text._ZN4PS2X12read_gamepadEv
                0x00003af4        0x6 PS2X_lib.o
                0x00003af4                _ZN4PS2X12read_gamepadEv
 .text._ZN4PS2X14config_gamepadEhhhhbb
                0x00003afa      0x236 PS2X_lib.o
                0x00003afa                _ZN4PS2X14config_gamepadEhhhhbb
 .text._Z11POS_refreshv
                0x00003d30      0x3e0 Sketch.o
                0x00003d30                _Z11POS_refreshv
 .text._Z6blinkXv
                0x00004110       0x3e Sketch.o
                0x00004110                _Z6blinkXv
 .text._Z6blinkYv
                0x0000414e       0x3e Sketch.o
                0x0000414e                _Z6blinkYv
 .text._Z6blinkPv
                0x0000418c       0x3e Sketch.o
                0x0000418c                _Z6blinkPv
 .text._Z9POS_beginv
                0x000041ca       0x5a Sketch.o
                0x000041ca                _Z9POS_beginv
 .text.setup    0x00004224       0x96 Sketch.o
                0x00004224                setup
 .text.loop     0x000042ba      0x334 Sketch.o
                0x000042ba                loop
 .text.startup._GLOBAL__sub_I_x
                0x000045ee       0x84 Sketch.o
 .text.exit._GLOBAL__sub_D_x
                0x00004672       0x16 Sketch.o
 .text._ZN8SPIClass5beginEv
                0x00004688       0x6c src/libraries/SPI/src/SPI.o
                0x00004688                _ZN8SPIClass5beginEv
 .text.twi_init
                0x000046f4       0x3c src/libraries/Wire/src/utility/twi.o
                0x000046f4                twi_init
 .text.twi_readFrom
                0x00004730       0x90 src/libraries/Wire/src/utility/twi.o
                0x00004730                twi_readFrom
 .text.twi_writeTo
                0x000047c0       0xac src/libraries/Wire/src/utility/twi.o
                0x000047c0                twi_writeTo
 .text.twi_transmit
                0x0000486c       0x50 src/libraries/Wire/src/utility/twi.o
                0x0000486c                twi_transmit
 .text.twi_stop
                0x000048bc       0x14 src/libraries/Wire/src/utility/twi.o
                0x000048bc                twi_stop
 .text.twi_releaseBus
                0x000048d0        0xc src/libraries/Wire/src/utility/twi.o
                0x000048d0                twi_releaseBus
 .text.__vector_39
                0x000048dc      0x25c src/libraries/Wire/src/utility/twi.o
                0x000048dc                __vector_39
 .text._ZN7TwoWire9availableEv
                0x00004b38       0x10 src/libraries/Wire/src/Wire.o
                0x00004b38                _ZN7TwoWire9availableEv
 .text._ZN7TwoWire4readEv
                0x00004b48       0x28 src/libraries/Wire/src/Wire.o
                0x00004b48                _ZN7TwoWire4readEv
 .text._ZN7TwoWire4peekEv
                0x00004b70       0x1e src/libraries/Wire/src/Wire.o
                0x00004b70                _ZN7TwoWire4peekEv
 .text._ZN7TwoWire5flushEv
                0x00004b8e        0x2 src/libraries/Wire/src/Wire.o
                0x00004b8e                _ZN7TwoWire5flushEv
 .text._ZN7TwoWire5writeEPKhj
                0x00004b90       0x5e src/libraries/Wire/src/Wire.o
                0x00004b90                _ZN7TwoWire5writeEPKhj
 .text._ZN7TwoWire5writeEh
                0x00004bee       0x5c src/libraries/Wire/src/Wire.o
                0x00004bee                _ZN7TwoWire5writeEh
 .text._ZN7TwoWireC2Ev
                0x00004c4a       0x20 src/libraries/Wire/src/Wire.o
                0x00004c4a                _ZN7TwoWireC1Ev
                0x00004c4a                _ZN7TwoWireC2Ev
 .text._ZN7TwoWire5beginEv
                0x00004c6a       0x12 src/libraries/Wire/src/Wire.o
                0x00004c6a                _ZN7TwoWire5beginEv
 .text._ZN7TwoWire17beginTransmissionEh
                0x00004c7c       0x14 src/libraries/Wire/src/Wire.o
                0x00004c7c                _ZN7TwoWire17beginTransmissionEh
 .text._ZN7TwoWire17beginTransmissionEi
                0x00004c90        0x2 src/libraries/Wire/src/Wire.o
                0x00004c90                _ZN7TwoWire17beginTransmissionEi
 .text._ZN7TwoWire15endTransmissionEh
                0x00004c92       0x24 src/libraries/Wire/src/Wire.o
                0x00004c92                _ZN7TwoWire15endTransmissionEh
 .text._ZN7TwoWire11requestFromEhhmhh
                0x00004cb6       0xa2 src/libraries/Wire/src/Wire.o
                0x00004cb6                _ZN7TwoWire11requestFromEhhmhh
 .text._ZN7TwoWire11requestFromEhhh
                0x00004d58       0x1e src/libraries/Wire/src/Wire.o
                0x00004d58                _ZN7TwoWire11requestFromEhhh
 .text._ZN7TwoWire11requestFromEii
                0x00004d76        0x4 src/libraries/Wire/src/Wire.o
                0x00004d76                _ZN7TwoWire11requestFromEii
 .text._ZN7TwoWire15endTransmissionEv
                0x00004d7a        0x4 src/libraries/Wire/src/Wire.o
                0x00004d7a                _ZN7TwoWire15endTransmissionEv
 .text.startup._GLOBAL__sub_I__ZN7TwoWire8rxBufferE
                0x00004d7e        0x6 src/libraries/Wire/src/Wire.o
 .text._ZL7nothingv
                0x00004d84        0x2 Timer1.o
 .text._ZN6Timer116select_prescalerEi
                0x00004d86       0xc8 Timer1.o
                0x00004d86                _ZN6Timer116select_prescalerEi
 .text._ZN6Timer1C2Ev
                0x00004e4e       0x2a Timer1.o
                0x00004e4e                _ZN6Timer1C1Ev
                0x00004e4e                _ZN6Timer1C2Ev
 .text._ZN6Timer17setModeE6Stringi
                0x00004e78       0xde Timer1.o
                0x00004e78                _ZN6Timer17setModeE6Stringi
 .text._ZN6Timer115attachInterruptEPFvvE
                0x00004f56        0xa Timer1.o
                0x00004f56                _ZN6Timer115attachInterruptEPFvvE
 .text._ZN6Timer1D2Ev
                0x00004f60        0x4 Timer1.o
                0x00004f60                _ZN6Timer1D1Ev
                0x00004f60                _ZN6Timer1D2Ev
 .text.__vector_17
                0x00004f64       0x56 Timer1.o
                0x00004f64                __vector_17
 .text.avr-libc.fplib
                0x00004fba        0xa c:/program files (x86)/atmel/studio/7.0/toolchain/avr8/avr8-gnu-toolchain/bin/../lib/gcc/avr/4.9.2/../../../../avr/lib/avr6\libm.a(addsf3.o)
                0x00004fba                __subsf3
                0x00004fbc                __addsf3
 .text.avr-libc.fplib
                0x00004fc4       0xc0 c:/program files (x86)/atmel/studio/7.0/toolchain/avr8/avr8-gnu-toolchain/bin/../lib/gcc/avr/4.9.2/../../../../avr/lib/avr6\libm.a(addsf3x.o)
                0x00004fde                __addsf3x
 .text.avr-libc.fplib
                0x00005084       0x74 c:/program files (x86)/atmel/studio/7.0/toolchain/avr8/avr8-gnu-toolchain/bin/../lib/gcc/avr/4.9.2/../../../../avr/lib/avr6\libm.a(atan2.o)
                0x000050a2                atan2
 .text.avr-libc.fplib
                0x000050f8       0x50 c:/program files (x86)/atmel/studio/7.0/toolchain/avr8/avr8-gnu-toolchain/bin/../lib/gcc/avr/4.9.2/../../../../avr/lib/avr6\libm.a(atan.o)
                0x000050f8                atan
 .text.avr-libc.fplib
                0x00005148        0x8 c:/program files (x86)/atmel/studio/7.0/toolchain/avr8/avr8-gnu-toolchain/bin/../lib/gcc/avr/4.9.2/../../../../avr/lib/avr6\libm.a(cmpsf2.o)
                0x00005148                __nesf2
                0x00005148                __eqsf2
                0x00005148                __cmpsf2
                0x00005148                __ltsf2
                0x00005148                __lesf2
 .text.avr-libc.fplib
                0x00005150        0x6 c:/program files (x86)/atmel/studio/7.0/toolchain/avr8/avr8-gnu-toolchain/bin/../lib/gcc/avr/4.9.2/../../../../avr/lib/avr6\libm.a(cos.o)
                0x00005150                cos
 .text.avr-libc.fplib
                0x00005156        0x4 c:/program files (x86)/atmel/studio/7.0/toolchain/avr8/avr8-gnu-toolchain/bin/../lib/gcc/avr/4.9.2/../../../../avr/lib/avr6\libm.a(divsf3.o)
                0x00005156                __divsf3
 .text.avr-libc.fplib
                0x0000515a       0xcc c:/program files (x86)/atmel/studio/7.0/toolchain/avr8/avr8-gnu-toolchain/bin/../lib/gcc/avr/4.9.2/../../../../avr/lib/avr6\libm.a(divsf3x.o)
                0x00005170                __divsf3x
                0x00005174                __divsf3_pse
 .text.avr-libc.fplib
                0x00005226        0xa c:/program files (x86)/atmel/studio/7.0/toolchain/avr8/avr8-gnu-toolchain/bin/../lib/gcc/avr/4.9.2/../../../../avr/lib/avr6\libm.a(fixsfsi.o)
                0x00005226                __fixsfsi
 .text.avr-libc.fplib
                0x00005230       0x58 c:/program files (x86)/atmel/studio/7.0/toolchain/avr8/avr8-gnu-toolchain/bin/../lib/gcc/avr/4.9.2/../../../../avr/lib/avr6\libm.a(fixunssfsi.o)
                0x00005230                __fixunssfsi
 .text.avr-libc.fplib
                0x00005288       0x7a c:/program files (x86)/atmel/studio/7.0/toolchain/avr8/avr8-gnu-toolchain/bin/../lib/gcc/avr/4.9.2/../../../../avr/lib/avr6\libm.a(floatsisf.o)
                0x00005288                __floatunsisf
                0x0000528c                __floatsisf
 .text.avr-libc.fplib
                0x00005302       0x9c c:/program files (x86)/atmel/studio/7.0/toolchain/avr8/avr8-gnu-toolchain/bin/../lib/gcc/avr/4.9.2/../../../../avr/lib/avr6\libm.a(fmod.o)
                0x00005310                fmod
 .text.avr-libc.fplib
                0x0000539e       0x48 c:/program files (x86)/atmel/studio/7.0/toolchain/avr8/avr8-gnu-toolchain/bin/../lib/gcc/avr/4.9.2/../../../../avr/lib/avr6\libm.a(fp_cmp.o)
                0x0000539e                __fp_cmp
 .text.avr-libc.fplib
                0x000053e6        0xc c:/program files (x86)/atmel/studio/7.0/toolchain/avr8/avr8-gnu-toolchain/bin/../lib/gcc/avr/4.9.2/../../../../avr/lib/avr6\libm.a(fp_inf.o)
                0x000053e6                __fp_inf
 .text.avr-libc.fplib
                0x000053f2       0x1c c:/program files (x86)/atmel/studio/7.0/toolchain/avr8/avr8-gnu-toolchain/bin/../lib/gcc/avr/4.9.2/../../../../avr/lib/avr6\libm.a(fp_mpack.o)
                0x000053f2                __fp_mpack
                0x000053f6                __fp_mpack_finite
 .text.avr-libc.fplib
                0x0000540e        0x6 c:/program files (x86)/atmel/studio/7.0/toolchain/avr8/avr8-gnu-toolchain/bin/../lib/gcc/avr/4.9.2/../../../../avr/lib/avr6\libm.a(fp_nan.o)
                0x0000540e                __fp_nan
 .text.avr-libc.fplib
                0x00005414       0x4a c:/program files (x86)/atmel/studio/7.0/toolchain/avr8/avr8-gnu-toolchain/bin/../lib/gcc/avr/4.9.2/../../../../avr/lib/avr6\libm.a(fp_powser.o)
                0x00005414                __fp_powser
 .text.avr-libc.fplib
                0x0000545e        0xe c:/program files (x86)/atmel/studio/7.0/toolchain/avr8/avr8-gnu-toolchain/bin/../lib/gcc/avr/4.9.2/../../../../avr/lib/avr6\libm.a(fp_pscA.o)
                0x0000545e                __fp_pscA
 .text.avr-libc.fplib
                0x0000546c        0xe c:/program files (x86)/atmel/studio/7.0/toolchain/avr8/avr8-gnu-toolchain/bin/../lib/gcc/avr/4.9.2/../../../../avr/lib/avr6\libm.a(fp_pscB.o)
                0x0000546c                __fp_pscB
 .text.avr-libc.fplib
                0x0000547a       0x50 c:/program files (x86)/atmel/studio/7.0/toolchain/avr8/avr8-gnu-toolchain/bin/../lib/gcc/avr/4.9.2/../../../../avr/lib/avr6\libm.a(fp_rempio2.o)
                0x0000547c                __fp_rempio2
 .text.avr-libc.fplib
                0x000054ca       0x22 c:/program files (x86)/atmel/studio/7.0/toolchain/avr8/avr8-gnu-toolchain/bin/../lib/gcc/avr/4.9.2/../../../../avr/lib/avr6\libm.a(fp_round.o)
                0x000054ca                __fp_round
 .text.avr-libc.fplib
                0x000054ec       0x22 c:/program files (x86)/atmel/studio/7.0/toolchain/avr8/avr8-gnu-toolchain/bin/../lib/gcc/avr/4.9.2/../../../../avr/lib/avr6\libm.a(fp_sinus.o)
                0x000054ec                __fp_sinus
 .text.avr-libc.fplib
                0x0000550e       0x44 c:/program files (x86)/atmel/studio/7.0/toolchain/avr8/avr8-gnu-toolchain/bin/../lib/gcc/avr/4.9.2/../../../../avr/lib/avr6\libm.a(fp_split3.o)
                0x0000550e                __fp_split3
                0x0000551e                __fp_splitA
 .text.avr-libc.fplib
                0x00005552        0xe c:/program files (x86)/atmel/studio/7.0/toolchain/avr8/avr8-gnu-toolchain/bin/../lib/gcc/avr/4.9.2/../../../../avr/lib/avr6\libm.a(fp_zero.o)
                0x00005552                __fp_zero
                0x00005554                __fp_szero
 .text.avr-libc.fplib
                0x00005560        0x8 c:/program files (x86)/atmel/studio/7.0/toolchain/avr8/avr8-gnu-toolchain/bin/../lib/gcc/avr/4.9.2/../../../../avr/lib/avr6\libm.a(gesf2.o)
                0x00005560                __gesf2
                0x00005560                __gtsf2
 .text.avr-libc.fplib
                0x00005568        0xe c:/program files (x86)/atmel/studio/7.0/toolchain/avr8/avr8-gnu-toolchain/bin/../lib/gcc/avr/4.9.2/../../../../avr/lib/avr6\libm.a(inverse.o)
                0x00005568                inverse
 .text.avr-libc.fplib
                0x00005576        0x4 c:/program files (x86)/atmel/studio/7.0/toolchain/avr8/avr8-gnu-toolchain/bin/../lib/gcc/avr/4.9.2/../../../../avr/lib/avr6\libm.a(mulsf3.o)
                0x00005576                __mulsf3
 .text.avr-libc.fplib
                0x0000557a       0xc2 c:/program files (x86)/atmel/studio/7.0/toolchain/avr8/avr8-gnu-toolchain/bin/../lib/gcc/avr/4.9.2/../../../../avr/lib/avr6\libm.a(mulsf3x.o)
                0x0000558e                __mulsf3x
                0x00005592                __mulsf3_pse
 .text.avr-libc.fplib
                0x0000563c       0x98 c:/program files (x86)/atmel/studio/7.0/toolchain/avr8/avr8-gnu-toolchain/bin/../lib/gcc/avr/4.9.2/../../../../avr/lib/avr6\libm.a(pow.o)
                0x0000563c                pow
 .text.avr-libc.fplib
                0x000056d4        0xc c:/program files (x86)/atmel/studio/7.0/toolchain/avr8/avr8-gnu-toolchain/bin/../lib/gcc/avr/4.9.2/../../../../avr/lib/avr6\libm.a(sin.o)
                0x000056d4                sin
 .text.avr-libc.fplib
                0x000056e0       0x84 c:/program files (x86)/atmel/studio/7.0/toolchain/avr8/avr8-gnu-toolchain/bin/../lib/gcc/avr/4.9.2/../../../../avr/lib/avr6\libm.a(sqrt.o)
                0x000056e8                sqrtf
                0x000056e8                sqrt
 .text.avr-libc.fplib
                0x00005764        0x6 c:/program files (x86)/atmel/studio/7.0/toolchain/avr8/avr8-gnu-toolchain/bin/../lib/gcc/avr/4.9.2/../../../../avr/lib/avr6\libm.a(square.o)
                0x00005764                square
 .text.avr-libc.fplib
                0x0000576a       0x62 c:/program files (x86)/atmel/studio/7.0/toolchain/avr8/avr8-gnu-toolchain/bin/../lib/gcc/avr/4.9.2/../../../../avr/lib/avr6\libm.a(exp.o)
                0x00005774                exp
 .text.avr-libc.fplib
                0x000057cc        0xe c:/program files (x86)/atmel/studio/7.0/toolchain/avr8/avr8-gnu-toolchain/bin/../lib/gcc/avr/4.9.2/../../../../avr/lib/avr6\libm.a(fp_norm2.o)
                0x000057cc                __fp_norm2
 .text.avr-libc.fplib
                0x000057da       0x22 c:/program files (x86)/atmel/studio/7.0/toolchain/avr8/avr8-gnu-toolchain/bin/../lib/gcc/avr/4.9.2/../../../../avr/lib/avr6\libm.a(fp_powsodd.o)
                0x000057da                __fp_powsodd
 .text.avr-libc.fplib
                0x000057fc       0x6c c:/program files (x86)/atmel/studio/7.0/toolchain/avr8/avr8-gnu-toolchain/bin/../lib/gcc/avr/4.9.2/../../../../avr/lib/avr6\libm.a(ldexp.o)
                0x00005800                ldexp
 .text.avr-libc.fplib
                0x00005868       0x8a c:/program files (x86)/atmel/studio/7.0/toolchain/avr8/avr8-gnu-toolchain/bin/../lib/gcc/avr/4.9.2/../../../../avr/lib/avr6\libm.a(log.o)
                0x00005872                log
 .text.avr-libc.fplib
                0x000058f2       0x66 c:/program files (x86)/atmel/studio/7.0/toolchain/avr8/avr8-gnu-toolchain/bin/../lib/gcc/avr/4.9.2/../../../../avr/lib/avr6\libm.a(modf.o)
                0x000058f2                modf
                0x000058f2                modff
 .text.__cxa_pure_virtual
                0x00005958        0x4 I:\atmel studio\led2\ArduinoSketch42\ArduinoSketch42\ArduinoCore\Debug\libArduinoCore.a(abi.o)
                0x00005958                __cxa_pure_virtual
 .text._ZN14HardwareSerial9availableEv
                0x0000595c       0x18 I:\atmel studio\led2\ArduinoSketch42\ArduinoSketch42\ArduinoCore\Debug\libArduinoCore.a(HardwareSerial.o)
                0x0000595c                _ZN14HardwareSerial9availableEv
 .text._ZN14HardwareSerial4peekEv
                0x00005974       0x1c I:\atmel studio\led2\ArduinoSketch42\ArduinoSketch42\ArduinoCore\Debug\libArduinoCore.a(HardwareSerial.o)
                0x00005974                _ZN14HardwareSerial4peekEv
 .text._ZN14HardwareSerial4readEv
                0x00005990       0x28 I:\atmel studio\led2\ArduinoSketch42\ArduinoSketch42\ArduinoCore\Debug\libArduinoCore.a(HardwareSerial.o)
                0x00005990                _ZN14HardwareSerial4readEv
 .text._ZN14HardwareSerial17availableForWriteEv
                0x000059b8       0x1e I:\atmel studio\led2\ArduinoSketch42\ArduinoSketch42\ArduinoCore\Debug\libArduinoCore.a(HardwareSerial.o)
                0x000059b8                _ZN14HardwareSerial17availableForWriteEv
 .text._Z14serialEventRunv
                0x000059d6       0x76 I:\atmel studio\led2\ArduinoSketch42\ArduinoSketch42\ArduinoCore\Debug\libArduinoCore.a(HardwareSerial.o)
                0x000059d6                _Z14serialEventRunv
 .text._ZN14HardwareSerial17_tx_udr_empty_irqEv
                0x00005a4c       0x42 I:\atmel studio\led2\ArduinoSketch42\ArduinoSketch42\ArduinoCore\Debug\libArduinoCore.a(HardwareSerial.o)
                0x00005a4c                _ZN14HardwareSerial17_tx_udr_empty_irqEv
 .text._ZN14HardwareSerial5flushEv
                0x00005a8e       0x42 I:\atmel studio\led2\ArduinoSketch42\ArduinoSketch42\ArduinoCore\Debug\libArduinoCore.a(HardwareSerial.o)
                0x00005a8e                _ZN14HardwareSerial5flushEv
 .text._ZN14HardwareSerial5writeEh
                0x00005ad0       0x8c I:\atmel studio\led2\ArduinoSketch42\ArduinoSketch42\ArduinoCore\Debug\libArduinoCore.a(HardwareSerial.o)
                0x00005ad0                _ZN14HardwareSerial5writeEh
 .text._ZN14HardwareSerial5beginEmh
                0x00005b5c       0xca I:\atmel studio\led2\ArduinoSketch42\ArduinoSketch42\ArduinoCore\Debug\libArduinoCore.a(HardwareSerial.o)
                0x00005b5c                _ZN14HardwareSerial5beginEmh
 .text.__vector_25
                0x00005c26       0x6c I:\atmel studio\led2\ArduinoSketch42\ArduinoSketch42\ArduinoCore\Debug\libArduinoCore.a(HardwareSerial0.o)
                0x00005c26                __vector_25
 .text.__vector_26
                0x00005c92       0x52 I:\atmel studio\led2\ArduinoSketch42\ArduinoSketch42\ArduinoCore\Debug\libArduinoCore.a(HardwareSerial0.o)
                0x00005c92                __vector_26
 .text._Z17Serial0_availablev
                0x00005ce4       0x12 I:\atmel studio\led2\ArduinoSketch42\ArduinoSketch42\ArduinoCore\Debug\libArduinoCore.a(HardwareSerial0.o)
                0x00005ce4                _Z17Serial0_availablev
 .text.startup._GLOBAL__sub_I___vector_25
                0x00005cf6       0x5a I:\atmel studio\led2\ArduinoSketch42\ArduinoSketch42\ArduinoCore\Debug\libArduinoCore.a(HardwareSerial0.o)
 .text.__vector_51
                0x00005d50       0x6c I:\atmel studio\led2\ArduinoSketch42\ArduinoSketch42\ArduinoCore\Debug\libArduinoCore.a(HardwareSerial2.o)
                0x00005d50                __vector_51
 .text.__vector_52
                0x00005dbc       0x52 I:\atmel studio\led2\ArduinoSketch42\ArduinoSketch42\ArduinoCore\Debug\libArduinoCore.a(HardwareSerial2.o)
                0x00005dbc                __vector_52
 .text._Z17Serial2_availablev
                0x00005e0e       0x12 I:\atmel studio\led2\ArduinoSketch42\ArduinoSketch42\ArduinoCore\Debug\libArduinoCore.a(HardwareSerial2.o)
                0x00005e0e                _Z17Serial2_availablev
 .text.startup._GLOBAL__sub_I___vector_51
                0x00005e20       0x5a I:\atmel studio\led2\ArduinoSketch42\ArduinoSketch42\ArduinoCore\Debug\libArduinoCore.a(HardwareSerial2.o)
 .text.initVariant
                0x00005e7a        0x2 I:\atmel studio\led2\ArduinoSketch42\ArduinoSketch42\ArduinoCore\Debug\libArduinoCore.a(main.o)
                0x00005e7a                initVariant
 .text.startup.main
                0x00005e7c       0x18 I:\atmel studio\led2\ArduinoSketch42\ArduinoSketch42\ArduinoCore\Debug\libArduinoCore.a(main.o)
                0x00005e7c                main
 .text._ZN5Print5writeEPKhj
                0x00005e94       0x56 I:\atmel studio\led2\ArduinoSketch42\ArduinoSketch42\ArduinoCore\Debug\libArduinoCore.a(Print.o)
                0x00005e94                _ZN5Print5writeEPKhj
 .text._ZN5Print5writeEPKc
                0x00005eea       0x2a I:\atmel studio\led2\ArduinoSketch42\ArduinoSketch42\ArduinoCore\Debug\libArduinoCore.a(Print.o)
                0x00005eea                _ZN5Print5writeEPKc
 .text._ZN5Print5printERK6String
                0x00005f14       0x1c I:\atmel studio\led2\ArduinoSketch42\ArduinoSketch42\ArduinoCore\Debug\libArduinoCore.a(Print.o)
                0x00005f14                _ZN5Print5printERK6String
 .text._ZN5Print5printEPKc
                0x00005f30        0x2 I:\atmel studio\led2\ArduinoSketch42\ArduinoSketch42\ArduinoCore\Debug\libArduinoCore.a(Print.o)
                0x00005f30                _ZN5Print5printEPKc
 .text._ZN5Print5printEc
                0x00005f32        0xe I:\atmel studio\led2\ArduinoSketch42\ArduinoSketch42\ArduinoCore\Debug\libArduinoCore.a(Print.o)
                0x00005f32                _ZN5Print5printEc
 .text._ZN5Print7printlnEv
                0x00005f40        0x6 I:\atmel studio\led2\ArduinoSketch42\ArduinoSketch42\ArduinoCore\Debug\libArduinoCore.a(Print.o)
                0x00005f40                _ZN5Print7printlnEv
 .text._ZN5Print7printlnERK6String
                0x00005f46       0x20 I:\atmel studio\led2\ArduinoSketch42\ArduinoSketch42\ArduinoCore\Debug\libArduinoCore.a(Print.o)
                0x00005f46                _ZN5Print7printlnERK6String
 .text._ZN5Print7printlnEPKc
                0x00005f66       0x20 I:\atmel studio\led2\ArduinoSketch42\ArduinoSketch42\ArduinoCore\Debug\libArduinoCore.a(Print.o)
                0x00005f66                _ZN5Print7printlnEPKc
 .text._ZN5Print11printNumberEmh
                0x00005f86       0xa4 I:\atmel studio\led2\ArduinoSketch42\ArduinoSketch42\ArduinoCore\Debug\libArduinoCore.a(Print.o)
                0x00005f86                _ZN5Print11printNumberEmh
 .text._ZN5Print5printEli
                0x0000602a       0x8e I:\atmel studio\led2\ArduinoSketch42\ArduinoSketch42\ArduinoCore\Debug\libArduinoCore.a(Print.o)
                0x0000602a                _ZN5Print5printEli
 .text._ZN5Print5printEii
                0x000060b8        0xc I:\atmel studio\led2\ArduinoSketch42\ArduinoSketch42\ArduinoCore\Debug\libArduinoCore.a(Print.o)
                0x000060b8                _ZN5Print5printEii
 .text._ZN5Print7printlnEii
                0x000060c4       0x2a I:\atmel studio\led2\ArduinoSketch42\ArduinoSketch42\ArduinoCore\Debug\libArduinoCore.a(Print.o)
                0x000060c4                _ZN5Print7printlnEii
 .text._ZN5Print5printEmi
                0x000060ee       0x18 I:\atmel studio\led2\ArduinoSketch42\ArduinoSketch42\ArduinoCore\Debug\libArduinoCore.a(Print.o)
                0x000060ee                _ZN5Print5printEmi
 .text._ZN5Print7printlnEhi
                0x00006106       0x2a I:\atmel studio\led2\ArduinoSketch42\ArduinoSketch42\ArduinoCore\Debug\libArduinoCore.a(Print.o)
                0x00006106                _ZN5Print7printlnEhi
 .text._ZN5Print10printFloatEdh
                0x00006130      0x1b0 I:\atmel studio\led2\ArduinoSketch42\ArduinoSketch42\ArduinoCore\Debug\libArduinoCore.a(Print.o)
                0x00006130                _ZN5Print10printFloatEdh
 .text._ZN5Print5printEdi
                0x000062e0        0x2 I:\atmel studio\led2\ArduinoSketch42\ArduinoSketch42\ArduinoCore\Debug\libArduinoCore.a(Print.o)
                0x000062e0                _ZN5Print5printEdi
 .text._ZN5Print7printlnEdi
                0x000062e2       0x20 I:\atmel studio\led2\ArduinoSketch42\ArduinoSketch42\ArduinoCore\Debug\libArduinoCore.a(Print.o)
                0x000062e2                _ZN5Print7printlnEdi
 .text.nothing  0x00006302        0x2 I:\atmel studio\led2\ArduinoSketch42\ArduinoSketch42\ArduinoCore\Debug\libArduinoCore.a(WInterrupts.o)
 .text.attachInterrupt
                0x00006304       0xe6 I:\atmel studio\led2\ArduinoSketch42\ArduinoSketch42\ArduinoCore\Debug\libArduinoCore.a(WInterrupts.o)
                0x00006304                attachInterrupt
 .text.__vector_1
                0x000063ea       0x56 I:\atmel studio\led2\ArduinoSketch42\ArduinoSketch42\ArduinoCore\Debug\libArduinoCore.a(WInterrupts.o)
                0x000063ea                __vector_1
 .text.__vector_2
                0x00006440       0x56 I:\atmel studio\led2\ArduinoSketch42\ArduinoSketch42\ArduinoCore\Debug\libArduinoCore.a(WInterrupts.o)
                0x00006440                __vector_2
 .text.__vector_3
                0x00006496       0x56 I:\atmel studio\led2\ArduinoSketch42\ArduinoSketch42\ArduinoCore\Debug\libArduinoCore.a(WInterrupts.o)
                0x00006496                __vector_3
 .text.__vector_4
                0x000064ec       0x56 I:\atmel studio\led2\ArduinoSketch42\ArduinoSketch42\ArduinoCore\Debug\libArduinoCore.a(WInterrupts.o)
                0x000064ec                __vector_4
 .text.__vector_5
                0x00006542       0x56 I:\atmel studio\led2\ArduinoSketch42\ArduinoSketch42\ArduinoCore\Debug\libArduinoCore.a(WInterrupts.o)
                0x00006542                __vector_5
 .text.__vector_6
                0x00006598       0x56 I:\atmel studio\led2\ArduinoSketch42\ArduinoSketch42\ArduinoCore\Debug\libArduinoCore.a(WInterrupts.o)
                0x00006598                __vector_6
 .text.__vector_7
                0x000065ee       0x56 I:\atmel studio\led2\ArduinoSketch42\ArduinoSketch42\ArduinoCore\Debug\libArduinoCore.a(WInterrupts.o)
                0x000065ee                __vector_7
 .text.__vector_8
                0x00006644       0x56 I:\atmel studio\led2\ArduinoSketch42\ArduinoSketch42\ArduinoCore\Debug\libArduinoCore.a(WInterrupts.o)
                0x00006644                __vector_8
 .text.__vector_23
                0x0000669a       0x94 I:\atmel studio\led2\ArduinoSketch42\ArduinoSketch42\ArduinoCore\Debug\libArduinoCore.a(wiring.o)
                0x0000669a                __vector_23
 .text.millis   0x0000672e       0x18 I:\atmel studio\led2\ArduinoSketch42\ArduinoSketch42\ArduinoCore\Debug\libArduinoCore.a(wiring.o)
                0x0000672e                millis
 .text.micros   0x00006746       0x4a I:\atmel studio\led2\ArduinoSketch42\ArduinoSketch42\ArduinoCore\Debug\libArduinoCore.a(wiring.o)
                0x00006746                micros
 .text.delay    0x00006790       0x72 I:\atmel studio\led2\ArduinoSketch42\ArduinoSketch42\ArduinoCore\Debug\libArduinoCore.a(wiring.o)
                0x00006790                delay
 .text.delayMicroseconds
                0x00006802       0x16 I:\atmel studio\led2\ArduinoSketch42\ArduinoSketch42\ArduinoCore\Debug\libArduinoCore.a(wiring.o)
                0x00006802                delayMicroseconds
 .text.init     0x00006818       0xc4 I:\atmel studio\led2\ArduinoSketch42\ArduinoSketch42\ArduinoCore\Debug\libArduinoCore.a(wiring.o)
                0x00006818                init
 .text.turnOffPWM
                0x000068dc       0xaa I:\atmel studio\led2\ArduinoSketch42\ArduinoSketch42\ArduinoCore\Debug\libArduinoCore.a(wiring_digital.o)
 .text.pinMode  0x00006986       0x78 I:\atmel studio\led2\ArduinoSketch42\ArduinoSketch42\ArduinoCore\Debug\libArduinoCore.a(wiring_digital.o)
                0x00006986                pinMode
 .text.digitalWrite
                0x000069fe       0x5e I:\atmel studio\led2\ArduinoSketch42\ArduinoSketch42\ArduinoCore\Debug\libArduinoCore.a(wiring_digital.o)
                0x000069fe                digitalWrite
 .text.digitalRead
                0x00006a5c       0x50 I:\atmel studio\led2\ArduinoSketch42\ArduinoSketch42\ArduinoCore\Debug\libArduinoCore.a(wiring_digital.o)
                0x00006a5c                digitalRead
 .text._Z3maplllll
                0x00006aac       0x7e I:\atmel studio\led2\ArduinoSketch42\ArduinoSketch42\ArduinoCore\Debug\libArduinoCore.a(WMath.o)
                0x00006aac                _Z3maplllll
 .text._ZN6StringD2Ev
                0x00006b2a        0x8 I:\atmel studio\led2\ArduinoSketch42\ArduinoSketch42\ArduinoCore\Debug\libArduinoCore.a(WString.o)
                0x00006b2a                _ZN6StringD2Ev
                0x00006b2a                _ZN6StringD1Ev
 .text._ZN6String10invalidateEv
                0x00006b32       0x22 I:\atmel studio\led2\ArduinoSketch42\ArduinoSketch42\ArduinoCore\Debug\libArduinoCore.a(WString.o)
                0x00006b32                _ZN6String10invalidateEv
 .text._ZN6String12changeBufferEj
                0x00006b54       0x32 I:\atmel studio\led2\ArduinoSketch42\ArduinoSketch42\ArduinoCore\Debug\libArduinoCore.a(WString.o)
                0x00006b54                _ZN6String12changeBufferEj
 .text._ZN6String7reserveEj
                0x00006b86       0x36 I:\atmel studio\led2\ArduinoSketch42\ArduinoSketch42\ArduinoCore\Debug\libArduinoCore.a(WString.o)
                0x00006b86                _ZN6String7reserveEj
 .text._ZN6String4copyEPKcj
                0x00006bbc       0x3c I:\atmel studio\led2\ArduinoSketch42\ArduinoSketch42\ArduinoCore\Debug\libArduinoCore.a(WString.o)
                0x00006bbc                _ZN6String4copyEPKcj
 .text._ZN6StringC2EPKc
                0x00006bf8       0x28 I:\atmel studio\led2\ArduinoSketch42\ArduinoSketch42\ArduinoCore\Debug\libArduinoCore.a(WString.o)
                0x00006bf8                _ZN6StringC2EPKc
                0x00006bf8                _ZN6StringC1EPKc
 .text._ZN6StringaSERKS_
                0x00006c20       0x2a I:\atmel studio\led2\ArduinoSketch42\ArduinoSketch42\ArduinoCore\Debug\libArduinoCore.a(WString.o)
                0x00006c20                _ZN6StringaSERKS_
 .text._ZN6StringC2ERKS_
                0x00006c4a       0x10 I:\atmel studio\led2\ArduinoSketch42\ArduinoSketch42\ArduinoCore\Debug\libArduinoCore.a(WString.o)
                0x00006c4a                _ZN6StringC2ERKS_
                0x00006c4a                _ZN6StringC1ERKS_
 .text._ZN6StringaSEPKc
                0x00006c5a       0x2a I:\atmel studio\led2\ArduinoSketch42\ArduinoSketch42\ArduinoCore\Debug\libArduinoCore.a(WString.o)
                0x00006c5a                _ZN6StringaSEPKc
 .text._ZNK6String6equalsEPKc
                0x00006c84       0x3c I:\atmel studio\led2\ArduinoSketch42\ArduinoSketch42\ArduinoCore\Debug\libArduinoCore.a(WString.o)
                0x00006c84                _ZNK6String6equalsEPKc
 .text._ZN6String11toUpperCaseEv
                0x00006cc0       0x22 I:\atmel studio\led2\ArduinoSketch42\ArduinoSketch42\ArduinoCore\Debug\libArduinoCore.a(WString.o)
                0x00006cc0                _ZN6String11toUpperCaseEv
 .text.__empty  0x00006ce2        0x2 I:\atmel studio\led2\ArduinoSketch42\ArduinoSketch42\ArduinoCore\Debug\libArduinoCore.a(hooks.o)
                0x00006ce2                yield
 .text.avr-libc.fplib
                0x00006ce4        0xa c:/program files (x86)/atmel/studio/7.0/toolchain/avr8/avr8-gnu-toolchain/bin/../lib/gcc/avr/4.9.2/../../../../avr/lib/avr6\libm.a(unordsf2.o)
                0x00006ce4                __unordsf2
 .text.libgcc.mul
                0x00006cee       0x1e c:/program files (x86)/atmel/studio/7.0/toolchain/avr8/avr8-gnu-toolchain/bin/../lib/gcc/avr/4.9.2/avr6\libgcc.a(_mulsi3.o)
                0x00006cee                __mulsi3
 .text.libgcc.div
                0x00006d0c       0x44 c:/program files (x86)/atmel/studio/7.0/toolchain/avr8/avr8-gnu-toolchain/bin/../lib/gcc/avr/4.9.2/avr6\libgcc.a(_udivmodsi4.o)
                0x00006d0c                __udivmodsi4
 .text.libgcc.div
                0x00006d50       0x28 c:/program files (x86)/atmel/studio/7.0/toolchain/avr8/avr8-gnu-toolchain/bin/../lib/gcc/avr/4.9.2/avr6\libgcc.a(_divmodsi4.o)
                0x00006d50                __divmodsi4
 .text.libgcc.div
                0x00006d78       0x10 c:/program files (x86)/atmel/studio/7.0/toolchain/avr8/avr8-gnu-toolchain/bin/../lib/gcc/avr/4.9.2/avr6\libgcc.a(_negsi2.o)
                0x00006d78                __negsi2
 .text.libgcc   0x00006d88       0x10 c:/program files (x86)/atmel/studio/7.0/toolchain/avr8/avr8-gnu-toolchain/bin/../lib/gcc/avr/4.9.2/avr6\libgcc.a(_tablejump2.o)
                0x00006d88                __tablejump2__
 .text.libgcc.mul
                0x00006d98       0x1e c:/program files (x86)/atmel/studio/7.0/toolchain/avr8/avr8-gnu-toolchain/bin/../lib/gcc/avr/4.9.2/avr6\libgcc.a(_umulhisi3.o)
                0x00006d98                __umulhisi3
 .text.libgcc.mul
                0x00006db6        0xc c:/program files (x86)/atmel/studio/7.0/toolchain/avr8/avr8-gnu-toolchain/bin/../lib/gcc/avr/4.9.2/avr6\libgcc.a(_usmulhisi3.o)
                0x00006db6                __usmulhisi3
                0x00006db8                __usmulhisi3_tail
 .text.libgcc.mul
                0x00006dc2       0x14 c:/program files (x86)/atmel/studio/7.0/toolchain/avr8/avr8-gnu-toolchain/bin/../lib/gcc/avr/4.9.2/avr6\libgcc.a(_muluhisi3.o)
                0x00006dc2                __muluhisi3
 .text.avr-libc
                0x00006dd6      0x25a c:/program files (x86)/atmel/studio/7.0/toolchain/avr8/avr8-gnu-toolchain/bin/../lib/gcc/avr/4.9.2/../../../../avr/lib/avr6\libc.a(malloc.o)
                0x00006dd6                malloc
                0x00006f00                free
 .text.avr-libc
                0x00007030      0x1c8 c:/program files (x86)/atmel/studio/7.0/toolchain/avr8/avr8-gnu-toolchain/bin/../lib/gcc/avr/4.9.2/../../../../avr/lib/avr6\libc.a(realloc.o)
                0x00007030                realloc
 .text.avr-libc
                0x000071f8        0x8 c:/program files (x86)/atmel/studio/7.0/toolchain/avr8/avr8-gnu-toolchain/bin/../lib/gcc/avr/4.9.2/../../../../avr/lib/avr6\libc.a(abort.o)
                0x000071f8                abort
 .text.avr-libc
                0x00007200       0x10 c:/program files (x86)/atmel/studio/7.0/toolchain/avr8/avr8-gnu-toolchain/bin/../lib/gcc/avr/4.9.2/../../../../avr/lib/avr6\libc.a(toupper.o)
                0x00007200                toupper
 .text.avr-libc
                0x00007210       0x12 c:/program files (x86)/atmel/studio/7.0/toolchain/avr8/avr8-gnu-toolchain/bin/../lib/gcc/avr/4.9.2/../../../../avr/lib/avr6\libc.a(memcpy.o)
                0x00007210                memcpy
 .text.avr-libc
                0x00007222       0x12 c:/program files (x86)/atmel/studio/7.0/toolchain/avr8/avr8-gnu-toolchain/bin/../lib/gcc/avr/4.9.2/../../../../avr/lib/avr6\libc.a(strcmp.o)
                0x00007222                strcmp
 .text.avr-libc
                0x00007234        0xe c:/program files (x86)/atmel/studio/7.0/toolchain/avr8/avr8-gnu-toolchain/bin/../lib/gcc/avr/4.9.2/../../../../avr/lib/avr6\libc.a(strcpy.o)
                0x00007234                strcpy
                0x00007242                . = ALIGN (0x2)
 *(.fini9)
 .fini9         0x00007242        0x0 c:/program files (x86)/atmel/studio/7.0/toolchain/avr8/avr8-gnu-toolchain/bin/../lib/gcc/avr/4.9.2/avr6\libgcc.a(_exit.o)
                0x00007242                _exit
                0x00007242                exit
 *(.fini9)
 *(.fini8)
 *(.fini8)
 *(.fini7)
 *(.fini7)
 *(.fini6)
 .fini6         0x00007242       0x1e c:/program files (x86)/atmel/studio/7.0/toolchain/avr8/avr8-gnu-toolchain/bin/../lib/gcc/avr/4.9.2/avr6\libgcc.a(_dtors.o)
                0x00007242                __do_global_dtors
 *(.fini6)
 *(.fini5)
 *(.fini5)
 *(.fini4)
 *(.fini4)
 *(.fini3)
 *(.fini3)
 *(.fini2)
 *(.fini2)
 *(.fini1)
 *(.fini1)
 *(.fini0)
 .fini0         0x00007260        0x4 c:/program files (x86)/atmel/studio/7.0/toolchain/avr8/avr8-gnu-toolchain/bin/../lib/gcc/avr/4.9.2/avr6\libgcc.a(_exit.o)
 *(.fini0)
                0x00007264                _etext = .

.data           0x00800200      0xa4a load address 0x00007264
                0x00800200                PROVIDE (__data_start, .)
 *(.data)
 .data          0x00800200        0x6 c:/program files (x86)/atmel/studio/7.0/toolchain/avr8/avr8-gnu-toolchain/bin/../lib/gcc/avr/4.9.2/../../../../avr/lib/avr6\libc.a(malloc.o)
                0x00800200                __malloc_heap_end
                0x00800202                __malloc_heap_start
                0x00800204                __malloc_margin
 *(.data*)
 .data._ZZN16Adafruit_SSD130621drawFastVLineInternalEiiijE8postmask
                0x00800206        0x8 Adafruit_SSD1306.o
                0x00800206                _ZZN16Adafruit_SSD130621drawFastVLineInternalEiiijE8postmask
 .data._ZZN16Adafruit_SSD130621drawFastVLineInternalEiiijE7premask
                0x0080020e        0x8 Adafruit_SSD1306.o
                0x0080020e                _ZZN16Adafruit_SSD130621drawFastVLineInternalEiiijE7premask
 .data._ZL6buffer
                0x00800216      0x400 Adafruit_SSD1306.o
 .data._ZL13enable_rumble
                0x00800616        0x5 PS2X_lib.o
 .data._ZL11exit_config
                0x0080061b        0x9 PS2X_lib.o
 .data._ZL15set_bytes_large
                0x00800624        0x9 PS2X_lib.o
 .data._ZL8set_mode
                0x0080062d        0x9 PS2X_lib.o
 .data._ZL12enter_config
                0x00800636        0x5 PS2X_lib.o
 .data._ZL8_intFunc
                0x0080063b        0x2 Timer1.o
 .data.intFunc  0x0080063d       0x10 I:\atmel studio\led2\ArduinoSketch42\ArduinoSketch42\ArduinoCore\Debug\libArduinoCore.a(WInterrupts.o)
 *(.rodata)
 .rodata        0x0080064d        0xa Timer1.o
 *(.rodata*)
 .rodata._ZTV12Adafruit_GFX
                0x00800657       0x2c Adafruit_GFX.o
                0x00800657                _ZTV12Adafruit_GFX
 .rodata._ZTV16Adafruit_SSD1306
                0x00800683       0x2c Adafruit_SSD1306.o
                0x00800683                _ZTV16Adafruit_SSD1306
 .rodata.str1.1
                0x008006af       0x1a ComwithMotor.o
 .rodata.str1.1
                0x008006c9       0x1c ComwithPC.o
                                 0x22 (size before relaxing)
 .rodata.str1.1
                0x008006e5       0x4e ComwithShot.o
                                 0x51 (size before relaxing)
 .rodata.str1.1
                0x00800733       0x2d Display.o
 .rodata.str1.1
                0x00800760      0x486 mPS2.o
                                0x4a3 (size before relaxing)
 .rodata.str1.1
                0x00800be6        0x8 Path.o
                                  0xa (size before relaxing)
 .rodata._ZL9type_read
                0x00800bee        0x9 PS2X_lib.o
 .rodata.str1.1
                0x00800bf7       0x20 Sketch.o
                                 0x21 (size before relaxing)
 .rodata._ZTV7TwoWire
                0x00800c17       0x12 src/libraries/Wire/src/Wire.o
                0x00800c17                _ZTV7TwoWire
 .rodata.str1.1
                0x00800c29        0x5 Timer1.o
 .rodata._ZTV14HardwareSerial
                0x00800c29       0x12 I:\atmel studio\led2\ArduinoSketch42\ArduinoSketch42\ArduinoCore\Debug\libArduinoCore.a(HardwareSerial.o)
                0x00800c29                _ZTV14HardwareSerial
 .rodata.str1.1
                0x00800c3b        0xf I:\atmel studio\led2\ArduinoSketch42\ArduinoSketch42\ArduinoCore\Debug\libArduinoCore.a(Print.o)
 *(.gnu.linkonce.d*)
                0x00800c4a                . = ALIGN (0x2)
                0x00800c4a                _edata = .
                0x00800c4a                PROVIDE (__data_end, .)

.bss            0x00800c4a      0x3d0
                0x00800c4a                PROVIDE (__bss_start, .)
 *(.bss)
 *(.bss*)
 .bss.display   0x00800c4a       0x2e Display.o
                0x00800c4a                display
 .bss.ps2x      0x00800c78       0x2e mPS2.o
                0x00800c78                ps2x
 .bss.state     0x00800ca6        0x6 Sketch.o
                0x00800ca6                state
 .bss.path      0x00800cac       0x76 Sketch.o
                0x00800cac                path
 .bss.cm        0x00800d22       0x21 Sketch.o
                0x00800d22                cm
 .bss.kinematics
                0x00800d43       0x2e Sketch.o
                0x00800d43                kinematics
 .bss.CS        0x00800d71        0x3 Sketch.o
                0x00800d71                CS
 .bss.tc1       0x00800d74        0xc Sketch.o
                0x00800d74                tc1
 .bss.PS2       0x00800d80       0x1a Sketch.o
                0x00800d80                PS2
 .bss.motor     0x00800d9a        0xc Sketch.o
                0x00800d9a                motor
 .bss.toPC      0x00800da6        0x1 Sketch.o
                0x00800da6                toPC
 .bss.dp        0x00800da7       0x2c Sketch.o
                0x00800da7                dp
 .bss.p2        0x00800dd3        0x4 Sketch.o
                0x00800dd3                p2
 .bss.y2        0x00800dd7        0x4 Sketch.o
                0x00800dd7                y2
 .bss.x2        0x00800ddb        0x4 Sketch.o
                0x00800ddb                x2
 .bss.p1        0x00800ddf        0x4 Sketch.o
                0x00800ddf                p1
 .bss.y1        0x00800de3        0x4 Sketch.o
                0x00800de3                y1
 .bss.x1        0x00800de7        0x4 Sketch.o
                0x00800de7                x1
 .bss.p2_previous
                0x00800deb        0x4 Sketch.o
                0x00800deb                p2_previous
 .bss.y2_previous
                0x00800def        0x4 Sketch.o
                0x00800def                y2_previous
 .bss.x2_previous
                0x00800df3        0x4 Sketch.o
                0x00800df3                x2_previous
 .bss.p_step    0x00800df7        0x4 Sketch.o
                0x00800df7                p_step
 .bss.y_step    0x00800dfb        0x4 Sketch.o
                0x00800dfb                y_step
 .bss.x_step    0x00800dff        0x4 Sketch.o
                0x00800dff                x_step
 .bss.p         0x00800e03        0x4 Sketch.o
                0x00800e03                p
 .bss.y         0x00800e07        0x4 Sketch.o
                0x00800e07                y
 .bss.x         0x00800e0b        0x4 Sketch.o
                0x00800e0b                x
 .bss._ZN8SPIClass13interruptSaveE
                0x00800e0f        0x1 src/libraries/SPI/src/SPI.o
                0x00800e0f                _ZN8SPIClass13interruptSaveE
 .bss._ZN8SPIClass13interruptMaskE
                0x00800e10        0x1 src/libraries/SPI/src/SPI.o
                0x00800e10                _ZN8SPIClass13interruptMaskE
 .bss._ZN8SPIClass13interruptModeE
                0x00800e11        0x1 src/libraries/SPI/src/SPI.o
                0x00800e11                _ZN8SPIClass13interruptModeE
 .bss._ZN8SPIClass11initializedE
                0x00800e12        0x1 src/libraries/SPI/src/SPI.o
                0x00800e12                _ZN8SPIClass11initializedE
 .bss.twi_error
                0x00800e13        0x1 src/libraries/Wire/src/utility/twi.o
 .bss.twi_rxBufferIndex
                0x00800e14        0x1 src/libraries/Wire/src/utility/twi.o
 .bss.twi_rxBuffer
                0x00800e15       0x20 src/libraries/Wire/src/utility/twi.o
 .bss.twi_txBufferLength
                0x00800e35        0x1 src/libraries/Wire/src/utility/twi.o
 .bss.twi_txBufferIndex
                0x00800e36        0x1 src/libraries/Wire/src/utility/twi.o
 .bss.twi_txBuffer
                0x00800e37       0x20 src/libraries/Wire/src/utility/twi.o
 .bss.twi_masterBufferLength
                0x00800e57        0x1 src/libraries/Wire/src/utility/twi.o
 .bss.twi_masterBufferIndex
                0x00800e58        0x1 src/libraries/Wire/src/utility/twi.o
 .bss.twi_masterBuffer
                0x00800e59       0x20 src/libraries/Wire/src/utility/twi.o
 .bss.twi_onSlaveReceive
                0x00800e79        0x2 src/libraries/Wire/src/utility/twi.o
 .bss.twi_onSlaveTransmit
                0x00800e7b        0x2 src/libraries/Wire/src/utility/twi.o
 .bss.twi_inRepStart
                0x00800e7d        0x1 src/libraries/Wire/src/utility/twi.o
 .bss.twi_sendStop
                0x00800e7e        0x1 src/libraries/Wire/src/utility/twi.o
 .bss.twi_slarw
                0x00800e7f        0x1 src/libraries/Wire/src/utility/twi.o
 .bss.twi_state
                0x00800e80        0x1 src/libraries/Wire/src/utility/twi.o
 .bss.Wire      0x00800e81        0xc src/libraries/Wire/src/Wire.o
                0x00800e81                Wire
 .bss._ZN7TwoWire12transmittingE
                0x00800e8d        0x1 src/libraries/Wire/src/Wire.o
                0x00800e8d                _ZN7TwoWire12transmittingE
 .bss._ZN7TwoWire14txBufferLengthE
                0x00800e8e        0x1 src/libraries/Wire/src/Wire.o
                0x00800e8e                _ZN7TwoWire14txBufferLengthE
 .bss._ZN7TwoWire13txBufferIndexE
                0x00800e8f        0x1 src/libraries/Wire/src/Wire.o
                0x00800e8f                _ZN7TwoWire13txBufferIndexE
 .bss._ZN7TwoWire8txBufferE
                0x00800e90       0x20 src/libraries/Wire/src/Wire.o
                0x00800e90                _ZN7TwoWire8txBufferE
 .bss._ZN7TwoWire9txAddressE
                0x00800eb0        0x1 src/libraries/Wire/src/Wire.o
                0x00800eb0                _ZN7TwoWire9txAddressE
 .bss._ZN7TwoWire14rxBufferLengthE
                0x00800eb1        0x1 src/libraries/Wire/src/Wire.o
                0x00800eb1                _ZN7TwoWire14rxBufferLengthE
 .bss._ZN7TwoWire13rxBufferIndexE
                0x00800eb2        0x1 src/libraries/Wire/src/Wire.o
                0x00800eb2                _ZN7TwoWire13rxBufferIndexE
 .bss._ZN7TwoWire8rxBufferE
                0x00800eb3       0x20 src/libraries/Wire/src/Wire.o
                0x00800eb3                _ZN7TwoWire8rxBufferE
 .bss.Serial    0x00800ed3       0x9d I:\atmel studio\led2\ArduinoSketch42\ArduinoSketch42\ArduinoCore\Debug\libArduinoCore.a(HardwareSerial0.o)
                0x00800ed3                Serial
 .bss.Serial2   0x00800f70       0x9d I:\atmel studio\led2\ArduinoSketch42\ArduinoSketch42\ArduinoCore\Debug\libArduinoCore.a(HardwareSerial2.o)
                0x00800f70                Serial2
 .bss.timer0_fract
                0x0080100d        0x1 I:\atmel studio\led2\ArduinoSketch42\ArduinoSketch42\ArduinoCore\Debug\libArduinoCore.a(wiring.o)
 .bss.timer0_millis
                0x0080100e        0x4 I:\atmel studio\led2\ArduinoSketch42\ArduinoSketch42\ArduinoCore\Debug\libArduinoCore.a(wiring.o)
                0x0080100e                timer0_millis
 .bss.timer0_overflow_count
                0x00801012        0x4 I:\atmel studio\led2\ArduinoSketch42\ArduinoSketch42\ArduinoCore\Debug\libArduinoCore.a(wiring.o)
                0x00801012                timer0_overflow_count
 *(COMMON)
 COMMON         0x00801016        0x4 c:/program files (x86)/atmel/studio/7.0/toolchain/avr8/avr8-gnu-toolchain/bin/../lib/gcc/avr/4.9.2/../../../../avr/lib/avr6\libc.a(malloc.o)
                0x00801016                __brkval
                0x00801018                __flp
                0x0080101a                PROVIDE (__bss_end, .)
                0x00007264                __data_load_start = LOADADDR (.data)
                0x00007cae                __data_load_end = (__data_load_start + SIZEOF (.data))

.noinit         0x0080101a        0x0
                [!provide]                PROVIDE (__noinit_start, .)
 *(.noinit*)
                [!provide]                PROVIDE (__noinit_end, .)
                0x0080101a                _end = .
                0x0080101a                PROVIDE (__heap_start, .)

.eeprom         0x00810000        0x0
 *(.eeprom*)
                0x00810000                __eeprom_end = .

.fuse
 *(.fuse)
 *(.lfuse)
 *(.hfuse)
 *(.efuse)

.lock
 *(.lock*)

.signature
 *(.signature*)

.user_signatures
 *(.user_signatures*)

.stab
 *(.stab)

.stabstr
 *(.stabstr)

.stab.excl
 *(.stab.excl)

.stab.exclstr
 *(.stab.exclstr)

.stab.index
 *(.stab.index)

.stab.indexstr
 *(.stab.indexstr)

.comment        0x00000000       0x30
 *(.comment)
 .comment       0x00000000       0x30 Adafruit_GFX.o
                                 0x31 (size before relaxing)
 .comment       0x00000030       0x31 Adafruit_SSD1306.o
 .comment       0x00000030       0x31 ComwithMotor.o
 .comment       0x00000030       0x31 ComwithPC.o
 .comment       0x00000030       0x31 ComwithShot.o
 .comment       0x00000030       0x31 Display.o
 .comment       0x00000030       0x31 Kinematics.o
 .comment       0x00000030       0x31 mMotor.o
 .comment       0x00000030       0x31 mPS2.o
 .comment       0x00000030       0x31 Path.o
 .comment       0x00000030       0x31 PS2X_lib.o
 .comment       0x00000030       0x31 Sketch.o
 .comment       0x00000030       0x31 src/libraries/SPI/src/SPI.o
 .comment       0x00000030       0x31 src/libraries/Wire/src/utility/twi.o
 .comment       0x00000030       0x31 src/libraries/Wire/src/Wire.o
 .comment       0x00000030       0x31 Timer1.o
 .comment       0x00000030       0x31 I:\atmel studio\led2\ArduinoSketch42\ArduinoSketch42\ArduinoCore\Debug\libArduinoCore.a(abi.o)
 .comment       0x00000030       0x31 I:\atmel studio\led2\ArduinoSketch42\ArduinoSketch42\ArduinoCore\Debug\libArduinoCore.a(HardwareSerial.o)
 .comment       0x00000030       0x31 I:\atmel studio\led2\ArduinoSketch42\ArduinoSketch42\ArduinoCore\Debug\libArduinoCore.a(HardwareSerial0.o)
 .comment       0x00000030       0x31 I:\atmel studio\led2\ArduinoSketch42\ArduinoSketch42\ArduinoCore\Debug\libArduinoCore.a(HardwareSerial2.o)
 .comment       0x00000030       0x31 I:\atmel studio\led2\ArduinoSketch42\ArduinoSketch42\ArduinoCore\Debug\libArduinoCore.a(main.o)
 .comment       0x00000030       0x31 I:\atmel studio\led2\ArduinoSketch42\ArduinoSketch42\ArduinoCore\Debug\libArduinoCore.a(Print.o)
 .comment       0x00000030       0x31 I:\atmel studio\led2\ArduinoSketch42\ArduinoSketch42\ArduinoCore\Debug\libArduinoCore.a(WInterrupts.o)
 .comment       0x00000030       0x31 I:\atmel studio\led2\ArduinoSketch42\ArduinoSketch42\ArduinoCore\Debug\libArduinoCore.a(wiring.o)
 .comment       0x00000030       0x31 I:\atmel studio\led2\ArduinoSketch42\ArduinoSketch42\ArduinoCore\Debug\libArduinoCore.a(wiring_digital.o)
 .comment       0x00000030       0x31 I:\atmel studio\led2\ArduinoSketch42\ArduinoSketch42\ArduinoCore\Debug\libArduinoCore.a(WMath.o)
 .comment       0x00000030       0x31 I:\atmel studio\led2\ArduinoSketch42\ArduinoSketch42\ArduinoCore\Debug\libArduinoCore.a(WString.o)
 .comment       0x00000030       0x31 I:\atmel studio\led2\ArduinoSketch42\ArduinoSketch42\ArduinoCore\Debug\libArduinoCore.a(hooks.o)
 .comment       0x00000030       0x31 c:/program files (x86)/atmel/studio/7.0/toolchain/avr8/avr8-gnu-toolchain/bin/../lib/gcc/avr/4.9.2/../../../../avr/lib/avr6\libc.a(malloc.o)
 .comment       0x00000030       0x31 c:/program files (x86)/atmel/studio/7.0/toolchain/avr8/avr8-gnu-toolchain/bin/../lib/gcc/avr/4.9.2/../../../../avr/lib/avr6\libc.a(realloc.o)

.note.gnu.avr.deviceinfo
                0x00000000       0x40
 .note.gnu.avr.deviceinfo
                0x00000000       0x40 C:/Program Files (x86)/Atmel/Studio/7.0/Packs/atmel/ATmega_DFP/1.0.106/gcc/dev/atmega2560/avr6/crtatmega2560.o

.note.gnu.build-id
 *(.note.gnu.build-id)

.debug
 *(.debug)

.line
 *(.line)

.debug_srcinfo
 *(.debug_srcinfo)

.debug_sfnames
 *(.debug_sfnames)

.debug_aranges  0x00000000      0xf18
 *(.debug_aranges)
 .debug_aranges
                0x00000000      0x2a0 Adafruit_GFX.o
 .debug_aranges
                0x000002a0       0xb8 Adafruit_SSD1306.o
 .debug_aranges
                0x00000358       0x88 ComwithMotor.o
 .debug_aranges
                0x000003e0       0x40 ComwithPC.o
 .debug_aranges
                0x00000420       0x38 ComwithShot.o
 .debug_aranges
                0x00000458       0x48 Display.o
 .debug_aranges
                0x000004a0       0x48 Kinematics.o
 .debug_aranges
                0x000004e8       0x38 mMotor.o
 .debug_aranges
                0x00000520       0x30 mPS2.o
 .debug_aranges
                0x00000550       0x30 Path.o
 .debug_aranges
                0x00000580       0xc0 PS2X_lib.o
 .debug_aranges
                0x00000640       0x60 Sketch.o
 .debug_aranges
                0x000006a0       0x38 src/libraries/SPI/src/SPI.o
 .debug_aranges
                0x000006d8       0x80 src/libraries/Wire/src/utility/twi.o
 .debug_aranges
                0x00000758       0xf8 src/libraries/Wire/src/Wire.o
 .debug_aranges
                0x00000850       0x60 Timer1.o
 .debug_aranges
                0x000008b0       0x28 I:\atmel studio\led2\ArduinoSketch42\ArduinoSketch42\ArduinoCore\Debug\libArduinoCore.a(abi.o)
 .debug_aranges
                0x000008d8       0x68 I:\atmel studio\led2\ArduinoSketch42\ArduinoSketch42\ArduinoCore\Debug\libArduinoCore.a(HardwareSerial.o)
 .debug_aranges
                0x00000940       0x48 I:\atmel studio\led2\ArduinoSketch42\ArduinoSketch42\ArduinoCore\Debug\libArduinoCore.a(HardwareSerial0.o)
 .debug_aranges
                0x00000988       0x48 I:\atmel studio\led2\ArduinoSketch42\ArduinoSketch42\ArduinoCore\Debug\libArduinoCore.a(HardwareSerial2.o)
 .debug_aranges
                0x000009d0       0x38 I:\atmel studio\led2\ArduinoSketch42\ArduinoSketch42\ArduinoCore\Debug\libArduinoCore.a(main.o)
 .debug_aranges
                0x00000a08      0x100 I:\atmel studio\led2\ArduinoSketch42\ArduinoSketch42\ArduinoCore\Debug\libArduinoCore.a(Print.o)
 .debug_aranges
                0x00000b08       0x70 I:\atmel studio\led2\ArduinoSketch42\ArduinoSketch42\ArduinoCore\Debug\libArduinoCore.a(WInterrupts.o)
 .debug_aranges
                0x00000b78       0x48 I:\atmel studio\led2\ArduinoSketch42\ArduinoSketch42\ArduinoCore\Debug\libArduinoCore.a(wiring.o)
 .debug_aranges
                0x00000bc0       0x38 I:\atmel studio\led2\ArduinoSketch42\ArduinoSketch42\ArduinoCore\Debug\libArduinoCore.a(wiring_digital.o)
 .debug_aranges
                0x00000bf8       0x48 I:\atmel studio\led2\ArduinoSketch42\ArduinoSketch42\ArduinoCore\Debug\libArduinoCore.a(WMath.o)
 .debug_aranges
                0x00000c40      0x2b8 I:\atmel studio\led2\ArduinoSketch42\ArduinoSketch42\ArduinoCore\Debug\libArduinoCore.a(WString.o)
 .debug_aranges
                0x00000ef8       0x20 I:\atmel studio\led2\ArduinoSketch42\ArduinoSketch42\ArduinoCore\Debug\libArduinoCore.a(hooks.o)

.debug_pubnames
 *(.debug_pubnames)

.debug_info     0x00000000    0x275b8
 *(.debug_info .gnu.linkonce.wi.*)
 .debug_info    0x00000000     0x6216 Adafruit_GFX.o
 .debug_info    0x00006216     0x242b Adafruit_SSD1306.o
 .debug_info    0x00008641      0xe63 ComwithMotor.o
 .debug_info    0x000094a4     0x188f ComwithPC.o
 .debug_info    0x0000ad33      0x6ff ComwithShot.o
 .debug_info    0x0000b432     0x1f78 Display.o
 .debug_info    0x0000d3aa      0x897 Kinematics.o
 .debug_info    0x0000dc41      0x49a mMotor.o
 .debug_info    0x0000e0db     0x22cc mPS2.o
 .debug_info    0x000103a7      0x666 Path.o
 .debug_info    0x00010a0d     0x18ac PS2X_lib.o
 .debug_info    0x000122b9     0x2e8c Sketch.o
 .debug_info    0x00015145      0x6f6 src/libraries/SPI/src/SPI.o
 .debug_info    0x0001583b      0x667 src/libraries/Wire/src/utility/twi.o
 .debug_info    0x00015ea2     0x27c0 src/libraries/Wire/src/Wire.o
 .debug_info    0x00018662     0x17fb Timer1.o
 .debug_info    0x00019e5d       0x8e I:\atmel studio\led2\ArduinoSketch42\ArduinoSketch42\ArduinoCore\Debug\libArduinoCore.a(abi.o)
 .debug_info    0x00019eeb     0x1f23 I:\atmel studio\led2\ArduinoSketch42\ArduinoSketch42\ArduinoCore\Debug\libArduinoCore.a(HardwareSerial.o)
 .debug_info    0x0001be0e     0x1b25 I:\atmel studio\led2\ArduinoSketch42\ArduinoSketch42\ArduinoCore\Debug\libArduinoCore.a(HardwareSerial0.o)
 .debug_info    0x0001d933     0x1b25 I:\atmel studio\led2\ArduinoSketch42\ArduinoSketch42\ArduinoCore\Debug\libArduinoCore.a(HardwareSerial2.o)
 .debug_info    0x0001f458      0x28f I:\atmel studio\led2\ArduinoSketch42\ArduinoSketch42\ArduinoCore\Debug\libArduinoCore.a(main.o)
 .debug_info    0x0001f6e7     0x2ada I:\atmel studio\led2\ArduinoSketch42\ArduinoSketch42\ArduinoCore\Debug\libArduinoCore.a(Print.o)
 .debug_info    0x000221c1      0x2fc I:\atmel studio\led2\ArduinoSketch42\ArduinoSketch42\ArduinoCore\Debug\libArduinoCore.a(WInterrupts.o)
 .debug_info    0x000224bd      0x326 I:\atmel studio\led2\ArduinoSketch42\ArduinoSketch42\ArduinoCore\Debug\libArduinoCore.a(wiring.o)
 .debug_info    0x000227e3      0x635 I:\atmel studio\led2\ArduinoSketch42\ArduinoSketch42\ArduinoCore\Debug\libArduinoCore.a(wiring_digital.o)
 .debug_info    0x00022e18      0x240 I:\atmel studio\led2\ArduinoSketch42\ArduinoSketch42\ArduinoCore\Debug\libArduinoCore.a(WMath.o)
 .debug_info    0x00023058     0x4522 I:\atmel studio\led2\ArduinoSketch42\ArduinoSketch42\ArduinoCore\Debug\libArduinoCore.a(WString.o)
 .debug_info    0x0002757a       0x3e I:\atmel studio\led2\ArduinoSketch42\ArduinoSketch42\ArduinoCore\Debug\libArduinoCore.a(hooks.o)

.debug_abbrev   0x00000000     0x548d
 *(.debug_abbrev)
 .debug_abbrev  0x00000000      0x58f Adafruit_GFX.o
 .debug_abbrev  0x0000058f      0x5b8 Adafruit_SSD1306.o
 .debug_abbrev  0x00000b47      0x2f6 ComwithMotor.o
 .debug_abbrev  0x00000e3d      0x334 ComwithPC.o
 .debug_abbrev  0x00001171      0x215 ComwithShot.o
 .debug_abbrev  0x00001386      0x37a Display.o
 .debug_abbrev  0x00001700      0x217 Kinematics.o
 .debug_abbrev  0x00001917      0x1e8 mMotor.o
 .debug_abbrev  0x00001aff      0x372 mPS2.o
 .debug_abbrev  0x00001e71      0x236 Path.o
 .debug_abbrev  0x000020a7      0x3fa PS2X_lib.o
 .debug_abbrev  0x000024a1      0x52f Sketch.o
 .debug_abbrev  0x000029d0      0x28c src/libraries/SPI/src/SPI.o
 .debug_abbrev  0x00002c5c      0x25f src/libraries/Wire/src/utility/twi.o
 .debug_abbrev  0x00002ebb      0x5c4 src/libraries/Wire/src/Wire.o
 .debug_abbrev  0x0000347f      0x3ed Timer1.o
 .debug_abbrev  0x0000386c       0x5e I:\atmel studio\led2\ArduinoSketch42\ArduinoSketch42\ArduinoCore\Debug\libArduinoCore.a(abi.o)
 .debug_abbrev  0x000038ca      0x478 I:\atmel studio\led2\ArduinoSketch42\ArduinoSketch42\ArduinoCore\Debug\libArduinoCore.a(HardwareSerial.o)
 .debug_abbrev  0x00003d42      0x3dd I:\atmel studio\led2\ArduinoSketch42\ArduinoSketch42\ArduinoCore\Debug\libArduinoCore.a(HardwareSerial0.o)
 .debug_abbrev  0x0000411f      0x3dd I:\atmel studio\led2\ArduinoSketch42\ArduinoSketch42\ArduinoCore\Debug\libArduinoCore.a(HardwareSerial2.o)
 .debug_abbrev  0x000044fc      0x109 I:\atmel studio\led2\ArduinoSketch42\ArduinoSketch42\ArduinoCore\Debug\libArduinoCore.a(main.o)
 .debug_abbrev  0x00004605      0x498 I:\atmel studio\led2\ArduinoSketch42\ArduinoSketch42\ArduinoCore\Debug\libArduinoCore.a(Print.o)
 .debug_abbrev  0x00004a9d       0xed I:\atmel studio\led2\ArduinoSketch42\ArduinoSketch42\ArduinoCore\Debug\libArduinoCore.a(WInterrupts.o)
 .debug_abbrev  0x00004b8a      0x145 I:\atmel studio\led2\ArduinoSketch42\ArduinoSketch42\ArduinoCore\Debug\libArduinoCore.a(wiring.o)
 .debug_abbrev  0x00004ccf      0x15a I:\atmel studio\led2\ArduinoSketch42\ArduinoSketch42\ArduinoCore\Debug\libArduinoCore.a(wiring_digital.o)
 .debug_abbrev  0x00004e29      0x14b I:\atmel studio\led2\ArduinoSketch42\ArduinoSketch42\ArduinoCore\Debug\libArduinoCore.a(WMath.o)
 .debug_abbrev  0x00004f74      0x4ef I:\atmel studio\led2\ArduinoSketch42\ArduinoSketch42\ArduinoCore\Debug\libArduinoCore.a(WString.o)
 .debug_abbrev  0x00005463       0x2a I:\atmel studio\led2\ArduinoSketch42\ArduinoSketch42\ArduinoCore\Debug\libArduinoCore.a(hooks.o)

.debug_line     0x00000000     0x8f98
 *(.debug_line .debug_line.* .debug_line_end)
 .debug_line    0x00000000     0x1df9 Adafruit_GFX.o
 .debug_line    0x00001df9      0xbe6 Adafruit_SSD1306.o
 .debug_line    0x000029df      0x4ed ComwithMotor.o
 .debug_line    0x00002ecc      0x2b0 ComwithPC.o
 .debug_line    0x0000317c      0x2ac ComwithShot.o
 .debug_line    0x00003428      0x387 Display.o
 .debug_line    0x000037af      0x312 Kinematics.o
 .debug_line    0x00003ac1      0x209 mMotor.o
 .debug_line    0x00003cca      0x410 mPS2.o
 .debug_line    0x000040da      0x288 Path.o
 .debug_line    0x00004362      0x726 PS2X_lib.o
 .debug_line    0x00004a88      0x4e3 Sketch.o
 .debug_line    0x00004f6b      0x313 src/libraries/SPI/src/SPI.o
 .debug_line    0x0000527e      0x515 src/libraries/Wire/src/utility/twi.o
 .debug_line    0x00005793      0x5e6 src/libraries/Wire/src/Wire.o
 .debug_line    0x00005d79      0x2ba Timer1.o
 .debug_line    0x00006033       0xbf I:\atmel studio\led2\ArduinoSketch42\ArduinoSketch42\ArduinoCore\Debug\libArduinoCore.a(abi.o)
 .debug_line    0x000060f2      0x489 I:\atmel studio\led2\ArduinoSketch42\ArduinoSketch42\ArduinoCore\Debug\libArduinoCore.a(HardwareSerial.o)
 .debug_line    0x0000657b      0x288 I:\atmel studio\led2\ArduinoSketch42\ArduinoSketch42\ArduinoCore\Debug\libArduinoCore.a(HardwareSerial0.o)
 .debug_line    0x00006803      0x286 I:\atmel studio\led2\ArduinoSketch42\ArduinoSketch42\ArduinoCore\Debug\libArduinoCore.a(HardwareSerial2.o)
 .debug_line    0x00006a89      0x171 I:\atmel studio\led2\ArduinoSketch42\ArduinoSketch42\ArduinoCore\Debug\libArduinoCore.a(main.o)
 .debug_line    0x00006bfa      0x697 I:\atmel studio\led2\ArduinoSketch42\ArduinoSketch42\ArduinoCore\Debug\libArduinoCore.a(Print.o)
 .debug_line    0x00007291      0x2da I:\atmel studio\led2\ArduinoSketch42\ArduinoSketch42\ArduinoCore\Debug\libArduinoCore.a(WInterrupts.o)
 .debug_line    0x0000756b      0x2cb I:\atmel studio\led2\ArduinoSketch42\ArduinoSketch42\ArduinoCore\Debug\libArduinoCore.a(wiring.o)
 .debug_line    0x00007836      0x284 I:\atmel studio\led2\ArduinoSketch42\ArduinoSketch42\ArduinoCore\Debug\libArduinoCore.a(wiring_digital.o)
 .debug_line    0x00007aba      0x149 I:\atmel studio\led2\ArduinoSketch42\ArduinoSketch42\ArduinoCore\Debug\libArduinoCore.a(WMath.o)
 .debug_line    0x00007c03     0x1354 I:\atmel studio\led2\ArduinoSketch42\ArduinoSketch42\ArduinoCore\Debug\libArduinoCore.a(WString.o)
 .debug_line    0x00008f57       0x41 I:\atmel studio\led2\ArduinoSketch42\ArduinoSketch42\ArduinoCore\Debug\libArduinoCore.a(hooks.o)

.debug_frame    0x00000000     0x3dd8
 *(.debug_frame)
 .debug_frame   0x00000000     0x11e4 Adafruit_GFX.o
 .debug_frame   0x000011e4      0x2e0 Adafruit_SSD1306.o
 .debug_frame   0x000014c4      0x220 ComwithMotor.o
 .debug_frame   0x000016e4       0xe0 ComwithPC.o
 .debug_frame   0x000017c4       0xbc ComwithShot.o
 .debug_frame   0x00001880       0xec Display.o
 .debug_frame   0x0000196c      0x220 Kinematics.o
 .debug_frame   0x00001b8c       0x6c mMotor.o
 .debug_frame   0x00001bf8       0x7c mPS2.o
 .debug_frame   0x00001c74       0xd0 Path.o
 .debug_frame   0x00001d44      0x2a4 PS2X_lib.o
 .debug_frame   0x00001fe8      0x180 Sketch.o
 .debug_frame   0x00002168       0x5c src/libraries/SPI/src/SPI.o
 .debug_frame   0x000021c4      0x134 src/libraries/Wire/src/utility/twi.o
 .debug_frame   0x000022f8      0x278 src/libraries/Wire/src/Wire.o
 .debug_frame   0x00002570      0x194 Timer1.o
 .debug_frame   0x00002704       0x34 I:\atmel studio\led2\ArduinoSketch42\ArduinoSketch42\ArduinoCore\Debug\libArduinoCore.a(abi.o)
 .debug_frame   0x00002738      0x110 I:\atmel studio\led2\ArduinoSketch42\ArduinoSketch42\ArduinoCore\Debug\libArduinoCore.a(HardwareSerial.o)
 .debug_frame   0x00002848       0xe0 I:\atmel studio\led2\ArduinoSketch42\ArduinoSketch42\ArduinoCore\Debug\libArduinoCore.a(HardwareSerial0.o)
 .debug_frame   0x00002928       0xe0 I:\atmel studio\led2\ArduinoSketch42\ArduinoSketch42\ArduinoCore\Debug\libArduinoCore.a(HardwareSerial2.o)
 .debug_frame   0x00002a08       0x54 I:\atmel studio\led2\ArduinoSketch42\ArduinoSketch42\ArduinoCore\Debug\libArduinoCore.a(main.o)
 .debug_frame   0x00002a5c      0x3bc I:\atmel studio\led2\ArduinoSketch42\ArduinoSketch42\ArduinoCore\Debug\libArduinoCore.a(Print.o)
 .debug_frame   0x00002e18      0x304 I:\atmel studio\led2\ArduinoSketch42\ArduinoSketch42\ArduinoCore\Debug\libArduinoCore.a(WInterrupts.o)
 .debug_frame   0x0000311c       0xc4 I:\atmel studio\led2\ArduinoSketch42\ArduinoSketch42\ArduinoCore\Debug\libArduinoCore.a(wiring.o)
 .debug_frame   0x000031e0       0x7c I:\atmel studio\led2\ArduinoSketch42\ArduinoSketch42\ArduinoCore\Debug\libArduinoCore.a(wiring_digital.o)
 .debug_frame   0x0000325c       0xf0 I:\atmel studio\led2\ArduinoSketch42\ArduinoSketch42\ArduinoCore\Debug\libArduinoCore.a(WMath.o)
 .debug_frame   0x0000334c      0xa68 I:\atmel studio\led2\ArduinoSketch42\ArduinoSketch42\ArduinoCore\Debug\libArduinoCore.a(WString.o)
 .debug_frame   0x00003db4       0x24 I:\atmel studio\led2\ArduinoSketch42\ArduinoSketch42\ArduinoCore\Debug\libArduinoCore.a(hooks.o)

.debug_str      0x00000000     0x50d3
 *(.debug_str)
 .debug_str     0x00000000     0x123e Adafruit_GFX.o
                               0x1368 (size before relaxing)
 .debug_str     0x0000123e      0x8b9 Adafruit_SSD1306.o
                                0xcc9 (size before relaxing)
 .debug_str     0x00001af7      0x39e ComwithMotor.o
                                0x6a8 (size before relaxing)
 .debug_str     0x00001e95      0xa7a ComwithPC.o
                                0xdb5 (size before relaxing)
 .debug_str     0x0000290f       0x9c ComwithShot.o
                                0x436 (size before relaxing)
 .debug_str     0x000029ab      0x22e Display.o
                                0xfd5 (size before relaxing)
 .debug_str     0x00002bd9      0x258 Kinematics.o
                                0x4a8 (size before relaxing)
 .debug_str     0x00002e31       0xc9 mMotor.o
                                0x32d (size before relaxing)
 .debug_str     0x00002efa      0x4a3 mPS2.o
                               0x1168 (size before relaxing)
 .debug_str     0x0000339d      0x10c Path.o
                                0x40e (size before relaxing)
 .debug_str     0x000034a9       0xc1 PS2X_lib.o
                                0x7d4 (size before relaxing)
 .debug_str     0x0000356a      0x21d Sketch.o
                               0x1789 (size before relaxing)
 .debug_str     0x00003787       0xb4 src/libraries/SPI/src/SPI.o
                                0x67f (size before relaxing)
 .debug_str     0x0000383b      0x2c1 src/libraries/Wire/src/utility/twi.o
                                0x3c8 (size before relaxing)
 .debug_str     0x00003afc      0x7c0 src/libraries/Wire/src/Wire.o
                               0x1620 (size before relaxing)
 .debug_str     0x000042bc       0x9d Timer1.o
                                0xd41 (size before relaxing)
 .debug_str     0x00004359       0x8a I:\atmel studio\led2\ArduinoSketch42\ArduinoSketch42\ArduinoCore\Debug\libArduinoCore.a(abi.o)
                                0x1a9 (size before relaxing)
 .debug_str     0x000043e3      0x3f4 I:\atmel studio\led2\ArduinoSketch42\ArduinoSketch42\ArduinoCore\Debug\libArduinoCore.a(HardwareSerial.o)
                               0x1412 (size before relaxing)
 .debug_str     0x000047d7       0x47 I:\atmel studio\led2\ArduinoSketch42\ArduinoSketch42\ArduinoCore\Debug\libArduinoCore.a(HardwareSerial0.o)
                               0x117d (size before relaxing)
 .debug_str     0x0000481e       0x47 I:\atmel studio\led2\ArduinoSketch42\ArduinoSketch42\ArduinoCore\Debug\libArduinoCore.a(HardwareSerial2.o)
                               0x117e (size before relaxing)
 .debug_str     0x00004865       0x43 I:\atmel studio\led2\ArduinoSketch42\ArduinoSketch42\ArduinoCore\Debug\libArduinoCore.a(main.o)
                                0x2b8 (size before relaxing)
 .debug_str     0x000048a8      0x276 I:\atmel studio\led2\ArduinoSketch42\ArduinoSketch42\ArduinoCore\Debug\libArduinoCore.a(Print.o)
                                0xff2 (size before relaxing)
 .debug_str     0x00004b1e       0x7f I:\atmel studio\led2\ArduinoSketch42\ArduinoSketch42\ArduinoCore\Debug\libArduinoCore.a(WInterrupts.o)
                                0x271 (size before relaxing)
 .debug_str     0x00004b9d       0x67 I:\atmel studio\led2\ArduinoSketch42\ArduinoSketch42\ArduinoCore\Debug\libArduinoCore.a(wiring.o)
                                0x242 (size before relaxing)
 .debug_str     0x00004c04       0x47 I:\atmel studio\led2\ArduinoSketch42\ArduinoSketch42\ArduinoCore\Debug\libArduinoCore.a(wiring_digital.o)
                                0x2a7 (size before relaxing)