Archive member included to satisfy reference by file (symbol)

c:/program files (x86)/atmel/studio/7.0/toolchain/avr8/avr8-gnu-toolchain/bin/../lib/gcc/avr/4.9.2/../../../../avr/lib/avr6\libm.a(addsf3.o)
                              Kinematics.o (__subsf3)
c:/program files (x86)/atmel/studio/7.0/toolchain/avr8/avr8-gnu-toolchain/bin/../lib/gcc/avr/4.9.2/../../../../avr/lib/avr6\libm.a(addsf3x.o)
                              c:/program files (x86)/atmel/studio/7.0/toolchain/avr8/avr8-gnu-toolchain/bin/../lib/gcc/avr/4.9.2/../../../../avr/lib/avr6\libm.a(addsf3.o) (__addsf3x)
c:/program files (x86)/atmel/studio/7.0/toolchain/avr8/avr8-gnu-toolchain/bin/../lib/gcc/avr/4.9.2/../../../../avr/lib/avr6\libm.a(atan2.o)
                              Path.o (atan2)
c:/program files (x86)/atmel/studio/7.0/toolchain/avr8/avr8-gnu-toolchain/bin/../lib/gcc/avr/4.9.2/../../../../avr/lib/avr6\libm.a(atan.o)
                              c:/program files (x86)/atmel/studio/7.0/toolchain/avr8/avr8-gnu-toolchain/bin/../lib/gcc/avr/4.9.2/../../../../avr/lib/avr6\libm.a(atan2.o) (atan)
c:/program files (x86)/atmel/studio/7.0/toolchain/avr8/avr8-gnu-toolchain/bin/../lib/gcc/avr/4.9.2/../../../../avr/lib/avr6\libm.a(cmpsf2.o)
                              Path.o (__ltsf2)
c:/program files (x86)/atmel/studio/7.0/toolchain/avr8/avr8-gnu-toolchain/bin/../lib/gcc/avr/4.9.2/../../../../avr/lib/avr6\libm.a(cos.o)
                              Sketch.o (cos)
c:/program files (x86)/atmel/studio/7.0/toolchain/avr8/avr8-gnu-toolchain/bin/../lib/gcc/avr/4.9.2/../../../../avr/lib/avr6\libm.a(divsf3.o)
                              ComwithGY25.o (__divsf3)
c:/program files (x86)/atmel/studio/7.0/toolchain/avr8/avr8-gnu-toolchain/bin/../lib/gcc/avr/4.9.2/../../../../avr/lib/avr6\libm.a(divsf3x.o)
                              c:/program files (x86)/atmel/studio/7.0/toolchain/avr8/avr8-gnu-toolchain/bin/../lib/gcc/avr/4.9.2/../../../../avr/lib/avr6\libm.a(divsf3.o) (__divsf3x)
c:/program files (x86)/atmel/studio/7.0/toolchain/avr8/avr8-gnu-toolchain/bin/../lib/gcc/avr/4.9.2/../../../../avr/lib/avr6\libm.a(fixsfsi.o)
                              Kinematics.o (__fixsfsi)
c:/program files (x86)/atmel/studio/7.0/toolchain/avr8/avr8-gnu-toolchain/bin/../lib/gcc/avr/4.9.2/../../../../avr/lib/avr6\libm.a(fixunssfsi.o)
                              Path.o (__fixunssfsi)
c:/program files (x86)/atmel/studio/7.0/toolchain/avr8/avr8-gnu-toolchain/bin/../lib/gcc/avr/4.9.2/../../../../avr/lib/avr6\libm.a(floatsisf.o)
                              PS2X_lib.o (__floatunsisf)
c:/program files (x86)/atmel/studio/7.0/toolchain/avr8/avr8-gnu-toolchain/bin/../lib/gcc/avr/4.9.2/../../../../avr/lib/avr6\libm.a(fp_cmp.o)
                              c:/program files (x86)/atmel/studio/7.0/toolchain/avr8/avr8-gnu-toolchain/bin/../lib/gcc/avr/4.9.2/../../../../avr/lib/avr6\libm.a(cmpsf2.o) (__fp_cmp)
c:/program files (x86)/atmel/studio/7.0/toolchain/avr8/avr8-gnu-toolchain/bin/../lib/gcc/avr/4.9.2/../../../../avr/lib/avr6\libm.a(fp_inf.o)
                              c:/program files (x86)/atmel/studio/7.0/toolchain/avr8/avr8-gnu-toolchain/bin/../lib/gcc/avr/4.9.2/../../../../avr/lib/avr6\libm.a(addsf3x.o) (__fp_inf)
c:/program files (x86)/atmel/studio/7.0/toolchain/avr8/avr8-gnu-toolchain/bin/../lib/gcc/avr/4.9.2/../../../../avr/lib/avr6\libm.a(fp_nan.o)
                              c:/program files (x86)/atmel/studio/7.0/toolchain/avr8/avr8-gnu-toolchain/bin/../lib/gcc/avr/4.9.2/../../../../avr/lib/avr6\libm.a(addsf3x.o) (__fp_nan)
c:/program files (x86)/atmel/studio/7.0/toolchain/avr8/avr8-gnu-toolchain/bin/../lib/gcc/avr/4.9.2/../../../../avr/lib/avr6\libm.a(fp_powser.o)
                              c:/program files (x86)/atmel/studio/7.0/toolchain/avr8/avr8-gnu-toolchain/bin/../lib/gcc/avr/4.9.2/../../../../avr/lib/avr6\libm.a(atan.o) (__fp_powser)
c:/program files (x86)/atmel/studio/7.0/toolchain/avr8/avr8-gnu-toolchain/bin/../lib/gcc/avr/4.9.2/../../../../avr/lib/avr6\libm.a(fp_pscA.o)
                              c:/program files (x86)/atmel/studio/7.0/toolchain/avr8/avr8-gnu-toolchain/bin/../lib/gcc/avr/4.9.2/../../../../avr/lib/avr6\libm.a(addsf3x.o) (__fp_pscA)
c:/program files (x86)/atmel/studio/7.0/toolchain/avr8/avr8-gnu-toolchain/bin/../lib/gcc/avr/4.9.2/../../../../avr/lib/avr6\libm.a(fp_pscB.o)
                              c:/program files (x86)/atmel/studio/7.0/toolchain/avr8/avr8-gnu-toolchain/bin/../lib/gcc/avr/4.9.2/../../../../avr/lib/avr6\libm.a(addsf3x.o) (__fp_pscB)
c:/program files (x86)/atmel/studio/7.0/toolchain/avr8/avr8-gnu-toolchain/bin/../lib/gcc/avr/4.9.2/../../../../avr/lib/avr6\libm.a(fp_rempio2.o)
                              c:/program files (x86)/atmel/studio/7.0/toolchain/avr8/avr8-gnu-toolchain/bin/../lib/gcc/avr/4.9.2/../../../../avr/lib/avr6\libm.a(cos.o) (__fp_rempio2)
c:/program files (x86)/atmel/studio/7.0/toolchain/avr8/avr8-gnu-toolchain/bin/../lib/gcc/avr/4.9.2/../../../../avr/lib/avr6\libm.a(fp_round.o)
[...]
Memory Configuration

Name             Origin             Length             Attributes
text             0x00000000         0x00100000         xr
data             0x00800200         0x0000fe00         rw !x
eeprom           0x00810000         0x00010000         rw !x
fuse             0x00820000         0x00000400         rw !x
lock             0x00830000         0x00000400         rw !x
signature        0x00840000         0x00000400         rw !x
user_signatures  0x00850000         0x00000400         rw !x
*default*        0x00000000         0xffffffff

Linker script and memory map

Address of section .data set to 0x800200
LOAD C:/Program Files (x86)/Atmel/Studio/7.0/Packs/atmel/ATmega_DFP/1.0.106/gcc/dev/atmega2560/avr6/crtatmega2560.o
LOAD Adafruit_GFX.o
LOAD Adafruit_SPITFT.o
LOAD Adafruit_SSD1306.o
LOAD ComwithGY25.o
LOAD ComwithMotor.o
LOAD ComwithPC.o
LOAD ComwithShot.o
LOAD Display.o
LOAD glcdfont.o
LOAD Kinematics.o
LOAD mMotor.o
LOAD Timer3.o
LOAD mPS2.o
LOAD Path.o
LOAD PS2X_lib.o
LOAD SecondDisplay.o
LOAD SensorBoard.o
LOAD Sketch.o
LOAD src/libraries/SPI/src/SPI.o
LOAD src/libraries/Wire/src/utility/twi.o
LOAD src/libraries/Wire/src/Wire.o
LOAD tasks.o
LOAD Timer1.o
START GROUP
LOAD c:/program files (x86)/atmel/studio/7.0/toolchain/avr8/avr8-gnu-toolchain/bin/../lib/gcc/avr/4.9.2/../../../../avr/lib/avr6\libm.a
LOAD I:\atmel studio\led2\ArduinoSketch42\ArduinoSketch42\ArduinoCore\Debug\libArduinoCore.a
END GROUP
LOAD c:/program files (x86)/atmel/studio/7.0/toolchain/avr8/avr8-gnu-toolchain/bin/../lib/gcc/avr/4.9.2/avr6\libgcc.a
LOAD c:/program files (x86)/atmel/studio/7.0/toolchain/avr8/avr8-gnu-toolchain/bin/../lib/gcc/avr/4.9.2/../../../../avr/lib/avr6\libm.a
START GROUP
LOAD c:/program files (x86)/atmel/studio/7.0/toolchain/avr8/avr8-gnu-toolchain/bin/../lib/gcc/avr/4.9.2/avr6\libgcc.a
LOAD c:/program files (x86)/atmel/studio/7.0/toolchain/avr8/avr8-gnu-toolchain/bin/../lib/gcc/avr/4.9.2/../../../../avr/lib/avr6\libm.a
LOAD c:/program files (x86)/atmel/studio/7.0/toolchain/avr8/avr8-gnu-toolchain/bin/../lib/gcc/avr/4.9.2/../../../../avr/lib/avr6\libc.a
LOAD C:/Program Files (x86)/Atmel/Studio/7.0/Packs/atmel/ATmega_DFP/1.0.106/gcc/dev/atmega2560/avr6\libatmega2560.a
END GROUP
                0x00100000                __TEXT_REGION_LENGTH__ = DEFINED (__TEXT_REGION_LENGTH__)?__TEXT_REGION_LENGTH__:0x100000
                0x0000fe00                __DATA_REGION_LENGTH__ = DEFINED (__DATA_REGION_LENGTH__)?__DATA_REGION_LENGTH__:0xfe00
                0x00010000                __EEPROM_REGION_LENGTH__ = DEFINED (__EEPROM_REGION_LENGTH__)?__EEPROM_REGION_LENGTH__:0x10000
                0x00000400                __FUSE_REGION_LENGTH__ = DEFINED (__FUSE_REGION_LENGTH__)?__FUSE_REGION_LENGTH__:0x400
                0x00000400                __LOCK_REGION_LENGTH__ = DEFINED (__LOCK_REGION_LENGTH__)?__LOCK_REGION_LENGTH__:0x400
                0x00000400                __SIGNATURE_REGION_LENGTH__ = DEFINED (__SIGNATURE_REGION_LENGTH__)?__SIGNATURE_REGION_LENGTH__:0x400
                0x00000400                __USER_SIGNATURE_REGION_LENGTH__ = DEFINED (__USER_SIGNATURE_REGION_LENGTH__)?__USER_SIGNATURE_REGION_LENGTH__:0x400

.hash
 *(.hash)

.dynsym
 *(.dynsym)

.dynstr
 *(.dynstr)

.gnu.version
 *(.gnu.version)

.gnu.version_d
 *(.gnu.version_d)

.gnu.version_r
 *(.gnu.version_r)

.rel.init
 *(.rel.init)

.rela.init
 *(.rela.init)

.rel.text
 *(.rel.text)
 *(.rel.text.*)
 *(.rel.gnu.linkonce.t*)

.rela.text
 *(.rela.text)
 *(.rela.text.*)
 *(.rela.gnu.linkonce.t*)

.rel.fini
 *(.rel.fini)

.rela.fini
 *(.rela.fini)

.rel.rodata
 *(.rel.rodata)
 *(.rel.rodata.*)
 *(.rel.gnu.linkonce.r*)

.rela.rodata
 *(.rela.rodata)
 *(.rela.rodata.*)
 *(.rela.gnu.linkonce.r*)

.rel.data
 *(.rel.data)
 *(.rel.data.*)
 *(.rel.gnu.linkonce.d*)

.rela.data
 *(.rela.data)
 *(.rela.data.*)
 *(.rela.gnu.linkonce.d*)

.rel.ctors
 *(.rel.ctors)

.rela.ctors
 *(.rela.ctors)

.rel.dtors
 *(.rel.dtors)

.rela.dtors
 *(.rela.dtors)

.rel.got
 *(.rel.got)

.rela.got
 *(.rela.got)

.rel.bss
 *(.rel.bss)

.rela.bss
 *(.rela.bss)

.rel.plt
 *(.rel.plt)

.rela.plt
 *(.rela.plt)

.text           0x00000000     0x8f48
 *(.vectors)
 .vectors       0x00000000       0xe4 C:/Program Files (x86)/Atmel/Studio/7.0/Packs/atmel/ATmega_DFP/1.0.106/gcc/dev/atmega2560/avr6/crtatmega2560.o
                0x00000000                __vector_default
                0x00000000                __vectors
 *(.vectors)
 *(.progmem.gcc*)
 .progmem.gcc_fplib
                0x000000e4       0x2d c:/program files (x86)/atmel/studio/7.0/toolchain/avr8/avr8-gnu-toolchain/bin/../lib/gcc/avr/4.9.2/../../../../avr/lib/avr6\libm.a(atan.o)
 .progmem.gcc_fplib
                0x00000111       0x1e c:/program files (x86)/atmel/studio/7.0/toolchain/avr8/avr8-gnu-toolchain/bin/../lib/gcc/avr/4.9.2/../../../../avr/lib/avr6\libm.a(fp_sinus.o)
 .progmem.gcc_fplib
                0x0000012f       0x28 c:/program files (x86)/atmel/studio/7.0/toolchain/avr8/avr8-gnu-toolchain/bin/../lib/gcc/avr/4.9.2/../../../../avr/lib/avr6\libm.a(exp.o)
 .progmem.gcc_fplib
                0x00000157       0x5a c:/program files (x86)/atmel/studio/7.0/toolchain/avr8/avr8-gnu-toolchain/bin/../lib/gcc/avr/4.9.2/../../../../avr/lib/avr6\libm.a(log.o)
 *fill*         0x000001b1        0x1 
 .progmem.gcc_sw_table.attachInterrupt
                0x000001b2        0xe I:\atmel studio\led2\ArduinoSketch42\ArduinoSketch42\ArduinoCore\Debug\libArduinoCore.a(WInterrupts.o)
 .progmem.gcc_sw_table.turnOffPWM
                0x000001c0       0x24 I:\atmel studio\led2\ArduinoSketch42\ArduinoSketch42\ArduinoCore\Debug\libArduinoCore.a(wiring_digital.o)
                0x000001e4                . = ALIGN (0x2)
                0x000001e4                __trampolines_start = .
 *(.trampolines)
 .trampolines   0x000001e4        0x0 linker stubs
 *(.trampolines*)
                0x000001e4                __trampolines_end = .
 *libprintf_flt.a:*(.progmem.data)
 *libc.a:*(.progmem.data)
 *(.progmem*)
 .progmem.data._ZL4font
                0x000001e4      0x500 Adafruit_GFX.o
 .progmem.data.digital_pin_to_timer_PGM
                0x000006e4       0x46 I:\atmel studio\led2\ArduinoSketch42\ArduinoSketch42\ArduinoCore\Debug\libArduinoCore.a(wiring_digital.o)
                0x000006e4                digital_pin_to_timer_PGM
 .progmem.data.digital_pin_to_bit_mask_PGM
                0x0000072a       0x46 I:\atmel studio\led2\ArduinoSketch42\ArduinoSketch42\ArduinoCore\Debug\libArduinoCore.a(wiring_digital.o)
                0x0000072a                digital_pin_to_bit_mask_PGM
 .progmem.data.digital_pin_to_port_PGM
                0x00000770       0x46 I:\atmel studio\led2\ArduinoSketch42\ArduinoSketch42\ArduinoCore\Debug\libArduinoCore.a(wiring_digital.o)
                0x00000770                digital_pin_to_port_PGM
 .progmem.data.port_to_input_PGM
                0x000007b6       0x1a I:\atmel studio\led2\ArduinoSketch42\ArduinoSketch42\ArduinoCore\Debug\libArduinoCore.a(wiring_digital.o)
                0x000007b6                port_to_input_PGM
 .progmem.data.port_to_output_PGM
                0x000007d0       0x1a I:\atmel studio\led2\ArduinoSketch42\ArduinoSketch42\ArduinoCore\Debug\libArduinoCore.a(wiring_digital.o)
                0x000007d0                port_to_output_PGM
 .progmem.data.port_to_mode_PGM
                0x000007ea       0x1a I:\atmel studio\led2\ArduinoSketch42\ArduinoSketch42\ArduinoCore\Debug\libArduinoCore.a(wiring_digital.o)
                0x000007ea                port_to_mode_PGM
                0x00000804                . = ALIGN (0x2)
 *(.jumptables)
 *(.jumptables*)
 *(.lowtext)
 *(.lowtext*)
                0x00000804                __ctors_start = .
 *(.ctors)
 .ctors         0x00000804        0x2 ComwithGY25.o
 .ctors         0x00000806        0x2 ComwithShot.o
 .ctors         0x00000808        0x2 Display.o
 .ctors         0x0000080a        0x2 Path.o
 .ctors         0x0000080c        0x2 Sketch.o
 .ctors         0x0000080e        0x2 src/libraries/Wire/src/Wire.o
 .ctors         0x00000810        0x2 I:\atmel studio\led2\ArduinoSketch42\ArduinoSketch42\ArduinoCore\Debug\libArduinoCore.a(HardwareSerial0.o)
 .ctors         0x00000812        0x2 I:\atmel studio\led2\ArduinoSketch42\ArduinoSketch42\ArduinoCore\Debug\libArduinoCore.a(HardwareSerial2.o)
 .ctors         0x00000814        0x2 I:\atmel studio\led2\ArduinoSketch42\ArduinoSketch42\ArduinoCore\Debug\libArduinoCore.a(HardwareSerial3.o)
                0x00000816                __ctors_end = .
                0x00000816                __dtors_start = .
 *(.dtors)
 .dtors         0x00000816        0x2 Sketch.o
                0x00000818                __dtors_end = .
 SORT(*)(.ctors)
 SORT(*)(.dtors)
 *(.init0)
 .init0         0x00000818        0x0 C:/Program Files (x86)/Atmel/Studio/7.0/Packs/atmel/ATmega_DFP/1.0.106/gcc/dev/atmega2560/avr6/crtatmega2560.o
                0x00000818                __init
 *(.init0)
 *(.init1)
 *(.init1)
 *(.init2)
 .init2         0x00000818       0x10 C:/Program Files (x86)/Atmel/Studio/7.0/Packs/atmel/ATmega_DFP/1.0.106/gcc/dev/atmega2560/avr6/crtatmega2560.o
 *(.init2)
 *(.init3)
 *(.init3)
 *(.init4)
 .init4         0x00000828       0x1a c:/program files (x86)/atmel/studio/7.0/toolchain/avr8/avr8-gnu-toolchain/bin/../lib/gcc/avr/4.9.2/avr6\libgcc.a(_copy_data.o)
                0x00000828                __do_copy_data
 .init4         0x00000842       0x10 c:/program files (x86)/atmel/studio/7.0/toolchain/avr8/avr8-gnu-toolchain/bin/../lib/gcc/avr/4.9.2/avr6\libgcc.a(_clear_bss.o)
                0x00000842                __do_clear_bss
 *(.init4)
 *(.init5)
 *(.init5)
 *(.init6)
 .init6         0x00000852       0x20 c:/program files (x86)/atmel/studio/7.0/toolchain/avr8/avr8-gnu-toolchain/bin/../lib/gcc/avr/4.9.2/avr6\libgcc.a(_ctors.o)
                0x00000852                __do_global_ctors
 *(.init6)
 *(.init7)
 *(.init7)
 *(.init8)
 *(.init8)
 *(.init9)
 .init9         0x00000872        0x8 C:/Program Files (x86)/Atmel/Studio/7.0/Packs/atmel/ATmega_DFP/1.0.106/gcc/dev/atmega2560/avr6/crtatmega2560.o
 *(.init9)
 *(.text)
 .text          0x0000087a        0x2 C:/Program Files (x86)/Atmel/Studio/7.0/Packs/atmel/ATmega_DFP/1.0.106/gcc/dev/atmega2560/avr6/crtatmega2560.o
                0x0000087a                __vector_38
                0x0000087a                __vector_22
                0x0000087a                __vector_28
                0x0000087a                __vector_34
                0x0000087a                __vector_24
                0x0000087a                __vector_12
                0x0000087a                __vector_46
                0x0000087a                __bad_interrupt
                0x0000087a                __vector_31
                0x0000087a                __vector_35
                0x0000087a                __vector_30
                0x0000087a                __vector_45
                0x0000087a                __vector_11
                0x0000087a                __vector_13
                0x0000087a                __vector_19
                0x0000087a                __vector_56
                0x0000087a                __vector_49
                0x0000087a                __vector_41
                0x0000087a                __vector_43
                0x0000087a                __vector_27
                0x0000087a                __vector_33
                0x0000087a                __vector_47
                0x0000087a                __vector_37
                0x0000087a                __vector_44
                0x0000087a                __vector_9
                0x0000087a                __vector_21
                0x0000087a                __vector_15
                0x0000087a                __vector_36
                0x0000087a                __vector_29
                0x0000087a                __vector_40
                0x0000087a                __vector_48
                0x0000087a                __vector_14
                0x0000087a                __vector_53
                0x0000087a                __vector_10
                0x0000087a                __vector_50
                0x0000087a                __vector_16
                0x0000087a                __vector_18
                0x0000087a                __vector_20
                0x0000087a                __vector_42
                0x0000087c                . = ALIGN (0x2)
 *(.text.*)
 .text._ZN5Print17availableForWriteEv
                0x0000087c        0x6 Adafruit_GFX.o
                0x0000087c                _ZN5Print17availableForWriteEv
 .text._ZN5Print5flushEv
                0x00000882        0x2 Adafruit_GFX.o
                0x00000882                _ZN5Print5flushEv
 .text._ZN12Adafruit_GFX9writeLineEiiiij
                0x00000884      0x152 Adafruit_GFX.o
                0x00000884                _ZN12Adafruit_GFX9writeLineEiiiij
 .text._ZN12Adafruit_GFX10startWriteEv
                0x000009d6        0x2 Adafruit_GFX.o
                0x000009d6                _ZN12Adafruit_GFX10startWriteEv
 .text._ZN12Adafruit_GFX10writePixelEiij
                0x000009d8        0xe Adafruit_GFX.o
                0x000009d8                _ZN12Adafruit_GFX10writePixelEiij
 .text._ZN12Adafruit_GFX14writeFastVLineEiiij
                0x000009e6       0x18 Adafruit_GFX.o
                0x000009e6                _ZN12Adafruit_GFX14writeFastVLineEiiij
 .text._ZN12Adafruit_GFX14writeFastHLineEiiij
                0x000009fe       0x18 Adafruit_GFX.o
                0x000009fe                _ZN12Adafruit_GFX14writeFastHLineEiiij
 .text._ZN12Adafruit_GFX13writeFillRectEiiiij
                0x00000a16       0x20 Adafruit_GFX.o
                0x00000a16                _ZN12Adafruit_GFX13writeFillRectEiiiij
 .text._ZN12Adafruit_GFX8endWriteEv
                0x00000a36        0x2 Adafruit_GFX.o
                0x00000a36                _ZN12Adafruit_GFX8endWriteEv
 .text._ZN12Adafruit_GFX13drawFastVLineEiiij
                0x00000a38       0x8a Adafruit_GFX.o
                0x00000a38                _ZN12Adafruit_GFX13drawFastVLineEiiij
 .text._ZN12Adafruit_GFX13drawFastHLineEiiij
                0x00000ac2       0x88 Adafruit_GFX.o
                0x00000ac2                _ZN12Adafruit_GFX13drawFastHLineEiiij
 .text._ZN12Adafruit_GFX8fillRectEiiiij
                0x00000b4a       0xa2 Adafruit_GFX.o
                0x00000b4a                _ZN12Adafruit_GFX8fillRectEiiiij
 .text._ZN12Adafruit_GFX10fillScreenEj
                0x00000bec       0x3c Adafruit_GFX.o
                0x00000bec                _ZN12Adafruit_GFX10fillScreenEj
 .text._ZN12Adafruit_GFX8drawLineEiiiij
                0x00000c28       0xec Adafruit_GFX.o
                0x00000c28                _ZN12Adafruit_GFX8drawLineEiiiij
 .text._ZN12Adafruit_GFX8drawRectEiiiij
                0x00000d14       0xbe Adafruit_GFX.o
                0x00000d14                _ZN12Adafruit_GFX8drawRectEiiiij
 .text._ZN12Adafruit_GFX13invertDisplayEb
                0x00000dd2        0x2 Adafruit_GFX.o
                0x00000dd2                _ZN12Adafruit_GFX13invertDisplayEb
 .text._ZN12Adafruit_GFX11setRotationEh
                0x00000dd4       0x2a Adafruit_GFX.o
                0x00000dd4                _ZN12Adafruit_GFX11setRotationEh
 .text._ZN12Adafruit_GFXC2Eii
                0x00000dfe       0x42 Adafruit_GFX.o
                0x00000dfe                _ZN12Adafruit_GFXC2Eii
                0x00000dfe                _ZN12Adafruit_GFXC1Eii
 .text._ZN12Adafruit_GFX8drawCharEiihjjh
                0x00000e40      0x42c Adafruit_GFX.o
                0x00000e40                _ZN12Adafruit_GFX8drawCharEiihjjh
 .text._ZN12Adafruit_GFX5writeEh
                0x0000126c      0x1a8 Adafruit_GFX.o
                0x0000126c                _ZN12Adafruit_GFX5writeEh
 .text._ZN12Adafruit_GFX9setCursorEii
                0x00001414        0xc Adafruit_GFX.o
                0x00001414                _ZN12Adafruit_GFX9setCursorEii
 .text._ZN12Adafruit_GFX11setTextSizeEh
                0x00001420        0xc Adafruit_GFX.o
                0x00001420                _ZN12Adafruit_GFX11setTextSizeEh
 .text._ZN12Adafruit_GFX12setTextColorEj
                0x0000142c        0xc Adafruit_GFX.o
                0x0000142c                _ZN12Adafruit_GFX12setTextColorEj
 .text._ZNK12Adafruit_GFX11getRotationEv
                0x00001438        0x6 Adafruit_GFX.o
                0x00001438                _ZNK12Adafruit_GFX11getRotationEv
 .text._ZNK12Adafruit_GFX5widthEv
                0x0000143e        0x8 Adafruit_GFX.o
                0x0000143e                _ZNK12Adafruit_GFX5widthEv
 .text._ZNK12Adafruit_GFX6heightEv
                0x00001446        0x8 Adafruit_GFX.o
                0x00001446                _ZNK12Adafruit_GFX6heightEv
 .text._ZN16Adafruit_SSD130613drawFastHLineEiiij
                0x0000144e      0x2b4 Adafruit_SSD1306.o
                0x0000144e                _ZN16Adafruit_SSD130613drawFastHLineEiiij
 .text._ZN16Adafruit_SSD130613drawFastVLineEiiij
                0x00001702      0x2b4 Adafruit_SSD1306.o
                0x00001702                _ZN16Adafruit_SSD130613drawFastVLineEiiij
 .text._ZN16Adafruit_SSD13069drawPixelEiij
                0x000019b6      0x168 Adafruit_SSD1306.o
                0x000019b6                _ZN16Adafruit_SSD13069drawPixelEiij
 .text._ZN16Adafruit_SSD1306C2Ea
                0x00001b1e       0x30 Adafruit_SSD1306.o
                0x00001b1e                _ZN16Adafruit_SSD1306C2Ea
                0x00001b1e                _ZN16Adafruit_SSD1306C1Ea
 .text._ZN16Adafruit_SSD130612clearDisplayEv
                0x00001b4e       0x16 Adafruit_SSD1306.o
                0x00001b4e                _ZN16Adafruit_SSD130612clearDisplayEv
 .text._ZN16Adafruit_SSD130612fastSPIwriteEh
                0x00001b64       0x5a Adafruit_SSD1306.o
                0x00001b64                _ZN16Adafruit_SSD130612fastSPIwriteEh
 .text._ZN16Adafruit_SSD130615ssd1306_commandEh
                0x00001bbe       0x82 Adafruit_SSD1306.o
                0x00001bbe                _ZN16Adafruit_SSD130615ssd1306_commandEh
 .text._ZN16Adafruit_SSD13065beginEhhb
                0x00001c40      0x236 Adafruit_SSD1306.o
                0x00001c40                _ZN16Adafruit_SSD13065beginEhhb
 .text._ZN16Adafruit_SSD13067displayEv
                0x00001e76       0xf4 Adafruit_SSD1306.o
                0x00001e76                _ZN16Adafruit_SSD13067displayEv
 .text._ZN14HardwareSerial5writeEi
                0x00001f6a        0xe ComwithGY25.o
                0x00001f6a                _ZN14HardwareSerial5writeEi
 .text._ZN11ComwithGY2510singleModeEv
                0x00001f78       0x14 ComwithGY25.o
                0x00001f78                _ZN11ComwithGY2510singleModeEv
 .text._ZN11ComwithGY2510correctYawEv
                0x00001f8c       0x14 ComwithGY25.o
                0x00001f8c                _ZN11ComwithGY2510correctYawEv
 .text._ZN11ComwithGY255beginEv
                0x00001fa0       0x40 ComwithGY25.o
                0x00001fa0                _ZN11ComwithGY255beginEv
 .text.startup._GLOBAL__sub_I__ZN11ComwithGY25C2Ev
                0x00001fe0        0xa ComwithGY25.o
 .text._ZN11ComwithGY257refreshEv
                0x00001fea       0xf6 ComwithGY25.o
                0x00001fea                _ZN11ComwithGY257refreshEv
 .text._ZN12ComwithMotorC2Ev
                0x000020e0       0x4e ComwithMotor.o
                0x000020e0                _ZN12ComwithMotorC1Ev
                0x000020e0                _ZN12ComwithMotorC2Ev
 .text._ZN12ComwithMotor7SendAtoENS_5MotorEi
                0x0000212e       0x36 ComwithMotor.o
                0x0000212e                _ZN12ComwithMotor7SendAtoENS_5MotorEi
 .text._ZN12ComwithMotor10SendAtoALLEiiii
                0x00002164       0x44 ComwithMotor.o
                0x00002164                _ZN12ComwithMotor10SendAtoALLEiiii
 .text._ZN12ComwithMotor7SendKtoENS_5MotorEddd
                0x000021a8       0xc6 ComwithMotor.o
                0x000021a8                _ZN12ComwithMotor7SendKtoENS_5MotorEddd
 .text._ZN12ComwithMotor10SendKtoALLEddd
                0x0000226e       0xa2 ComwithMotor.o
                0x0000226e                _ZN12ComwithMotor10SendKtoALLEddd
 .text._ZN12ComwithMotor9ReadBfromENS_5MotorE
                0x00002310       0x46 ComwithMotor.o
                0x00002310                _ZN12ComwithMotor9ReadBfromENS_5MotorE
 .text._ZN12ComwithMotor5beginEv
                0x00002356       0xf0 ComwithMotor.o
                0x00002356                _ZN12ComwithMotor5beginEv
 .text._ZN9ComwithPCC2Ev
                0x00002446        0x2 ComwithPC.o
                0x00002446                _ZN9ComwithPCC2Ev
                0x00002446                _ZN9ComwithPCC1Ev
 .text._ZN9ComwithPC5beginEm
                0x00002448       0x16 ComwithPC.o
                0x00002448                _ZN9ComwithPC5beginEm
 .text._ZN9ComwithPC7tellXYPEddd
                0x0000245e       0xcc ComwithPC.o
                0x0000245e                _ZN9ComwithPC7tellXYPEddd
 .text._ZN11ComwithShot5beginEv
                0x0000252a       0x3e ComwithShot.o
                0x0000252a                _ZN11ComwithShot5beginEv
 .text._ZN11ComwithShot14SendXYPandSHOTEddd
                0x00002568      0x136 ComwithShot.o
                0x00002568                _ZN11ComwithShot14SendXYPandSHOTEddd
 .text.startup._GLOBAL__sub_I__ZN11ComwithShotC2Ev
                0x0000269e       0x14 ComwithShot.o
 .text._ZN7DisplayC2Ev
                0x000026b2       0x90 Display.o
                0x000026b2                _ZN7DisplayC2Ev
                0x000026b2                _ZN7DisplayC1Ev
 .text._ZN7Display5beginEv
                0x00002742       0x24 Display.o
                0x00002742                _ZN7Display5beginEv
 .text._ZN7Display7refreshEiiiiddd6Stringddd
                0x00002766      0x2fa Display.o
                0x00002766                _ZN7Display7refreshEiiiiddd6Stringddd
 .text.startup._GLOBAL__sub_I_display
                0x00002a60        0x8 Display.o
 .text._ZN10KinematicsC2Eiffi
                0x00002a68       0x9a Kinematics.o
                0x00002a68                _ZN10KinematicsC1Eiffi
                0x00002a68                _ZN10KinematicsC2Eiffi
 .text._ZN10Kinematics6getRPMEfff
                0x00002b02      0x1ea Kinematics.o
                0x00002b02                _ZN10Kinematics6getRPMEfff
 .text._ZN10Kinematics8rpmToPWMEi
                0x00002cec       0x5a Kinematics.o
                0x00002cec                _ZN10Kinematics8rpmToPWMEi
 .text._ZN10Kinematics6getPWMEfff
                0x00002d46      0x256 Kinematics.o
                0x00002d46                _ZN10Kinematics6getPWMEfff
 .text._ZN6mMotorC2Ev
                0x00002f9c       0x28 mMotor.o
                0x00002f9c                _ZN6mMotorC1Ev
                0x00002f9c                _ZN6mMotorC2Ev
 .text._ZL7nothingv
                0x00002fc4        0x2 Timer3.o
 .text._ZN6Timer316select_prescalerEi
                0x00002fc6       0xc8 Timer3.o
                0x00002fc6                _ZN6Timer316select_prescalerEi
 .text._ZN6Timer3C2Ev
                0x0000308e       0x2a Timer3.o
                0x0000308e                _ZN6Timer3C2Ev
                0x0000308e                _ZN6Timer3C1Ev
 .text._ZN6Timer37setModeE6Stringi
                0x000030b8       0xde Timer3.o
                0x000030b8                _ZN6Timer37setModeE6Stringi
 .text._ZN6Timer315attachInterruptEPFvvE
                0x00003196        0xa Timer3.o
                0x00003196                _ZN6Timer315attachInterruptEPFvvE
 .text._ZN6Timer3D2Ev
                0x000031a0        0x4 Timer3.o
                0x000031a0                _ZN6Timer3D2Ev
                0x000031a0                _ZN6Timer3D1Ev
 .text.__vector_32
                0x000031a4       0x56 Timer3.o
                0x000031a4                __vector_32
 .text._ZN4mPS2C2Ev
                0x000031fa       0x46 mPS2.o
                0x000031fa                _ZN4mPS2C2Ev
                0x000031fa                _ZN4mPS2C1Ev
 .text._ZN4mPS25beginEv
                0x00003240      0x11c mPS2.o
                0x00003240                _ZN4mPS25beginEv
 .text._ZN4mPS27refreshEv
                0x0000335c      0x326 mPS2.o
                0x0000335c                _ZN4mPS27refreshEv
 .text._ZN4PathC2Ev
                0x00003682      0x12a Path.o
                0x00003682                _ZN4PathC2Ev
                0x00003682                _ZN4PathC1Ev
 .text._ZN4Path7p_increEv
                0x000037ac       0x2c Path.o
                0x000037ac                _ZN4Path7p_increEv
 .text._ZN4Path7p_decreEv
                0x000037d8       0x2c Path.o
                0x000037d8                _ZN4Path7p_decreEv
 .text._ZN4Path7d_increEv
                0x00003804       0x2c Path.o
                0x00003804                _ZN4Path7d_increEv
 .text._ZN4Path7d_decreEv
                0x00003830       0x2c Path.o
                0x00003830                _ZN4Path7d_decreEv
 .text._ZN4Path7pd_saveEv
                0x0000385c       0x60 Path.o
                0x0000385c                _ZN4Path7pd_saveEv
 .text._ZN4Path7pd_readEv
                0x000038bc       0x78 Path.o
                0x000038bc                _ZN4Path7pd_readEv
 .text._ZN4Path12CcltAngleSubEdd
                0x00003934       0x7a Path.o
                0x00003934                _ZN4Path12CcltAngleSubEdd
 .text._ZN4Path9gotoPointEddddd
                0x000039ae      0x63a Path.o
                0x000039ae                _ZN4Path9gotoPointEddddd
 .text._ZN4Path9rotatetoPEdd
                0x00003fe8      0x2fe Path.o
                0x00003fe8                _ZN4Path9rotatetoPEdd
 .text.startup._GLOBAL__sub_I_angle
                0x000042e6        0x6 Path.o
 .text._ZN4PS2X14NewButtonStateEv
                0x000042ec       0x16 PS2X_lib.o
                0x000042ec                _ZN4PS2X14NewButtonStateEv
 .text._ZN4PS2X14NewButtonStateEj
                0x00004302       0x1c PS2X_lib.o
                0x00004302                _ZN4PS2X14NewButtonStateEj
 .text._ZN4PS2X13ButtonPressedEj
                0x0000431e       0x38 PS2X_lib.o
                0x0000431e                _ZN4PS2X13ButtonPressedEj
 .text._ZN4PS2X14ButtonReleasedEj
                0x00004356       0x38 PS2X_lib.o
                0x00004356                _ZN4PS2X14ButtonReleasedEj
 .text._ZN4PS2X6ButtonEj
                0x0000438e       0x18 PS2X_lib.o
                0x0000438e                _ZN4PS2X6ButtonEj
 .text._ZN4PS2X6AnalogEh
                0x000043a6        0xa PS2X_lib.o
                0x000043a6                _ZN4PS2X6AnalogEh
 .text._ZN4PS2X8readTypeEv
                0x000043b0       0x20 PS2X_lib.o
                0x000043b0                _ZN4PS2X8readTypeEv
 .text._ZN4PS2X7CLK_SETEv
                0x000043d0       0x1c PS2X_lib.o
                0x000043d0                _ZN4PS2X7CLK_SETEv
 .text._ZN4PS2X7CMD_SETEv
                0x000043ec       0x1c PS2X_lib.o
                0x000043ec                _ZN4PS2X7CMD_SETEv
 .text._ZN4PS2X19_gamepad_shiftinoutEc
                0x00004408       0xce PS2X_lib.o
                0x00004408                _ZN4PS2X19_gamepad_shiftinoutEc
 .text._ZN4PS2X7ATT_SETEv
                0x000044d6       0x1c PS2X_lib.o
                0x000044d6                _ZN4PS2X7ATT_SETEv
 .text._ZN4PS2X7ATT_CLREv
                0x000044f2       0x1e PS2X_lib.o
                0x000044f2                _ZN4PS2X7ATT_CLREv
 .text._ZN4PS2X17sendCommandStringEPhh
                0x00004510       0x54 PS2X_lib.o
                0x00004510                _ZN4PS2X17sendCommandStringEPhh
 .text._ZN4PS2X16reconfig_gamepadEv
                0x00004564       0x46 PS2X_lib.o
                0x00004564                _ZN4PS2X16reconfig_gamepadEv
 .text._ZN4PS2X12read_gamepadEbh
                0x000045aa      0x1fc PS2X_lib.o
                0x000045aa                _ZN4PS2X12read_gamepadEbh
 .text._ZN4PS2X12read_gamepadEv
                0x000047a6        0x6 PS2X_lib.o
                0x000047a6                _ZN4PS2X12read_gamepadEv
 .text._ZN4PS2X14config_gamepadEhhhhbb
                0x000047ac      0x286 PS2X_lib.o
                0x000047ac                _ZN4PS2X14config_gamepadEhhhhbb
 .text._ZN11SensorBoardC2Ev
                0x00004a32       0x66 SensorBoard.o
                0x00004a32                _ZN11SensorBoardC1Ev
                0x00004a32                _ZN11SensorBoardC2Ev
 .text._ZN11SensorBoard7getInfoEv
                0x00004a98      0x106 SensorBoard.o
                0x00004a98                _ZN11SensorBoard7getInfoEv
 .text._Z11POS_refreshv
                0x00004b9e      0x316 Sketch.o
                0x00004b9e                _Z11POS_refreshv
 .text._Z5startv
                0x00004eb4       0x20 Sketch.o
                0x00004eb4                _Z5startv
 .text._Z6blinkXv
                0x00004ed4       0x3e Sketch.o
                0x00004ed4                _Z6blinkXv
 .text._Z6blinkYv
                0x00004f12       0x3e Sketch.o
                0x00004f12                _Z6blinkYv
 .text._Z6blinkPv
                0x00004f50       0x3e Sketch.o
                0x00004f50                _Z6blinkPv
 .text._Z12task_refreshv
                0x00004f8e      0xc6a Sketch.o
                0x00004f8e                _Z12task_refreshv
 .text._Z9POS_beginv
                0x00005bf8       0x5a Sketch.o
                0x00005bf8                _Z9POS_beginv
 .text.setup    0x00005c52      0x128 Sketch.o
                0x00005c52                setup
 .text.loop     0x00005d7a      0x368 Sketch.o
                0x00005d7a                loop
 .text._Z12serialEvent3v
                0x000060e2        0x8 Sketch.o
                0x000060e2                _Z12serialEvent3v
 .text.startup._GLOBAL__sub_I_x
                0x000060ea       0x84 Sketch.o
 .text.exit._GLOBAL__sub_D_x
                0x0000616e       0x1e Sketch.o
 .text._Z12receiveEventi
                0x0000618c       0x14 Sketch.o
                0x0000618c                _Z12receiveEventi
 .text._ZN8SPIClass5beginEv
                0x000061a0       0x6c src/libraries/SPI/src/SPI.o
                0x000061a0                _ZN8SPIClass5beginEv
 .text.twi_init
                0x0000620c       0x3c src/libraries/Wire/src/utility/twi.o
                0x0000620c                twi_init
 .text.twi_setAddress
                0x00006248        0x8 src/libraries/Wire/src/utility/twi.o
                0x00006248                twi_setAddress
 .text.twi_setFrequency
                0x00006250       0x28 src/libraries/Wire/src/utility/twi.o
                0x00006250                twi_setFrequency
 .text.twi_readFrom
                0x00006278       0x90 src/libraries/Wire/src/utility/twi.o
                0x00006278                twi_readFrom
 .text.twi_writeTo
                0x00006308       0xac src/libraries/Wire/src/utility/twi.o
                0x00006308                twi_writeTo
 .text.twi_transmit
                0x000063b4       0x50 src/libraries/Wire/src/utility/twi.o
                0x000063b4                twi_transmit
 .text.twi_attachSlaveRxEvent
                0x00006404        0xa src/libraries/Wire/src/utility/twi.o
                0x00006404                twi_attachSlaveRxEvent
 .text.twi_attachSlaveTxEvent
                0x0000640e        0xa src/libraries/Wire/src/utility/twi.o
                0x0000640e                twi_attachSlaveTxEvent
 .text.twi_stop
                0x00006418       0x14 src/libraries/Wire/src/utility/twi.o
                0x00006418                twi_stop
 .text.twi_releaseBus
                0x0000642c        0xc src/libraries/Wire/src/utility/twi.o
                0x0000642c                twi_releaseBus
 .text.__vector_39
                0x00006438      0x25c src/libraries/Wire/src/utility/twi.o
                0x00006438                __vector_39
 .text._ZN7TwoWire9availableEv
                0x00006694       0x10 src/libraries/Wire/src/Wire.o
                0x00006694                _ZN7TwoWire9availableEv
 .text._ZN7TwoWire4readEv
                0x000066a4       0x28 src/libraries/Wire/src/Wire.o
                0x000066a4                _ZN7TwoWire4readEv
 .text._ZN7TwoWire4peekEv
                0x000066cc       0x1e src/libraries/Wire/src/Wire.o
                0x000066cc                _ZN7TwoWire4peekEv
 .text._ZN7TwoWire5flushEv
                0x000066ea        0x2 src/libraries/Wire/src/Wire.o
                0x000066ea                _ZN7TwoWire5flushEv
 .text._ZN7TwoWire16onReceiveServiceEPhi
                0x000066ec       0x48 src/libraries/Wire/src/Wire.o
                0x000066ec                _ZN7TwoWire16onReceiveServiceEPhi
 .text._ZN7TwoWire16onRequestServiceEv
                0x00006734       0x18 src/libraries/Wire/src/Wire.o
                0x00006734                _ZN7TwoWire16onRequestServiceEv
 .text._ZN7TwoWire5writeEPKhj
                0x0000674c       0x5e src/libraries/Wire/src/Wire.o
                0x0000674c                _ZN7TwoWire5writeEPKhj
 .text._ZN7TwoWire5writeEh
                0x000067aa       0x5c src/libraries/Wire/src/Wire.o
                0x000067aa                _ZN7TwoWire5writeEh
 .text._ZN7TwoWireC2Ev
                0x00006806       0x20 src/libraries/Wire/src/Wire.o
                0x00006806                _ZN7TwoWireC1Ev
                0x00006806                _ZN7TwoWireC2Ev
 .text._ZN7TwoWire5beginEv
                0x00006826       0x12 src/libraries/Wire/src/Wire.o
                0x00006826                _ZN7TwoWire5beginEv
 .text._ZN7TwoWire5beginEh
                0x00006838       0x1e src/libraries/Wire/src/Wire.o
                0x00006838                _ZN7TwoWire5beginEh
 .text._ZN7TwoWire5beginEi
                0x00006856        0x2 src/libraries/Wire/src/Wire.o
                0x00006856                _ZN7TwoWire5beginEi
 .text._ZN7TwoWire8setClockEm
                0x00006858        0x6 src/libraries/Wire/src/Wire.o
                0x00006858                _ZN7TwoWire8setClockEm
 .text._ZN7TwoWire17beginTransmissionEh
                0x0000685e       0x14 src/libraries/Wire/src/Wire.o
                0x0000685e                _ZN7TwoWire17beginTransmissionEh
 .text._ZN7TwoWire17beginTransmissionEi
                0x00006872        0x2 src/libraries/Wire/src/Wire.o
                0x00006872                _ZN7TwoWire17beginTransmissionEi
 .text._ZN7TwoWire15endTransmissionEh
                0x00006874       0x24 src/libraries/Wire/src/Wire.o
                0x00006874                _ZN7TwoWire15endTransmissionEh
 .text._ZN7TwoWire11requestFromEhhmhh
                0x00006898       0xa2 src/libraries/Wire/src/Wire.o
                0x00006898                _ZN7TwoWire11requestFromEhhmhh
 .text._ZN7TwoWire11requestFromEhhh
                0x0000693a       0x1e src/libraries/Wire/src/Wire.o
                0x0000693a                _ZN7TwoWire11requestFromEhhh
 .text._ZN7TwoWire11requestFromEii
                0x00006958        0x4 src/libraries/Wire/src/Wire.o
                0x00006958                _ZN7TwoWire11requestFromEii
 .text._ZN7TwoWire15endTransmissionEv
                0x0000695c        0x4 src/libraries/Wire/src/Wire.o
                0x0000695c                _ZN7TwoWire15endTransmissionEv
 .text._ZN7TwoWire9onReceiveEPFviE
                0x00006960        0xa src/libraries/Wire/src/Wire.o
                0x00006960                _ZN7TwoWire9onReceiveEPFviE
 .text.startup._GLOBAL__sub_I__ZN7TwoWire8rxBufferE
                0x0000696a        0x6 src/libraries/Wire/src/Wire.o
 .text._Z14read_DeFenBallv
                0x00006970       0x18 tasks.o
                0x00006970                _Z14read_DeFenBallv
 .text._Z12askforFenQiuv
                0x00006988       0x46 tasks.o
                0x00006988                _Z12askforFenQiuv
 .text._Z8toFenQiuv
                0x000069ce       0x1c tasks.o
                0x000069ce                _Z8toFenQiuv
 .text._ZL7nothingv
                0x000069ea        0x2 Timer1.o
 .text._ZN6Timer116select_prescalerEi
                0x000069ec       0xc8 Timer1.o
                0x000069ec                _ZN6Timer116select_prescalerEi
 .text._ZN6Timer1C2Ev
                0x00006ab4       0x2a Timer1.o
                0x00006ab4                _ZN6Timer1C1Ev
                0x00006ab4                _ZN6Timer1C2Ev
 .text._ZN6Timer17setModeE6Stringi
                0x00006ade       0xde Timer1.o
                0x00006ade                _ZN6Timer17setModeE6Stringi
 .text._ZN6Timer115attachInterruptEPFvvE
                0x00006bbc        0xa Timer1.o
                0x00006bbc                _ZN6Timer115attachInterruptEPFvvE
 .text._ZN6Timer1D2Ev
                0x00006bc6        0x4 Timer1.o
                0x00006bc6                _ZN6Timer1D1Ev
                0x00006bc6                _ZN6Timer1D2Ev
 .text.__vector_17
                0x00006bca       0x56 Timer1.o
                0x00006bca                __vector_17
 .text.avr-libc.fplib
                0x00006c20        0xa c:/program files (x86)/atmel/studio/7.0/toolchain/avr8/avr8-gnu-toolchain/bin/../lib/gcc/avr/4.9.2/../../../../avr/lib/avr6\libm.a(addsf3.o)
                0x00006c20                __subsf3
                0x00006c22                __addsf3
 .text.avr-libc.fplib
                0x00006c2a       0xc0 c:/program files (x86)/atmel/studio/7.0/toolchain/avr8/avr8-gnu-toolchain/bin/../lib/gcc/avr/4.9.2/../../../../avr/lib/avr6\libm.a(addsf3x.o)
                0x00006c44                __addsf3x
 .text.avr-libc.fplib
                0x00006cea       0x74 c:/program files (x86)/atmel/studio/7.0/toolchain/avr8/avr8-gnu-toolchain/bin/../lib/gcc/avr/4.9.2/../../../../avr/lib/avr6\libm.a(atan2.o)
                0x00006d08                atan2
 .text.avr-libc.fplib
                0x00006d5e       0x50 c:/program files (x86)/atmel/studio/7.0/toolchain/avr8/avr8-gnu-toolchain/bin/../lib/gcc/avr/4.9.2/../../../../avr/lib/avr6\libm.a(atan.o)
                0x00006d5e                atan
 .text.avr-libc.fplib
                0x00006dae        0x8 c:/program files (x86)/atmel/studio/7.0/toolchain/avr8/avr8-gnu-toolchain/bin/../lib/gcc/avr/4.9.2/../../../../avr/lib/avr6\libm.a(cmpsf2.o)
                0x00006dae                __nesf2
                0x00006dae                __eqsf2
                0x00006dae                __cmpsf2
                0x00006dae                __ltsf2
                0x00006dae                __lesf2
 .text.avr-libc.fplib
                0x00006db6        0x6 c:/program files (x86)/atmel/studio/7.0/toolchain/avr8/avr8-gnu-toolchain/bin/../lib/gcc/avr/4.9.2/../../../../avr/lib/avr6\libm.a(cos.o)
                0x00006db6                cos
 .text.avr-libc.fplib
                0x00006dbc        0x4 c:/program files (x86)/atmel/studio/7.0/toolchain/avr8/avr8-gnu-toolchain/bin/../lib/gcc/avr/4.9.2/../../../../avr/lib/avr6\libm.a(divsf3.o)
                0x00006dbc                __divsf3
 .text.avr-libc.fplib
                0x00006dc0       0xcc c:/program files (x86)/atmel/studio/7.0/toolchain/avr8/avr8-gnu-toolchain/bin/../lib/gcc/avr/4.9.2/../../../../avr/lib/avr6\libm.a(divsf3x.o)
                0x00006dd6                __divsf3x
                0x00006dda                __divsf3_pse
 .text.avr-libc.fplib
                0x00006e8c        0xa c:/program files (x86)/atmel/studio/7.0/toolchain/avr8/avr8-gnu-toolchain/bin/../lib/gcc/avr/4.9.2/../../../../avr/lib/avr6\libm.a(fixsfsi.o)
                0x00006e8c                __fixsfsi
 .text.avr-libc.fplib
                0x00006e96       0x58 c:/program files (x86)/atmel/studio/7.0/toolchain/avr8/avr8-gnu-toolchain/bin/../lib/gcc/avr/4.9.2/../../../../avr/lib/avr6\libm.a(fixunssfsi.o)
                0x00006e96                __fixunssfsi
 .text.avr-libc.fplib
                0x00006eee       0x7a c:/program files (x86)/atmel/studio/7.0/toolchain/avr8/avr8-gnu-toolchain/bin/../lib/gcc/avr/4.9.2/../../../../avr/lib/avr6\libm.a(floatsisf.o)
                0x00006eee                __floatunsisf
                0x00006ef2                __floatsisf
 .text.avr-libc.fplib
                0x00006f68       0x48 c:/program files (x86)/atmel/studio/7.0/toolchain/avr8/avr8-gnu-toolchain/bin/../lib/gcc/avr/4.9.2/../../../../avr/lib/avr6\libm.a(fp_cmp.o)
                0x00006f68                __fp_cmp
 .text.avr-libc.fplib
                0x00006fb0        0xc c:/program files (x86)/atmel/studio/7.0/toolchain/avr8/avr8-gnu-toolchain/bin/../lib/gcc/avr/4.9.2/../../../../avr/lib/avr6\libm.a(fp_inf.o)
                0x00006fb0                __fp_inf
 .text.avr-libc.fplib
                0x00006fbc        0x6 c:/program files (x86)/atmel/studio/7.0/toolchain/avr8/avr8-gnu-toolchain/bin/../lib/gcc/avr/4.9.2/../../../../avr/lib/avr6\libm.a(fp_nan.o)
                0x00006fbc                __fp_nan
 .text.avr-libc.fplib
                0x00006fc2       0x4a c:/program files (x86)/atmel/studio/7.0/toolchain/avr8/avr8-gnu-toolchain/bin/../lib/gcc/avr/4.9.2/../../../../avr/lib/avr6\libm.a(fp_powser.o)
                0x00006fc2                __fp_powser
 .text.avr-libc.fplib
                0x0000700c        0xe c:/program files (x86)/atmel/studio/7.0/toolchain/avr8/avr8-gnu-toolchain/bin/../lib/gcc/avr/4.9.2/../../../../avr/lib/avr6\libm.a(fp_pscA.o)
                0x0000700c                __fp_pscA
 .text.avr-libc.fplib
                0x0000701a        0xe c:/program files (x86)/atmel/studio/7.0/toolchain/avr8/avr8-gnu-toolchain/bin/../lib/gcc/avr/4.9.2/../../../../avr/lib/avr6\libm.a(fp_pscB.o)
                0x0000701a                __fp_pscB
 .text.avr-libc.fplib
                0x00007028       0x50 c:/program files (x86)/atmel/studio/7.0/toolchain/avr8/avr8-gnu-toolchain/bin/../lib/gcc/avr/4.9.2/../../../../avr/lib/avr6\libm.a(fp_rempio2.o)
                0x0000702a                __fp_rempio2
 .text.avr-libc.fplib
                0x00007078       0x22 c:/program files (x86)/atmel/studio/7.0/toolchain/avr8/avr8-gnu-toolchain/bin/../lib/gcc/avr/4.9.2/../../../../avr/lib/avr6\libm.a(fp_round.o)
                0x00007078                __fp_round
 .text.avr-libc.fplib
                0x0000709a       0x22 c:/program files (x86)/atmel/studio/7.0/toolchain/avr8/avr8-gnu-toolchain/bin/../lib/gcc/avr/4.9.2/../../../../avr/lib/avr6\libm.a(fp_sinus.o)
                0x0000709a                __fp_sinus
 .text.avr-libc.fplib
                0x000070bc       0x44 c:/program files (x86)/atmel/studio/7.0/toolchain/avr8/avr8-gnu-toolchain/bin/../lib/gcc/avr/4.9.2/../../../../avr/lib/avr6\libm.a(fp_split3.o)
                0x000070bc                __fp_split3
                0x000070cc                __fp_splitA
 .text.avr-libc.fplib
                0x00007100        0xe c:/program files (x86)/atmel/studio/7.0/toolchain/avr8/avr8-gnu-toolchain/bin/../lib/gcc/avr/4.9.2/../../../../avr/lib/avr6\libm.a(fp_zero.o)
                0x00007100                __fp_zero
                0x00007102                __fp_szero
 .text.avr-libc.fplib
                0x0000710e        0x8 c:/program files (x86)/atmel/studio/7.0/toolchain/avr8/avr8-gnu-toolchain/bin/../lib/gcc/avr/4.9.2/../../../../avr/lib/avr6\libm.a(gesf2.o)
                0x0000710e                __gesf2
                0x0000710e                __gtsf2
 .text.avr-libc.fplib
                0x00007116        0xe c:/program files (x86)/atmel/studio/7.0/toolchain/avr8/avr8-gnu-toolchain/bin/../lib/gcc/avr/4.9.2/../../../../avr/lib/avr6\libm.a(inverse.o)
                0x00007116                inverse
 .text.avr-libc.fplib
                0x00007124        0x4 c:/program files (x86)/atmel/studio/7.0/toolchain/avr8/avr8-gnu-toolchain/bin/../lib/gcc/avr/4.9.2/../../../../avr/lib/avr6\libm.a(mulsf3.o)
                0x00007124                __mulsf3
 .text.avr-libc.fplib
                0x00007128       0xc2 c:/program files (x86)/atmel/studio/7.0/toolchain/avr8/avr8-gnu-toolchain/bin/../lib/gcc/avr/4.9.2/../../../../avr/lib/avr6\libm.a(mulsf3x.o)
                0x0000713c                __mulsf3x
                0x00007140                __mulsf3_pse
 .text.avr-libc.fplib
                0x000071ea       0x98 c:/program files (x86)/atmel/studio/7.0/toolchain/avr8/avr8-gnu-toolchain/bin/../lib/gcc/avr/4.9.2/../../../../avr/lib/avr6\libm.a(pow.o)
                0x000071ea                pow
 .text.avr-libc.fplib
                0x00007282        0xc c:/program files (x86)/atmel/studio/7.0/toolchain/avr8/avr8-gnu-toolchain/bin/../lib/gcc/avr/4.9.2/../../../../avr/lib/avr6\libm.a(sin.o)
                0x00007282                sin
 .text.avr-libc.fplib
                0x0000728e       0x84 c:/program files (x86)/atmel/studio/7.0/toolchain/avr8/avr8-gnu-toolchain/bin/../lib/gcc/avr/4.9.2/../../../../avr/lib/avr6\libm.a(sqrt.o)
                0x00007296                sqrtf
                0x00007296                sqrt
 .text.avr-libc.fplib
                0x00007312        0x6 c:/program files (x86)/atmel/studio/7.0/toolchain/avr8/avr8-gnu-toolchain/bin/../lib/gcc/avr/4.9.2/../../../../avr/lib/avr6\libm.a(square.o)
                0x00007312                square
 .text.avr-libc.fplib
                0x00007318       0x62 c:/program files (x86)/atmel/studio/7.0/toolchain/avr8/avr8-gnu-toolchain/bin/../lib/gcc/avr/4.9.2/../../../../avr/lib/avr6\libm.a(exp.o)
                0x00007322                exp
 .text.avr-libc.fplib
                0x0000737a       0x1c c:/program files (x86)/atmel/studio/7.0/toolchain/avr8/avr8-gnu-toolchain/bin/../lib/gcc/avr/4.9.2/../../../../avr/lib/avr6\libm.a(fp_mpack.o)
                0x0000737a                __fp_mpack
                0x0000737e                __fp_mpack_finite
 .text.avr-libc.fplib
                0x00007396        0xe c:/program files (x86)/atmel/studio/7.0/toolchain/avr8/avr8-gnu-toolchain/bin/../lib/gcc/avr/4.9.2/../../../../avr/lib/avr6\libm.a(fp_norm2.o)
                0x00007396                __fp_norm2
 .text.avr-libc.fplib
                0x000073a4       0x22 c:/program files (x86)/atmel/studio/7.0/toolchain/avr8/avr8-gnu-toolchain/bin/../lib/gcc/avr/4.9.2/../../../../avr/lib/avr6\libm.a(fp_powsodd.o)
                0x000073a4                __fp_powsodd
 .text.avr-libc.fplib
                0x000073c6       0x6c c:/program files (x86)/atmel/studio/7.0/toolchain/avr8/avr8-gnu-toolchain/bin/../lib/gcc/avr/4.9.2/../../../../avr/lib/avr6\libm.a(ldexp.o)
                0x000073ca                ldexp
 .text.avr-libc.fplib
                0x00007432       0x8a c:/program files (x86)/atmel/studio/7.0/toolchain/avr8/avr8-gnu-toolchain/bin/../lib/gcc/avr/4.9.2/../../../../avr/lib/avr6\libm.a(log.o)
                0x0000743c                log
 .text.avr-libc.fplib
                0x000074bc       0x66 c:/program files (x86)/atmel/studio/7.0/toolchain/avr8/avr8-gnu-toolchain/bin/../lib/gcc/avr/4.9.2/../../../../avr/lib/avr6\libm.a(modf.o)
                0x000074bc                modf
                0x000074bc                modff
 .text.__cxa_pure_virtual
                0x00007522        0x4 I:\atmel studio\led2\ArduinoSketch42\ArduinoSketch42\ArduinoCore\Debug\libArduinoCore.a(abi.o)
                0x00007522                __cxa_pure_virtual
 .text._ZN14HardwareSerial9availableEv
                0x00007526       0x18 I:\atmel studio\led2\ArduinoSketch42\ArduinoSketch42\ArduinoCore\Debug\libArduinoCore.a(HardwareSerial.o)
                0x00007526                _ZN14HardwareSerial9availableEv
 .text._ZN14HardwareSerial4peekEv
                0x0000753e       0x1c I:\atmel studio\led2\ArduinoSketch42\ArduinoSketch42\ArduinoCore\Debug\libArduinoCore.a(HardwareSerial.o)
                0x0000753e                _ZN14HardwareSerial4peekEv
 .text._ZN14HardwareSerial4readEv
                0x0000755a       0x28 I:\atmel studio\led2\ArduinoSketch42\ArduinoSketch42\ArduinoCore\Debug\libArduinoCore.a(HardwareSerial.o)
                0x0000755a                _ZN14HardwareSerial4readEv
 .text._ZN14HardwareSerial17availableForWriteEv
                0x00007582       0x1e I:\atmel studio\led2\ArduinoSketch42\ArduinoSketch42\ArduinoCore\Debug\libArduinoCore.a(HardwareSerial.o)
                0x00007582                _ZN14HardwareSerial17availableForWriteEv
 .text._Z14serialEventRunv
                0x000075a0       0x74 I:\atmel studio\led2\ArduinoSketch42\ArduinoSketch42\ArduinoCore\Debug\libArduinoCore.a(HardwareSerial.o)
                0x000075a0                _Z14serialEventRunv
 .text._ZN14HardwareSerial17_tx_udr_empty_irqEv
                0x00007614       0x42 I:\atmel studio\led2\ArduinoSketch42\ArduinoSketch42\ArduinoCore\Debug\libArduinoCore.a(HardwareSerial.o)
                0x00007614                _ZN14HardwareSerial17_tx_udr_empty_irqEv
 .text._ZN14HardwareSerial5flushEv
                0x00007656       0x42 I:\atmel studio\led2\ArduinoSketch42\ArduinoSketch42\ArduinoCore\Debug\libArduinoCore.a(HardwareSerial.o)
                0x00007656                _ZN14HardwareSerial5flushEv
 .text._ZN14HardwareSerial5writeEh
                0x00007698       0x8c I:\atmel studio\led2\ArduinoSketch42\ArduinoSketch42\ArduinoCore\Debug\libArduinoCore.a(HardwareSerial.o)
                0x00007698                _ZN14HardwareSerial5writeEh
 .text._ZN14HardwareSerial5beginEmh
                0x00007724       0xca I:\atmel studio\led2\ArduinoSketch42\ArduinoSketch42\ArduinoCore\Debug\libArduinoCore.a(HardwareSerial.o)
                0x00007724                _ZN14HardwareSerial5beginEmh
 .text.__vector_25
                0x000077ee       0x6c I:\atmel studio\led2\ArduinoSketch42\ArduinoSketch42\ArduinoCore\Debug\libArduinoCore.a(HardwareSerial0.o)
                0x000077ee                __vector_25
 .text.__vector_26
                0x0000785a       0x52 I:\atmel studio\led2\ArduinoSketch42\ArduinoSketch42\ArduinoCore\Debug\libArduinoCore.a(HardwareSerial0.o)
                0x0000785a                __vector_26
 .text._Z17Serial0_availablev
                0x000078ac       0x12 I:\atmel studio\led2\ArduinoSketch42\ArduinoSketch42\ArduinoCore\Debug\libArduinoCore.a(HardwareSerial0.o)
                0x000078ac                _Z17Serial0_availablev
 .text.startup._GLOBAL__sub_I___vector_25
                0x000078be       0x5a I:\atmel studio\led2\ArduinoSketch42\ArduinoSketch42\ArduinoCore\Debug\libArduinoCore.a(HardwareSerial0.o)
 .text.__vector_51
                0x00007918       0x6c I:\atmel studio\led2\ArduinoSketch42\ArduinoSketch42\ArduinoCore\Debug\libArduinoCore.a(HardwareSerial2.o)
                0x00007918                __vector_51
 .text.__vector_52
                0x00007984       0x52 I:\atmel studio\led2\ArduinoSketch42\ArduinoSketch42\ArduinoCore\Debug\libArduinoCore.a(HardwareSerial2.o)
                0x00007984                __vector_52
 .text._Z17Serial2_availablev
                0x000079d6       0x12 I:\atmel studio\led2\ArduinoSketch42\ArduinoSketch42\ArduinoCore\Debug\libArduinoCore.a(HardwareSerial2.o)
                0x000079d6                _Z17Serial2_availablev
 .text.startup._GLOBAL__sub_I___vector_51
                0x000079e8       0x5a I:\atmel studio\led2\ArduinoSketch42\ArduinoSketch42\ArduinoCore\Debug\libArduinoCore.a(HardwareSerial2.o)
 .text.__vector_54
                0x00007a42       0x6c I:\atmel studio\led2\ArduinoSketch42\ArduinoSketch42\ArduinoCore\Debug\libArduinoCore.a(HardwareSerial3.o)
                0x00007a42                __vector_54
 .text.__vector_55
                0x00007aae       0x52 I:\atmel studio\led2\ArduinoSketch42\ArduinoSketch42\ArduinoCore\Debug\libArduinoCore.a(HardwareSerial3.o)
                0x00007aae                __vector_55
 .text._Z17Serial3_availablev
                0x00007b00       0x12 I:\atmel studio\led2\ArduinoSketch42\ArduinoSketch42\ArduinoCore\Debug\libArduinoCore.a(HardwareSerial3.o)
                0x00007b00                _Z17Serial3_availablev
 .text.startup._GLOBAL__sub_I___vector_54
                0x00007b12       0x5a I:\atmel studio\led2\ArduinoSketch42\ArduinoSketch42\ArduinoCore\Debug\libArduinoCore.a(HardwareSerial3.o)
 .text.initVariant
                0x00007b6c        0x2 I:\atmel studio\led2\ArduinoSketch42\ArduinoSketch42\ArduinoCore\Debug\libArduinoCore.a(main.o)
                0x00007b6c                initVariant
 .text.startup.main
                0x00007b6e       0x18 I:\atmel studio\led2\ArduinoSketch42\ArduinoSketch42\ArduinoCore\Debug\libArduinoCore.a(main.o)
                0x00007b6e                main
 .text._ZN5Print5writeEPKhj
                0x00007b86       0x56 I:\atmel studio\led2\ArduinoSketch42\ArduinoSketch42\ArduinoCore\Debug\libArduinoCore.a(Print.o)
                0x00007b86                _ZN5Print5writeEPKhj
 .text._ZN5Print5writeEPKc
                0x00007bdc       0x2a I:\atmel studio\led2\ArduinoSketch42\ArduinoSketch42\ArduinoCore\Debug\libArduinoCore.a(Print.o)
                0x00007bdc                _ZN5Print5writeEPKc
 .text._ZN5Print5printEPKc
                0x00007c06        0x2 I:\atmel studio\led2\ArduinoSketch42\ArduinoSketch42\ArduinoCore\Debug\libArduinoCore.a(Print.o)
                0x00007c06                _ZN5Print5printEPKc
 .text._ZN5Print5printEc
                0x00007c08        0xe I:\atmel studio\led2\ArduinoSketch42\ArduinoSketch42\ArduinoCore\Debug\libArduinoCore.a(Print.o)
                0x00007c08                _ZN5Print5printEc
 .text._ZN5Print7printlnEv
                0x00007c16        0x6 I:\atmel studio\led2\ArduinoSketch42\ArduinoSketch42\ArduinoCore\Debug\libArduinoCore.a(Print.o)
                0x00007c16                _ZN5Print7printlnEv
 .text._ZN5Print7printlnEPKc
                0x00007c1c       0x20 I:\atmel studio\led2\ArduinoSketch42\ArduinoSketch42\ArduinoCore\Debug\libArduinoCore.a(Print.o)
                0x00007c1c                _ZN5Print7printlnEPKc
 .text._ZN5Print11printNumberEmh
                0x00007c3c       0xa4 I:\atmel studio\led2\ArduinoSketch42\ArduinoSketch42\ArduinoCore\Debug\libArduinoCore.a(Print.o)
                0x00007c3c                _ZN5Print11printNumberEmh
 .text._ZN5Print5printEli
                0x00007ce0       0x8e I:\atmel studio\led2\ArduinoSketch42\ArduinoSketch42\ArduinoCore\Debug\libArduinoCore.a(Print.o)
                0x00007ce0                _ZN5Print5printEli
 .text._ZN5Print5printEii
                0x00007d6e        0xc I:\atmel studio\led2\ArduinoSketch42\ArduinoSketch42\ArduinoCore\Debug\libArduinoCore.a(Print.o)
                0x00007d6e                _ZN5Print5printEii
 .text._ZN5Print7printlnEii
                0x00007d7a       0x2a I:\atmel studio\led2\ArduinoSketch42\ArduinoSketch42\ArduinoCore\Debug\libArduinoCore.a(Print.o)
                0x00007d7a                _ZN5Print7printlnEii
 .text._ZN5Print5printEmi
                0x00007da4       0x18 I:\atmel studio\led2\ArduinoSketch42\ArduinoSketch42\ArduinoCore\Debug\libArduinoCore.a(Print.o)
                0x00007da4                _ZN5Print5printEmi
 .text._ZN5Print7printlnEhi
                0x00007dbc       0x2a I:\atmel studio\led2\ArduinoSketch42\ArduinoSketch42\ArduinoCore\Debug\libArduinoCore.a(Print.o)
                0x00007dbc                _ZN5Print7printlnEhi
 .text._ZN5Print10printFloatEdh
                0x00007de6      0x1b2 I:\atmel studio\led2\ArduinoSketch42\ArduinoSketch42\ArduinoCore\Debug\libArduinoCore.a(Print.o)
                0x00007de6                _ZN5Print10printFloatEdh
 .text._ZN5Print5printEdi
                0x00007f98        0x2 I:\atmel studio\led2\ArduinoSketch42\ArduinoSketch42\ArduinoCore\Debug\libArduinoCore.a(Print.o)
                0x00007f98                _ZN5Print5printEdi
 .text._ZN5Print7printlnEdi
                0x00007f9a       0x20 I:\atmel studio\led2\ArduinoSketch42\ArduinoSketch42\ArduinoCore\Debug\libArduinoCore.a(Print.o)
                0x00007f9a                _ZN5Print7printlnEdi
 .text.nothing  0x00007fba        0x2 I:\atmel studio\led2\ArduinoSketch42\ArduinoSketch42\ArduinoCore\Debug\libArduinoCore.a(WInterrupts.o)
 .text.attachInterrupt
                0x00007fbc       0xe6 I:\atmel studio\led2\ArduinoSketch42\ArduinoSketch42\ArduinoCore\Debug\libArduinoCore.a(WInterrupts.o)
                0x00007fbc                attachInterrupt
 .text.__vector_1
                0x000080a2       0x56 I:\atmel studio\led2\ArduinoSketch42\ArduinoSketch42\ArduinoCore\Debug\libArduinoCore.a(WInterrupts.o)
                0x000080a2                __vector_1
 .text.__vector_2
                0x000080f8       0x56 I:\atmel studio\led2\ArduinoSketch42\ArduinoSketch42\ArduinoCore\Debug\libArduinoCore.a(WInterrupts.o)
                0x000080f8                __vector_2
 .text.__vector_3
                0x0000814e       0x56 I:\atmel studio\led2\ArduinoSketch42\ArduinoSketch42\ArduinoCore\Debug\libArduinoCore.a(WInterrupts.o)
                0x0000814e                __vector_3
 .text.__vector_4
                0x000081a4       0x56 I:\atmel studio\led2\ArduinoSketch42\ArduinoSketch42\ArduinoCore\Debug\libArduinoCore.a(WInterrupts.o)
                0x000081a4                __vector_4
 .text.__vector_5
                0x000081fa       0x56 I:\atmel studio\led2\ArduinoSketch42\ArduinoSketch42\ArduinoCore\Debug\libArduinoCore.a(WInterrupts.o)
                0x000081fa                __vector_5
 .text.__vector_6
                0x00008250       0x56 I:\atmel studio\led2\ArduinoSketch42\ArduinoSketch42\ArduinoCore\Debug\libArduinoCore.a(WInterrupts.o)
                0x00008250                __vector_6
 .text.__vector_7
                0x000082a6       0x56 I:\atmel studio\led2\ArduinoSketch42\ArduinoSketch42\ArduinoCore\Debug\libArduinoCore.a(WInterrupts.o)
                0x000082a6                __vector_7
 .text.__vector_8
                0x000082fc       0x56 I:\atmel studio\led2\ArduinoSketch42\ArduinoSketch42\ArduinoCore\Debug\libArduinoCore.a(WInterrupts.o)
                0x000082fc                __vector_8
 .text.__vector_23
                0x00008352       0x94 I:\atmel studio\led2\ArduinoSketch42\ArduinoSketch42\ArduinoCore\Debug\libArduinoCore.a(wiring.o)
                0x00008352                __vector_23
 .text.millis   0x000083e6       0x18 I:\atmel studio\led2\ArduinoSketch42\ArduinoSketch42\ArduinoCore\Debug\libArduinoCore.a(wiring.o)
                0x000083e6                millis
 .text.micros   0x000083fe       0x4a I:\atmel studio\led2\ArduinoSketch42\ArduinoSketch42\ArduinoCore\Debug\libArduinoCore.a(wiring.o)
                0x000083fe                micros
 .text.delay    0x00008448       0x72 I:\atmel studio\led2\ArduinoSketch42\ArduinoSketch42\ArduinoCore\Debug\libArduinoCore.a(wiring.o)
                0x00008448                delay
 .text.delayMicroseconds
                0x000084ba       0x16 I:\atmel studio\led2\ArduinoSketch42\ArduinoSketch42\ArduinoCore\Debug\libArduinoCore.a(wiring.o)
                0x000084ba                delayMicroseconds
 .text.init     0x000084d0       0xc4 I:\atmel studio\led2\ArduinoSketch42\ArduinoSketch42\ArduinoCore\Debug\libArduinoCore.a(wiring.o)
                0x000084d0                init
 .text.turnOffPWM
                0x00008594       0xaa I:\atmel studio\led2\ArduinoSketch42\ArduinoSketch42\ArduinoCore\Debug\libArduinoCore.a(wiring_digital.o)
 .text.pinMode  0x0000863e       0x78 I:\atmel studio\led2\ArduinoSketch42\ArduinoSketch42\ArduinoCore\Debug\libArduinoCore.a(wiring_digital.o)
                0x0000863e                pinMode
 .text.digitalWrite
                0x000086b6       0x5e I:\atmel studio\led2\ArduinoSketch42\ArduinoSketch42\ArduinoCore\Debug\libArduinoCore.a(wiring_digital.o)
                0x000086b6                digitalWrite
 .text.digitalRead
                0x00008714       0x50 I:\atmel studio\led2\ArduinoSketch42\ArduinoSketch42\ArduinoCore\Debug\libArduinoCore.a(wiring_digital.o)
                0x00008714                digitalRead
 .text._Z3maplllll
                0x00008764       0x7e I:\atmel studio\led2\ArduinoSketch42\ArduinoSketch42\ArduinoCore\Debug\libArduinoCore.a(WMath.o)
                0x00008764                _Z3maplllll
 .text._ZN6StringD2Ev
                0x000087e2        0x8 I:\atmel studio\led2\ArduinoSketch42\ArduinoSketch42\ArduinoCore\Debug\libArduinoCore.a(WString.o)
                0x000087e2                _ZN6StringD2Ev
                0x000087e2                _ZN6StringD1Ev
 .text._ZN6String10invalidateEv
                0x000087ea       0x22 I:\atmel studio\led2\ArduinoSketch42\ArduinoSketch42\ArduinoCore\Debug\libArduinoCore.a(WString.o)
                0x000087ea                _ZN6String10invalidateEv
 .text._ZN6String12changeBufferEj
                0x0000880c       0x32 I:\atmel studio\led2\ArduinoSketch42\ArduinoSketch42\ArduinoCore\Debug\libArduinoCore.a(WString.o)
                0x0000880c                _ZN6String12changeBufferEj
 .text._ZN6String7reserveEj
                0x0000883e       0x36 I:\atmel studio\led2\ArduinoSketch42\ArduinoSketch42\ArduinoCore\Debug\libArduinoCore.a(WString.o)
                0x0000883e                _ZN6String7reserveEj
 .text._ZN6String4copyEPKcj
                0x00008874       0x3c I:\atmel studio\led2\ArduinoSketch42\ArduinoSketch42\ArduinoCore\Debug\libArduinoCore.a(WString.o)
                0x00008874                _ZN6String4copyEPKcj
 .text._ZN6StringC2EPKc
                0x000088b0       0x28 I:\atmel studio\led2\ArduinoSketch42\ArduinoSketch42\ArduinoCore\Debug\libArduinoCore.a(WString.o)
                0x000088b0                _ZN6StringC2EPKc
                0x000088b0                _ZN6StringC1EPKc
 .text._ZN6StringaSERKS_
                0x000088d8       0x2a I:\atmel studio\led2\ArduinoSketch42\ArduinoSketch42\ArduinoCore\Debug\libArduinoCore.a(WString.o)
                0x000088d8                _ZN6StringaSERKS_
 .text._ZN6StringC2ERKS_
                0x00008902       0x10 I:\atmel studio\led2\ArduinoSketch42\ArduinoSketch42\ArduinoCore\Debug\libArduinoCore.a(WString.o)
                0x00008902                _ZN6StringC2ERKS_
                0x00008902                _ZN6StringC1ERKS_
 .text._ZN6StringaSEPKc
                0x00008912       0x2a I:\atmel studio\led2\ArduinoSketch42\ArduinoSketch42\ArduinoCore\Debug\libArduinoCore.a(WString.o)
                0x00008912                _ZN6StringaSEPKc
 .text._ZNK6String6equalsEPKc
                0x0000893c       0x3c I:\atmel studio\led2\ArduinoSketch42\ArduinoSketch42\ArduinoCore\Debug\libArduinoCore.a(WString.o)
                0x0000893c                _ZNK6String6equalsEPKc
 .text._ZN6String11toUpperCaseEv
                0x00008978       0x22 I:\atmel studio\led2\ArduinoSketch42\ArduinoSketch42\ArduinoCore\Debug\libArduinoCore.a(WString.o)
                0x00008978                _ZN6String11toUpperCaseEv
 .text.__empty  0x0000899a        0x2 I:\atmel studio\led2\ArduinoSketch42\ArduinoSketch42\ArduinoCore\Debug\libArduinoCore.a(hooks.o)
                0x0000899a                yield
 .text.avr-libc.fplib
                0x0000899c        0xa c:/program files (x86)/atmel/studio/7.0/toolchain/avr8/avr8-gnu-toolchain/bin/../lib/gcc/avr/4.9.2/../../../../avr/lib/avr6\libm.a(unordsf2.o)
                0x0000899c                __unordsf2
 .text.libgcc.mul
                0x000089a6       0x1e c:/program files (x86)/atmel/studio/7.0/toolchain/avr8/avr8-gnu-toolchain/bin/../lib/gcc/avr/4.9.2/avr6\libgcc.a(_mulsi3.o)
                0x000089a6                __mulsi3
 .text.libgcc.div
                0x000089c4       0x44 c:/program files (x86)/atmel/studio/7.0/toolchain/avr8/avr8-gnu-toolchain/bin/../lib/gcc/avr/4.9.2/avr6\libgcc.a(_udivmodsi4.o)
                0x000089c4                __udivmodsi4
 .text.libgcc.div
                0x00008a08       0x28 c:/program files (x86)/atmel/studio/7.0/toolchain/avr8/avr8-gnu-toolchain/bin/../lib/gcc/avr/4.9.2/avr6\libgcc.a(_divmodsi4.o)
                0x00008a08                __divmodsi4
 .text.libgcc.div
                0x00008a30       0x10 c:/program files (x86)/atmel/studio/7.0/toolchain/avr8/avr8-gnu-toolchain/bin/../lib/gcc/avr/4.9.2/avr6\libgcc.a(_negsi2.o)
                0x00008a30                __negsi2
 .text.libgcc   0x00008a40       0x10 c:/program files (x86)/atmel/studio/7.0/toolchain/avr8/avr8-gnu-toolchain/bin/../lib/gcc/avr/4.9.2/avr6\libgcc.a(_tablejump2.o)
                0x00008a40                __tablejump2__
 .text.libgcc.mul
                0x00008a50       0x1e c:/program files (x86)/atmel/studio/7.0/toolchain/avr8/avr8-gnu-toolchain/bin/../lib/gcc/avr/4.9.2/avr6\libgcc.a(_umulhisi3.o)
                0x00008a50                __umulhisi3
 .text.libgcc.mul
                0x00008a6e        0xc c:/program files (x86)/atmel/studio/7.0/toolchain/avr8/avr8-gnu-toolchain/bin/../lib/gcc/avr/4.9.2/avr6\libgcc.a(_usmulhisi3.o)
                0x00008a6e                __usmulhisi3
                0x00008a70                __usmulhisi3_tail
 .text.libgcc.mul
                0x00008a7a       0x14 c:/program files (x86)/atmel/studio/7.0/toolchain/avr8/avr8-gnu-toolchain/bin/../lib/gcc/avr/4.9.2/avr6\libgcc.a(_muluhisi3.o)
                0x00008a7a                __muluhisi3
 .text.avr-libc
                0x00008a8e      0x25a c:/program files (x86)/atmel/studio/7.0/toolchain/avr8/avr8-gnu-toolchain/bin/../lib/gcc/avr/4.9.2/../../../../avr/lib/avr6\libc.a(malloc.o)
                0x00008a8e                malloc
                0x00008bb8                free
 .text.avr-libc
                0x00008ce8      0x1c8 c:/program files (x86)/atmel/studio/7.0/toolchain/avr8/avr8-gnu-toolchain/bin/../lib/gcc/avr/4.9.2/../../../../avr/lib/avr6\libc.a(realloc.o)
                0x00008ce8                realloc
 .text.avr-libc
                0x00008eb0        0x8 c:/program files (x86)/atmel/studio/7.0/toolchain/avr8/avr8-gnu-toolchain/bin/../lib/gcc/avr/4.9.2/../../../../avr/lib/avr6\libc.a(abort.o)
                0x00008eb0                abort
 .text.avr-libc
                0x00008eb8       0x10 c:/program files (x86)/atmel/studio/7.0/toolchain/avr8/avr8-gnu-toolchain/bin/../lib/gcc/avr/4.9.2/../../../../avr/lib/avr6\libc.a(toupper.o)
                0x00008eb8                toupper
 .text.avr-libc
                0x00008ec8       0x12 c:/program files (x86)/atmel/studio/7.0/toolchain/avr8/avr8-gnu-toolchain/bin/../lib/gcc/avr/4.9.2/../../../../avr/lib/avr6\libc.a(memcpy.o)
                0x00008ec8                memcpy
 .text.avr-libc
                0x00008eda       0x12 c:/program files (x86)/atmel/studio/7.0/toolchain/avr8/avr8-gnu-toolchain/bin/../lib/gcc/avr/4.9.2/../../../../avr/lib/avr6\libc.a(strcmp.o)
                0x00008eda                strcmp
 .text.avr-libc
                0x00008eec        0xe c:/program files (x86)/atmel/studio/7.0/toolchain/avr8/avr8-gnu-toolchain/bin/../lib/gcc/avr/4.9.2/../../../../avr/lib/avr6\libc.a(strcpy.o)
                0x00008eec                strcpy
 .text.avr-libc
                0x00008efa       0x10 C:/Program Files (x86)/Atmel/Studio/7.0/Packs/atmel/ATmega_DFP/1.0.106/gcc/dev/atmega2560/avr6\libatmega2560.a(eerd_byte.o)
                0x00008efa                eeprom_read_byte
 .text.avr-libc
                0x00008f0a       0x1c C:/Program Files (x86)/Atmel/Studio/7.0/Packs/atmel/ATmega_DFP/1.0.106/gcc/dev/atmega2560/avr6\libatmega2560.a(eewr_byte.o)
                0x00008f0a                eeprom_write_byte
                0x00008f0c                eeprom_write_r18
                0x00008f26                . = ALIGN (0x2)
 *(.fini9)
 .fini9         0x00008f26        0x0 c:/program files (x86)/atmel/studio/7.0/toolchain/avr8/avr8-gnu-toolchain/bin/../lib/gcc/avr/4.9.2/avr6\libgcc.a(_exit.o)
                0x00008f26                _exit
                0x00008f26                exit
 *(.fini9)
 *(.fini8)
 *(.fini8)
 *(.fini7)
 *(.fini7)
 *(.fini6)
 .fini6         0x00008f26       0x1e c:/program files (x86)/atmel/studio/7.0/toolchain/avr8/avr8-gnu-toolchain/bin/../lib/gcc/avr/4.9.2/avr6\libgcc.a(_dtors.o)
                0x00008f26                __do_global_dtors
 *(.fini6)
 *(.fini5)
 *(.fini5)
 *(.fini4)
 *(.fini4)
 *(.fini3)
 *(.fini3)
 *(.fini2)
 *(.fini2)
 *(.fini1)
 *(.fini1)
 *(.fini0)
 .fini0         0x00008f44        0x4 c:/program files (x86)/atmel/studio/7.0/toolchain/avr8/avr8-gnu-toolchain/bin/../lib/gcc/avr/4.9.2/avr6\libgcc.a(_exit.o)
 *(.fini0)
                0x00008f48                _etext = .

.data           0x00800200      0xb48 load address 0x00008f48
                0x00800200                PROVIDE (__data_start, .)
 *(.data)
 .data          0x00800200        0x6 c:/program files (x86)/atmel/studio/7.0/toolchain/avr8/avr8-gnu-toolchain/bin/../lib/gcc/avr/4.9.2/../../../../avr/lib/avr6\libc.a(malloc.o)
                0x00800200                __malloc_heap_end
                0x00800202                __malloc_heap_start
                0x00800204                __malloc_margin
 *(.data*)
 .data._ZZN16Adafruit_SSD130621drawFastVLineInternalEiiijE8postmask
                0x00800206        0x8 Adafruit_SSD1306.o
                0x00800206                _ZZN16Adafruit_SSD130621drawFastVLineInternalEiiijE8postmask
 .data._ZZN16Adafruit_SSD130621drawFastVLineInternalEiiijE7premask
                0x0080020e        0x8 Adafruit_SSD1306.o
                0x0080020e                _ZZN16Adafruit_SSD130621drawFastVLineInternalEiiijE7premask
 .data._ZL6buffer
                0x00800216      0x400 Adafruit_SSD1306.o
 .data._ZL8_intFunc
                0x00800616        0x2 Timer3.o
 .data._ZL13enable_rumble
                0x00800618        0x5 PS2X_lib.o
 .data._ZL11exit_config
                0x0080061d        0x9 PS2X_lib.o
 .data._ZL15set_bytes_large
                0x00800626        0x9 PS2X_lib.o
 .data._ZL8set_mode
                0x0080062f        0x9 PS2X_lib.o
 .data._ZL12enter_config
                0x00800638        0x5 PS2X_lib.o
 .data.value    0x0080063d        0x2 tasks.o
                0x0080063d                value
 .data.fix_pos_list
                0x0080063f        0x1 tasks.o
                0x0080063f                fix_pos_list
 .data._ZL8_intFunc
                0x00800640        0x2 Timer1.o
 .data.intFunc  0x00800642       0x10 I:\atmel studio\led2\ArduinoSketch42\ArduinoSketch42\ArduinoCore\Debug\libArduinoCore.a(WInterrupts.o)
 *(.rodata)
 .rodata        0x00800652        0xa Timer3.o
 .rodata        0x0080065c        0xa Timer1.o
 *(.rodata*)
 .rodata._ZTV12Adafruit_GFX
                0x00800666       0x2c Adafruit_GFX.o
                0x00800666                _ZTV12Adafruit_GFX
 .rodata._ZTV16Adafruit_SSD1306
                0x00800692       0x2c Adafruit_SSD1306.o
                0x00800692                _ZTV16Adafruit_SSD1306
 .rodata.str1.1
                0x008006be       0x1a ComwithMotor.o
 .rodata.str1.1
                0x008006d8       0x16 ComwithPC.o
                                 0x22 (size before relaxing)
 .rodata.str1.1
                0x008006ee       0x49 ComwithShot.o
                                 0x51 (size before relaxing)
 .rodata.str1.1
                0x00800737       0x39 Display.o
 .rodata.str1.1
                0x00800770        0x4 Timer3.o
                                  0x5 (size before relaxing)
 .rodata.str1.1
                0x00800774      0x485 mPS2.o
                                0x4a2 (size before relaxing)
 .rodata.str1.1
                0x00800bf9       0x4f Path.o
                                 0x54 (size before relaxing)
 .rodata.str1.1
                0x00800c48       0x8c PS2X_lib.o
 .rodata._ZL9type_read
                0x00800cd4        0x9 PS2X_lib.o
 .rodata.str1.1
                0x00800cdd       0x2f Sketch.o
                                 0x34 (size before relaxing)
 .rodata._ZTV7TwoWire
                0x00800d0c       0x12 src/libraries/Wire/src/Wire.o
                0x00800d0c                _ZTV7TwoWire
 .rodata.str1.1
                0x00800d1e        0x8 tasks.o
 .rodata.str1.1
                0x00800d26        0x5 Timer1.o
 .rodata._ZTV14HardwareSerial
                0x00800d26       0x12 I:\atmel studio\led2\ArduinoSketch42\ArduinoSketch42\ArduinoCore\Debug\libArduinoCore.a(HardwareSerial.o)
                0x00800d26                _ZTV14HardwareSerial
 .rodata.str1.1
                0x00800d38        0xf I:\atmel studio\led2\ArduinoSketch42\ArduinoSketch42\ArduinoCore\Debug\libArduinoCore.a(Print.o)
 *(.gnu.linkonce.d*)
                0x00800d48                . = ALIGN (0x2)
 *fill*         0x00800d47        0x1 
                0x00800d48                _edata = .
                0x00800d48                PROVIDE (__data_end, .)

.bss            0x00800d48      0x4da
                0x00800d48                PROVIDE (__bss_start, .)
 *(.bss)
 *(.bss*)
 .bss.GY25      0x00800d48       0x16 ComwithGY25.o
                0x00800d48                GY25
 .bss.CS        0x00800d5e        0x5 ComwithShot.o
                0x00800d5e                CS
 .bss.display   0x00800d63       0x2e Display.o
                0x00800d63                display
 .bss.ps2x      0x00800d91       0x2e mPS2.o
                0x00800d91                ps2x
 .bss.path      0x00800dbf       0x76 Path.o
                0x00800dbf                path
 .bss.angular_vel_z
                0x00800e35        0x4 Sketch.o
                0x00800e35                angular_vel_z
 .bss.linear_vel_y
                0x00800e39        0x4 Sketch.o
                0x00800e39                linear_vel_y
 .bss.linear_vel_x
                0x00800e3d        0x4 Sketch.o
                0x00800e3d                linear_vel_x
 .bss._ZL5index
                0x00800e41        0x2 Sketch.o
 .bss.state     0x00800e43        0x6 Sketch.o
                0x00800e43                state
 .bss.Sensors   0x00800e49       0x2e Sketch.o
                0x00800e49                Sensors
 .bss.cm        0x00800e77       0x21 Sketch.o
                0x00800e77                cm
 .bss.kinematics
                0x00800e98       0x2e Sketch.o
                0x00800e98                kinematics
 .bss.tc3       0x00800ec6        0xc Sketch.o
                0x00800ec6                tc3
 .bss.tc1       0x00800ed2        0xc Sketch.o
                0x00800ed2                tc1
 .bss.PS2       0x00800ede       0x1a Sketch.o
                0x00800ede                PS2
 .bss.motor     0x00800ef8        0xc Sketch.o
                0x00800ef8                motor
 .bss.toPC      0x00800f04        0x1 Sketch.o
                0x00800f04                toPC
 .bss.dp        0x00800f05       0x38 Sketch.o
                0x00800f05                dp
 .bss._p2       0x00800f3d        0x4 Sketch.o
                0x00800f3d                _p2
 .bss.p2        0x00800f41        0x4 Sketch.o
                0x00800f41                p2
 .bss.y2        0x00800f45        0x4 Sketch.o
                0x00800f45                y2
 .bss.x2        0x00800f49        0x4 Sketch.o
                0x00800f49                x2
 .bss.p1        0x00800f4d        0x4 Sketch.o
                0x00800f4d                p1
 .bss.y1        0x00800f51        0x4 Sketch.o
                0x00800f51                y1
 .bss.x1        0x00800f55        0x4 Sketch.o
                0x00800f55                x1
 .bss.p_step    0x00800f59        0x4 Sketch.o
                0x00800f59                p_step
 .bss.y_step    0x00800f5d        0x4 Sketch.o
                0x00800f5d                y_step
 .bss.x_step    0x00800f61        0x4 Sketch.o
                0x00800f61                x_step
 .bss.p         0x00800f65        0x4 Sketch.o
                0x00800f65                p
 .bss.y         0x00800f69        0x4 Sketch.o
                0x00800f69                y
 .bss.x         0x00800f6d        0x4 Sketch.o
                0x00800f6d                x
 .bss._ZN8SPIClass13interruptSaveE
                0x00800f71        0x1 src/libraries/SPI/src/SPI.o
                0x00800f71                _ZN8SPIClass13interruptSaveE
 .bss._ZN8SPIClass13interruptMaskE
                0x00800f72        0x1 src/libraries/SPI/src/SPI.o
                0x00800f72                _ZN8SPIClass13interruptMaskE
 .bss._ZN8SPIClass13interruptModeE
                0x00800f73        0x1 src/libraries/SPI/src/SPI.o
                0x00800f73                _ZN8SPIClass13interruptModeE
 .bss._ZN8SPIClass11initializedE
                0x00800f74        0x1 src/libraries/SPI/src/SPI.o
                0x00800f74                _ZN8SPIClass11initializedE
 .bss.twi_error
                0x00800f75        0x1 src/libraries/Wire/src/utility/twi.o
 .bss.twi_rxBufferIndex
                0x00800f76        0x1 src/libraries/Wire/src/utility/twi.o
 .bss.twi_rxBuffer
                0x00800f77       0x20 src/libraries/Wire/src/utility/twi.o
 .bss.twi_txBufferLength
                0x00800f97        0x1 src/libraries/Wire/src/utility/twi.o
 .bss.twi_txBufferIndex
                0x00800f98        0x1 src/libraries/Wire/src/utility/twi.o
 .bss.twi_txBuffer
                0x00800f99       0x20 src/libraries/Wire/src/utility/twi.o
 .bss.twi_masterBufferLength
                0x00800fb9        0x1 src/libraries/Wire/src/utility/twi.o
 .bss.twi_masterBufferIndex
                0x00800fba        0x1 src/libraries/Wire/src/utility/twi.o
 .bss.twi_masterBuffer
                0x00800fbb       0x20 src/libraries/Wire/src/utility/twi.o
 .bss.twi_onSlaveReceive
                0x00800fdb        0x2 src/libraries/Wire/src/utility/twi.o
 .bss.twi_onSlaveTransmit
                0x00800fdd        0x2 src/libraries/Wire/src/utility/twi.o
 .bss.twi_inRepStart
                0x00800fdf        0x1 src/libraries/Wire/src/utility/twi.o
 .bss.twi_sendStop
                0x00800fe0        0x1 src/libraries/Wire/src/utility/twi.o
 .bss.twi_slarw
                0x00800fe1        0x1 src/libraries/Wire/src/utility/twi.o
 .bss.twi_state
                0x00800fe2        0x1 src/libraries/Wire/src/utility/twi.o
 .bss.Wire      0x00800fe3        0xc src/libraries/Wire/src/Wire.o
                0x00800fe3                Wire
 .bss._ZN7TwoWire14user_onReceiveE
                0x00800fef        0x2 src/libraries/Wire/src/Wire.o
                0x00800fef                _ZN7TwoWire14user_onReceiveE
 .bss._ZN7TwoWire14user_onRequestE
                0x00800ff1        0x2 src/libraries/Wire/src/Wire.o
                0x00800ff1                _ZN7TwoWire14user_onRequestE
 .bss._ZN7TwoWire12transmittingE
                0x00800ff3        0x1 src/libraries/Wire/src/Wire.o
                0x00800ff3                _ZN7TwoWire12transmittingE
 .bss._ZN7TwoWire14txBufferLengthE
                0x00800ff4        0x1 src/libraries/Wire/src/Wire.o
                0x00800ff4                _ZN7TwoWire14txBufferLengthE
 .bss._ZN7TwoWire13txBufferIndexE
                0x00800ff5        0x1 src/libraries/Wire/src/Wire.o
                0x00800ff5                _ZN7TwoWire13txBufferIndexE
 .bss._ZN7TwoWire8txBufferE
                0x00800ff6       0x20 src/libraries/Wire/src/Wire.o
                0x00800ff6                _ZN7TwoWire8txBufferE
 .bss._ZN7TwoWire9txAddressE
                0x00801016        0x1 src/libraries/Wire/src/Wire.o
                0x00801016                _ZN7TwoWire9txAddressE
 .bss._ZN7TwoWire14rxBufferLengthE
                0x00801017        0x1 src/libraries/Wire/src/Wire.o
                0x00801017                _ZN7TwoWire14rxBufferLengthE
 .bss._ZN7TwoWire13rxBufferIndexE
                0x00801018        0x1 src/libraries/Wire/src/Wire.o
                0x00801018                _ZN7TwoWire13rxBufferIndexE
 .bss._ZN7TwoWire8rxBufferE
                0x00801019       0x20 src/libraries/Wire/src/Wire.o
                0x00801019                _ZN7TwoWire8rxBufferE
 .bss._p        0x00801039        0x4 tasks.o
                0x00801039                _p
 .bss.present_task
                0x0080103d        0x1 tasks.o
                0x0080103d                present_task
 .bss.Serial    0x0080103e       0x9d I:\atmel studio\led2\ArduinoSketch42\ArduinoSketch42\ArduinoCore\Debug\libArduinoCore.a(HardwareSerial0.o)
                0x0080103e                Serial
 .bss.Serial2   0x008010db       0x9d I:\atmel studio\led2\ArduinoSketch42\ArduinoSketch42\ArduinoCore\Debug\libArduinoCore.a(HardwareSerial2.o)
                0x008010db                Serial2
 .bss.Serial3   0x00801178       0x9d I:\atmel studio\led2\ArduinoSketch42\ArduinoSketch42\ArduinoCore\Debug\libArduinoCore.a(HardwareSerial3.o)
                0x00801178                Serial3
 .bss.timer0_fract
                0x00801215        0x1 I:\atmel studio\led2\ArduinoSketch42\ArduinoSketch42\ArduinoCore\Debug\libArduinoCore.a(wiring.o)
 .bss.timer0_millis
                0x00801216        0x4 I:\atmel studio\led2\ArduinoSketch42\ArduinoSketch42\ArduinoCore\Debug\libArduinoCore.a(wiring.o)
                0x00801216                timer0_millis
 .bss.timer0_overflow_count
                0x0080121a        0x4 I:\atmel studio\led2\ArduinoSketch42\ArduinoSketch42\ArduinoCore\Debug\libArduinoCore.a(wiring.o)
                0x0080121a                timer0_overflow_count
 *(COMMON)
 COMMON         0x0080121e        0x4 c:/program files (x86)/atmel/studio/7.0/toolchain/avr8/avr8-gnu-toolchain/bin/../lib/gcc/avr/4.9.2/../../../../avr/lib/avr6\libc.a(malloc.o)
                0x0080121e                __brkval
                0x00801220                __flp
                0x00801222                PROVIDE (__bss_end, .)
                0x00008f48                __data_load_start = LOADADDR (.data)
                0x00009a90                __data_load_end = (__data_load_start + SIZEOF (.data))

.noinit         0x00801222        0x0
                [!provide]                PROVIDE (__noinit_start, .)
 *(.noinit*)
                [!provide]                PROVIDE (__noinit_end, .)
                0x00801222                _end = .
                0x00801222                PROVIDE (__heap_start, .)

.eeprom         0x00810000        0x0
 *(.eeprom*)
                0x00810000                __eeprom_end = .

.fuse
 *(.fuse)
 *(.lfuse)
 *(.hfuse)
 *(.efuse)

.lock
 *(.lock*)

.signature
 *(.signature*)

.user_signatures
 *(.user_signatures*)

.stab
 *(.stab)

.stabstr
 *(.stabstr)

.stab.excl
 *(.stab.excl)

.stab.exclstr
 *(.stab.exclstr)

.stab.index
 *(.stab.index)

.stab.indexstr
 *(.stab.indexstr)

.comment        0x00000000       0x30
 *(.comment)
 .comment       0x00000000       0x30 Adafruit_GFX.o
                                 0x31 (size before relaxing)
 .comment       0x00000030       0x31 Adafruit_SSD1306.o
 .comment       0x00000030       0x31 ComwithGY25.o
 .comment       0x00000030       0x31 ComwithMotor.o
 .comment       0x00000030       0x31 ComwithPC.o
 .comment       0x00000030       0x31 ComwithShot.o
 .comment       0x00000030       0x31 Display.o
 .comment       0x00000030       0x31 Kinematics.o
 .comment       0x00000030       0x31 mMotor.o
 .comment       0x00000030       0x31 Timer3.o
 .comment       0x00000030       0x31 mPS2.o
 .comment       0x00000030       0x31 Path.o
 .comment       0x00000030       0x31 PS2X_lib.o
 .comment       0x00000030       0x31 SensorBoard.o
 .comment       0x00000030       0x31 Sketch.o
 .comment       0x00000030       0x31 src/libraries/SPI/src/SPI.o
 .comment       0x00000030       0x31 src/libraries/Wire/src/utility/twi.o
 .comment       0x00000030       0x31 src/libraries/Wire/src/Wire.o
 .comment       0x00000030       0x31 tasks.o
 .comment       0x00000030       0x31 Timer1.o
 .comment       0x00000030       0x31 I:\atmel studio\led2\ArduinoSketch42\ArduinoSketch42\ArduinoCore\Debug\libArduinoCore.a(abi.o)
 .comment       0x00000030       0x31 I:\atmel studio\led2\ArduinoSketch42\ArduinoSketch42\ArduinoCore\Debug\libArduinoCore.a(HardwareSerial.o)
 .comment       0x00000030       0x31 I:\atmel studio\led2\ArduinoSketch42\ArduinoSketch42\ArduinoCore\Debug\libArduinoCore.a(HardwareSerial0.o)
 .comment       0x00000030       0x31 I:\atmel studio\led2\ArduinoSketch42\ArduinoSketch42\ArduinoCore\Debug\libArduinoCore.a(HardwareSerial2.o)
 .comment       0x00000030       0x31 I:\atmel studio\led2\ArduinoSketch42\ArduinoSketch42\ArduinoCore\Debug\libArduinoCore.a(HardwareSerial3.o)
 .comment       0x00000030       0x31 I:\atmel studio\led2\ArduinoSketch42\ArduinoSketch42\ArduinoCore\Debug\libArduinoCore.a(main.o)
 .comment       0x00000030       0x31 I:\atmel studio\led2\ArduinoSketch42\ArduinoSketch42\ArduinoCore\Debug\libArduinoCore.a(Print.o)
 .comment       0x00000030       0x31 I:\atmel studio\led2\ArduinoSketch42\ArduinoSketch42\ArduinoCore\Debug\libArduinoCore.a(WInterrupts.o)
 .comment       0x00000030       0x31 I:\atmel studio\led2\ArduinoSketch42\ArduinoSketch42\ArduinoCore\Debug\libArduinoCore.a(wiring.o)
 .comment       0x00000030       0x31 I:\atmel studio\led2\ArduinoSketch42\ArduinoSketch42\ArduinoCore\Debug\libArduinoCore.a(wiring_digital.o)
 .comment       0x00000030       0x31 I:\atmel studio\led2\ArduinoSketch42\ArduinoSketch42\ArduinoCore\Debug\libArduinoCore.a(WMath.o)
 .comment       0x00000030       0x31 I:\atmel studio\led2\ArduinoSketch42\ArduinoSketch42\ArduinoCore\Debug\libArduinoCore.a(WString.o)
 .comment       0x00000030       0x31 I:\atmel studio\led2\ArduinoSketch42\ArduinoSketch42\ArduinoCore\Debug\libArduinoCore.a(hooks.o)
 .comment       0x00000030       0x31 c:/program files (x86)/atmel/studio/7.0/toolchain/avr8/avr8-gnu-toolchain/bin/../lib/gcc/avr/4.9.2/../../../../avr/lib/avr6\libc.a(malloc.o)
 .comment       0x00000030       0x31 c:/program files (x86)/atmel/studio/7.0/toolchain/avr8/avr8-gnu-toolchain/bin/../lib/gcc/avr/4.9.2/../../../../avr/lib/avr6\libc.a(realloc.o)

.note.gnu.avr.deviceinfo
                0x00000000       0x40
 .note.gnu.avr.deviceinfo
                0x00000000       0x40 C:/Program Files (x86)/Atmel/Studio/7.0/Packs/atmel/ATmega_DFP/1.0.106/gcc/dev/atmega2560/avr6/crtatmega2560.o

.note.gnu.build-id
 *(.note.gnu.build-id)

.debug
 *(.debug)

.line
 *(.line)

.debug_srcinfo
 *(.debug_srcinfo)

.debug_sfnames
 *(.debug_sfnames)

.debug_aranges  0x00000000     0x1100
 *(.debug_aranges)
 .debug_aranges
                0x00000000      0x2a0 Adafruit_GFX.o
 .debug_aranges
                0x000002a0       0xb8 Adafruit_SSD1306.o
 .debug_aranges
                0x00000358       0x68 ComwithGY25.o
 .debug_aranges
                0x000003c0       0x88 ComwithMotor.o
 .debug_aranges
                0x00000448       0x40 ComwithPC.o
 .debug_aranges
                0x00000488       0x40 ComwithShot.o
 .debug_aranges
                0x000004c8       0x48 Display.o
 .debug_aranges
                0x00000510       0x48 Kinematics.o
 .debug_aranges
                0x00000558       0x38 mMotor.o
 .debug_aranges
                0x00000590       0x60 Timer3.o
 .debug_aranges
                0x000005f0       0x30 mPS2.o
 .debug_aranges
                0x00000620       0x78 Path.o
 .debug_aranges
                0x00000698       0xc0 PS2X_lib.o
 .debug_aranges
                0x00000758       0x30 SensorBoard.o
 .debug_aranges
                0x00000788       0x88 Sketch.o
 .debug_aranges
                0x00000810       0x38 src/libraries/SPI/src/SPI.o
 .debug_aranges
                0x00000848       0x80 src/libraries/Wire/src/utility/twi.o
 .debug_aranges
                0x000008c8       0xf8 src/libraries/Wire/src/Wire.o
 .debug_aranges
                0x000009c0       0x30 tasks.o
 .debug_aranges
                0x000009f0       0x60 Timer1.o
 .debug_aranges
                0x00000a50       0x28 I:\atmel studio\led2\ArduinoSketch42\ArduinoSketch42\ArduinoCore\Debug\libArduinoCore.a(abi.o)
 .debug_aranges
                0x00000a78       0x68 I:\atmel studio\led2\ArduinoSketch42\ArduinoSketch42\ArduinoCore\Debug\libArduinoCore.a(HardwareSerial.o)
 .debug_aranges
                0x00000ae0       0x48 I:\atmel studio\led2\ArduinoSketch42\ArduinoSketch42\ArduinoCore\Debug\libArduinoCore.a(HardwareSerial0.o)
 .debug_aranges
                0x00000b28       0x48 I:\atmel studio\led2\ArduinoSketch42\ArduinoSketch42\ArduinoCore\Debug\libArduinoCore.a(HardwareSerial2.o)
 .debug_aranges
                0x00000b70       0x48 I:\atmel studio\led2\ArduinoSketch42\ArduinoSketch42\ArduinoCore\Debug\libArduinoCore.a(HardwareSerial3.o)
 .debug_aranges
                0x00000bb8       0x38 I:\atmel studio\led2\ArduinoSketch42\ArduinoSketch42\ArduinoCore\Debug\libArduinoCore.a(main.o)
 .debug_aranges
                0x00000bf0      0x100 I:\atmel studio\led2\ArduinoSketch42\ArduinoSketch42\ArduinoCore\Debug\libArduinoCore.a(Print.o)
 .debug_aranges
                0x00000cf0       0x70 I:\atmel studio\led2\ArduinoSketch42\ArduinoSketch42\ArduinoCore\Debug\libArduinoCore.a(WInterrupts.o)
 .debug_aranges
                0x00000d60       0x48 I:\atmel studio\led2\ArduinoSketch42\ArduinoSketch42\ArduinoCore\Debug\libArduinoCore.a(wiring.o)
 .debug_aranges
                0x00000da8       0x38 I:\atmel studio\led2\ArduinoSketch42\ArduinoSketch42\ArduinoCore\Debug\libArduinoCore.a(wiring_digital.o)
 .debug_aranges
                0x00000de0       0x48 I:\atmel studio\led2\ArduinoSketch42\ArduinoSketch42\ArduinoCore\Debug\libArduinoCore.a(WMath.o)
 .debug_aranges
                0x00000e28      0x2b8 I:\atmel studio\led2\ArduinoSketch42\ArduinoSketch42\ArduinoCore\Debug\libArduinoCore.a(WString.o)
 .debug_aranges
                0x000010e0       0x20 I:\atmel studio\led2\ArduinoSketch42\ArduinoSketch42\ArduinoCore\Debug\libArduinoCore.a(hooks.o)

.debug_pubnames
 *(.debug_pubnames)

.debug_info     0x00000000    0x2e484
 *(.debug_info .gnu.linkonce.wi.*)
 .debug_info    0x00000000     0x6216 Adafruit_GFX.o
 .debug_info    0x00006216     0x242b Adafruit_SSD1306.o
 .debug_info    0x00008641      0x857 ComwithGY25.o
 .debug_info    0x00008e98      0xe63 ComwithMotor.o
 .debug_info    0x00009cfb     0x188f ComwithPC.o
 .debug_info    0x0000b58a      0x78d ComwithShot.o
 .debug_info    0x0000bd17     0x20fb Display.o
 .debug_info    0x0000de12      0x897 Kinematics.o
 .debug_info    0x0000e6a9      0x49a mMotor.o
 .debug_info    0x0000eb43     0x17fb Timer3.o
 .debug_info    0x0001033e     0x2560 mPS2.o
 .debug_info    0x0001289e     0x17be Path.o
 .debug_info    0x0001405c     0x1a30 PS2X_lib.o
 .debug_info    0x00015a8c      0x5c3 SensorBoard.o
 .debug_info    0x0001604f     0x3e71 Sketch.o
 .debug_info    0x00019ec0      0x6f6 src/libraries/SPI/src/SPI.o
 .debug_info    0x0001a5b6      0x667 src/libraries/Wire/src/utility/twi.o
 .debug_info    0x0001ac1d     0x27c0 src/libraries/Wire/src/Wire.o
 .debug_info    0x0001d3dd      0x626 tasks.o
 .debug_info    0x0001da03     0x17fb Timer1.o
 .debug_info    0x0001f1fe       0x8e I:\atmel studio\led2\ArduinoSketch42\ArduinoSketch42\ArduinoCore\Debug\libArduinoCore.a(abi.o)
 .debug_info    0x0001f28c     0x1f23 I:\atmel studio\led2\ArduinoSketch42\ArduinoSketch42\ArduinoCore\Debug\libArduinoCore.a(HardwareSerial.o)
 .debug_info    0x000211af     0x1b25 I:\atmel studio\led2\ArduinoSketch42\ArduinoSketch42\ArduinoCore\Debug\libArduinoCore.a(HardwareSerial0.o)
 .debug_info    0x00022cd4     0x1b25 I:\atmel studio\led2\ArduinoSketch42\ArduinoSketch42\ArduinoCore\Debug\libArduinoCore.a(HardwareSerial2.o)
 .debug_info    0x000247f9     0x1b2b I:\atmel studio\led2\ArduinoSketch42\ArduinoSketch42\ArduinoCore\Debug\libArduinoCore.a(HardwareSerial3.o)
 .debug_info    0x00026324      0x28f I:\atmel studio\led2\ArduinoSketch42\ArduinoSketch42\ArduinoCore\Debug\libArduinoCore.a(main.o)
 .debug_info    0x000265b3     0x2ada I:\atmel studio\led2\ArduinoSketch42\ArduinoSketch42\ArduinoCore\Debug\libArduinoCore.a(Print.o)
 .debug_info    0x0002908d      0x2fc I:\atmel studio\led2\ArduinoSketch42\ArduinoSketch42\ArduinoCore\Debug\libArduinoCore.a(WInterrupts.o)
 .debug_info    0x00029389      0x326 I:\atmel studio\led2\ArduinoSketch42\ArduinoSketch42\ArduinoCore\Debug\libArduinoCore.a(wiring.o)
 .debug_info    0x000296af      0x635 I:\atmel studio\led2\ArduinoSketch42\ArduinoSketch42\ArduinoCore\Debug\libArduinoCore.a(wiring_digital.o)
 .debug_info    0x00029ce4      0x240 I:\atmel studio\led2\ArduinoSketch42\ArduinoSketch42\ArduinoCore\Debug\libArduinoCore.a(WMath.o)
 .debug_info    0x00029f24     0x4522 I:\atmel studio\led2\ArduinoSketch42\ArduinoSketch42\ArduinoCore\Debug\libArduinoCore.a(WString.o)
 .debug_info    0x0002e446       0x3e I:\atmel studio\led2\ArduinoSketch42\ArduinoSketch42\ArduinoCore\Debug\libArduinoCore.a(hooks.o)

.debug_abbrev   0x00000000     0x66d8
 *(.debug_abbrev)
 .debug_abbrev  0x00000000      0x58f Adafruit_GFX.o
 .debug_abbrev  0x0000058f      0x5b8 Adafruit_SSD1306.o
 .debug_abbrev  0x00000b47      0x33b ComwithGY25.o
 .debug_abbrev  0x00000e82      0x2f6 ComwithMotor.o
 .debug_abbrev  0x00001178      0x334 ComwithPC.o
 .debug_abbrev  0x000014ac      0x27e ComwithShot.o
 .debug_abbrev  0x0000172a      0x389 Display.o
 .debug_abbrev  0x00001ab3      0x217 Kinematics.o
 .debug_abbrev  0x00001cca      0x1e8 mMotor.o
 .debug_abbrev  0x00001eb2      0x3ed Timer3.o
 .debug_abbrev  0x0000229f      0x372 mPS2.o
 .debug_abbrev  0x00002611      0x36f Path.o
 .debug_abbrev  0x00002980      0x41d PS2X_lib.o
 .debug_abbrev  0x00002d9d      0x23f SensorBoard.o
 .debug_abbrev  0x00002fdc      0x623 Sketch.o
 .debug_abbrev  0x000035ff      0x28c src/libraries/SPI/src/SPI.o
 .debug_abbrev  0x0000388b      0x25f src/libraries/Wire/src/utility/twi.o
 .debug_abbrev  0x00003aea      0x5c4 src/libraries/Wire/src/Wire.o
 .debug_abbrev  0x000040ae      0x236 tasks.o
 .debug_abbrev  0x000042e4      0x3ed Timer1.o
 .debug_abbrev  0x000046d1       0x5e I:\atmel studio\led2\ArduinoSketch42\ArduinoSketch42\ArduinoCore\Debug\libArduinoCore.a(abi.o)
 .debug_abbrev  0x0000472f      0x478 I:\atmel studio\led2\ArduinoSketch42\ArduinoSketch42\ArduinoCore\Debug\libArduinoCore.a(HardwareSerial.o)
 .debug_abbrev  0x00004ba7      0x3dd I:\atmel studio\led2\ArduinoSketch42\ArduinoSketch42\ArduinoCore\Debug\libArduinoCore.a(HardwareSerial0.o)
 .debug_abbrev  0x00004f84      0x3dd I:\atmel studio\led2\ArduinoSketch42\ArduinoSketch42\ArduinoCore\Debug\libArduinoCore.a(HardwareSerial2.o)
 .debug_abbrev  0x00005361      0x3e6 I:\atmel studio\led2\ArduinoSketch42\ArduinoSketch42\ArduinoCore\Debug\libArduinoCore.a(HardwareSerial3.o)
 .debug_abbrev  0x00005747      0x109 I:\atmel studio\led2\ArduinoSketch42\ArduinoSketch42\ArduinoCore\Debug\libArduinoCore.a(main.o)
 .debug_abbrev  0x00005850      0x498 I:\atmel studio\led2\ArduinoSketch42\ArduinoSketch42\ArduinoCore\Debug\libArduinoCore.a(Print.o)