Archive member included to satisfy reference by file (symbol)

c:/program files (x86)/atmel/studio/7.0/toolchain/avr8/avr8-gnu-toolchain/bin/../lib/gcc/avr/4.9.2/../../../../avr/lib/avr6\libm.a(addsf3.o)
                              Kinematics.o (__subsf3)
c:/program files (x86)/atmel/studio/7.0/toolchain/avr8/avr8-gnu-toolchain/bin/../lib/gcc/avr/4.9.2/../../../../avr/lib/avr6\libm.a(addsf3x.o)
                              c:/program files (x86)/atmel/studio/7.0/toolchain/avr8/avr8-gnu-toolchain/bin/../lib/gcc/avr/4.9.2/../../../../avr/lib/avr6\libm.a(addsf3.o) (__addsf3x)
c:/program files (x86)/atmel/studio/7.0/toolchain/avr8/avr8-gnu-toolchain/bin/../lib/gcc/avr/4.9.2/../../../../avr/lib/avr6\libm.a(atan2.o)
                              Path.o (atan2)
c:/program files (x86)/atmel/studio/7.0/toolchain/avr8/avr8-gnu-toolchain/bin/../lib/gcc/avr/4.9.2/../../../../avr/lib/avr6\libm.a(atan.o)
                              c:/program files (x86)/atmel/studio/7.0/toolchain/avr8/avr8-gnu-toolchain/bin/../lib/gcc/avr/4.9.2/../../../../avr/lib/avr6\libm.a(atan2.o) (atan)
c:/program files (x86)/atmel/studio/7.0/toolchain/avr8/avr8-gnu-toolchain/bin/../lib/gcc/avr/4.9.2/../../../../avr/lib/avr6\libm.a(cmpsf2.o)
                              Path.o (__ltsf2)
c:/program files (x86)/atmel/studio/7.0/toolchain/avr8/avr8-gnu-toolchain/bin/../lib/gcc/avr/4.9.2/../../../../avr/lib/avr6\libm.a(cos.o)
                              Sketch.o (cos)
c:/program files (x86)/atmel/studio/7.0/toolchain/avr8/avr8-gnu-toolchain/bin/../lib/gcc/avr/4.9.2/../../../../avr/lib/avr6\libm.a(divsf3.o)
                              ComwithGY25.o (__divsf3)
c:/program files (x86)/atmel/studio/7.0/toolchain/avr8/avr8-gnu-toolchain/bin/../lib/gcc/avr/4.9.2/../../../../avr/lib/avr6\libm.a(divsf3x.o)
                              c:/program files (x86)/atmel/studio/7.0/toolchain/avr8/avr8-gnu-toolchain/bin/../lib/gcc/avr/4.9.2/../../../../avr/lib/avr6\libm.a(divsf3.o) (__divsf3x)
c:/program files (x86)/atmel/studio/7.0/toolchain/avr8/avr8-gnu-toolchain/bin/../lib/gcc/avr/4.9.2/../../../../avr/lib/avr6\libm.a(fixsfsi.o)
                              Kinematics.o (__fixsfsi)
c:/program files (x86)/atmel/studio/7.0/toolchain/avr8/avr8-gnu-toolchain/bin/../lib/gcc/avr/4.9.2/../../../../avr/lib/avr6\libm.a(fixunssfsi.o)
                              Path.o (__fixunssfsi)
c:/program files (x86)/atmel/studio/7.0/toolchain/avr8/avr8-gnu-toolchain/bin/../lib/gcc/avr/4.9.2/../../../../avr/lib/avr6\libm.a(floatsisf.o)
                              PS2X_lib.o (__floatunsisf)
c:/program files (x86)/atmel/studio/7.0/toolchain/avr8/avr8-gnu-toolchain/bin/../lib/gcc/avr/4.9.2/../../../../avr/lib/avr6\libm.a(fp_cmp.o)
                              c:/program files (x86)/atmel/studio/7.0/toolchain/avr8/avr8-gnu-toolchain/bin/../lib/gcc/avr/4.9.2/../../../../avr/lib/avr6\libm.a(cmpsf2.o) (__fp_cmp)
c:/program files (x86)/atmel/studio/7.0/toolchain/avr8/avr8-gnu-toolchain/bin/../lib/gcc/avr/4.9.2/../../../../avr/lib/avr6\libm.a(fp_inf.o)
                              c:/program files (x86)/atmel/studio/7.0/toolchain/avr8/avr8-gnu-toolchain/bin/../lib/gcc/avr/4.9.2/../../../../avr/lib/avr6\libm.a(addsf3x.o) (__fp_inf)
c:/program files (x86)/atmel/studio/7.0/toolchain/avr8/avr8-gnu-toolchain/bin/../lib/gcc/avr/4.9.2/../../../../avr/lib/avr6\libm.a(fp_nan.o)
                              c:/program files (x86)/atmel/studio/7.0/toolchain/avr8/avr8-gnu-toolchain/bin/../lib/gcc/avr/4.9.2/../../../../avr/lib/avr6\libm.a(addsf3x.o) (__fp_nan)
c:/program files (x86)/atmel/studio/7.0/toolchain/avr8/avr8-gnu-toolchain/bin/../lib/gcc/avr/4.9.2/../../../../avr/lib/avr6\libm.a(fp_powser.o)
                              c:/program files (x86)/atmel/studio/7.0/toolchain/avr8/avr8-gnu-toolchain/bin/../lib/gcc/avr/4.9.2/../../../../avr/lib/avr6\libm.a(atan.o) (__fp_powser)
c:/program files (x86)/atmel/studio/7.0/toolchain/avr8/avr8-gnu-toolchain/bin/../lib/gcc/avr/4.9.2/../../../../avr/lib/avr6\libm.a(fp_pscA.o)
                              c:/program files (x86)/atmel/studio/7.0/toolchain/avr8/avr8-gnu-toolchain/bin/../lib/gcc/avr/4.9.2/../../../../avr/lib/avr6\libm.a(addsf3x.o) (__fp_pscA)
c:/program files (x86)/atmel/studio/7.0/toolchain/avr8/avr8-gnu-toolchain/bin/../lib/gcc/avr/4.9.2/../../../../avr/lib/avr6\libm.a(fp_pscB.o)
                              c:/program files (x86)/atmel/studio/7.0/toolchain/avr8/avr8-gnu-toolchain/bin/../lib/gcc/avr/4.9.2/../../../../avr/lib/avr6\libm.a(addsf3x.o) (__fp_pscB)
c:/program files (x86)/atmel/studio/7.0/toolchain/avr8/avr8-gnu-toolchain/bin/../lib/gcc/avr/4.9.2/../../../../avr/lib/avr6\libm.a(fp_rempio2.o)
                              c:/program files (x86)/atmel/studio/7.0/toolchain/avr8/avr8-gnu-toolchain/bin/../lib/gcc/avr/4.9.2/../../../../avr/lib/avr6\libm.a(cos.o) (__fp_rempio2)
c:/program files (x86)/atmel/studio/7.0/toolchain/avr8/avr8-gnu-toolchain/bin/../lib/gcc/avr/4.9.2/../../../../avr/lib/avr6\libm.a(fp_round.o)
[...]
Memory Configuration

Name             Origin             Length             Attributes
text             0x00000000         0x00100000         xr
data             0x00800200         0x0000fe00         rw !x
eeprom           0x00810000         0x00010000         rw !x
fuse             0x00820000         0x00000400         rw !x
lock             0x00830000         0x00000400         rw !x
signature        0x00840000         0x00000400         rw !x
user_signatures  0x00850000         0x00000400         rw !x
*default*        0x00000000         0xffffffff

Linker script and memory map

Address of section .data set to 0x800200
LOAD C:/Program Files (x86)/Atmel/Studio/7.0/Packs/atmel/ATmega_DFP/1.0.106/gcc/dev/atmega2560/avr6/crtatmega2560.o
LOAD Adafruit_GFX.o
LOAD Adafruit_SPITFT.o
LOAD Adafruit_SSD1306.o
LOAD ComwithGY25.o
LOAD ComwithMotor.o
LOAD ComwithPC.o
LOAD ComwithShot.o
LOAD Display.o
LOAD glcdfont.o
LOAD Kinematics.o
LOAD mMotor.o
LOAD Timer3.o
LOAD mPS2.o
LOAD Path.o
LOAD PS2X_lib.o
LOAD SecondDisplay.o
LOAD SensorBoard.o
LOAD Sketch.o
LOAD src/libraries/SPI/src/SPI.o
LOAD src/libraries/Wire/src/utility/twi.o
LOAD src/libraries/Wire/src/Wire.o
LOAD tasks.o
LOAD Timer1.o
START GROUP
LOAD c:/program files (x86)/atmel/studio/7.0/toolchain/avr8/avr8-gnu-toolchain/bin/../lib/gcc/avr/4.9.2/../../../../avr/lib/avr6\libm.a
LOAD I:\atmel studio\led2\ArduinoSketch42\ArduinoSketch42\ArduinoCore\Debug\libArduinoCore.a
END GROUP
LOAD c:/program files (x86)/atmel/studio/7.0/toolchain/avr8/avr8-gnu-toolchain/bin/../lib/gcc/avr/4.9.2/avr6\libgcc.a
LOAD c:/program files (x86)/atmel/studio/7.0/toolchain/avr8/avr8-gnu-toolchain/bin/../lib/gcc/avr/4.9.2/../../../../avr/lib/avr6\libm.a
START GROUP
LOAD c:/program files (x86)/atmel/studio/7.0/toolchain/avr8/avr8-gnu-toolchain/bin/../lib/gcc/avr/4.9.2/avr6\libgcc.a
LOAD c:/program files (x86)/atmel/studio/7.0/toolchain/avr8/avr8-gnu-toolchain/bin/../lib/gcc/avr/4.9.2/../../../../avr/lib/avr6\libm.a
LOAD c:/program files (x86)/atmel/studio/7.0/toolchain/avr8/avr8-gnu-toolchain/bin/../lib/gcc/avr/4.9.2/../../../../avr/lib/avr6\libc.a
LOAD C:/Program Files (x86)/Atmel/Studio/7.0/Packs/atmel/ATmega_DFP/1.0.106/gcc/dev/atmega2560/avr6\libatmega2560.a
END GROUP
                0x00100000                __TEXT_REGION_LENGTH__ = DEFINED (__TEXT_REGION_LENGTH__)?__TEXT_REGION_LENGTH__:0x100000
                0x0000fe00                __DATA_REGION_LENGTH__ = DEFINED (__DATA_REGION_LENGTH__)?__DATA_REGION_LENGTH__:0xfe00
                0x00010000                __EEPROM_REGION_LENGTH__ = DEFINED (__EEPROM_REGION_LENGTH__)?__EEPROM_REGION_LENGTH__:0x10000
                0x00000400                __FUSE_REGION_LENGTH__ = DEFINED (__FUSE_REGION_LENGTH__)?__FUSE_REGION_LENGTH__:0x400
                0x00000400                __LOCK_REGION_LENGTH__ = DEFINED (__LOCK_REGION_LENGTH__)?__LOCK_REGION_LENGTH__:0x400
                0x00000400                __SIGNATURE_REGION_LENGTH__ = DEFINED (__SIGNATURE_REGION_LENGTH__)?__SIGNATURE_REGION_LENGTH__:0x400
                0x00000400                __USER_SIGNATURE_REGION_LENGTH__ = DEFINED (__USER_SIGNATURE_REGION_LENGTH__)?__USER_SIGNATURE_REGION_LENGTH__:0x400

.hash
 *(.hash)

.dynsym
 *(.dynsym)

.dynstr
 *(.dynstr)

.gnu.version
 *(.gnu.version)

.gnu.version_d
 *(.gnu.version_d)

.gnu.version_r
 *(.gnu.version_r)

.rel.init
 *(.rel.init)

.rela.init
 *(.rela.init)

.rel.text
 *(.rel.text)
 *(.rel.text.*)
 *(.rel.gnu.linkonce.t*)

.rela.text
 *(.rela.text)
 *(.rela.text.*)
 *(.rela.gnu.linkonce.t*)

.rel.fini
 *(.rel.fini)

.rela.fini
 *(.rela.fini)

.rel.rodata
 *(.rel.rodata)
 *(.rel.rodata.*)
 *(.rel.gnu.linkonce.r*)

.rela.rodata
 *(.rela.rodata)
 *(.rela.rodata.*)
 *(.rela.gnu.linkonce.r*)

.rel.data
 *(.rel.data)
 *(.rel.data.*)
 *(.rel.gnu.linkonce.d*)

.rela.data
 *(.rela.data)
 *(.rela.data.*)
 *(.rela.gnu.linkonce.d*)

.rel.ctors
 *(.rel.ctors)

.rela.ctors
 *(.rela.ctors)

.rel.dtors
 *(.rel.dtors)

.rela.dtors
 *(.rela.dtors)

.rel.got
 *(.rel.got)

.rela.got
 *(.rela.got)

.rel.bss
 *(.rel.bss)

.rela.bss
 *(.rela.bss)

.rel.plt
 *(.rel.plt)

.rela.plt
 *(.rela.plt)

.text           0x00000000     0x8eca
 *(.vectors)
 .vectors       0x00000000       0xe4 C:/Program Files (x86)/Atmel/Studio/7.0/Packs/atmel/ATmega_DFP/1.0.106/gcc/dev/atmega2560/avr6/crtatmega2560.o
                0x00000000                __vector_default
                0x00000000                __vectors
 *(.vectors)
 *(.progmem.gcc*)
 .progmem.gcc_fplib
                0x000000e4       0x2d c:/program files (x86)/atmel/studio/7.0/toolchain/avr8/avr8-gnu-toolchain/bin/../lib/gcc/avr/4.9.2/../../../../avr/lib/avr6\libm.a(atan.o)
 .progmem.gcc_fplib
                0x00000111       0x1e c:/program files (x86)/atmel/studio/7.0/toolchain/avr8/avr8-gnu-toolchain/bin/../lib/gcc/avr/4.9.2/../../../../avr/lib/avr6\libm.a(fp_sinus.o)
 .progmem.gcc_fplib
                0x0000012f       0x28 c:/program files (x86)/atmel/studio/7.0/toolchain/avr8/avr8-gnu-toolchain/bin/../lib/gcc/avr/4.9.2/../../../../avr/lib/avr6\libm.a(exp.o)
 .progmem.gcc_fplib
                0x00000157       0x5a c:/program files (x86)/atmel/studio/7.0/toolchain/avr8/avr8-gnu-toolchain/bin/../lib/gcc/avr/4.9.2/../../../../avr/lib/avr6\libm.a(log.o)
 *fill*         0x000001b1        0x1 
 .progmem.gcc_sw_table.attachInterrupt
                0x000001b2        0xe I:\atmel studio\led2\ArduinoSketch42\ArduinoSketch42\ArduinoCore\Debug\libArduinoCore.a(WInterrupts.o)
 .progmem.gcc_sw_table.turnOffPWM
                0x000001c0       0x24 I:\atmel studio\led2\ArduinoSketch42\ArduinoSketch42\ArduinoCore\Debug\libArduinoCore.a(wiring_digital.o)
                0x000001e4                . = ALIGN (0x2)
                0x000001e4                __trampolines_start = .
 *(.trampolines)
 .trampolines   0x000001e4        0x0 linker stubs
 *(.trampolines*)
                0x000001e4                __trampolines_end = .
 *libprintf_flt.a:*(.progmem.data)
 *libc.a:*(.progmem.data)
 *(.progmem*)
 .progmem.data._ZL4font
                0x000001e4      0x500 Adafruit_GFX.o
 .progmem.data.digital_pin_to_timer_PGM
                0x000006e4       0x46 I:\atmel studio\led2\ArduinoSketch42\ArduinoSketch42\ArduinoCore\Debug\libArduinoCore.a(wiring_digital.o)
                0x000006e4                digital_pin_to_timer_PGM
 .progmem.data.digital_pin_to_bit_mask_PGM
                0x0000072a       0x46 I:\atmel studio\led2\ArduinoSketch42\ArduinoSketch42\ArduinoCore\Debug\libArduinoCore.a(wiring_digital.o)
                0x0000072a                digital_pin_to_bit_mask_PGM
 .progmem.data.digital_pin_to_port_PGM
                0x00000770       0x46 I:\atmel studio\led2\ArduinoSketch42\ArduinoSketch42\ArduinoCore\Debug\libArduinoCore.a(wiring_digital.o)
                0x00000770                digital_pin_to_port_PGM
 .progmem.data.port_to_input_PGM
                0x000007b6       0x1a I:\atmel studio\led2\ArduinoSketch42\ArduinoSketch42\ArduinoCore\Debug\libArduinoCore.a(wiring_digital.o)
                0x000007b6                port_to_input_PGM
 .progmem.data.port_to_output_PGM
                0x000007d0       0x1a I:\atmel studio\led2\ArduinoSketch42\ArduinoSketch42\ArduinoCore\Debug\libArduinoCore.a(wiring_digital.o)
                0x000007d0                port_to_output_PGM
 .progmem.data.port_to_mode_PGM
                0x000007ea       0x1a I:\atmel studio\led2\ArduinoSketch42\ArduinoSketch42\ArduinoCore\Debug\libArduinoCore.a(wiring_digital.o)
                0x000007ea                port_to_mode_PGM
                0x00000804                . = ALIGN (0x2)
 *(.jumptables)
 *(.jumptables*)
 *(.lowtext)
 *(.lowtext*)
                0x00000804                __ctors_start = .
 *(.ctors)
 .ctors         0x00000804        0x2 ComwithGY25.o
 .ctors         0x00000806        0x2 ComwithShot.o
 .ctors         0x00000808        0x2 Display.o
 .ctors         0x0000080a        0x2 Path.o
 .ctors         0x0000080c        0x2 Sketch.o
 .ctors         0x0000080e        0x2 src/libraries/Wire/src/Wire.o
 .ctors         0x00000810        0x2 I:\atmel studio\led2\ArduinoSketch42\ArduinoSketch42\ArduinoCore\Debug\libArduinoCore.a(HardwareSerial0.o)
 .ctors         0x00000812        0x2 I:\atmel studio\led2\ArduinoSketch42\ArduinoSketch42\ArduinoCore\Debug\libArduinoCore.a(HardwareSerial2.o)
 .ctors         0x00000814        0x2 I:\atmel studio\led2\ArduinoSketch42\ArduinoSketch42\ArduinoCore\Debug\libArduinoCore.a(HardwareSerial3.o)
                0x00000816                __ctors_end = .
                0x00000816                __dtors_start = .
 *(.dtors)
 .dtors         0x00000816        0x2 Sketch.o
                0x00000818                __dtors_end = .
 SORT(*)(.ctors)
 SORT(*)(.dtors)
 *(.init0)
 .init0         0x00000818        0x0 C:/Program Files (x86)/Atmel/Studio/7.0/Packs/atmel/ATmega_DFP/1.0.106/gcc/dev/atmega2560/avr6/crtatmega2560.o
                0x00000818                __init
 *(.init0)
 *(.init1)
 *(.init1)
 *(.init2)
 .init2         0x00000818       0x10 C:/Program Files (x86)/Atmel/Studio/7.0/Packs/atmel/ATmega_DFP/1.0.106/gcc/dev/atmega2560/avr6/crtatmega2560.o
 *(.init2)
 *(.init3)
 *(.init3)
 *(.init4)
 .init4         0x00000828       0x1a c:/program files (x86)/atmel/studio/7.0/toolchain/avr8/avr8-gnu-toolchain/bin/../lib/gcc/avr/4.9.2/avr6\libgcc.a(_copy_data.o)
                0x00000828                __do_copy_data
 .init4         0x00000842       0x10 c:/program files (x86)/atmel/studio/7.0/toolchain/avr8/avr8-gnu-toolchain/bin/../lib/gcc/avr/4.9.2/avr6\libgcc.a(_clear_bss.o)
                0x00000842                __do_clear_bss
 *(.init4)
 *(.init5)
 *(.init5)
 *(.init6)
 .init6         0x00000852       0x20 c:/program files (x86)/atmel/studio/7.0/toolchain/avr8/avr8-gnu-toolchain/bin/../lib/gcc/avr/4.9.2/avr6\libgcc.a(_ctors.o)
                0x00000852                __do_global_ctors
 *(.init6)
 *(.init7)
 *(.init7)
 *(.init8)
 *(.init8)
 *(.init9)
 .init9         0x00000872        0x8 C:/Program Files (x86)/Atmel/Studio/7.0/Packs/atmel/ATmega_DFP/1.0.106/gcc/dev/atmega2560/avr6/crtatmega2560.o
 *(.init9)
 *(.text)
 .text          0x0000087a        0x2 C:/Program Files (x86)/Atmel/Studio/7.0/Packs/atmel/ATmega_DFP/1.0.106/gcc/dev/atmega2560/avr6/crtatmega2560.o
                0x0000087a                __vector_38
                0x0000087a                __vector_22
                0x0000087a                __vector_28
                0x0000087a                __vector_34
                0x0000087a                __vector_24
                0x0000087a                __vector_12
                0x0000087a                __vector_46
                0x0000087a                __bad_interrupt
                0x0000087a                __vector_31
                0x0000087a                __vector_35
                0x0000087a                __vector_30
                0x0000087a                __vector_45
                0x0000087a                __vector_11
                0x0000087a                __vector_13
                0x0000087a                __vector_19
                0x0000087a                __vector_56
                0x0000087a                __vector_49
                0x0000087a                __vector_41
                0x0000087a                __vector_43
                0x0000087a                __vector_27
                0x0000087a                __vector_33
                0x0000087a                __vector_47
                0x0000087a                __vector_37
                0x0000087a                __vector_44
                0x0000087a                __vector_9
                0x0000087a                __vector_21
                0x0000087a                __vector_15
                0x0000087a                __vector_36
                0x0000087a                __vector_29
                0x0000087a                __vector_40
                0x0000087a                __vector_48
                0x0000087a                __vector_14
                0x0000087a                __vector_53
                0x0000087a                __vector_10
                0x0000087a                __vector_50
                0x0000087a                __vector_16
                0x0000087a                __vector_18
                0x0000087a                __vector_20
                0x0000087a                __vector_42
                0x0000087c                . = ALIGN (0x2)
 *(.text.*)
 .text._ZN5Print17availableForWriteEv
                0x0000087c        0x6 Adafruit_GFX.o
                0x0000087c                _ZN5Print17availableForWriteEv
 .text._ZN5Print5flushEv
                0x00000882        0x2 Adafruit_GFX.o
                0x00000882                _ZN5Print5flushEv
 .text._ZN12Adafruit_GFX9writeLineEiiiij
                0x00000884      0x152 Adafruit_GFX.o
                0x00000884                _ZN12Adafruit_GFX9writeLineEiiiij
 .text._ZN12Adafruit_GFX10startWriteEv
                0x000009d6        0x2 Adafruit_GFX.o
                0x000009d6                _ZN12Adafruit_GFX10startWriteEv
 .text._ZN12Adafruit_GFX10writePixelEiij
                0x000009d8        0xe Adafruit_GFX.o
                0x000009d8                _ZN12Adafruit_GFX10writePixelEiij
 .text._ZN12Adafruit_GFX14writeFastVLineEiiij
                0x000009e6       0x18 Adafruit_GFX.o
                0x000009e6                _ZN12Adafruit_GFX14writeFastVLineEiiij
 .text._ZN12Adafruit_GFX14writeFastHLineEiiij
                0x000009fe       0x18 Adafruit_GFX.o
                0x000009fe                _ZN12Adafruit_GFX14writeFastHLineEiiij
 .text._ZN12Adafruit_GFX13writeFillRectEiiiij
                0x00000a16       0x20 Adafruit_GFX.o
                0x00000a16                _ZN12Adafruit_GFX13writeFillRectEiiiij
 .text._ZN12Adafruit_GFX8endWriteEv
                0x00000a36        0x2 Adafruit_GFX.o
                0x00000a36                _ZN12Adafruit_GFX8endWriteEv
 .text._ZN12Adafruit_GFX13drawFastVLineEiiij
                0x00000a38       0x8a Adafruit_GFX.o
                0x00000a38                _ZN12Adafruit_GFX13drawFastVLineEiiij
 .text._ZN12Adafruit_GFX13drawFastHLineEiiij
                0x00000ac2       0x88 Adafruit_GFX.o
                0x00000ac2                _ZN12Adafruit_GFX13drawFastHLineEiiij
 .text._ZN12Adafruit_GFX8fillRectEiiiij
                0x00000b4a       0xa2 Adafruit_GFX.o
                0x00000b4a                _ZN12Adafruit_GFX8fillRectEiiiij
 .text._ZN12Adafruit_GFX10fillScreenEj
                0x00000bec       0x3c Adafruit_GFX.o
                0x00000bec                _ZN12Adafruit_GFX10fillScreenEj
 .text._ZN12Adafruit_GFX8drawLineEiiiij
                0x00000c28       0xec Adafruit_GFX.o
                0x00000c28                _ZN12Adafruit_GFX8drawLineEiiiij
 .text._ZN12Adafruit_GFX8drawRectEiiiij
                0x00000d14       0xbe Adafruit_GFX.o
                0x00000d14                _ZN12Adafruit_GFX8drawRectEiiiij
 .text._ZN12Adafruit_GFX13invertDisplayEb
                0x00000dd2        0x2 Adafruit_GFX.o
                0x00000dd2                _ZN12Adafruit_GFX13invertDisplayEb
 .text._ZN12Adafruit_GFX11setRotationEh
                0x00000dd4       0x2a Adafruit_GFX.o
                0x00000dd4                _ZN12Adafruit_GFX11setRotationEh
 .text._ZN12Adafruit_GFXC2Eii
                0x00000dfe       0x42 Adafruit_GFX.o
                0x00000dfe                _ZN12Adafruit_GFXC2Eii
                0x00000dfe                _ZN12Adafruit_GFXC1Eii
 .text._ZN12Adafruit_GFX8drawCharEiihjjh
                0x00000e40      0x42c Adafruit_GFX.o
                0x00000e40                _ZN12Adafruit_GFX8drawCharEiihjjh
 .text._ZN12Adafruit_GFX5writeEh
                0x0000126c      0x1a8 Adafruit_GFX.o
                0x0000126c                _ZN12Adafruit_GFX5writeEh
 .text._ZN12Adafruit_GFX9setCursorEii
                0x00001414        0xc Adafruit_GFX.o
                0x00001414                _ZN12Adafruit_GFX9setCursorEii
 .text._ZN12Adafruit_GFX11setTextSizeEh
                0x00001420        0xc Adafruit_GFX.o
                0x00001420                _ZN12Adafruit_GFX11setTextSizeEh
 .text._ZN12Adafruit_GFX12setTextColorEj
                0x0000142c        0xc Adafruit_GFX.o
                0x0000142c                _ZN12Adafruit_GFX12setTextColorEj
 .text._ZNK12Adafruit_GFX11getRotationEv
                0x00001438        0x6 Adafruit_GFX.o
                0x00001438                _ZNK12Adafruit_GFX11getRotationEv
 .text._ZNK12Adafruit_GFX5widthEv
                0x0000143e        0x8 Adafruit_GFX.o
                0x0000143e                _ZNK12Adafruit_GFX5widthEv
 .text._ZNK12Adafruit_GFX6heightEv
                0x00001446        0x8 Adafruit_GFX.o
                0x00001446                _ZNK12Adafruit_GFX6heightEv
 .text._ZN16Adafruit_SSD130613drawFastHLineEiiij
                0x0000144e      0x2b4 Adafruit_SSD1306.o
                0x0000144e                _ZN16Adafruit_SSD130613drawFastHLineEiiij
 .text._ZN16Adafruit_SSD130613drawFastVLineEiiij
                0x00001702      0x2b4 Adafruit_SSD1306.o
                0x00001702                _ZN16Adafruit_SSD130613drawFastVLineEiiij
 .text._ZN16Adafruit_SSD13069drawPixelEiij
                0x000019b6      0x168 Adafruit_SSD1306.o
                0x000019b6                _ZN16Adafruit_SSD13069drawPixelEiij
 .text._ZN16Adafruit_SSD1306C2Ea
                0x00001b1e       0x30 Adafruit_SSD1306.o
                0x00001b1e                _ZN16Adafruit_SSD1306C2Ea
                0x00001b1e                _ZN16Adafruit_SSD1306C1Ea
 .text._ZN16Adafruit_SSD130612clearDisplayEv
                0x00001b4e       0x16 Adafruit_SSD1306.o
                0x00001b4e                _ZN16Adafruit_SSD130612clearDisplayEv
 .text._ZN16Adafruit_SSD130612fastSPIwriteEh
                0x00001b64       0x5a Adafruit_SSD1306.o
                0x00001b64                _ZN16Adafruit_SSD130612fastSPIwriteEh
 .text._ZN16Adafruit_SSD130615ssd1306_commandEh
                0x00001bbe       0x82 Adafruit_SSD1306.o
                0x00001bbe                _ZN16Adafruit_SSD130615ssd1306_commandEh
 .text._ZN16Adafruit_SSD13065beginEhhb
                0x00001c40      0x236 Adafruit_SSD1306.o
                0x00001c40                _ZN16Adafruit_SSD13065beginEhhb
 .text._ZN16Adafruit_SSD13067displayEv
                0x00001e76       0xf4 Adafruit_SSD1306.o
                0x00001e76                _ZN16Adafruit_SSD13067displayEv
 .text._ZN14HardwareSerial5writeEi
                0x00001f6a        0xe ComwithGY25.o
                0x00001f6a                _ZN14HardwareSerial5writeEi
 .text._ZN11ComwithGY2510singleModeEv
                0x00001f78       0x14 ComwithGY25.o
                0x00001f78                _ZN11ComwithGY2510singleModeEv
 .text._ZN11ComwithGY2510correctYawEv
                0x00001f8c       0x14 ComwithGY25.o
                0x00001f8c                _ZN11ComwithGY2510correctYawEv
 .text._ZN11ComwithGY255beginEv
                0x00001fa0       0x40 ComwithGY25.o
                0x00001fa0                _ZN11ComwithGY255beginEv
 .text.startup._GLOBAL__sub_I__ZN11ComwithGY25C2Ev
                0x00001fe0        0xa ComwithGY25.o
 .text._ZN11ComwithGY257refreshEv
                0x00001fea       0xf6 ComwithGY25.o
                0x00001fea                _ZN11ComwithGY257refreshEv
 .text._ZN12ComwithMotorC2Ev
                0x000020e0       0x4e ComwithMotor.o
                0x000020e0                _ZN12ComwithMotorC1Ev
                0x000020e0                _ZN12ComwithMotorC2Ev
 .text._ZN12ComwithMotor7SendAtoENS_5MotorEi
                0x0000212e       0x36 ComwithMotor.o
                0x0000212e                _ZN12ComwithMotor7SendAtoENS_5MotorEi
 .text._ZN12ComwithMotor10SendAtoALLEiiii
                0x00002164       0x44 ComwithMotor.o
                0x00002164                _ZN12ComwithMotor10SendAtoALLEiiii
 .text._ZN12ComwithMotor7SendKtoENS_5MotorEddd
                0x000021a8       0xc6 ComwithMotor.o
                0x000021a8                _ZN12ComwithMotor7SendKtoENS_5MotorEddd
 .text._ZN12ComwithMotor10SendKtoALLEddd
                0x0000226e       0xa2 ComwithMotor.o
                0x0000226e                _ZN12ComwithMotor10SendKtoALLEddd
 .text._ZN12ComwithMotor9ReadBfromENS_5MotorE
                0x00002310       0x46 ComwithMotor.o
                0x00002310                _ZN12ComwithMotor9ReadBfromENS_5MotorE
 .text._ZN12ComwithMotor5beginEv
                0x00002356       0xf0 ComwithMotor.o
                0x00002356                _ZN12ComwithMotor5beginEv
 .text._ZN9ComwithPCC2Ev
                0x00002446        0x2 ComwithPC.o
                0x00002446                _ZN9ComwithPCC2Ev
                0x00002446                _ZN9ComwithPCC1Ev
 .text._ZN9ComwithPC5beginEm
                0x00002448       0x16 ComwithPC.o
                0x00002448                _ZN9ComwithPC5beginEm
 .text._ZN9ComwithPC7tellXYPEddd
                0x0000245e       0xcc ComwithPC.o
                0x0000245e                _ZN9ComwithPC7tellXYPEddd
 .text._ZN11ComwithShot5beginEv
                0x0000252a       0x3e ComwithShot.o
                0x0000252a                _ZN11ComwithShot5beginEv
 .text._ZN11ComwithShot14SendXYPandSHOTEddd
                0x00002568      0x136 ComwithShot.o
                0x00002568                _ZN11ComwithShot14SendXYPandSHOTEddd
 .text.startup._GLOBAL__sub_I__ZN11ComwithShotC2Ev
                0x0000269e       0x14 ComwithShot.o
 .text._ZN7DisplayC2Ev
                0x000026b2       0x90 Display.o
                0x000026b2                _ZN7DisplayC2Ev
                0x000026b2                _ZN7DisplayC1Ev
 .text._ZN7Display5beginEv
                0x00002742       0x24 Display.o
                0x00002742                _ZN7Display5beginEv
 .text._ZN7Display7refreshEiiiiddd6Stringddd
                0x00002766      0x2fa Display.o
                0x00002766                _ZN7Display7refreshEiiiiddd6Stringddd
 .text.startup._GLOBAL__sub_I_display
                0x00002a60        0x8 Display.o
 .text._ZN10KinematicsC2Eiffi
                0x00002a68       0x9a Kinematics.o
                0x00002a68                _ZN10KinematicsC1Eiffi
                0x00002a68                _ZN10KinematicsC2Eiffi
 .text._ZN10Kinematics6getRPMEfff
                0x00002b02      0x1ea Kinematics.o
                0x00002b02                _ZN10Kinematics6getRPMEfff
 .text._ZN10Kinematics8rpmToPWMEi
                0x00002cec       0x5a Kinematics.o
                0x00002cec                _ZN10Kinematics8rpmToPWMEi
 .text._ZN10Kinematics6getPWMEfff
                0x00002d46      0x256 Kinematics.o
                0x00002d46                _ZN10Kinematics6getPWMEfff
 .text._ZN6mMotorC2Ev
                0x00002f9c       0x28 mMotor.o
                0x00002f9c                _ZN6mMotorC1Ev
                0x00002f9c                _ZN6mMotorC2Ev
 .text._ZL7nothingv
                0x00002fc4        0x2 Timer3.o
 .text._ZN6Timer3C2Ev
                0x00002fc6       0x2a Timer3.o
                0x00002fc6                _ZN6Timer3C2Ev
                0x00002fc6                _ZN6Timer3C1Ev
 .text._ZN6Timer3D2Ev
                0x00002ff0        0x4 Timer3.o
                0x00002ff0                _ZN6Timer3D2Ev
                0x00002ff0                _ZN6Timer3D1Ev
 .text.__vector_32
                0x00002ff4       0x56 Timer3.o
                0x00002ff4                __vector_32
 .text._ZN4mPS2C2Ev
                0x0000304a       0x46 mPS2.o
                0x0000304a                _ZN4mPS2C2Ev
                0x0000304a                _ZN4mPS2C1Ev
 .text._ZN4mPS25beginEv
                0x00003090      0x11a mPS2.o
                0x00003090                _ZN4mPS25beginEv
 .text._ZN4mPS27refreshEv
                0x000031aa      0x318 mPS2.o
                0x000031aa                _ZN4mPS27refreshEv
 .text._ZN4PathC2Ev
                0x000034c2      0x12a Path.o
                0x000034c2                _ZN4PathC2Ev
                0x000034c2                _ZN4PathC1Ev
 .text._ZN4Path7p_increEv
                0x000035ec       0x2c Path.o
                0x000035ec                _ZN4Path7p_increEv
 .text._ZN4Path7p_decreEv
                0x00003618       0x2c Path.o
                0x00003618                _ZN4Path7p_decreEv
 .text._ZN4Path7pd_saveEv
                0x00003644       0x60 Path.o
                0x00003644                _ZN4Path7pd_saveEv
 .text._ZN4Path7pd_readEv
                0x000036a4       0x78 Path.o
                0x000036a4                _ZN4Path7pd_readEv
 .text._ZN4Path12CcltAngleSubEdd
                0x0000371c       0x7a Path.o
                0x0000371c                _ZN4Path12CcltAngleSubEdd
 .text._ZN4Path9gotoPointEddddd
                0x00003796      0x5d6 Path.o
                0x00003796                _ZN4Path9gotoPointEddddd
 .text._ZN4Path9rotatetoPEdd
                0x00003d6c      0x2ce Path.o
                0x00003d6c                _ZN4Path9rotatetoPEdd
 .text.startup._GLOBAL__sub_I_angle
                0x0000403a        0x6 Path.o
 .text._ZN4PS2X14NewButtonStateEv
                0x00004040       0x16 PS2X_lib.o
                0x00004040                _ZN4PS2X14NewButtonStateEv
 .text._ZN4PS2X14NewButtonStateEj
                0x00004056       0x1c PS2X_lib.o
                0x00004056                _ZN4PS2X14NewButtonStateEj
 .text._ZN4PS2X13ButtonPressedEj
                0x00004072       0x38 PS2X_lib.o
                0x00004072                _ZN4PS2X13ButtonPressedEj
 .text._ZN4PS2X14ButtonReleasedEj
                0x000040aa       0x38 PS2X_lib.o
                0x000040aa                _ZN4PS2X14ButtonReleasedEj
 .text._ZN4PS2X6ButtonEj
                0x000040e2       0x18 PS2X_lib.o
                0x000040e2                _ZN4PS2X6ButtonEj
 .text._ZN4PS2X6AnalogEh
                0x000040fa        0xa PS2X_lib.o
                0x000040fa                _ZN4PS2X6AnalogEh
 .text._ZN4PS2X8readTypeEv
                0x00004104       0x20 PS2X_lib.o
                0x00004104                _ZN4PS2X8readTypeEv
 .text._ZN4PS2X7CLK_SETEv
                0x00004124       0x1c PS2X_lib.o
                0x00004124                _ZN4PS2X7CLK_SETEv
 .text._ZN4PS2X7CMD_SETEv
                0x00004140       0x1c PS2X_lib.o
                0x00004140                _ZN4PS2X7CMD_SETEv
 .text._ZN4PS2X19_gamepad_shiftinoutEc
                0x0000415c       0xce PS2X_lib.o
                0x0000415c                _ZN4PS2X19_gamepad_shiftinoutEc
 .text._ZN4PS2X7ATT_SETEv
                0x0000422a       0x1c PS2X_lib.o
                0x0000422a                _ZN4PS2X7ATT_SETEv
 .text._ZN4PS2X7ATT_CLREv
                0x00004246       0x1e PS2X_lib.o
                0x00004246                _ZN4PS2X7ATT_CLREv
 .text._ZN4PS2X17sendCommandStringEPhh
                0x00004264       0x54 PS2X_lib.o
                0x00004264                _ZN4PS2X17sendCommandStringEPhh
 .text._ZN4PS2X16reconfig_gamepadEv
                0x000042b8       0x46 PS2X_lib.o
                0x000042b8                _ZN4PS2X16reconfig_gamepadEv
 .text._ZN4PS2X12read_gamepadEbh
                0x000042fe      0x1fc PS2X_lib.o
                0x000042fe                _ZN4PS2X12read_gamepadEbh
 .text._ZN4PS2X12read_gamepadEv
                0x000044fa        0x6 PS2X_lib.o
                0x000044fa                _ZN4PS2X12read_gamepadEv
 .text._ZN4PS2X14config_gamepadEhhhhbb
                0x00004500      0x286 PS2X_lib.o
                0x00004500                _ZN4PS2X14config_gamepadEhhhhbb
 .text._ZN11SensorBoardC2Ev
                0x00004786       0x66 SensorBoard.o
                0x00004786                _ZN11SensorBoardC1Ev
                0x00004786                _ZN11SensorBoardC2Ev
 .text._ZN11SensorBoard7getInfoEv
                0x000047ec      0x106 SensorBoard.o
                0x000047ec                _ZN11SensorBoard7getInfoEv
 .text._Z11POS_refreshv
                0x000048f2      0x316 Sketch.o
                0x000048f2                _Z11POS_refreshv
 .text._Z5startv
                0x00004c08       0x20 Sketch.o
                0x00004c08                _Z5startv
 .text._Z6blinkXv
                0x00004c28       0x3e Sketch.o
                0x00004c28                _Z6blinkXv
 .text._Z6blinkYv
                0x00004c66       0x3e Sketch.o
                0x00004c66                _Z6blinkYv
 .text._Z6blinkPv
                0x00004ca4       0x3e Sketch.o
                0x00004ca4                _Z6blinkPv
 .text._Z9POS_beginv
                0x00004ce2       0x5a Sketch.o
                0x00004ce2                _Z9POS_beginv
 .text.setup    0x00004d3c      0x100 Sketch.o
                0x00004d3c                setup
 .text.loop     0x00004e3c     0x1228 Sketch.o
                0x00004e3c                loop
 .text._Z12serialEvent3v
                0x00006064        0x8 Sketch.o
                0x00006064                _Z12serialEvent3v
 .text.startup._GLOBAL__sub_I_x
                0x0000606c       0x84 Sketch.o
 .text.exit._GLOBAL__sub_D_x
                0x000060f0       0x1e Sketch.o
 .text._Z12receiveEventi
                0x0000610e       0x14 Sketch.o
                0x0000610e                _Z12receiveEventi
 .text._ZN8SPIClass5beginEv
                0x00006122       0x6c src/libraries/SPI/src/SPI.o
                0x00006122                _ZN8SPIClass5beginEv
 .text.twi_init
                0x0000618e       0x3c src/libraries/Wire/src/utility/twi.o
                0x0000618e                twi_init
 .text.twi_setAddress
                0x000061ca        0x8 src/libraries/Wire/src/utility/twi.o
                0x000061ca                twi_setAddress
 .text.twi_setFrequency
                0x000061d2       0x28 src/libraries/Wire/src/utility/twi.o
                0x000061d2                twi_setFrequency
 .text.twi_readFrom
                0x000061fa       0x90 src/libraries/Wire/src/utility/twi.o
                0x000061fa                twi_readFrom
 .text.twi_writeTo
                0x0000628a       0xac src/libraries/Wire/src/utility/twi.o
                0x0000628a                twi_writeTo
 .text.twi_transmit
                0x00006336       0x50 src/libraries/Wire/src/utility/twi.o
                0x00006336                twi_transmit
 .text.twi_attachSlaveRxEvent
                0x00006386        0xa src/libraries/Wire/src/utility/twi.o
                0x00006386                twi_attachSlaveRxEvent
 .text.twi_attachSlaveTxEvent
                0x00006390        0xa src/libraries/Wire/src/utility/twi.o
                0x00006390                twi_attachSlaveTxEvent
 .text.twi_stop
                0x0000639a       0x14 src/libraries/Wire/src/utility/twi.o
                0x0000639a                twi_stop
 .text.twi_releaseBus
                0x000063ae        0xc src/libraries/Wire/src/utility/twi.o
                0x000063ae                twi_releaseBus
 .text.__vector_39
                0x000063ba      0x25c src/libraries/Wire/src/utility/twi.o
                0x000063ba                __vector_39
 .text._ZN7TwoWire9availableEv
                0x00006616       0x10 src/libraries/Wire/src/Wire.o
                0x00006616                _ZN7TwoWire9availableEv
 .text._ZN7TwoWire4readEv
                0x00006626       0x28 src/libraries/Wire/src/Wire.o
                0x00006626                _ZN7TwoWire4readEv
 .text._ZN7TwoWire4peekEv
                0x0000664e       0x1e src/libraries/Wire/src/Wire.o
                0x0000664e                _ZN7TwoWire4peekEv
 .text._ZN7TwoWire5flushEv
                0x0000666c        0x2 src/libraries/Wire/src/Wire.o
                0x0000666c                _ZN7TwoWire5flushEv
 .text._ZN7TwoWire16onReceiveServiceEPhi
                0x0000666e       0x48 src/libraries/Wire/src/Wire.o
                0x0000666e                _ZN7TwoWire16onReceiveServiceEPhi
 .text._ZN7TwoWire16onRequestServiceEv
                0x000066b6       0x18 src/libraries/Wire/src/Wire.o
                0x000066b6                _ZN7TwoWire16onRequestServiceEv
 .text._ZN7TwoWire5writeEPKhj
                0x000066ce       0x5e src/libraries/Wire/src/Wire.o
                0x000066ce                _ZN7TwoWire5writeEPKhj
 .text._ZN7TwoWire5writeEh
                0x0000672c       0x5c src/libraries/Wire/src/Wire.o
                0x0000672c                _ZN7TwoWire5writeEh
 .text._ZN7TwoWireC2Ev
                0x00006788       0x20 src/libraries/Wire/src/Wire.o
                0x00006788                _ZN7TwoWireC1Ev
                0x00006788                _ZN7TwoWireC2Ev
 .text._ZN7TwoWire5beginEv
                0x000067a8       0x12 src/libraries/Wire/src/Wire.o
                0x000067a8                _ZN7TwoWire5beginEv
 .text._ZN7TwoWire5beginEh
                0x000067ba       0x1e src/libraries/Wire/src/Wire.o
                0x000067ba                _ZN7TwoWire5beginEh
 .text._ZN7TwoWire5beginEi
                0x000067d8        0x2 src/libraries/Wire/src/Wire.o
                0x000067d8                _ZN7TwoWire5beginEi
 .text._ZN7TwoWire8setClockEm
                0x000067da        0x6 src/libraries/Wire/src/Wire.o
                0x000067da                _ZN7TwoWire8setClockEm
 .text._ZN7TwoWire17beginTransmissionEh
                0x000067e0       0x14 src/libraries/Wire/src/Wire.o
                0x000067e0                _ZN7TwoWire17beginTransmissionEh
 .text._ZN7TwoWire17beginTransmissionEi
                0x000067f4        0x2 src/libraries/Wire/src/Wire.o
                0x000067f4                _ZN7TwoWire17beginTransmissionEi
 .text._ZN7TwoWire15endTransmissionEh
                0x000067f6       0x24 src/libraries/Wire/src/Wire.o
                0x000067f6                _ZN7TwoWire15endTransmissionEh
 .text._ZN7TwoWire11requestFromEhhmhh
                0x0000681a       0xa2 src/libraries/Wire/src/Wire.o
                0x0000681a                _ZN7TwoWire11requestFromEhhmhh
 .text._ZN7TwoWire11requestFromEhhh
                0x000068bc       0x1e src/libraries/Wire/src/Wire.o
                0x000068bc                _ZN7TwoWire11requestFromEhhh
 .text._ZN7TwoWire11requestFromEii
                0x000068da        0x4 src/libraries/Wire/src/Wire.o
                0x000068da                _ZN7TwoWire11requestFromEii
 .text._ZN7TwoWire15endTransmissionEv
                0x000068de        0x4 src/libraries/Wire/src/Wire.o
                0x000068de                _ZN7TwoWire15endTransmissionEv
 .text._ZN7TwoWire9onReceiveEPFviE
                0x000068e2        0xa src/libraries/Wire/src/Wire.o
                0x000068e2                _ZN7TwoWire9onReceiveEPFviE
 .text.startup._GLOBAL__sub_I__ZN7TwoWire8rxBufferE
                0x000068ec        0x6 src/libraries/Wire/src/Wire.o
 .text._Z14read_DeFenBallv
                0x000068f2       0x18 tasks.o
                0x000068f2                _Z14read_DeFenBallv
 .text._Z12askforFenQiuv
                0x0000690a       0x46 tasks.o
                0x0000690a                _Z12askforFenQiuv
 .text._Z8toFenQiuv
                0x00006950       0x1c tasks.o
                0x00006950                _Z8toFenQiuv
 .text._ZL7nothingv
                0x0000696c        0x2 Timer1.o
 .text._ZN6Timer116select_prescalerEi
                0x0000696e       0xc8 Timer1.o
                0x0000696e                _ZN6Timer116select_prescalerEi
 .text._ZN6Timer1C2Ev
                0x00006a36       0x2a Timer1.o
                0x00006a36                _ZN6Timer1C1Ev
                0x00006a36                _ZN6Timer1C2Ev
 .text._ZN6Timer17setModeE6Stringi
                0x00006a60       0xde Timer1.o
                0x00006a60                _ZN6Timer17setModeE6Stringi
 .text._ZN6Timer115attachInterruptEPFvvE
                0x00006b3e        0xa Timer1.o
                0x00006b3e                _ZN6Timer115attachInterruptEPFvvE
 .text._ZN6Timer1D2Ev
                0x00006b48        0x4 Timer1.o
                0x00006b48                _ZN6Timer1D1Ev
                0x00006b48                _ZN6Timer1D2Ev
 .text.__vector_17
                0x00006b4c       0x56 Timer1.o
                0x00006b4c                __vector_17
 .text.avr-libc.fplib
                0x00006ba2        0xa c:/program files (x86)/atmel/studio/7.0/toolchain/avr8/avr8-gnu-toolchain/bin/../lib/gcc/avr/4.9.2/../../../../avr/lib/avr6\libm.a(addsf3.o)
                0x00006ba2                __subsf3
                0x00006ba4                __addsf3
 .text.avr-libc.fplib
                0x00006bac       0xc0 c:/program files (x86)/atmel/studio/7.0/toolchain/avr8/avr8-gnu-toolchain/bin/../lib/gcc/avr/4.9.2/../../../../avr/lib/avr6\libm.a(addsf3x.o)
                0x00006bc6                __addsf3x
 .text.avr-libc.fplib
                0x00006c6c       0x74 c:/program files (x86)/atmel/studio/7.0/toolchain/avr8/avr8-gnu-toolchain/bin/../lib/gcc/avr/4.9.2/../../../../avr/lib/avr6\libm.a(atan2.o)
                0x00006c8a                atan2
 .text.avr-libc.fplib
                0x00006ce0       0x50 c:/program files (x86)/atmel/studio/7.0/toolchain/avr8/avr8-gnu-toolchain/bin/../lib/gcc/avr/4.9.2/../../../../avr/lib/avr6\libm.a(atan.o)
                0x00006ce0                atan
 .text.avr-libc.fplib
                0x00006d30        0x8 c:/program files (x86)/atmel/studio/7.0/toolchain/avr8/avr8-gnu-toolchain/bin/../lib/gcc/avr/4.9.2/../../../../avr/lib/avr6\libm.a(cmpsf2.o)
                0x00006d30                __nesf2
                0x00006d30                __eqsf2
                0x00006d30                __cmpsf2
                0x00006d30                __ltsf2
                0x00006d30                __lesf2
 .text.avr-libc.fplib
                0x00006d38        0x6 c:/program files (x86)/atmel/studio/7.0/toolchain/avr8/avr8-gnu-toolchain/bin/../lib/gcc/avr/4.9.2/../../../../avr/lib/avr6\libm.a(cos.o)
                0x00006d38                cos
 .text.avr-libc.fplib
                0x00006d3e        0x4 c:/program files (x86)/atmel/studio/7.0/toolchain/avr8/avr8-gnu-toolchain/bin/../lib/gcc/avr/4.9.2/../../../../avr/lib/avr6\libm.a(divsf3.o)
                0x00006d3e                __divsf3
 .text.avr-libc.fplib
                0x00006d42       0xcc c:/program files (x86)/atmel/studio/7.0/toolchain/avr8/avr8-gnu-toolchain/bin/../lib/gcc/avr/4.9.2/../../../../avr/lib/avr6\libm.a(divsf3x.o)
                0x00006d58                __divsf3x
                0x00006d5c                __divsf3_pse
 .text.avr-libc.fplib
                0x00006e0e        0xa c:/program files (x86)/atmel/studio/7.0/toolchain/avr8/avr8-gnu-toolchain/bin/../lib/gcc/avr/4.9.2/../../../../avr/lib/avr6\libm.a(fixsfsi.o)
                0x00006e0e                __fixsfsi
 .text.avr-libc.fplib
                0x00006e18       0x58 c:/program files (x86)/atmel/studio/7.0/toolchain/avr8/avr8-gnu-toolchain/bin/../lib/gcc/avr/4.9.2/../../../../avr/lib/avr6\libm.a(fixunssfsi.o)
                0x00006e18                __fixunssfsi
 .text.avr-libc.fplib
                0x00006e70       0x7a c:/program files (x86)/atmel/studio/7.0/toolchain/avr8/avr8-gnu-toolchain/bin/../lib/gcc/avr/4.9.2/../../../../avr/lib/avr6\libm.a(floatsisf.o)
                0x00006e70                __floatunsisf
                0x00006e74                __floatsisf
 .text.avr-libc.fplib
                0x00006eea       0x48 c:/program files (x86)/atmel/studio/7.0/toolchain/avr8/avr8-gnu-toolchain/bin/../lib/gcc/avr/4.9.2/../../../../avr/lib/avr6\libm.a(fp_cmp.o)
                0x00006eea                __fp_cmp
 .text.avr-libc.fplib
                0x00006f32        0xc c:/program files (x86)/atmel/studio/7.0/toolchain/avr8/avr8-gnu-toolchain/bin/../lib/gcc/avr/4.9.2/../../../../avr/lib/avr6\libm.a(fp_inf.o)
                0x00006f32                __fp_inf
 .text.avr-libc.fplib
                0x00006f3e        0x6 c:/program files (x86)/atmel/studio/7.0/toolchain/avr8/avr8-gnu-toolchain/bin/../lib/gcc/avr/4.9.2/../../../../avr/lib/avr6\libm.a(fp_nan.o)
                0x00006f3e                __fp_nan
 .text.avr-libc.fplib
                0x00006f44       0x4a c:/program files (x86)/atmel/studio/7.0/toolchain/avr8/avr8-gnu-toolchain/bin/../lib/gcc/avr/4.9.2/../../../../avr/lib/avr6\libm.a(fp_powser.o)
                0x00006f44                __fp_powser
 .text.avr-libc.fplib
                0x00006f8e        0xe c:/program files (x86)/atmel/studio/7.0/toolchain/avr8/avr8-gnu-toolchain/bin/../lib/gcc/avr/4.9.2/../../../../avr/lib/avr6\libm.a(fp_pscA.o)
                0x00006f8e                __fp_pscA
 .text.avr-libc.fplib
                0x00006f9c        0xe c:/program files (x86)/atmel/studio/7.0/toolchain/avr8/avr8-gnu-toolchain/bin/../lib/gcc/avr/4.9.2/../../../../avr/lib/avr6\libm.a(fp_pscB.o)
                0x00006f9c                __fp_pscB
 .text.avr-libc.fplib
                0x00006faa       0x50 c:/program files (x86)/atmel/studio/7.0/toolchain/avr8/avr8-gnu-toolchain/bin/../lib/gcc/avr/4.9.2/../../../../avr/lib/avr6\libm.a(fp_rempio2.o)
                0x00006fac                __fp_rempio2
 .text.avr-libc.fplib
                0x00006ffa       0x22 c:/program files (x86)/atmel/studio/7.0/toolchain/avr8/avr8-gnu-toolchain/bin/../lib/gcc/avr/4.9.2/../../../../avr/lib/avr6\libm.a(fp_round.o)
                0x00006ffa                __fp_round
 .text.avr-libc.fplib
                0x0000701c       0x22 c:/program files (x86)/atmel/studio/7.0/toolchain/avr8/avr8-gnu-toolchain/bin/../lib/gcc/avr/4.9.2/../../../../avr/lib/avr6\libm.a(fp_sinus.o)
                0x0000701c                __fp_sinus
 .text.avr-libc.fplib
                0x0000703e       0x44 c:/program files (x86)/atmel/studio/7.0/toolchain/avr8/avr8-gnu-toolchain/bin/../lib/gcc/avr/4.9.2/../../../../avr/lib/avr6\libm.a(fp_split3.o)
                0x0000703e                __fp_split3
                0x0000704e                __fp_splitA
 .text.avr-libc.fplib
                0x00007082        0xe c:/program files (x86)/atmel/studio/7.0/toolchain/avr8/avr8-gnu-toolchain/bin/../lib/gcc/avr/4.9.2/../../../../avr/lib/avr6\libm.a(fp_zero.o)
                0x00007082                __fp_zero
                0x00007084                __fp_szero
 .text.avr-libc.fplib
                0x00007090        0x8 c:/program files (x86)/atmel/studio/7.0/toolchain/avr8/avr8-gnu-toolchain/bin/../lib/gcc/avr/4.9.2/../../../../avr/lib/avr6\libm.a(gesf2.o)
                0x00007090                __gesf2
                0x00007090                __gtsf2
 .text.avr-libc.fplib
                0x00007098        0xe c:/program files (x86)/atmel/studio/7.0/toolchain/avr8/avr8-gnu-toolchain/bin/../lib/gcc/avr/4.9.2/../../../../avr/lib/avr6\libm.a(inverse.o)
                0x00007098                inverse
 .text.avr-libc.fplib
                0x000070a6        0x4 c:/program files (x86)/atmel/studio/7.0/toolchain/avr8/avr8-gnu-toolchain/bin/../lib/gcc/avr/4.9.2/../../../../avr/lib/avr6\libm.a(mulsf3.o)
                0x000070a6                __mulsf3
 .text.avr-libc.fplib
                0x000070aa       0xc2 c:/program files (x86)/atmel/studio/7.0/toolchain/avr8/avr8-gnu-toolchain/bin/../lib/gcc/avr/4.9.2/../../../../avr/lib/avr6\libm.a(mulsf3x.o)
                0x000070be                __mulsf3x
                0x000070c2                __mulsf3_pse
 .text.avr-libc.fplib
                0x0000716c       0x98 c:/program files (x86)/atmel/studio/7.0/toolchain/avr8/avr8-gnu-toolchain/bin/../lib/gcc/avr/4.9.2/../../../../avr/lib/avr6\libm.a(pow.o)
                0x0000716c                pow
 .text.avr-libc.fplib
                0x00007204        0xc c:/program files (x86)/atmel/studio/7.0/toolchain/avr8/avr8-gnu-toolchain/bin/../lib/gcc/avr/4.9.2/../../../../avr/lib/avr6\libm.a(sin.o)
                0x00007204                sin
 .text.avr-libc.fplib
                0x00007210       0x84 c:/program files (x86)/atmel/studio/7.0/toolchain/avr8/avr8-gnu-toolchain/bin/../lib/gcc/avr/4.9.2/../../../../avr/lib/avr6\libm.a(sqrt.o)
                0x00007218                sqrtf
                0x00007218                sqrt
 .text.avr-libc.fplib
                0x00007294        0x6 c:/program files (x86)/atmel/studio/7.0/toolchain/avr8/avr8-gnu-toolchain/bin/../lib/gcc/avr/4.9.2/../../../../avr/lib/avr6\libm.a(square.o)
                0x00007294                square
 .text.avr-libc.fplib
                0x0000729a       0x62 c:/program files (x86)/atmel/studio/7.0/toolchain/avr8/avr8-gnu-toolchain/bin/../lib/gcc/avr/4.9.2/../../../../avr/lib/avr6\libm.a(exp.o)
                0x000072a4                exp
 .text.avr-libc.fplib
                0x000072fc       0x1c c:/program files (x86)/atmel/studio/7.0/toolchain/avr8/avr8-gnu-toolchain/bin/../lib/gcc/avr/4.9.2/../../../../avr/lib/avr6\libm.a(fp_mpack.o)
                0x000072fc                __fp_mpack
                0x00007300                __fp_mpack_finite
 .text.avr-libc.fplib
                0x00007318        0xe c:/program files (x86)/atmel/studio/7.0/toolchain/avr8/avr8-gnu-toolchain/bin/../lib/gcc/avr/4.9.2/../../../../avr/lib/avr6\libm.a(fp_norm2.o)
                0x00007318                __fp_norm2
 .text.avr-libc.fplib
                0x00007326       0x22 c:/program files (x86)/atmel/studio/7.0/toolchain/avr8/avr8-gnu-toolchain/bin/../lib/gcc/avr/4.9.2/../../../../avr/lib/avr6\libm.a(fp_powsodd.o)
                0x00007326                __fp_powsodd
 .text.avr-libc.fplib
                0x00007348       0x6c c:/program files (x86)/atmel/studio/7.0/toolchain/avr8/avr8-gnu-toolchain/bin/../lib/gcc/avr/4.9.2/../../../../avr/lib/avr6\libm.a(ldexp.o)
                0x0000734c                ldexp
 .text.avr-libc.fplib
                0x000073b4       0x8a c:/program files (x86)/atmel/studio/7.0/toolchain/avr8/avr8-gnu-toolchain/bin/../lib/gcc/avr/4.9.2/../../../../avr/lib/avr6\libm.a(log.o)
                0x000073be                log
 .text.avr-libc.fplib
                0x0000743e       0x66 c:/program files (x86)/atmel/studio/7.0/toolchain/avr8/avr8-gnu-toolchain/bin/../lib/gcc/avr/4.9.2/../../../../avr/lib/avr6\libm.a(modf.o)
                0x0000743e                modf
                0x0000743e                modff
 .text.__cxa_pure_virtual
                0x000074a4        0x4 I:\atmel studio\led2\ArduinoSketch42\ArduinoSketch42\ArduinoCore\Debug\libArduinoCore.a(abi.o)
                0x000074a4                __cxa_pure_virtual
 .text._ZN14HardwareSerial9availableEv
                0x000074a8       0x18 I:\atmel studio\led2\ArduinoSketch42\ArduinoSketch42\ArduinoCore\Debug\libArduinoCore.a(HardwareSerial.o)
                0x000074a8                _ZN14HardwareSerial9availableEv
 .text._ZN14HardwareSerial4peekEv
                0x000074c0       0x1c I:\atmel studio\led2\ArduinoSketch42\ArduinoSketch42\ArduinoCore\Debug\libArduinoCore.a(HardwareSerial.o)
                0x000074c0                _ZN14HardwareSerial4peekEv
 .text._ZN14HardwareSerial4readEv
                0x000074dc       0x28 I:\atmel studio\led2\ArduinoSketch42\ArduinoSketch42\ArduinoCore\Debug\libArduinoCore.a(HardwareSerial.o)
                0x000074dc                _ZN14HardwareSerial4readEv
 .text._ZN14HardwareSerial17availableForWriteEv
                0x00007504       0x1e I:\atmel studio\led2\ArduinoSketch42\ArduinoSketch42\ArduinoCore\Debug\libArduinoCore.a(HardwareSerial.o)
                0x00007504                _ZN14HardwareSerial17availableForWriteEv
 .text._Z14serialEventRunv
                0x00007522       0x74 I:\atmel studio\led2\ArduinoSketch42\ArduinoSketch42\ArduinoCore\Debug\libArduinoCore.a(HardwareSerial.o)
                0x00007522                _Z14serialEventRunv
 .text._ZN14HardwareSerial17_tx_udr_empty_irqEv
                0x00007596       0x42 I:\atmel studio\led2\ArduinoSketch42\ArduinoSketch42\ArduinoCore\Debug\libArduinoCore.a(HardwareSerial.o)
                0x00007596                _ZN14HardwareSerial17_tx_udr_empty_irqEv
 .text._ZN14HardwareSerial5flushEv
                0x000075d8       0x42 I:\atmel studio\led2\ArduinoSketch42\ArduinoSketch42\ArduinoCore\Debug\libArduinoCore.a(HardwareSerial.o)
                0x000075d8                _ZN14HardwareSerial5flushEv
 .text._ZN14HardwareSerial5writeEh
                0x0000761a       0x8c I:\atmel studio\led2\ArduinoSketch42\ArduinoSketch42\ArduinoCore\Debug\libArduinoCore.a(HardwareSerial.o)
                0x0000761a                _ZN14HardwareSerial5writeEh
 .text._ZN14HardwareSerial5beginEmh
                0x000076a6       0xca I:\atmel studio\led2\ArduinoSketch42\ArduinoSketch42\ArduinoCore\Debug\libArduinoCore.a(HardwareSerial.o)
                0x000076a6                _ZN14HardwareSerial5beginEmh
 .text.__vector_25
                0x00007770       0x6c I:\atmel studio\led2\ArduinoSketch42\ArduinoSketch42\ArduinoCore\Debug\libArduinoCore.a(HardwareSerial0.o)
                0x00007770                __vector_25
 .text.__vector_26
                0x000077dc       0x52 I:\atmel studio\led2\ArduinoSketch42\ArduinoSketch42\ArduinoCore\Debug\libArduinoCore.a(HardwareSerial0.o)
                0x000077dc                __vector_26
 .text._Z17Serial0_availablev
                0x0000782e       0x12 I:\atmel studio\led2\ArduinoSketch42\ArduinoSketch42\ArduinoCore\Debug\libArduinoCore.a(HardwareSerial0.o)
                0x0000782e                _Z17Serial0_availablev
 .text.startup._GLOBAL__sub_I___vector_25
                0x00007840       0x5a I:\atmel studio\led2\ArduinoSketch42\ArduinoSketch42\ArduinoCore\Debug\libArduinoCore.a(HardwareSerial0.o)
 .text.__vector_51
                0x0000789a       0x6c I:\atmel studio\led2\ArduinoSketch42\ArduinoSketch42\ArduinoCore\Debug\libArduinoCore.a(HardwareSerial2.o)
                0x0000789a                __vector_51
 .text.__vector_52
                0x00007906       0x52 I:\atmel studio\led2\ArduinoSketch42\ArduinoSketch42\ArduinoCore\Debug\libArduinoCore.a(HardwareSerial2.o)
                0x00007906                __vector_52
 .text._Z17Serial2_availablev
                0x00007958       0x12 I:\atmel studio\led2\ArduinoSketch42\ArduinoSketch42\ArduinoCore\Debug\libArduinoCore.a(HardwareSerial2.o)
                0x00007958                _Z17Serial2_availablev
 .text.startup._GLOBAL__sub_I___vector_51
                0x0000796a       0x5a I:\atmel studio\led2\ArduinoSketch42\ArduinoSketch42\ArduinoCore\Debug\libArduinoCore.a(HardwareSerial2.o)
 .text.__vector_54
                0x000079c4       0x6c I:\atmel studio\led2\ArduinoSketch42\ArduinoSketch42\ArduinoCore\Debug\libArduinoCore.a(HardwareSerial3.o)
                0x000079c4                __vector_54
 .text.__vector_55
                0x00007a30       0x52 I:\atmel studio\led2\ArduinoSketch42\ArduinoSketch42\ArduinoCore\Debug\libArduinoCore.a(HardwareSerial3.o)
                0x00007a30                __vector_55
 .text._Z17Serial3_availablev
                0x00007a82       0x12 I:\atmel studio\led2\ArduinoSketch42\ArduinoSketch42\ArduinoCore\Debug\libArduinoCore.a(HardwareSerial3.o)
                0x00007a82                _Z17Serial3_availablev
 .text.startup._GLOBAL__sub_I___vector_54
                0x00007a94       0x5a I:\atmel studio\led2\ArduinoSketch42\ArduinoSketch42\ArduinoCore\Debug\libArduinoCore.a(HardwareSerial3.o)
 .text.initVariant
                0x00007aee        0x2 I:\atmel studio\led2\ArduinoSketch42\ArduinoSketch42\ArduinoCore\Debug\libArduinoCore.a(main.o)
                0x00007aee                initVariant
 .text.startup.main
                0x00007af0       0x18 I:\atmel studio\led2\ArduinoSketch42\ArduinoSketch42\ArduinoCore\Debug\libArduinoCore.a(main.o)
                0x00007af0                main
 .text._ZN5Print5writeEPKhj
                0x00007b08       0x56 I:\atmel studio\led2\ArduinoSketch42\ArduinoSketch42\ArduinoCore\Debug\libArduinoCore.a(Print.o)
                0x00007b08                _ZN5Print5writeEPKhj
 .text._ZN5Print5writeEPKc
                0x00007b5e       0x2a I:\atmel studio\led2\ArduinoSketch42\ArduinoSketch42\ArduinoCore\Debug\libArduinoCore.a(Print.o)
                0x00007b5e                _ZN5Print5writeEPKc
 .text._ZN5Print5printEPKc
                0x00007b88        0x2 I:\atmel studio\led2\ArduinoSketch42\ArduinoSketch42\ArduinoCore\Debug\libArduinoCore.a(Print.o)
                0x00007b88                _ZN5Print5printEPKc
 .text._ZN5Print5printEc
                0x00007b8a        0xe I:\atmel studio\led2\ArduinoSketch42\ArduinoSketch42\ArduinoCore\Debug\libArduinoCore.a(Print.o)
                0x00007b8a                _ZN5Print5printEc
 .text._ZN5Print7printlnEv
                0x00007b98        0x6 I:\atmel studio\led2\ArduinoSketch42\ArduinoSketch42\ArduinoCore\Debug\libArduinoCore.a(Print.o)
                0x00007b98                _ZN5Print7printlnEv
 .text._ZN5Print7printlnEPKc
                0x00007b9e       0x20 I:\atmel studio\led2\ArduinoSketch42\ArduinoSketch42\ArduinoCore\Debug\libArduinoCore.a(Print.o)
                0x00007b9e                _ZN5Print7printlnEPKc
 .text._ZN5Print11printNumberEmh
                0x00007bbe       0xa4 I:\atmel studio\led2\ArduinoSketch42\ArduinoSketch42\ArduinoCore\Debug\libArduinoCore.a(Print.o)
                0x00007bbe                _ZN5Print11printNumberEmh
 .text._ZN5Print5printEli
                0x00007c62       0x8e I:\atmel studio\led2\ArduinoSketch42\ArduinoSketch42\ArduinoCore\Debug\libArduinoCore.a(Print.o)
                0x00007c62                _ZN5Print5printEli
 .text._ZN5Print5printEii
                0x00007cf0        0xc I:\atmel studio\led2\ArduinoSketch42\ArduinoSketch42\ArduinoCore\Debug\libArduinoCore.a(Print.o)
                0x00007cf0                _ZN5Print5printEii
 .text._ZN5Print7printlnEii
                0x00007cfc       0x2a I:\atmel studio\led2\ArduinoSketch42\ArduinoSketch42\ArduinoCore\Debug\libArduinoCore.a(Print.o)
                0x00007cfc                _ZN5Print7printlnEii
 .text._ZN5Print5printEmi
                0x00007d26       0x18 I:\atmel studio\led2\ArduinoSketch42\ArduinoSketch42\ArduinoCore\Debug\libArduinoCore.a(Print.o)
                0x00007d26                _ZN5Print5printEmi
 .text._ZN5Print7printlnEhi
                0x00007d3e       0x2a I:\atmel studio\led2\ArduinoSketch42\ArduinoSketch42\ArduinoCore\Debug\libArduinoCore.a(Print.o)
                0x00007d3e                _ZN5Print7printlnEhi
 .text._ZN5Print10printFloatEdh
                0x00007d68      0x1b2 I:\atmel studio\led2\ArduinoSketch42\ArduinoSketch42\ArduinoCore\Debug\libArduinoCore.a(Print.o)
                0x00007d68                _ZN5Print10printFloatEdh
 .text._ZN5Print5printEdi
                0x00007f1a        0x2 I:\atmel studio\led2\ArduinoSketch42\ArduinoSketch42\ArduinoCore\Debug\libArduinoCore.a(Print.o)
                0x00007f1a                _ZN5Print5printEdi
 .text._ZN5Print7printlnEdi
                0x00007f1c       0x20 I:\atmel studio\led2\ArduinoSketch42\ArduinoSketch42\ArduinoCore\Debug\libArduinoCore.a(Print.o)
                0x00007f1c                _ZN5Print7printlnEdi
 .text.nothing  0x00007f3c        0x2 I:\atmel studio\led2\ArduinoSketch42\ArduinoSketch42\ArduinoCore\Debug\libArduinoCore.a(WInterrupts.o)
 .text.attachInterrupt
                0x00007f3e       0xe6 I:\atmel studio\led2\ArduinoSketch42\ArduinoSketch42\ArduinoCore\Debug\libArduinoCore.a(WInterrupts.o)
                0x00007f3e                attachInterrupt
 .text.__vector_1
                0x00008024       0x56 I:\atmel studio\led2\ArduinoSketch42\ArduinoSketch42\ArduinoCore\Debug\libArduinoCore.a(WInterrupts.o)
                0x00008024                __vector_1
 .text.__vector_2
                0x0000807a       0x56 I:\atmel studio\led2\ArduinoSketch42\ArduinoSketch42\ArduinoCore\Debug\libArduinoCore.a(WInterrupts.o)
                0x0000807a                __vector_2
 .text.__vector_3
                0x000080d0       0x56 I:\atmel studio\led2\ArduinoSketch42\ArduinoSketch42\ArduinoCore\Debug\libArduinoCore.a(WInterrupts.o)
                0x000080d0                __vector_3
 .text.__vector_4
                0x00008126       0x56 I:\atmel studio\led2\ArduinoSketch42\ArduinoSketch42\ArduinoCore\Debug\libArduinoCore.a(WInterrupts.o)
                0x00008126                __vector_4
 .text.__vector_5
                0x0000817c       0x56 I:\atmel studio\led2\ArduinoSketch42\ArduinoSketch42\ArduinoCore\Debug\libArduinoCore.a(WInterrupts.o)
                0x0000817c                __vector_5
 .text.__vector_6
                0x000081d2       0x56 I:\atmel studio\led2\ArduinoSketch42\ArduinoSketch42\ArduinoCore\Debug\libArduinoCore.a(WInterrupts.o)
                0x000081d2                __vector_6
 .text.__vector_7
                0x00008228       0x56 I:\atmel studio\led2\ArduinoSketch42\ArduinoSketch42\ArduinoCore\Debug\libArduinoCore.a(WInterrupts.o)
                0x00008228                __vector_7
 .text.__vector_8
                0x0000827e       0x56 I:\atmel studio\led2\ArduinoSketch42\ArduinoSketch42\ArduinoCore\Debug\libArduinoCore.a(WInterrupts.o)
                0x0000827e                __vector_8
 .text.__vector_23
                0x000082d4       0x94 I:\atmel studio\led2\ArduinoSketch42\ArduinoSketch42\ArduinoCore\Debug\libArduinoCore.a(wiring.o)
                0x000082d4                __vector_23
 .text.millis   0x00008368       0x18 I:\atmel studio\led2\ArduinoSketch42\ArduinoSketch42\ArduinoCore\Debug\libArduinoCore.a(wiring.o)
                0x00008368                millis
 .text.micros   0x00008380       0x4a I:\atmel studio\led2\ArduinoSketch42\ArduinoSketch42\ArduinoCore\Debug\libArduinoCore.a(wiring.o)
                0x00008380                micros
 .text.delay    0x000083ca       0x72 I:\atmel studio\led2\ArduinoSketch42\ArduinoSketch42\ArduinoCore\Debug\libArduinoCore.a(wiring.o)
                0x000083ca                delay
 .text.delayMicroseconds
                0x0000843c       0x16 I:\atmel studio\led2\ArduinoSketch42\ArduinoSketch42\ArduinoCore\Debug\libArduinoCore.a(wiring.o)
                0x0000843c                delayMicroseconds
 .text.init     0x00008452       0xc4 I:\atmel studio\led2\ArduinoSketch42\ArduinoSketch42\ArduinoCore\Debug\libArduinoCore.a(wiring.o)
                0x00008452                init
 .text.turnOffPWM
                0x00008516       0xaa I:\atmel studio\led2\ArduinoSketch42\ArduinoSketch42\ArduinoCore\Debug\libArduinoCore.a(wiring_digital.o)
 .text.pinMode  0x000085c0       0x78 I:\atmel studio\led2\ArduinoSketch42\ArduinoSketch42\ArduinoCore\Debug\libArduinoCore.a(wiring_digital.o)
                0x000085c0                pinMode
 .text.digitalWrite
                0x00008638       0x5e I:\atmel studio\led2\ArduinoSketch42\ArduinoSketch42\ArduinoCore\Debug\libArduinoCore.a(wiring_digital.o)
                0x00008638                digitalWrite
 .text.digitalRead
                0x00008696       0x50 I:\atmel studio\led2\ArduinoSketch42\ArduinoSketch42\ArduinoCore\Debug\libArduinoCore.a(wiring_digital.o)
                0x00008696                digitalRead
 .text._Z3maplllll
                0x000086e6       0x7e I:\atmel studio\led2\ArduinoSketch42\ArduinoSketch42\ArduinoCore\Debug\libArduinoCore.a(WMath.o)
                0x000086e6                _Z3maplllll
 .text._ZN6StringD2Ev
                0x00008764        0x8 I:\atmel studio\led2\ArduinoSketch42\ArduinoSketch42\ArduinoCore\Debug\libArduinoCore.a(WString.o)
                0x00008764                _ZN6StringD2Ev
                0x00008764                _ZN6StringD1Ev
 .text._ZN6String10invalidateEv
                0x0000876c       0x22 I:\atmel studio\led2\ArduinoSketch42\ArduinoSketch42\ArduinoCore\Debug\libArduinoCore.a(WString.o)
                0x0000876c                _ZN6String10invalidateEv
 .text._ZN6String12changeBufferEj
                0x0000878e       0x32 I:\atmel studio\led2\ArduinoSketch42\ArduinoSketch42\ArduinoCore\Debug\libArduinoCore.a(WString.o)
                0x0000878e                _ZN6String12changeBufferEj
 .text._ZN6String7reserveEj
                0x000087c0       0x36 I:\atmel studio\led2\ArduinoSketch42\ArduinoSketch42\ArduinoCore\Debug\libArduinoCore.a(WString.o)
                0x000087c0                _ZN6String7reserveEj
 .text._ZN6String4copyEPKcj
                0x000087f6       0x3c I:\atmel studio\led2\ArduinoSketch42\ArduinoSketch42\ArduinoCore\Debug\libArduinoCore.a(WString.o)
                0x000087f6                _ZN6String4copyEPKcj
 .text._ZN6StringC2EPKc
                0x00008832       0x28 I:\atmel studio\led2\ArduinoSketch42\ArduinoSketch42\ArduinoCore\Debug\libArduinoCore.a(WString.o)
                0x00008832                _ZN6StringC2EPKc
                0x00008832                _ZN6StringC1EPKc
 .text._ZN6StringaSERKS_
                0x0000885a       0x2a I:\atmel studio\led2\ArduinoSketch42\ArduinoSketch42\ArduinoCore\Debug\libArduinoCore.a(WString.o)
                0x0000885a                _ZN6StringaSERKS_
 .text._ZN6StringC2ERKS_
                0x00008884       0x10 I:\atmel studio\led2\ArduinoSketch42\ArduinoSketch42\ArduinoCore\Debug\libArduinoCore.a(WString.o)
                0x00008884                _ZN6StringC2ERKS_
                0x00008884                _ZN6StringC1ERKS_
 .text._ZN6StringaSEPKc
                0x00008894       0x2a I:\atmel studio\led2\ArduinoSketch42\ArduinoSketch42\ArduinoCore\Debug\libArduinoCore.a(WString.o)
                0x00008894                _ZN6StringaSEPKc
 .text._ZNK6String6equalsEPKc
                0x000088be       0x3c I:\atmel studio\led2\ArduinoSketch42\ArduinoSketch42\ArduinoCore\Debug\libArduinoCore.a(WString.o)
                0x000088be                _ZNK6String6equalsEPKc
 .text._ZN6String11toUpperCaseEv
                0x000088fa       0x22 I:\atmel studio\led2\ArduinoSketch42\ArduinoSketch42\ArduinoCore\Debug\libArduinoCore.a(WString.o)
                0x000088fa                _ZN6String11toUpperCaseEv
 .text.__empty  0x0000891c        0x2 I:\atmel studio\led2\ArduinoSketch42\ArduinoSketch42\ArduinoCore\Debug\libArduinoCore.a(hooks.o)
                0x0000891c                yield
 .text.avr-libc.fplib
                0x0000891e        0xa c:/program files (x86)/atmel/studio/7.0/toolchain/avr8/avr8-gnu-toolchain/bin/../lib/gcc/avr/4.9.2/../../../../avr/lib/avr6\libm.a(unordsf2.o)
                0x0000891e                __unordsf2
 .text.libgcc.mul
                0x00008928       0x1e c:/program files (x86)/atmel/studio/7.0/toolchain/avr8/avr8-gnu-toolchain/bin/../lib/gcc/avr/4.9.2/avr6\libgcc.a(_mulsi3.o)
                0x00008928                __mulsi3
 .text.libgcc.div
                0x00008946       0x44 c:/program files (x86)/atmel/studio/7.0/toolchain/avr8/avr8-gnu-toolchain/bin/../lib/gcc/avr/4.9.2/avr6\libgcc.a(_udivmodsi4.o)
                0x00008946                __udivmodsi4
 .text.libgcc.div
                0x0000898a       0x28 c:/program files (x86)/atmel/studio/7.0/toolchain/avr8/avr8-gnu-toolchain/bin/../lib/gcc/avr/4.9.2/avr6\libgcc.a(_divmodsi4.o)
                0x0000898a                __divmodsi4
 .text.libgcc.div
                0x000089b2       0x10 c:/program files (x86)/atmel/studio/7.0/toolchain/avr8/avr8-gnu-toolchain/bin/../lib/gcc/avr/4.9.2/avr6\libgcc.a(_negsi2.o)
                0x000089b2                __negsi2
 .text.libgcc   0x000089c2       0x10 c:/program files (x86)/atmel/studio/7.0/toolchain/avr8/avr8-gnu-toolchain/bin/../lib/gcc/avr/4.9.2/avr6\libgcc.a(_tablejump2.o)
                0x000089c2                __tablejump2__
 .text.libgcc.mul
                0x000089d2       0x1e c:/program files (x86)/atmel/studio/7.0/toolchain/avr8/avr8-gnu-toolchain/bin/../lib/gcc/avr/4.9.2/avr6\libgcc.a(_umulhisi3.o)
                0x000089d2                __umulhisi3
 .text.libgcc.mul
                0x000089f0        0xc c:/program files (x86)/atmel/studio/7.0/toolchain/avr8/avr8-gnu-toolchain/bin/../lib/gcc/avr/4.9.2/avr6\libgcc.a(_usmulhisi3.o)
                0x000089f0                __usmulhisi3
                0x000089f2                __usmulhisi3_tail
 .text.libgcc.mul
                0x000089fc       0x14 c:/program files (x86)/atmel/studio/7.0/toolchain/avr8/avr8-gnu-toolchain/bin/../lib/gcc/avr/4.9.2/avr6\libgcc.a(_muluhisi3.o)
                0x000089fc                __muluhisi3
 .text.avr-libc
                0x00008a10      0x25a c:/program files (x86)/atmel/studio/7.0/toolchain/avr8/avr8-gnu-toolchain/bin/../lib/gcc/avr/4.9.2/../../../../avr/lib/avr6\libc.a(malloc.o)
                0x00008a10                malloc
                0x00008b3a                free
 .text.avr-libc
                0x00008c6a      0x1c8 c:/program files (x86)/atmel/studio/7.0/toolchain/avr8/avr8-gnu-toolchain/bin/../lib/gcc/avr/4.9.2/../../../../avr/lib/avr6\libc.a(realloc.o)
                0x00008c6a                realloc
 .text.avr-libc
                0x00008e32        0x8 c:/program files (x86)/atmel/studio/7.0/toolchain/avr8/avr8-gnu-toolchain/bin/../lib/gcc/avr/4.9.2/../../../../avr/lib/avr6\libc.a(abort.o)
                0x00008e32                abort
 .text.avr-libc
                0x00008e3a       0x10 c:/program files (x86)/atmel/studio/7.0/toolchain/avr8/avr8-gnu-toolchain/bin/../lib/gcc/avr/4.9.2/../../../../avr/lib/avr6\libc.a(toupper.o)
                0x00008e3a                toupper
 .text.avr-libc
                0x00008e4a       0x12 c:/program files (x86)/atmel/studio/7.0/toolchain/avr8/avr8-gnu-toolchain/bin/../lib/gcc/avr/4.9.2/../../../../avr/lib/avr6\libc.a(memcpy.o)
                0x00008e4a                memcpy
 .text.avr-libc
                0x00008e5c       0x12 c:/program files (x86)/atmel/studio/7.0/toolchain/avr8/avr8-gnu-toolchain/bin/../lib/gcc/avr/4.9.2/../../../../avr/lib/avr6\libc.a(strcmp.o)
                0x00008e5c                strcmp
 .text.avr-libc
                0x00008e6e        0xe c:/program files (x86)/atmel/studio/7.0/toolchain/avr8/avr8-gnu-toolchain/bin/../lib/gcc/avr/4.9.2/../../../../avr/lib/avr6\libc.a(strcpy.o)
                0x00008e6e                strcpy
 .text.avr-libc
                0x00008e7c       0x10 C:/Program Files (x86)/Atmel/Studio/7.0/Packs/atmel/ATmega_DFP/1.0.106/gcc/dev/atmega2560/avr6\libatmega2560.a(eerd_byte.o)
                0x00008e7c                eeprom_read_byte
 .text.avr-libc
                0x00008e8c       0x1c C:/Program Files (x86)/Atmel/Studio/7.0/Packs/atmel/ATmega_DFP/1.0.106/gcc/dev/atmega2560/avr6\libatmega2560.a(eewr_byte.o)
                0x00008e8c                eeprom_write_byte
                0x00008e8e                eeprom_write_r18
                0x00008ea8                . = ALIGN (0x2)
 *(.fini9)
 .fini9         0x00008ea8        0x0 c:/program files (x86)/atmel/studio/7.0/toolchain/avr8/avr8-gnu-toolchain/bin/../lib/gcc/avr/4.9.2/avr6\libgcc.a(_exit.o)
                0x00008ea8                _exit
                0x00008ea8                exit
 *(.fini9)
 *(.fini8)
 *(.fini8)
 *(.fini7)
 *(.fini7)
 *(.fini6)
 .fini6         0x00008ea8       0x1e c:/program files (x86)/atmel/studio/7.0/toolchain/avr8/avr8-gnu-toolchain/bin/../lib/gcc/avr/4.9.2/avr6\libgcc.a(_dtors.o)
                0x00008ea8                __do_global_dtors
 *(.fini6)
 *(.fini5)
 *(.fini5)
 *(.fini4)
 *(.fini4)
 *(.fini3)
 *(.fini3)
 *(.fini2)
 *(.fini2)
 *(.fini1)
 *(.fini1)
 *(.fini0)
 .fini0         0x00008ec6        0x4 c:/program files (x86)/atmel/studio/7.0/toolchain/avr8/avr8-gnu-toolchain/bin/../lib/gcc/avr/4.9.2/avr6\libgcc.a(_exit.o)
 *(.fini0)
                0x00008eca                _etext = .

.data           0x00800200      0xb7e load address 0x00008eca
                0x00800200                PROVIDE (__data_start, .)
 *(.data)
 .data          0x00800200        0x6 c:/program files (x86)/atmel/studio/7.0/toolchain/avr8/avr8-gnu-toolchain/bin/../lib/gcc/avr/4.9.2/../../../../avr/lib/avr6\libc.a(malloc.o)
                0x00800200                __malloc_heap_end
                0x00800202                __malloc_heap_start
                0x00800204                __malloc_margin
 *(.data*)
 .data._ZZN16Adafruit_SSD130621drawFastVLineInternalEiiijE8postmask
                0x00800206        0x8 Adafruit_SSD1306.o
                0x00800206                _ZZN16Adafruit_SSD130621drawFastVLineInternalEiiijE8postmask
 .data._ZZN16Adafruit_SSD130621drawFastVLineInternalEiiijE7premask
                0x0080020e        0x8 Adafruit_SSD1306.o
                0x0080020e                _ZZN16Adafruit_SSD130621drawFastVLineInternalEiiijE7premask
 .data._ZL6buffer
                0x00800216      0x400 Adafruit_SSD1306.o
 .data._ZL8_intFunc
                0x00800616        0x2 Timer3.o
 .data._ZL13enable_rumble
                0x00800618        0x5 PS2X_lib.o
 .data._ZL11exit_config
                0x0080061d        0x9 PS2X_lib.o
 .data._ZL15set_bytes_large
                0x00800626        0x9 PS2X_lib.o
 .data._ZL8set_mode
                0x0080062f        0x9 PS2X_lib.o
 .data._ZL12enter_config
                0x00800638        0x5 PS2X_lib.o
 .data.value    0x0080063d        0x2 tasks.o
                0x0080063d                value
 .data.fix_pos_list
                0x0080063f        0x1 tasks.o
                0x0080063f                fix_pos_list
 .data._ZL8_intFunc
                0x00800640        0x2 Timer1.o
 .data.intFunc  0x00800642       0x10 I:\atmel studio\led2\ArduinoSketch42\ArduinoSketch42\ArduinoCore\Debug\libArduinoCore.a(WInterrupts.o)
 *(.rodata)
 .rodata        0x00800652        0xa Timer1.o
 *(.rodata*)
 .rodata._ZTV12Adafruit_GFX
                0x0080065c       0x2c Adafruit_GFX.o
                0x0080065c                _ZTV12Adafruit_GFX
 .rodata._ZTV16Adafruit_SSD1306
                0x00800688       0x2c Adafruit_SSD1306.o
                0x00800688                _ZTV16Adafruit_SSD1306
 .rodata.str1.1
                0x008006b4       0x1a ComwithMotor.o
 .rodata.str1.1
                0x008006ce       0x16 ComwithPC.o
                                 0x22 (size before relaxing)
 .rodata.str1.1
                0x008006e4       0x49 ComwithShot.o
                                 0x51 (size before relaxing)
 .rodata.str1.1
                0x0080072d       0x39 Display.o
 .rodata.str1.1
                0x00800766        0x4 Timer3.o
                                  0x5 (size before relaxing)
 .rodata.str1.1
                0x0080076a      0x485 mPS2.o
                                0x4a2 (size before relaxing)
 .rodata.str1.1
                0x00800bef       0x4f Path.o
                                 0x54 (size before relaxing)
 .rodata.str1.1
                0x00800c3e       0x8c PS2X_lib.o
 .rodata._ZL9type_read
                0x00800cca        0x9 PS2X_lib.o
 .rodata.str1.1
                0x00800cd3       0x6f Sketch.o
                                 0x86 (size before relaxing)
 .rodata._ZTV7TwoWire
                0x00800d42       0x12 src/libraries/Wire/src/Wire.o
                0x00800d42                _ZTV7TwoWire
 .rodata.str1.1
                0x00800d54        0x8 tasks.o
 .rodata.str1.1
                0x00800d5c        0x5 Timer1.o
 .rodata._ZTV14HardwareSerial
                0x00800d5c       0x12 I:\atmel studio\led2\ArduinoSketch42\ArduinoSketch42\ArduinoCore\Debug\libArduinoCore.a(HardwareSerial.o)
                0x00800d5c                _ZTV14HardwareSerial
 .rodata.str1.1
                0x00800d6e        0xf I:\atmel studio\led2\ArduinoSketch42\ArduinoSketch42\ArduinoCore\Debug\libArduinoCore.a(Print.o)
 *(.gnu.linkonce.d*)
                0x00800d7e                . = ALIGN (0x2)
 *fill*         0x00800d7d        0x1 
                0x00800d7e                _edata = .
                0x00800d7e                PROVIDE (__data_end, .)

.bss            0x00800d7e      0x4ce
                0x00800d7e                PROVIDE (__bss_start, .)
 *(.bss)
 *(.bss*)
 .bss.GY25      0x00800d7e       0x16 ComwithGY25.o
                0x00800d7e                GY25
 .bss.CS        0x00800d94        0x5 ComwithShot.o
                0x00800d94                CS
 .bss.display   0x00800d99       0x2e Display.o
                0x00800d99                display
 .bss.ps2x      0x00800dc7       0x2e mPS2.o
                0x00800dc7                ps2x
 .bss.path      0x00800df5       0x76 Path.o
                0x00800df5                path
 .bss._ZL5index
                0x00800e6b        0x2 Sketch.o
 .bss.state     0x00800e6d        0x6 Sketch.o
                0x00800e6d                state
 .bss.Sensors   0x00800e73       0x2e Sketch.o
                0x00800e73                Sensors
 .bss.cm        0x00800ea1       0x21 Sketch.o
                0x00800ea1                cm
 .bss.kinematics
                0x00800ec2       0x2e Sketch.o
                0x00800ec2                kinematics
 .bss.tc3       0x00800ef0        0xc Sketch.o
                0x00800ef0                tc3
 .bss.tc1       0x00800efc        0xc Sketch.o
                0x00800efc                tc1
 .bss.PS2       0x00800f08       0x1a Sketch.o
                0x00800f08                PS2
 .bss.motor     0x00800f22        0xc Sketch.o
                0x00800f22                motor
 .bss.toPC      0x00800f2e        0x1 Sketch.o
                0x00800f2e                toPC
 .bss.dp        0x00800f2f       0x38 Sketch.o
                0x00800f2f                dp
 .bss._p2       0x00800f67        0x4 Sketch.o
                0x00800f67                _p2
 .bss.p2        0x00800f6b        0x4 Sketch.o
                0x00800f6b                p2
 .bss.y2        0x00800f6f        0x4 Sketch.o
                0x00800f6f                y2
 .bss.x2        0x00800f73        0x4 Sketch.o
                0x00800f73                x2
 .bss.p1        0x00800f77        0x4 Sketch.o
                0x00800f77                p1
 .bss.y1        0x00800f7b        0x4 Sketch.o
                0x00800f7b                y1
 .bss.x1        0x00800f7f        0x4 Sketch.o
                0x00800f7f                x1
 .bss.p_step    0x00800f83        0x4 Sketch.o
                0x00800f83                p_step
 .bss.y_step    0x00800f87        0x4 Sketch.o
                0x00800f87                y_step
 .bss.x_step    0x00800f8b        0x4 Sketch.o
                0x00800f8b                x_step
 .bss.p         0x00800f8f        0x4 Sketch.o
                0x00800f8f                p
 .bss.y         0x00800f93        0x4 Sketch.o
                0x00800f93                y
 .bss.x         0x00800f97        0x4 Sketch.o
                0x00800f97                x
 .bss._ZN8SPIClass13interruptSaveE
                0x00800f9b        0x1 src/libraries/SPI/src/SPI.o
                0x00800f9b                _ZN8SPIClass13interruptSaveE
 .bss._ZN8SPIClass13interruptMaskE
                0x00800f9c        0x1 src/libraries/SPI/src/SPI.o
                0x00800f9c                _ZN8SPIClass13interruptMaskE
 .bss._ZN8SPIClass13interruptModeE
                0x00800f9d        0x1 src/libraries/SPI/src/SPI.o
                0x00800f9d                _ZN8SPIClass13interruptModeE
 .bss._ZN8SPIClass11initializedE
                0x00800f9e        0x1 src/libraries/SPI/src/SPI.o
                0x00800f9e                _ZN8SPIClass11initializedE
 .bss.twi_error
                0x00800f9f        0x1 src/libraries/Wire/src/utility/twi.o
 .bss.twi_rxBufferIndex
                0x00800fa0        0x1 src/libraries/Wire/src/utility/twi.o
 .bss.twi_rxBuffer
                0x00800fa1       0x20 src/libraries/Wire/src/utility/twi.o
 .bss.twi_txBufferLength
                0x00800fc1        0x1 src/libraries/Wire/src/utility/twi.o
 .bss.twi_txBufferIndex
                0x00800fc2        0x1 src/libraries/Wire/src/utility/twi.o
 .bss.twi_txBuffer
                0x00800fc3       0x20 src/libraries/Wire/src/utility/twi.o
 .bss.twi_masterBufferLength
                0x00800fe3        0x1 src/libraries/Wire/src/utility/twi.o
 .bss.twi_masterBufferIndex
                0x00800fe4        0x1 src/libraries/Wire/src/utility/twi.o
 .bss.twi_masterBuffer
                0x00800fe5       0x20 src/libraries/Wire/src/utility/twi.o
 .bss.twi_onSlaveReceive
                0x00801005        0x2 src/libraries/Wire/src/utility/twi.o
 .bss.twi_onSlaveTransmit
                0x00801007        0x2 src/libraries/Wire/src/utility/twi.o
 .bss.twi_inRepStart
                0x00801009        0x1 src/libraries/Wire/src/utility/twi.o
 .bss.twi_sendStop
                0x0080100a        0x1 src/libraries/Wire/src/utility/twi.o
 .bss.twi_slarw
                0x0080100b        0x1 src/libraries/Wire/src/utility/twi.o
 .bss.twi_state
                0x0080100c        0x1 src/libraries/Wire/src/utility/twi.o
 .bss.Wire      0x0080100d        0xc src/libraries/Wire/src/Wire.o
                0x0080100d                Wire
 .bss._ZN7TwoWire14user_onReceiveE
                0x00801019        0x2 src/libraries/Wire/src/Wire.o
                0x00801019                _ZN7TwoWire14user_onReceiveE
 .bss._ZN7TwoWire14user_onRequestE
                0x0080101b        0x2 src/libraries/Wire/src/Wire.o
                0x0080101b                _ZN7TwoWire14user_onRequestE
 .bss._ZN7TwoWire12transmittingE
                0x0080101d        0x1 src/libraries/Wire/src/Wire.o
                0x0080101d                _ZN7TwoWire12transmittingE
 .bss._ZN7TwoWire14txBufferLengthE
                0x0080101e        0x1 src/libraries/Wire/src/Wire.o
                0x0080101e                _ZN7TwoWire14txBufferLengthE
 .bss._ZN7TwoWire13txBufferIndexE
                0x0080101f        0x1 src/libraries/Wire/src/Wire.o
                0x0080101f                _ZN7TwoWire13txBufferIndexE
 .bss._ZN7TwoWire8txBufferE
                0x00801020       0x20 src/libraries/Wire/src/Wire.o
                0x00801020                _ZN7TwoWire8txBufferE
 .bss._ZN7TwoWire9txAddressE
                0x00801040        0x1 src/libraries/Wire/src/Wire.o
                0x00801040                _ZN7TwoWire9txAddressE
 .bss._ZN7TwoWire14rxBufferLengthE
                0x00801041        0x1 src/libraries/Wire/src/Wire.o
                0x00801041                _ZN7TwoWire14rxBufferLengthE
 .bss._ZN7TwoWire13rxBufferIndexE
                0x00801042        0x1 src/libraries/Wire/src/Wire.o
                0x00801042                _ZN7TwoWire13rxBufferIndexE
 .bss._ZN7TwoWire8rxBufferE
                0x00801043       0x20 src/libraries/Wire/src/Wire.o
                0x00801043                _ZN7TwoWire8rxBufferE
 .bss._p        0x00801063        0x4 tasks.o
                0x00801063                _p
 .bss.present_task
                0x00801067        0x1 tasks.o
                0x00801067                present_task
 .bss.Serial    0x00801068       0x9d I:\atmel studio\led2\ArduinoSketch42\ArduinoSketch42\ArduinoCore\Debug\libArduinoCore.a(HardwareSerial0.o)
                0x00801068                Serial
 .bss.Serial2   0x00801105       0x9d I:\atmel studio\led2\ArduinoSketch42\ArduinoSketch42\ArduinoCore\Debug\libArduinoCore.a(HardwareSerial2.o)
                0x00801105                Serial2
 .bss.Serial3   0x008011a2       0x9d I:\atmel studio\led2\ArduinoSketch42\ArduinoSketch42\ArduinoCore\Debug\libArduinoCore.a(HardwareSerial3.o)
                0x008011a2                Serial3
 .bss.timer0_fract
                0x0080123f        0x1 I:\atmel studio\led2\ArduinoSketch42\ArduinoSketch42\ArduinoCore\Debug\libArduinoCore.a(wiring.o)
 .bss.timer0_millis
                0x00801240        0x4 I:\atmel studio\led2\ArduinoSketch42\ArduinoSketch42\ArduinoCore\Debug\libArduinoCore.a(wiring.o)
                0x00801240                timer0_millis
 .bss.timer0_overflow_count
                0x00801244        0x4 I:\atmel studio\led2\ArduinoSketch42\ArduinoSketch42\ArduinoCore\Debug\libArduinoCore.a(wiring.o)
                0x00801244                timer0_overflow_count
 *(COMMON)
 COMMON         0x00801248        0x4 c:/program files (x86)/atmel/studio/7.0/toolchain/avr8/avr8-gnu-toolchain/bin/../lib/gcc/avr/4.9.2/../../../../avr/lib/avr6\libc.a(malloc.o)
                0x00801248                __brkval
                0x0080124a                __flp
                0x0080124c                PROVIDE (__bss_end, .)
                0x00008eca                __data_load_start = LOADADDR (.data)
                0x00009a48                __data_load_end = (__data_load_start + SIZEOF (.data))

.noinit         0x0080124c        0x0
                [!provide]                PROVIDE (__noinit_start, .)
 *(.noinit*)
                [!provide]                PROVIDE (__noinit_end, .)
                0x0080124c                _end = .
                0x0080124c                PROVIDE (__heap_start, .)

.eeprom         0x00810000        0x0
 *(.eeprom*)
                0x00810000                __eeprom_end = .

.fuse
 *(.fuse)
 *(.lfuse)
 *(.hfuse)
 *(.efuse)

.lock
 *(.lock*)

.signature
 *(.signature*)

.user_signatures
 *(.user_signatures*)

.stab
 *(.stab)

.stabstr
 *(.stabstr)

.stab.excl
 *(.stab.excl)

.stab.exclstr
 *(.stab.exclstr)

.stab.index
 *(.stab.index)

.stab.indexstr
 *(.stab.indexstr)

.comment        0x00000000       0x30
 *(.comment)
 .comment       0x00000000       0x30 Adafruit_GFX.o
                                 0x31 (size before relaxing)
 .comment       0x00000030       0x31 Adafruit_SSD1306.o
 .comment       0x00000030       0x31 ComwithGY25.o
 .comment       0x00000030       0x31 ComwithMotor.o
 .comment       0x00000030       0x31 ComwithPC.o
 .comment       0x00000030       0x31 ComwithShot.o
 .comment       0x00000030       0x31 Display.o
 .comment       0x00000030       0x31 Kinematics.o
 .comment       0x00000030       0x31 mMotor.o
 .comment       0x00000030       0x31 Timer3.o
 .comment       0x00000030       0x31 mPS2.o
 .comment       0x00000030       0x31 Path.o
 .comment       0x00000030       0x31 PS2X_lib.o
 .comment       0x00000030       0x31 SensorBoard.o
 .comment       0x00000030       0x31 Sketch.o
 .comment       0x00000030       0x31 src/libraries/SPI/src/SPI.o
 .comment       0x00000030       0x31 src/libraries/Wire/src/utility/twi.o
 .comment       0x00000030       0x31 src/libraries/Wire/src/Wire.o
 .comment       0x00000030       0x31 tasks.o
 .comment       0x00000030       0x31 Timer1.o
 .comment       0x00000030       0x31 I:\atmel studio\led2\ArduinoSketch42\ArduinoSketch42\ArduinoCore\Debug\libArduinoCore.a(abi.o)
 .comment       0x00000030       0x31 I:\atmel studio\led2\ArduinoSketch42\ArduinoSketch42\ArduinoCore\Debug\libArduinoCore.a(HardwareSerial.o)
 .comment       0x00000030       0x31 I:\atmel studio\led2\ArduinoSketch42\ArduinoSketch42\ArduinoCore\Debug\libArduinoCore.a(HardwareSerial0.o)
 .comment       0x00000030       0x31 I:\atmel studio\led2\ArduinoSketch42\ArduinoSketch42\ArduinoCore\Debug\libArduinoCore.a(HardwareSerial2.o)
 .comment       0x00000030       0x31 I:\atmel studio\led2\ArduinoSketch42\ArduinoSketch42\ArduinoCore\Debug\libArduinoCore.a(HardwareSerial3.o)
 .comment       0x00000030       0x31 I:\atmel studio\led2\ArduinoSketch42\ArduinoSketch42\ArduinoCore\Debug\libArduinoCore.a(main.o)
 .comment       0x00000030       0x31 I:\atmel studio\led2\ArduinoSketch42\ArduinoSketch42\ArduinoCore\Debug\libArduinoCore.a(Print.o)
 .comment       0x00000030       0x31 I:\atmel studio\led2\ArduinoSketch42\ArduinoSketch42\ArduinoCore\Debug\libArduinoCore.a(WInterrupts.o)
 .comment       0x00000030       0x31 I:\atmel studio\led2\ArduinoSketch42\ArduinoSketch42\ArduinoCore\Debug\libArduinoCore.a(wiring.o)
 .comment       0x00000030       0x31 I:\atmel studio\led2\ArduinoSketch42\ArduinoSketch42\ArduinoCore\Debug\libArduinoCore.a(wiring_digital.o)
 .comment       0x00000030       0x31 I:\atmel studio\led2\ArduinoSketch42\ArduinoSketch42\ArduinoCore\Debug\libArduinoCore.a(WMath.o)
 .comment       0x00000030       0x31 I:\atmel studio\led2\ArduinoSketch42\ArduinoSketch42\ArduinoCore\Debug\libArduinoCore.a(WString.o)
 .comment       0x00000030       0x31 I:\atmel studio\led2\ArduinoSketch42\ArduinoSketch42\ArduinoCore\Debug\libArduinoCore.a(hooks.o)
 .comment       0x00000030       0x31 c:/program files (x86)/atmel/studio/7.0/toolchain/avr8/avr8-gnu-toolchain/bin/../lib/gcc/avr/4.9.2/../../../../avr/lib/avr6\libc.a(malloc.o)
 .comment       0x00000030       0x31 c:/program files (x86)/atmel/studio/7.0/toolchain/avr8/avr8-gnu-toolchain/bin/../lib/gcc/avr/4.9.2/../../../../avr/lib/avr6\libc.a(realloc.o)

.note.gnu.avr.deviceinfo
                0x00000000       0x40
 .note.gnu.avr.deviceinfo
                0x00000000       0x40 C:/Program Files (x86)/Atmel/Studio/7.0/Packs/atmel/ATmega_DFP/1.0.106/gcc/dev/atmega2560/avr6/crtatmega2560.o

.note.gnu.build-id
 *(.note.gnu.build-id)

.debug
 *(.debug)

.line
 *(.line)

.debug_srcinfo
 *(.debug_srcinfo)

.debug_sfnames
 *(.debug_sfnames)

.debug_aranges  0x00000000     0x10f8
 *(.debug_aranges)
 .debug_aranges
                0x00000000      0x2a0 Adafruit_GFX.o
 .debug_aranges
                0x000002a0       0xb8 Adafruit_SSD1306.o
 .debug_aranges
                0x00000358       0x68 ComwithGY25.o
 .debug_aranges
                0x000003c0       0x88 ComwithMotor.o
 .debug_aranges
                0x00000448       0x40 ComwithPC.o
 .debug_aranges
                0x00000488       0x40 ComwithShot.o
 .debug_aranges
                0x000004c8       0x48 Display.o
 .debug_aranges
                0x00000510       0x48 Kinematics.o
 .debug_aranges
                0x00000558       0x38 mMotor.o
 .debug_aranges
                0x00000590       0x60 Timer3.o
 .debug_aranges
                0x000005f0       0x30 mPS2.o
 .debug_aranges
                0x00000620       0x78 Path.o
 .debug_aranges
                0x00000698       0xc0 PS2X_lib.o
 .debug_aranges
                0x00000758       0x30 SensorBoard.o
 .debug_aranges
                0x00000788       0x80 Sketch.o
 .debug_aranges
                0x00000808       0x38 src/libraries/SPI/src/SPI.o
 .debug_aranges
                0x00000840       0x80 src/libraries/Wire/src/utility/twi.o
 .debug_aranges
                0x000008c0       0xf8 src/libraries/Wire/src/Wire.o
 .debug_aranges
                0x000009b8       0x30 tasks.o
 .debug_aranges
                0x000009e8       0x60 Timer1.o
 .debug_aranges
                0x00000a48       0x28 I:\atmel studio\led2\ArduinoSketch42\ArduinoSketch42\ArduinoCore\Debug\libArduinoCore.a(abi.o)
 .debug_aranges
                0x00000a70       0x68 I:\atmel studio\led2\ArduinoSketch42\ArduinoSketch42\ArduinoCore\Debug\libArduinoCore.a(HardwareSerial.o)
 .debug_aranges
                0x00000ad8       0x48 I:\atmel studio\led2\ArduinoSketch42\ArduinoSketch42\ArduinoCore\Debug\libArduinoCore.a(HardwareSerial0.o)
 .debug_aranges
                0x00000b20       0x48 I:\atmel studio\led2\ArduinoSketch42\ArduinoSketch42\ArduinoCore\Debug\libArduinoCore.a(HardwareSerial2.o)
 .debug_aranges
                0x00000b68       0x48 I:\atmel studio\led2\ArduinoSketch42\ArduinoSketch42\ArduinoCore\Debug\libArduinoCore.a(HardwareSerial3.o)
 .debug_aranges
                0x00000bb0       0x38 I:\atmel studio\led2\ArduinoSketch42\ArduinoSketch42\ArduinoCore\Debug\libArduinoCore.a(main.o)
 .debug_aranges
                0x00000be8      0x100 I:\atmel studio\led2\ArduinoSketch42\ArduinoSketch42\ArduinoCore\Debug\libArduinoCore.a(Print.o)
 .debug_aranges
                0x00000ce8       0x70 I:\atmel studio\led2\ArduinoSketch42\ArduinoSketch42\ArduinoCore\Debug\libArduinoCore.a(WInterrupts.o)
 .debug_aranges
                0x00000d58       0x48 I:\atmel studio\led2\ArduinoSketch42\ArduinoSketch42\ArduinoCore\Debug\libArduinoCore.a(wiring.o)
 .debug_aranges
                0x00000da0       0x38 I:\atmel studio\led2\ArduinoSketch42\ArduinoSketch42\ArduinoCore\Debug\libArduinoCore.a(wiring_digital.o)
 .debug_aranges
                0x00000dd8       0x48 I:\atmel studio\led2\ArduinoSketch42\ArduinoSketch42\ArduinoCore\Debug\libArduinoCore.a(WMath.o)
 .debug_aranges
                0x00000e20      0x2b8 I:\atmel studio\led2\ArduinoSketch42\ArduinoSketch42\ArduinoCore\Debug\libArduinoCore.a(WString.o)
 .debug_aranges
                0x000010d8       0x20 I:\atmel studio\led2\ArduinoSketch42\ArduinoSketch42\ArduinoCore\Debug\libArduinoCore.a(hooks.o)

.debug_pubnames
 *(.debug_pubnames)

.debug_info     0x00000000    0x2e770
 *(.debug_info .gnu.linkonce.wi.*)
 .debug_info    0x00000000     0x6216 Adafruit_GFX.o
 .debug_info    0x00006216     0x242b Adafruit_SSD1306.o
 .debug_info    0x00008641      0x857 ComwithGY25.o
 .debug_info    0x00008e98      0xe63 ComwithMotor.o
 .debug_info    0x00009cfb     0x188f ComwithPC.o
 .debug_info    0x0000b58a      0x78d ComwithShot.o
 .debug_info    0x0000bd17     0x20fb Display.o
 .debug_info    0x0000de12      0x897 Kinematics.o
 .debug_info    0x0000e6a9      0x49a mMotor.o
 .debug_info    0x0000eb43     0x17fb Timer3.o
 .debug_info    0x0001033e     0x254e mPS2.o
 .debug_info    0x0001288c     0x1805 Path.o
 .debug_info    0x00014091     0x1a30 PS2X_lib.o
 .debug_info    0x00015ac1      0x5c3 SensorBoard.o
 .debug_info    0x00016084     0x4128 Sketch.o
 .debug_info    0x0001a1ac      0x6f6 src/libraries/SPI/src/SPI.o
 .debug_info    0x0001a8a2      0x667 src/libraries/Wire/src/utility/twi.o
 .debug_info    0x0001af09     0x27c0 src/libraries/Wire/src/Wire.o
 .debug_info    0x0001d6c9      0x626 tasks.o
 .debug_info    0x0001dcef     0x17fb Timer1.o
 .debug_info    0x0001f4ea       0x8e I:\atmel studio\led2\ArduinoSketch42\ArduinoSketch42\ArduinoCore\Debug\libArduinoCore.a(abi.o)
 .debug_info    0x0001f578     0x1f23 I:\atmel studio\led2\ArduinoSketch42\ArduinoSketch42\ArduinoCore\Debug\libArduinoCore.a(HardwareSerial.o)
 .debug_info    0x0002149b     0x1b25 I:\atmel studio\led2\ArduinoSketch42\ArduinoSketch42\ArduinoCore\Debug\libArduinoCore.a(HardwareSerial0.o)
 .debug_info    0x00022fc0     0x1b25 I:\atmel studio\led2\ArduinoSketch42\ArduinoSketch42\ArduinoCore\Debug\libArduinoCore.a(HardwareSerial2.o)
 .debug_info    0x00024ae5     0x1b2b I:\atmel studio\led2\ArduinoSketch42\ArduinoSketch42\ArduinoCore\Debug\libArduinoCore.a(HardwareSerial3.o)
 .debug_info    0x00026610      0x28f I:\atmel studio\led2\ArduinoSketch42\ArduinoSketch42\ArduinoCore\Debug\libArduinoCore.a(main.o)
 .debug_info    0x0002689f     0x2ada I:\atmel studio\led2\ArduinoSketch42\ArduinoSketch42\ArduinoCore\Debug\libArduinoCore.a(Print.o)
 .debug_info    0x00029379      0x2fc I:\atmel studio\led2\ArduinoSketch42\ArduinoSketch42\ArduinoCore\Debug\libArduinoCore.a(WInterrupts.o)
 .debug_info    0x00029675      0x326 I:\atmel studio\led2\ArduinoSketch42\ArduinoSketch42\ArduinoCore\Debug\libArduinoCore.a(wiring.o)
 .debug_info    0x0002999b      0x635 I:\atmel studio\led2\ArduinoSketch42\ArduinoSketch42\ArduinoCore\Debug\libArduinoCore.a(wiring_digital.o)
 .debug_info    0x00029fd0      0x240 I:\atmel studio\led2\ArduinoSketch42\ArduinoSketch42\ArduinoCore\Debug\libArduinoCore.a(WMath.o)
 .debug_info    0x0002a210     0x4522 I:\atmel studio\led2\ArduinoSketch42\ArduinoSketch42\ArduinoCore\Debug\libArduinoCore.a(WString.o)
 .debug_info    0x0002e732       0x3e I:\atmel studio\led2\ArduinoSketch42\ArduinoSketch42\ArduinoCore\Debug\libArduinoCore.a(hooks.o)

.debug_abbrev   0x00000000     0x670d
 *(.debug_abbrev)
 .debug_abbrev  0x00000000      0x58f Adafruit_GFX.o
 .debug_abbrev  0x0000058f      0x5b8 Adafruit_SSD1306.o
 .debug_abbrev  0x00000b47      0x33b ComwithGY25.o
 .debug_abbrev  0x00000e82      0x2f6 ComwithMotor.o
 .debug_abbrev  0x00001178      0x334 ComwithPC.o
 .debug_abbrev  0x000014ac      0x27e ComwithShot.o
 .debug_abbrev  0x0000172a      0x389 Display.o
 .debug_abbrev  0x00001ab3      0x217 Kinematics.o
 .debug_abbrev  0x00001cca      0x1e8 mMotor.o
 .debug_abbrev  0x00001eb2      0x3ed Timer3.o
 .debug_abbrev  0x0000229f      0x372 mPS2.o
 .debug_abbrev  0x00002611      0x391 Path.o
 .debug_abbrev  0x000029a2      0x41d PS2X_lib.o
 .debug_abbrev  0x00002dbf      0x23f SensorBoard.o
 .debug_abbrev  0x00002ffe      0x636 Sketch.o
 .debug_abbrev  0x00003634      0x28c src/libraries/SPI/src/SPI.o
 .debug_abbrev  0x000038c0      0x25f src/libraries/Wire/src/utility/twi.o
 .debug_abbrev  0x00003b1f      0x5c4 src/libraries/Wire/src/Wire.o
 .debug_abbrev  0x000040e3      0x236 tasks.o
 .debug_abbrev  0x00004319      0x3ed Timer1.o
 .debug_abbrev  0x00004706       0x5e I:\atmel studio\led2\ArduinoSketch42\ArduinoSketch42\ArduinoCore\Debug\libArduinoCore.a(abi.o)
 .debug_abbrev  0x00004764      0x478 I:\atmel studio\led2\ArduinoSketch42\ArduinoSketch42\ArduinoCore\Debug\libArduinoCore.a(HardwareSerial.o)
 .debug_abbrev  0x00004bdc      0x3dd I:\atmel studio\led2\ArduinoSketch42\ArduinoSketch42\ArduinoCore\Debug\libArduinoCore.a(HardwareSerial0.o)
 .debug_abbrev  0x00004fb9      0x3dd I:\atmel studio\led2\ArduinoSketch42\ArduinoSketch42\ArduinoCore\Debug\libArduinoCore.a(HardwareSerial2.o)
 .debug_abbrev  0x00005396      0x3e6 I:\atmel studio\led2\ArduinoSketch42\ArduinoSketch42\ArduinoCore\Debug\libArduinoCore.a(HardwareSerial3.o)
 .debug_abbrev  0x0000577c      0x109 I:\atmel studio\led2\ArduinoSketch42\ArduinoSketch42\ArduinoCore\Debug\libArduinoCore.a(main.o)
 .debug_abbrev  0x00005885      0x498 I:\atmel studio\led2\ArduinoSketch42\ArduinoSketch42\ArduinoCore\Debug\libArduinoCore.a(Print.o)
 .debug_abbrev  0x00005d1d       0xed I:\atmel studio\led2\ArduinoSketch42\ArduinoSketch42\ArduinoCore\Debug\libArduinoCore.a(WInterrupts.o)
 .debug_abbrev  0x00005e0a      0x145 I:\atmel studio\led2\ArduinoSketch42\ArduinoSketch42\ArduinoCore\Debug\libArduinoCore.a(wiring.o)
 .debug_abbrev  0x00005f4f      0x15a I:\atmel studio\led2\ArduinoSketch42\ArduinoSketch42\ArduinoCore\Debug\libArduinoCore.a(wiring_digital.o)
 .debug_abbrev  0x000060a9      0x14b I:\atmel studio\led2\ArduinoSketch42\ArduinoSketch42\ArduinoCore\Debug\libArduinoCore.a(WMath.o)
 .debug_abbrev  0x000061f4      0x4ef I:\atmel studio\led2\ArduinoSketch42\ArduinoSketch42\ArduinoCore\Debug\libArduinoCore.a(WString.o)
 .debug_abbrev  0x000066e3       0x2a I:\atmel studio\led2\ArduinoSketch42\ArduinoSketch42\ArduinoCore\Debug\libArduinoCore.a(hooks.o)

.debug_line     0x00000000     0xa739
 *(.debug_line .debug_line.* .debug_line_end)
 .debug_line    0x00000000     0x1df9 Adafruit_GFX.o
 .debug_line    0x00001df9      0xbe6 Adafruit_SSD1306.o
 .debug_line    0x000029df      0x34d ComwithGY25.o
 .debug_line    0x00002d2c      0x4ed ComwithMotor.o
 .debug_line    0x00003219      0x2b0 ComwithPC.o
 .debug_line    0x000034c9      0x2c3 ComwithShot.o
 .debug_line    0x0000378c      0x3ab Display.o