Archive member included to satisfy reference by file (symbol)

c:/program files (x86)/atmel/studio/7.0/toolchain/avr8/avr8-gnu-toolchain/bin/../lib/gcc/avr/4.9.2/../../../../avr/lib/avr6\libm.a(addsf3.o)
                              Kinematics.o (__subsf3)
c:/program files (x86)/atmel/studio/7.0/toolchain/avr8/avr8-gnu-toolchain/bin/../lib/gcc/avr/4.9.2/../../../../avr/lib/avr6\libm.a(addsf3x.o)
                              c:/program files (x86)/atmel/studio/7.0/toolchain/avr8/avr8-gnu-toolchain/bin/../lib/gcc/avr/4.9.2/../../../../avr/lib/avr6\libm.a(addsf3.o) (__addsf3x)
c:/program files (x86)/atmel/studio/7.0/toolchain/avr8/avr8-gnu-toolchain/bin/../lib/gcc/avr/4.9.2/../../../../avr/lib/avr6\libm.a(cmpsf2.o)
                              PS2X_lib.o (__ltsf2)
c:/program files (x86)/atmel/studio/7.0/toolchain/avr8/avr8-gnu-toolchain/bin/../lib/gcc/avr/4.9.2/../../../../avr/lib/avr6\libm.a(cos.o)
                              mPOS.o (cos)
c:/program files (x86)/atmel/studio/7.0/toolchain/avr8/avr8-gnu-toolchain/bin/../lib/gcc/avr/4.9.2/../../../../avr/lib/avr6\libm.a(divsf3.o)
                              Kinematics.o (__divsf3)
c:/program files (x86)/atmel/studio/7.0/toolchain/avr8/avr8-gnu-toolchain/bin/../lib/gcc/avr/4.9.2/../../../../avr/lib/avr6\libm.a(divsf3x.o)
                              c:/program files (x86)/atmel/studio/7.0/toolchain/avr8/avr8-gnu-toolchain/bin/../lib/gcc/avr/4.9.2/../../../../avr/lib/avr6\libm.a(divsf3.o) (__divsf3x)
c:/program files (x86)/atmel/studio/7.0/toolchain/avr8/avr8-gnu-toolchain/bin/../lib/gcc/avr/4.9.2/../../../../avr/lib/avr6\libm.a(fixsfsi.o)
                              Kinematics.o (__fixsfsi)
c:/program files (x86)/atmel/studio/7.0/toolchain/avr8/avr8-gnu-toolchain/bin/../lib/gcc/avr/4.9.2/../../../../avr/lib/avr6\libm.a(fixunssfsi.o)
                              PS2X_lib.o (__fixunssfsi)
c:/program files (x86)/atmel/studio/7.0/toolchain/avr8/avr8-gnu-toolchain/bin/../lib/gcc/avr/4.9.2/../../../../avr/lib/avr6\libm.a(floatsisf.o)
                              PS2X_lib.o (__floatunsisf)
c:/program files (x86)/atmel/studio/7.0/toolchain/avr8/avr8-gnu-toolchain/bin/../lib/gcc/avr/4.9.2/../../../../avr/lib/avr6\libm.a(fp_cmp.o)
                              c:/program files (x86)/atmel/studio/7.0/toolchain/avr8/avr8-gnu-toolchain/bin/../lib/gcc/avr/4.9.2/../../../../avr/lib/avr6\libm.a(cmpsf2.o) (__fp_cmp)
c:/program files (x86)/atmel/studio/7.0/toolchain/avr8/avr8-gnu-toolchain/bin/../lib/gcc/avr/4.9.2/../../../../avr/lib/avr6\libm.a(fp_inf.o)
                              c:/program files (x86)/atmel/studio/7.0/toolchain/avr8/avr8-gnu-toolchain/bin/../lib/gcc/avr/4.9.2/../../../../avr/lib/avr6\libm.a(addsf3x.o) (__fp_inf)
c:/program files (x86)/atmel/studio/7.0/toolchain/avr8/avr8-gnu-toolchain/bin/../lib/gcc/avr/4.9.2/../../../../avr/lib/avr6\libm.a(fp_nan.o)
                              c:/program files (x86)/atmel/studio/7.0/toolchain/avr8/avr8-gnu-toolchain/bin/../lib/gcc/avr/4.9.2/../../../../avr/lib/avr6\libm.a(addsf3x.o) (__fp_nan)
c:/program files (x86)/atmel/studio/7.0/toolchain/avr8/avr8-gnu-toolchain/bin/../lib/gcc/avr/4.9.2/../../../../avr/lib/avr6\libm.a(fp_pscA.o)
                              c:/program files (x86)/atmel/studio/7.0/toolchain/avr8/avr8-gnu-toolchain/bin/../lib/gcc/avr/4.9.2/../../../../avr/lib/avr6\libm.a(addsf3x.o) (__fp_pscA)
c:/program files (x86)/atmel/studio/7.0/toolchain/avr8/avr8-gnu-toolchain/bin/../lib/gcc/avr/4.9.2/../../../../avr/lib/avr6\libm.a(fp_pscB.o)
                              c:/program files (x86)/atmel/studio/7.0/toolchain/avr8/avr8-gnu-toolchain/bin/../lib/gcc/avr/4.9.2/../../../../avr/lib/avr6\libm.a(addsf3x.o) (__fp_pscB)
c:/program files (x86)/atmel/studio/7.0/toolchain/avr8/avr8-gnu-toolchain/bin/../lib/gcc/avr/4.9.2/../../../../avr/lib/avr6\libm.a(fp_rempio2.o)
                              c:/program files (x86)/atmel/studio/7.0/toolchain/avr8/avr8-gnu-toolchain/bin/../lib/gcc/avr/4.9.2/../../../../avr/lib/avr6\libm.a(cos.o) (__fp_rempio2)
c:/program files (x86)/atmel/studio/7.0/toolchain/avr8/avr8-gnu-toolchain/bin/../lib/gcc/avr/4.9.2/../../../../avr/lib/avr6\libm.a(fp_round.o)
                              c:/program files (x86)/atmel/studio/7.0/toolchain/avr8/avr8-gnu-toolchain/bin/../lib/gcc/avr/4.9.2/../../../../avr/lib/avr6\libm.a(addsf3.o) (__fp_round)
c:/program files (x86)/atmel/studio/7.0/toolchain/avr8/avr8-gnu-toolchain/bin/../lib/gcc/avr/4.9.2/../../../../avr/lib/avr6\libm.a(fp_sinus.o)
                              c:/program files (x86)/atmel/studio/7.0/toolchain/avr8/avr8-gnu-toolchain/bin/../lib/gcc/avr/4.9.2/../../../../avr/lib/avr6\libm.a(cos.o) (__fp_sinus)
c:/program files (x86)/atmel/studio/7.0/toolchain/avr8/avr8-gnu-toolchain/bin/../lib/gcc/avr/4.9.2/../../../../avr/lib/avr6\libm.a(fp_split3.o)
[...]
Memory Configuration

Name             Origin             Length             Attributes
text             0x00000000         0x00100000         xr
data             0x00800200         0x0000fe00         rw !x
eeprom           0x00810000         0x00010000         rw !x
fuse             0x00820000         0x00000400         rw !x
lock             0x00830000         0x00000400         rw !x
signature        0x00840000         0x00000400         rw !x
user_signatures  0x00850000         0x00000400         rw !x
*default*        0x00000000         0xffffffff

Linker script and memory map

Address of section .data set to 0x800200
LOAD C:/Program Files (x86)/Atmel/Studio/7.0/Packs/atmel/ATmega_DFP/1.0.106/gcc/dev/atmega2560/avr6/crtatmega2560.o
LOAD Adafruit_GFX.o
LOAD Adafruit_SPITFT.o
LOAD Adafruit_SSD1306.o
LOAD ComwithMotor.o
LOAD ComwithPC.o
LOAD ComwithShot.o
LOAD Display.o
LOAD glcdfont.o
LOAD Kinematics.o
LOAD mMotor.o
LOAD mPOS.o
LOAD mPS2_REPLACE.o
LOAD PS2X_lib.o
LOAD Sketch.o
LOAD src/libraries/SPI/src/SPI.o
LOAD src/libraries/Wire/src/utility/twi.o
LOAD src/libraries/Wire/src/Wire.o
LOAD Timer1.o
START GROUP
LOAD c:/program files (x86)/atmel/studio/7.0/toolchain/avr8/avr8-gnu-toolchain/bin/../lib/gcc/avr/4.9.2/../../../../avr/lib/avr6\libm.a
LOAD I:\atmel studio\led2\ArduinoSketch42\ArduinoSketch42\ArduinoCore\Debug\libArduinoCore.a
END GROUP
LOAD c:/program files (x86)/atmel/studio/7.0/toolchain/avr8/avr8-gnu-toolchain/bin/../lib/gcc/avr/4.9.2/avr6\libgcc.a
LOAD c:/program files (x86)/atmel/studio/7.0/toolchain/avr8/avr8-gnu-toolchain/bin/../lib/gcc/avr/4.9.2/../../../../avr/lib/avr6\libm.a
START GROUP
LOAD c:/program files (x86)/atmel/studio/7.0/toolchain/avr8/avr8-gnu-toolchain/bin/../lib/gcc/avr/4.9.2/avr6\libgcc.a
LOAD c:/program files (x86)/atmel/studio/7.0/toolchain/avr8/avr8-gnu-toolchain/bin/../lib/gcc/avr/4.9.2/../../../../avr/lib/avr6\libm.a
LOAD c:/program files (x86)/atmel/studio/7.0/toolchain/avr8/avr8-gnu-toolchain/bin/../lib/gcc/avr/4.9.2/../../../../avr/lib/avr6\libc.a
LOAD C:/Program Files (x86)/Atmel/Studio/7.0/Packs/atmel/ATmega_DFP/1.0.106/gcc/dev/atmega2560/avr6\libatmega2560.a
END GROUP
                0x00100000                __TEXT_REGION_LENGTH__ = DEFINED (__TEXT_REGION_LENGTH__)?__TEXT_REGION_LENGTH__:0x100000
                0x0000fe00                __DATA_REGION_LENGTH__ = DEFINED (__DATA_REGION_LENGTH__)?__DATA_REGION_LENGTH__:0xfe00
                0x00010000                __EEPROM_REGION_LENGTH__ = DEFINED (__EEPROM_REGION_LENGTH__)?__EEPROM_REGION_LENGTH__:0x10000
                0x00000400                __FUSE_REGION_LENGTH__ = DEFINED (__FUSE_REGION_LENGTH__)?__FUSE_REGION_LENGTH__:0x400
                0x00000400                __LOCK_REGION_LENGTH__ = DEFINED (__LOCK_REGION_LENGTH__)?__LOCK_REGION_LENGTH__:0x400
                0x00000400                __SIGNATURE_REGION_LENGTH__ = DEFINED (__SIGNATURE_REGION_LENGTH__)?__SIGNATURE_REGION_LENGTH__:0x400
                0x00000400                __USER_SIGNATURE_REGION_LENGTH__ = DEFINED (__USER_SIGNATURE_REGION_LENGTH__)?__USER_SIGNATURE_REGION_LENGTH__:0x400

.hash
 *(.hash)

.dynsym
 *(.dynsym)

.dynstr
 *(.dynstr)

.gnu.version
 *(.gnu.version)

.gnu.version_d
 *(.gnu.version_d)

.gnu.version_r
 *(.gnu.version_r)

.rel.init
 *(.rel.init)

.rela.init
 *(.rela.init)

.rel.text
 *(.rel.text)
 *(.rel.text.*)
 *(.rel.gnu.linkonce.t*)

.rela.text
 *(.rela.text)
 *(.rela.text.*)
 *(.rela.gnu.linkonce.t*)

.rel.fini
 *(.rel.fini)

.rela.fini
 *(.rela.fini)

.rel.rodata
 *(.rel.rodata)
 *(.rel.rodata.*)
 *(.rel.gnu.linkonce.r*)

.rela.rodata
 *(.rela.rodata)
 *(.rela.rodata.*)
 *(.rela.gnu.linkonce.r*)

.rel.data
 *(.rel.data)
 *(.rel.data.*)
 *(.rel.gnu.linkonce.d*)

.rela.data
 *(.rela.data)
 *(.rela.data.*)
 *(.rela.gnu.linkonce.d*)

.rel.ctors
 *(.rel.ctors)

.rela.ctors
 *(.rela.ctors)

.rel.dtors
 *(.rel.dtors)

.rela.dtors
 *(.rela.dtors)

.rel.got
 *(.rel.got)

.rela.got
 *(.rela.got)

.rel.bss
 *(.rel.bss)

.rela.bss
 *(.rela.bss)

.rel.plt
 *(.rel.plt)

.rela.plt
 *(.rela.plt)

.text           0x00000000     0x66da
 *(.vectors)
 .vectors       0x00000000       0xe4 C:/Program Files (x86)/Atmel/Studio/7.0/Packs/atmel/ATmega_DFP/1.0.106/gcc/dev/atmega2560/avr6/crtatmega2560.o
                0x00000000                __vector_default
                0x00000000                __vectors
 *(.vectors)
 *(.progmem.gcc*)
 .progmem.gcc_fplib
                0x000000e4       0x1e c:/program files (x86)/atmel/studio/7.0/toolchain/avr8/avr8-gnu-toolchain/bin/../lib/gcc/avr/4.9.2/../../../../avr/lib/avr6\libm.a(fp_sinus.o)
 .progmem.gcc_fplib
                0x00000102       0x28 c:/program files (x86)/atmel/studio/7.0/toolchain/avr8/avr8-gnu-toolchain/bin/../lib/gcc/avr/4.9.2/../../../../avr/lib/avr6\libm.a(exp.o)
 .progmem.gcc_fplib
                0x0000012a       0x5a c:/program files (x86)/atmel/studio/7.0/toolchain/avr8/avr8-gnu-toolchain/bin/../lib/gcc/avr/4.9.2/../../../../avr/lib/avr6\libm.a(log.o)
 .progmem.gcc_sw_table.turnOffPWM
                0x00000184       0x24 I:\atmel studio\led2\ArduinoSketch42\ArduinoSketch42\ArduinoCore\Debug\libArduinoCore.a(wiring_digital.o)
                0x000001a8                . = ALIGN (0x2)
                0x000001a8                __trampolines_start = .
 *(.trampolines)
 .trampolines   0x000001a8        0x0 linker stubs
 *(.trampolines*)
                0x000001a8                __trampolines_end = .
 *libprintf_flt.a:*(.progmem.data)
 *libc.a:*(.progmem.data)
 *(.progmem*)
 .progmem.data._ZL4font
                0x000001a8      0x500 Adafruit_GFX.o
 .progmem.data.digital_pin_to_timer_PGM
                0x000006a8       0x46 I:\atmel studio\led2\ArduinoSketch42\ArduinoSketch42\ArduinoCore\Debug\libArduinoCore.a(wiring_digital.o)
                0x000006a8                digital_pin_to_timer_PGM
 .progmem.data.digital_pin_to_bit_mask_PGM
                0x000006ee       0x46 I:\atmel studio\led2\ArduinoSketch42\ArduinoSketch42\ArduinoCore\Debug\libArduinoCore.a(wiring_digital.o)
                0x000006ee                digital_pin_to_bit_mask_PGM
 .progmem.data.digital_pin_to_port_PGM
                0x00000734       0x46 I:\atmel studio\led2\ArduinoSketch42\ArduinoSketch42\ArduinoCore\Debug\libArduinoCore.a(wiring_digital.o)
                0x00000734                digital_pin_to_port_PGM
 .progmem.data.port_to_input_PGM
                0x0000077a       0x1a I:\atmel studio\led2\ArduinoSketch42\ArduinoSketch42\ArduinoCore\Debug\libArduinoCore.a(wiring_digital.o)
                0x0000077a                port_to_input_PGM
 .progmem.data.port_to_output_PGM
                0x00000794       0x1a I:\atmel studio\led2\ArduinoSketch42\ArduinoSketch42\ArduinoCore\Debug\libArduinoCore.a(wiring_digital.o)
                0x00000794                port_to_output_PGM
 .progmem.data.port_to_mode_PGM
                0x000007ae       0x1a I:\atmel studio\led2\ArduinoSketch42\ArduinoSketch42\ArduinoCore\Debug\libArduinoCore.a(wiring_digital.o)
                0x000007ae                port_to_mode_PGM
                0x000007c8                . = ALIGN (0x2)
 *(.jumptables)
 *(.jumptables*)
 *(.lowtext)
 *(.lowtext*)
                0x000007c8                __ctors_start = .
 *(.ctors)
 .ctors         0x000007c8        0x2 Display.o
 .ctors         0x000007ca        0x2 Sketch.o
 .ctors         0x000007cc        0x2 src/libraries/Wire/src/Wire.o
 .ctors         0x000007ce        0x2 I:\atmel studio\led2\ArduinoSketch42\ArduinoSketch42\ArduinoCore\Debug\libArduinoCore.a(HardwareSerial0.o)
 .ctors         0x000007d0        0x2 I:\atmel studio\led2\ArduinoSketch42\ArduinoSketch42\ArduinoCore\Debug\libArduinoCore.a(HardwareSerial1.o)
 .ctors         0x000007d2        0x2 I:\atmel studio\led2\ArduinoSketch42\ArduinoSketch42\ArduinoCore\Debug\libArduinoCore.a(HardwareSerial3.o)
                0x000007d4                __ctors_end = .
                0x000007d4                __dtors_start = .
 *(.dtors)
 .dtors         0x000007d4        0x2 Sketch.o
                0x000007d6                __dtors_end = .
 SORT(*)(.ctors)
 SORT(*)(.dtors)
 *(.init0)
 .init0         0x000007d6        0x0 C:/Program Files (x86)/Atmel/Studio/7.0/Packs/atmel/ATmega_DFP/1.0.106/gcc/dev/atmega2560/avr6/crtatmega2560.o
                0x000007d6                __init
 *(.init0)
 *(.init1)
 *(.init1)
 *(.init2)
 .init2         0x000007d6       0x10 C:/Program Files (x86)/Atmel/Studio/7.0/Packs/atmel/ATmega_DFP/1.0.106/gcc/dev/atmega2560/avr6/crtatmega2560.o
 *(.init2)
 *(.init3)
 *(.init3)
 *(.init4)
 .init4         0x000007e6       0x1a c:/program files (x86)/atmel/studio/7.0/toolchain/avr8/avr8-gnu-toolchain/bin/../lib/gcc/avr/4.9.2/avr6\libgcc.a(_copy_data.o)
                0x000007e6                __do_copy_data
 .init4         0x00000800       0x10 c:/program files (x86)/atmel/studio/7.0/toolchain/avr8/avr8-gnu-toolchain/bin/../lib/gcc/avr/4.9.2/avr6\libgcc.a(_clear_bss.o)
                0x00000800                __do_clear_bss
 *(.init4)
 *(.init5)
 *(.init5)
 *(.init6)
 .init6         0x00000810       0x20 c:/program files (x86)/atmel/studio/7.0/toolchain/avr8/avr8-gnu-toolchain/bin/../lib/gcc/avr/4.9.2/avr6\libgcc.a(_ctors.o)
                0x00000810                __do_global_ctors
 *(.init6)
 *(.init7)
 *(.init7)
 *(.init8)
 *(.init8)
 *(.init9)
 .init9         0x00000830        0x8 C:/Program Files (x86)/Atmel/Studio/7.0/Packs/atmel/ATmega_DFP/1.0.106/gcc/dev/atmega2560/avr6/crtatmega2560.o
 *(.init9)
 *(.text)
 .text          0x00000838        0x2 C:/Program Files (x86)/Atmel/Studio/7.0/Packs/atmel/ATmega_DFP/1.0.106/gcc/dev/atmega2560/avr6/crtatmega2560.o
                0x00000838                __vector_38
                0x00000838                __vector_22
                0x00000838                __vector_28
                0x00000838                __vector_32
                0x00000838                __vector_34
                0x00000838                __vector_24
                0x00000838                __vector_12
                0x00000838                __vector_46
                0x00000838                __bad_interrupt
                0x00000838                __vector_31
                0x00000838                __vector_35
                0x00000838                __vector_30
                0x00000838                __vector_45
                0x00000838                __vector_11
                0x00000838                __vector_13
                0x00000838                __vector_19
                0x00000838                __vector_56
                0x00000838                __vector_49
                0x00000838                __vector_41
                0x00000838                __vector_43
                0x00000838                __vector_27
                0x00000838                __vector_33
                0x00000838                __vector_47
                0x00000838                __vector_52
                0x00000838                __vector_44
                0x00000838                __vector_51
                0x00000838                __vector_9
                0x00000838                __vector_21
                0x00000838                __vector_15
                0x00000838                __vector_29
                0x00000838                __vector_40
                0x00000838                __vector_48
                0x00000838                __vector_14
                0x00000838                __vector_53
                0x00000838                __vector_10
                0x00000838                __vector_50
                0x00000838                __vector_16
                0x00000838                __vector_18
                0x00000838                __vector_20
                0x00000838                __vector_42
                0x0000083a                . = ALIGN (0x2)
 *(.text.*)
 .text._ZN5Print17availableForWriteEv
                0x0000083a        0x6 Adafruit_GFX.o
                0x0000083a                _ZN5Print17availableForWriteEv
 .text._ZN5Print5flushEv
                0x00000840        0x2 Adafruit_GFX.o
                0x00000840                _ZN5Print5flushEv
 .text._ZN12Adafruit_GFX9writeLineEiiiij
                0x00000842      0x152 Adafruit_GFX.o
                0x00000842                _ZN12Adafruit_GFX9writeLineEiiiij
 .text._ZN12Adafruit_GFX10startWriteEv
                0x00000994        0x2 Adafruit_GFX.o
                0x00000994                _ZN12Adafruit_GFX10startWriteEv
 .text._ZN12Adafruit_GFX10writePixelEiij
                0x00000996        0xe Adafruit_GFX.o
                0x00000996                _ZN12Adafruit_GFX10writePixelEiij
 .text._ZN12Adafruit_GFX14writeFastVLineEiiij
                0x000009a4       0x18 Adafruit_GFX.o
                0x000009a4                _ZN12Adafruit_GFX14writeFastVLineEiiij
 .text._ZN12Adafruit_GFX14writeFastHLineEiiij
                0x000009bc       0x18 Adafruit_GFX.o
                0x000009bc                _ZN12Adafruit_GFX14writeFastHLineEiiij
 .text._ZN12Adafruit_GFX13writeFillRectEiiiij
                0x000009d4       0x20 Adafruit_GFX.o
                0x000009d4                _ZN12Adafruit_GFX13writeFillRectEiiiij
 .text._ZN12Adafruit_GFX8endWriteEv
                0x000009f4        0x2 Adafruit_GFX.o
                0x000009f4                _ZN12Adafruit_GFX8endWriteEv
 .text._ZN12Adafruit_GFX13drawFastVLineEiiij
                0x000009f6       0x8a Adafruit_GFX.o
                0x000009f6                _ZN12Adafruit_GFX13drawFastVLineEiiij
 .text._ZN12Adafruit_GFX13drawFastHLineEiiij
                0x00000a80       0x88 Adafruit_GFX.o
                0x00000a80                _ZN12Adafruit_GFX13drawFastHLineEiiij
 .text._ZN12Adafruit_GFX8fillRectEiiiij
                0x00000b08       0xa2 Adafruit_GFX.o
                0x00000b08                _ZN12Adafruit_GFX8fillRectEiiiij
 .text._ZN12Adafruit_GFX10fillScreenEj
                0x00000baa       0x3c Adafruit_GFX.o
                0x00000baa                _ZN12Adafruit_GFX10fillScreenEj
 .text._ZN12Adafruit_GFX8drawLineEiiiij
                0x00000be6       0xec Adafruit_GFX.o
                0x00000be6                _ZN12Adafruit_GFX8drawLineEiiiij
 .text._ZN12Adafruit_GFX8drawRectEiiiij
                0x00000cd2       0xbe Adafruit_GFX.o
                0x00000cd2                _ZN12Adafruit_GFX8drawRectEiiiij
 .text._ZN12Adafruit_GFX13invertDisplayEb
                0x00000d90        0x2 Adafruit_GFX.o
                0x00000d90                _ZN12Adafruit_GFX13invertDisplayEb
 .text._ZN12Adafruit_GFX11setRotationEh
                0x00000d92       0x2a Adafruit_GFX.o
                0x00000d92                _ZN12Adafruit_GFX11setRotationEh
 .text._ZN12Adafruit_GFXC2Eii
                0x00000dbc       0x42 Adafruit_GFX.o
                0x00000dbc                _ZN12Adafruit_GFXC2Eii
                0x00000dbc                _ZN12Adafruit_GFXC1Eii
 .text._ZN12Adafruit_GFX8drawCharEiihjjh
                0x00000dfe      0x42c Adafruit_GFX.o
                0x00000dfe                _ZN12Adafruit_GFX8drawCharEiihjjh
 .text._ZN12Adafruit_GFX5writeEh
                0x0000122a      0x1a8 Adafruit_GFX.o
                0x0000122a                _ZN12Adafruit_GFX5writeEh
 .text._ZN12Adafruit_GFX9setCursorEii
                0x000013d2        0xc Adafruit_GFX.o
                0x000013d2                _ZN12Adafruit_GFX9setCursorEii
 .text._ZN12Adafruit_GFX11setTextSizeEh
                0x000013de        0xc Adafruit_GFX.o
                0x000013de                _ZN12Adafruit_GFX11setTextSizeEh
 .text._ZN12Adafruit_GFX12setTextColorEj
                0x000013ea        0xc Adafruit_GFX.o
                0x000013ea                _ZN12Adafruit_GFX12setTextColorEj
 .text._ZNK12Adafruit_GFX11getRotationEv
                0x000013f6        0x6 Adafruit_GFX.o
                0x000013f6                _ZNK12Adafruit_GFX11getRotationEv
 .text._ZNK12Adafruit_GFX5widthEv
                0x000013fc        0x8 Adafruit_GFX.o
                0x000013fc                _ZNK12Adafruit_GFX5widthEv
 .text._ZNK12Adafruit_GFX6heightEv
                0x00001404        0x8 Adafruit_GFX.o
                0x00001404                _ZNK12Adafruit_GFX6heightEv
 .text._ZN16Adafruit_SSD130613drawFastHLineEiiij
                0x0000140c      0x2b4 Adafruit_SSD1306.o
                0x0000140c                _ZN16Adafruit_SSD130613drawFastHLineEiiij
 .text._ZN16Adafruit_SSD130613drawFastVLineEiiij
                0x000016c0      0x2b4 Adafruit_SSD1306.o
                0x000016c0                _ZN16Adafruit_SSD130613drawFastVLineEiiij
 .text._ZN16Adafruit_SSD13069drawPixelEiij
                0x00001974      0x168 Adafruit_SSD1306.o
                0x00001974                _ZN16Adafruit_SSD13069drawPixelEiij
 .text._ZN16Adafruit_SSD1306C2Ea
                0x00001adc       0x30 Adafruit_SSD1306.o
                0x00001adc                _ZN16Adafruit_SSD1306C2Ea
                0x00001adc                _ZN16Adafruit_SSD1306C1Ea
 .text._ZN16Adafruit_SSD130612clearDisplayEv
                0x00001b0c       0x16 Adafruit_SSD1306.o
                0x00001b0c                _ZN16Adafruit_SSD130612clearDisplayEv
 .text._ZN16Adafruit_SSD130612fastSPIwriteEh
                0x00001b22       0x5a Adafruit_SSD1306.o
                0x00001b22                _ZN16Adafruit_SSD130612fastSPIwriteEh
 .text._ZN16Adafruit_SSD130615ssd1306_commandEh
                0x00001b7c       0x82 Adafruit_SSD1306.o
                0x00001b7c                _ZN16Adafruit_SSD130615ssd1306_commandEh
 .text._ZN16Adafruit_SSD13065beginEhhb
                0x00001bfe      0x236 Adafruit_SSD1306.o
                0x00001bfe                _ZN16Adafruit_SSD13065beginEhhb
 .text._ZN16Adafruit_SSD13067displayEv
                0x00001e34       0xf4 Adafruit_SSD1306.o
                0x00001e34                _ZN16Adafruit_SSD13067displayEv
 .text._ZN12ComwithMotorC2Ev
                0x00001f28       0x4e ComwithMotor.o
                0x00001f28                _ZN12ComwithMotorC1Ev
                0x00001f28                _ZN12ComwithMotorC2Ev
 .text._ZN12ComwithMotor7SendAtoENS_5MotorEi
                0x00001f76       0x36 ComwithMotor.o
                0x00001f76                _ZN12ComwithMotor7SendAtoENS_5MotorEi
 .text._ZN12ComwithMotor10SendAtoALLEiiii
                0x00001fac       0x44 ComwithMotor.o
                0x00001fac                _ZN12ComwithMotor10SendAtoALLEiiii
 .text._ZN12ComwithMotor7SendKtoENS_5MotorEddd
                0x00001ff0       0xc6 ComwithMotor.o
                0x00001ff0                _ZN12ComwithMotor7SendKtoENS_5MotorEddd
 .text._ZN12ComwithMotor10SendKtoALLEddd
                0x000020b6       0xa2 ComwithMotor.o
                0x000020b6                _ZN12ComwithMotor10SendKtoALLEddd
 .text._ZN12ComwithMotor9ReadBfromENS_5MotorE
                0x00002158       0x46 ComwithMotor.o
                0x00002158                _ZN12ComwithMotor9ReadBfromENS_5MotorE
 .text._ZN12ComwithMotor5beginEv
                0x0000219e       0xf0 ComwithMotor.o
                0x0000219e                _ZN12ComwithMotor5beginEv
 .text._ZN9ComwithPCC2Ev
                0x0000228e        0x2 ComwithPC.o
                0x0000228e                _ZN9ComwithPCC2Ev
                0x0000228e                _ZN9ComwithPCC1Ev
 .text._ZN9ComwithPC5beginEi
                0x00002290       0x1e ComwithPC.o
                0x00002290                _ZN9ComwithPC5beginEi
 .text._ZN9ComwithPC10tellMotorsEiiii
                0x000022ae       0x88 ComwithPC.o
                0x000022ae                _ZN9ComwithPC10tellMotorsEiiii
 .text._ZN9ComwithPC7tellXYPEddd
                0x00002336       0x90 ComwithPC.o
                0x00002336                _ZN9ComwithPC7tellXYPEddd
 .text._ZN9ComwithPC9tellStateE6String
                0x000023c6       0x20 ComwithPC.o
                0x000023c6                _ZN9ComwithPC9tellStateE6String
 .text._ZN11ComwithShotC2Ev
                0x000023e6        0xe ComwithShot.o
                0x000023e6                _ZN11ComwithShotC2Ev
                0x000023e6                _ZN11ComwithShotC1Ev
 .text._ZN11ComwithShot14SendXYPandSHOTEddd
                0x000023f4      0x136 ComwithShot.o
                0x000023f4                _ZN11ComwithShot14SendXYPandSHOTEddd
 .text._ZN7DisplayC2Ev
                0x0000252a        0x2 Display.o
                0x0000252a                _ZN7DisplayC2Ev
                0x0000252a                _ZN7DisplayC1Ev
 .text._ZN7Display5beginEv
                0x0000252c       0x24 Display.o
                0x0000252c                _ZN7Display5beginEv
 .text._ZN7Display7refreshEiiiiddd6String
                0x00002550      0x15e Display.o
                0x00002550                _ZN7Display7refreshEiiiiddd6String
 .text.startup._GLOBAL__sub_I_display
                0x000026ae        0x8 Display.o
 .text._ZN10KinematicsC2Eiffi
                0x000026b6       0x9a Kinematics.o
                0x000026b6                _ZN10KinematicsC1Eiffi
                0x000026b6                _ZN10KinematicsC2Eiffi
 .text._ZN10Kinematics6getRPMEfff
                0x00002750      0x1ea Kinematics.o
                0x00002750                _ZN10Kinematics6getRPMEfff
 .text._ZN10Kinematics8rpmToPWMEi
                0x0000293a       0x5a Kinematics.o
                0x0000293a                _ZN10Kinematics8rpmToPWMEi
 .text._ZN10Kinematics6getPWMEfff
                0x00002994      0x188 Kinematics.o
                0x00002994                _ZN10Kinematics6getPWMEfff
 .text._ZN6mMotorC2Ev
                0x00002b1c       0x28 mMotor.o
                0x00002b1c                _ZN6mMotorC1Ev
                0x00002b1c                _ZN6mMotorC2Ev
 .text._ZN4mPOSC2Ev
                0x00002b44       0x84 mPOS.o
                0x00002b44                _ZN4mPOSC2Ev
                0x00002b44                _ZN4mPOSC1Ev
 .text._ZN4mPOS5beginEv
                0x00002bc8        0x2 mPOS.o
                0x00002bc8                _ZN4mPOS5beginEv
 .text._ZN4mPOS7refreshEv
                0x00002bca      0x28a mPOS.o
                0x00002bca                _ZN4mPOS7refreshEv
 .text._ZN4mPS2C2Ev
                0x00002e54       0x4c mPS2_REPLACE.o
                0x00002e54                _ZN4mPS2C2Ev
                0x00002e54                _ZN4mPS2C1Ev
 .text._ZN4mPS25beginEv
                0x00002ea0      0x118 mPS2_REPLACE.o
                0x00002ea0                _ZN4mPS25beginEv
 .text._ZN4mPS27refreshEv
                0x00002fb8       0xd8 mPS2_REPLACE.o
                0x00002fb8                _ZN4mPS27refreshEv
 .text._ZN4PS2X8readTypeEv
                0x00003090       0x20 PS2X_lib.o
                0x00003090                _ZN4PS2X8readTypeEv
 .text._ZN4PS2X7CLK_SETEv
                0x000030b0       0x1c PS2X_lib.o
                0x000030b0                _ZN4PS2X7CLK_SETEv
 .text._ZN4PS2X7CMD_SETEv
                0x000030cc       0x1c PS2X_lib.o
                0x000030cc                _ZN4PS2X7CMD_SETEv
 .text._ZN4PS2X19_gamepad_shiftinoutEc
                0x000030e8       0xce PS2X_lib.o
                0x000030e8                _ZN4PS2X19_gamepad_shiftinoutEc
 .text._ZN4PS2X7ATT_SETEv
                0x000031b6       0x1c PS2X_lib.o
                0x000031b6                _ZN4PS2X7ATT_SETEv
 .text._ZN4PS2X7ATT_CLREv
                0x000031d2       0x1e PS2X_lib.o
                0x000031d2                _ZN4PS2X7ATT_CLREv
 .text._ZN4PS2X17sendCommandStringEPhh
                0x000031f0       0x54 PS2X_lib.o
                0x000031f0                _ZN4PS2X17sendCommandStringEPhh
 .text._ZN4PS2X16reconfig_gamepadEv
                0x00003244       0x46 PS2X_lib.o
                0x00003244                _ZN4PS2X16reconfig_gamepadEv
 .text._ZN4PS2X12read_gamepadEbh
                0x0000328a      0x1fc PS2X_lib.o
                0x0000328a                _ZN4PS2X12read_gamepadEbh
 .text._ZN4PS2X12read_gamepadEv
                0x00003486        0x6 PS2X_lib.o
                0x00003486                _ZN4PS2X12read_gamepadEv
 .text._ZN4PS2X14config_gamepadEhhhhbb
                0x0000348c      0x236 PS2X_lib.o
                0x0000348c                _ZN4PS2X14config_gamepadEhhhhbb
 .text._Z5blinkv
                0x000036c2        0x6 Sketch.o
                0x000036c2                _Z5blinkv
 .text.setup    0x000036c8       0x82 Sketch.o
                0x000036c8                setup
 .text.loop     0x0000374a      0x2ee Sketch.o
                0x0000374a                loop
 .text.startup._GLOBAL__sub_I_dp
                0x00003a38       0x7e Sketch.o
 .text.exit._GLOBAL__sub_D_dp
                0x00003ab6       0x1e Sketch.o
 .text._ZN8SPIClass5beginEv
                0x00003ad4       0x6c src/libraries/SPI/src/SPI.o
                0x00003ad4                _ZN8SPIClass5beginEv
 .text.twi_init
                0x00003b40       0x3c src/libraries/Wire/src/utility/twi.o
                0x00003b40                twi_init
 .text.twi_readFrom
                0x00003b7c       0x90 src/libraries/Wire/src/utility/twi.o
                0x00003b7c                twi_readFrom
 .text.twi_writeTo
                0x00003c0c       0xac src/libraries/Wire/src/utility/twi.o
                0x00003c0c                twi_writeTo
 .text.twi_transmit
                0x00003cb8       0x50 src/libraries/Wire/src/utility/twi.o
                0x00003cb8                twi_transmit
 .text.twi_stop
                0x00003d08       0x14 src/libraries/Wire/src/utility/twi.o
                0x00003d08                twi_stop
 .text.twi_releaseBus
                0x00003d1c        0xc src/libraries/Wire/src/utility/twi.o
                0x00003d1c                twi_releaseBus
 .text.__vector_39
                0x00003d28      0x25c src/libraries/Wire/src/utility/twi.o
                0x00003d28                __vector_39
 .text._ZN7TwoWire9availableEv
                0x00003f84       0x10 src/libraries/Wire/src/Wire.o
                0x00003f84                _ZN7TwoWire9availableEv
 .text._ZN7TwoWire4readEv
                0x00003f94       0x28 src/libraries/Wire/src/Wire.o
                0x00003f94                _ZN7TwoWire4readEv
 .text._ZN7TwoWire4peekEv
                0x00003fbc       0x1e src/libraries/Wire/src/Wire.o
                0x00003fbc                _ZN7TwoWire4peekEv
 .text._ZN7TwoWire5flushEv
                0x00003fda        0x2 src/libraries/Wire/src/Wire.o
                0x00003fda                _ZN7TwoWire5flushEv
 .text._ZN7TwoWire5writeEPKhj
                0x00003fdc       0x5e src/libraries/Wire/src/Wire.o
                0x00003fdc                _ZN7TwoWire5writeEPKhj
 .text._ZN7TwoWire5writeEh
                0x0000403a       0x5c src/libraries/Wire/src/Wire.o
                0x0000403a                _ZN7TwoWire5writeEh
 .text._ZN7TwoWireC2Ev
                0x00004096       0x20 src/libraries/Wire/src/Wire.o
                0x00004096                _ZN7TwoWireC1Ev
                0x00004096                _ZN7TwoWireC2Ev
 .text._ZN7TwoWire5beginEv
                0x000040b6       0x12 src/libraries/Wire/src/Wire.o
                0x000040b6                _ZN7TwoWire5beginEv
 .text._ZN7TwoWire17beginTransmissionEh
                0x000040c8       0x14 src/libraries/Wire/src/Wire.o
                0x000040c8                _ZN7TwoWire17beginTransmissionEh
 .text._ZN7TwoWire17beginTransmissionEi
                0x000040dc        0x2 src/libraries/Wire/src/Wire.o
                0x000040dc                _ZN7TwoWire17beginTransmissionEi
 .text._ZN7TwoWire15endTransmissionEh
                0x000040de       0x24 src/libraries/Wire/src/Wire.o
                0x000040de                _ZN7TwoWire15endTransmissionEh
 .text._ZN7TwoWire11requestFromEhhmhh
                0x00004102       0xa2 src/libraries/Wire/src/Wire.o
                0x00004102                _ZN7TwoWire11requestFromEhhmhh
 .text._ZN7TwoWire11requestFromEhhh
                0x000041a4       0x1e src/libraries/Wire/src/Wire.o
                0x000041a4                _ZN7TwoWire11requestFromEhhh
 .text._ZN7TwoWire11requestFromEii
                0x000041c2        0x4 src/libraries/Wire/src/Wire.o
                0x000041c2                _ZN7TwoWire11requestFromEii
 .text._ZN7TwoWire15endTransmissionEv
                0x000041c6        0x4 src/libraries/Wire/src/Wire.o
                0x000041c6                _ZN7TwoWire15endTransmissionEv
 .text.startup._GLOBAL__sub_I__ZN7TwoWire8rxBufferE
                0x000041ca        0x6 src/libraries/Wire/src/Wire.o
 .text._ZL7nothingv
                0x000041d0        0x2 Timer1.o
 .text._ZN6Timer116select_prescalerEi
                0x000041d2       0xc8 Timer1.o
                0x000041d2                _ZN6Timer116select_prescalerEi
 .text._ZN6Timer1C2Ev
                0x0000429a       0x2a Timer1.o
                0x0000429a                _ZN6Timer1C1Ev
                0x0000429a                _ZN6Timer1C2Ev
 .text._ZN6Timer17setModeE6Stringi
                0x000042c4       0xde Timer1.o
                0x000042c4                _ZN6Timer17setModeE6Stringi
 .text._ZN6Timer115attachInterruptEPFvvE
                0x000043a2        0xa Timer1.o
                0x000043a2                _ZN6Timer115attachInterruptEPFvvE
 .text._ZN6Timer1D2Ev
                0x000043ac        0x4 Timer1.o
                0x000043ac                _ZN6Timer1D1Ev
                0x000043ac                _ZN6Timer1D2Ev
 .text.__vector_17
                0x000043b0       0x56 Timer1.o
                0x000043b0                __vector_17
 .text.avr-libc.fplib
                0x00004406        0xa c:/program files (x86)/atmel/studio/7.0/toolchain/avr8/avr8-gnu-toolchain/bin/../lib/gcc/avr/4.9.2/../../../../avr/lib/avr6\libm.a(addsf3.o)
                0x00004406                __subsf3
                0x00004408                __addsf3
 .text.avr-libc.fplib
                0x00004410       0xc0 c:/program files (x86)/atmel/studio/7.0/toolchain/avr8/avr8-gnu-toolchain/bin/../lib/gcc/avr/4.9.2/../../../../avr/lib/avr6\libm.a(addsf3x.o)
                0x0000442a                __addsf3x
 .text.avr-libc.fplib
                0x000044d0        0x8 c:/program files (x86)/atmel/studio/7.0/toolchain/avr8/avr8-gnu-toolchain/bin/../lib/gcc/avr/4.9.2/../../../../avr/lib/avr6\libm.a(cmpsf2.o)
                0x000044d0                __nesf2
                0x000044d0                __eqsf2
                0x000044d0                __cmpsf2
                0x000044d0                __ltsf2
                0x000044d0                __lesf2
 .text.avr-libc.fplib
                0x000044d8        0x6 c:/program files (x86)/atmel/studio/7.0/toolchain/avr8/avr8-gnu-toolchain/bin/../lib/gcc/avr/4.9.2/../../../../avr/lib/avr6\libm.a(cos.o)
                0x000044d8                cos
 .text.avr-libc.fplib
                0x000044de        0x4 c:/program files (x86)/atmel/studio/7.0/toolchain/avr8/avr8-gnu-toolchain/bin/../lib/gcc/avr/4.9.2/../../../../avr/lib/avr6\libm.a(divsf3.o)
                0x000044de                __divsf3
 .text.avr-libc.fplib
                0x000044e2       0xcc c:/program files (x86)/atmel/studio/7.0/toolchain/avr8/avr8-gnu-toolchain/bin/../lib/gcc/avr/4.9.2/../../../../avr/lib/avr6\libm.a(divsf3x.o)
                0x000044f8                __divsf3x
                0x000044fc                __divsf3_pse
 .text.avr-libc.fplib
                0x000045ae        0xa c:/program files (x86)/atmel/studio/7.0/toolchain/avr8/avr8-gnu-toolchain/bin/../lib/gcc/avr/4.9.2/../../../../avr/lib/avr6\libm.a(fixsfsi.o)
                0x000045ae                __fixsfsi
 .text.avr-libc.fplib
                0x000045b8       0x58 c:/program files (x86)/atmel/studio/7.0/toolchain/avr8/avr8-gnu-toolchain/bin/../lib/gcc/avr/4.9.2/../../../../avr/lib/avr6\libm.a(fixunssfsi.o)
                0x000045b8                __fixunssfsi
 .text.avr-libc.fplib
                0x00004610       0x7a c:/program files (x86)/atmel/studio/7.0/toolchain/avr8/avr8-gnu-toolchain/bin/../lib/gcc/avr/4.9.2/../../../../avr/lib/avr6\libm.a(floatsisf.o)
                0x00004610                __floatunsisf
                0x00004614                __floatsisf
 .text.avr-libc.fplib
                0x0000468a       0x48 c:/program files (x86)/atmel/studio/7.0/toolchain/avr8/avr8-gnu-toolchain/bin/../lib/gcc/avr/4.9.2/../../../../avr/lib/avr6\libm.a(fp_cmp.o)
                0x0000468a                __fp_cmp
 .text.avr-libc.fplib
                0x000046d2        0xc c:/program files (x86)/atmel/studio/7.0/toolchain/avr8/avr8-gnu-toolchain/bin/../lib/gcc/avr/4.9.2/../../../../avr/lib/avr6\libm.a(fp_inf.o)
                0x000046d2                __fp_inf
 .text.avr-libc.fplib
                0x000046de        0x6 c:/program files (x86)/atmel/studio/7.0/toolchain/avr8/avr8-gnu-toolchain/bin/../lib/gcc/avr/4.9.2/../../../../avr/lib/avr6\libm.a(fp_nan.o)
                0x000046de                __fp_nan
 .text.avr-libc.fplib
                0x000046e4        0xe c:/program files (x86)/atmel/studio/7.0/toolchain/avr8/avr8-gnu-toolchain/bin/../lib/gcc/avr/4.9.2/../../../../avr/lib/avr6\libm.a(fp_pscA.o)
                0x000046e4                __fp_pscA
 .text.avr-libc.fplib
                0x000046f2        0xe c:/program files (x86)/atmel/studio/7.0/toolchain/avr8/avr8-gnu-toolchain/bin/../lib/gcc/avr/4.9.2/../../../../avr/lib/avr6\libm.a(fp_pscB.o)
                0x000046f2                __fp_pscB
 .text.avr-libc.fplib
                0x00004700       0x50 c:/program files (x86)/atmel/studio/7.0/toolchain/avr8/avr8-gnu-toolchain/bin/../lib/gcc/avr/4.9.2/../../../../avr/lib/avr6\libm.a(fp_rempio2.o)
                0x00004702                __fp_rempio2
 .text.avr-libc.fplib
                0x00004750       0x22 c:/program files (x86)/atmel/studio/7.0/toolchain/avr8/avr8-gnu-toolchain/bin/../lib/gcc/avr/4.9.2/../../../../avr/lib/avr6\libm.a(fp_round.o)
                0x00004750                __fp_round
 .text.avr-libc.fplib
                0x00004772       0x22 c:/program files (x86)/atmel/studio/7.0/toolchain/avr8/avr8-gnu-toolchain/bin/../lib/gcc/avr/4.9.2/../../../../avr/lib/avr6\libm.a(fp_sinus.o)
                0x00004772                __fp_sinus
 .text.avr-libc.fplib
                0x00004794       0x44 c:/program files (x86)/atmel/studio/7.0/toolchain/avr8/avr8-gnu-toolchain/bin/../lib/gcc/avr/4.9.2/../../../../avr/lib/avr6\libm.a(fp_split3.o)
                0x00004794                __fp_split3
                0x000047a4                __fp_splitA
 .text.avr-libc.fplib
                0x000047d8        0xe c:/program files (x86)/atmel/studio/7.0/toolchain/avr8/avr8-gnu-toolchain/bin/../lib/gcc/avr/4.9.2/../../../../avr/lib/avr6\libm.a(fp_zero.o)
                0x000047d8                __fp_zero
                0x000047da                __fp_szero
 .text.avr-libc.fplib
                0x000047e6        0x8 c:/program files (x86)/atmel/studio/7.0/toolchain/avr8/avr8-gnu-toolchain/bin/../lib/gcc/avr/4.9.2/../../../../avr/lib/avr6\libm.a(gesf2.o)
                0x000047e6                __gesf2
                0x000047e6                __gtsf2
 .text.avr-libc.fplib
                0x000047ee        0x4 c:/program files (x86)/atmel/studio/7.0/toolchain/avr8/avr8-gnu-toolchain/bin/../lib/gcc/avr/4.9.2/../../../../avr/lib/avr6\libm.a(mulsf3.o)
                0x000047ee                __mulsf3
 .text.avr-libc.fplib
                0x000047f2       0xc2 c:/program files (x86)/atmel/studio/7.0/toolchain/avr8/avr8-gnu-toolchain/bin/../lib/gcc/avr/4.9.2/../../../../avr/lib/avr6\libm.a(mulsf3x.o)
                0x00004806                __mulsf3x
                0x0000480a                __mulsf3_pse
 .text.avr-libc.fplib
                0x000048b4       0x98 c:/program files (x86)/atmel/studio/7.0/toolchain/avr8/avr8-gnu-toolchain/bin/../lib/gcc/avr/4.9.2/../../../../avr/lib/avr6\libm.a(pow.o)
                0x000048b4                pow
 .text.avr-libc.fplib
                0x0000494c        0xc c:/program files (x86)/atmel/studio/7.0/toolchain/avr8/avr8-gnu-toolchain/bin/../lib/gcc/avr/4.9.2/../../../../avr/lib/avr6\libm.a(sin.o)
                0x0000494c                sin
 .text.avr-libc.fplib
                0x00004958       0x62 c:/program files (x86)/atmel/studio/7.0/toolchain/avr8/avr8-gnu-toolchain/bin/../lib/gcc/avr/4.9.2/../../../../avr/lib/avr6\libm.a(exp.o)
                0x00004962                exp
 .text.avr-libc.fplib
                0x000049ba       0x1c c:/program files (x86)/atmel/studio/7.0/toolchain/avr8/avr8-gnu-toolchain/bin/../lib/gcc/avr/4.9.2/../../../../avr/lib/avr6\libm.a(fp_mpack.o)
                0x000049ba                __fp_mpack
                0x000049be                __fp_mpack_finite
 .text.avr-libc.fplib
                0x000049d6       0x4a c:/program files (x86)/atmel/studio/7.0/toolchain/avr8/avr8-gnu-toolchain/bin/../lib/gcc/avr/4.9.2/../../../../avr/lib/avr6\libm.a(fp_powser.o)
                0x000049d6                __fp_powser
 .text.avr-libc.fplib
                0x00004a20       0x22 c:/program files (x86)/atmel/studio/7.0/toolchain/avr8/avr8-gnu-toolchain/bin/../lib/gcc/avr/4.9.2/../../../../avr/lib/avr6\libm.a(fp_powsodd.o)
                0x00004a20                __fp_powsodd
 .text.avr-libc.fplib
                0x00004a42        0xe c:/program files (x86)/atmel/studio/7.0/toolchain/avr8/avr8-gnu-toolchain/bin/../lib/gcc/avr/4.9.2/../../../../avr/lib/avr6\libm.a(inverse.o)
                0x00004a42                inverse
 .text.avr-libc.fplib
                0x00004a50       0x6c c:/program files (x86)/atmel/studio/7.0/toolchain/avr8/avr8-gnu-toolchain/bin/../lib/gcc/avr/4.9.2/../../../../avr/lib/avr6\libm.a(ldexp.o)
                0x00004a54                ldexp
 .text.avr-libc.fplib
                0x00004abc       0x8a c:/program files (x86)/atmel/studio/7.0/toolchain/avr8/avr8-gnu-toolchain/bin/../lib/gcc/avr/4.9.2/../../../../avr/lib/avr6\libm.a(log.o)
                0x00004ac6                log
 .text.avr-libc.fplib
                0x00004b46       0x66 c:/program files (x86)/atmel/studio/7.0/toolchain/avr8/avr8-gnu-toolchain/bin/../lib/gcc/avr/4.9.2/../../../../avr/lib/avr6\libm.a(modf.o)
                0x00004b46                modf
                0x00004b46                modff
 .text.__cxa_pure_virtual
                0x00004bac        0x4 I:\atmel studio\led2\ArduinoSketch42\ArduinoSketch42\ArduinoCore\Debug\libArduinoCore.a(abi.o)
                0x00004bac                __cxa_pure_virtual
 .text._ZN14HardwareSerial9availableEv
                0x00004bb0       0x18 I:\atmel studio\led2\ArduinoSketch42\ArduinoSketch42\ArduinoCore\Debug\libArduinoCore.a(HardwareSerial.o)
                0x00004bb0                _ZN14HardwareSerial9availableEv
 .text._ZN14HardwareSerial4peekEv
                0x00004bc8       0x1c I:\atmel studio\led2\ArduinoSketch42\ArduinoSketch42\ArduinoCore\Debug\libArduinoCore.a(HardwareSerial.o)
                0x00004bc8                _ZN14HardwareSerial4peekEv
 .text._ZN14HardwareSerial4readEv
                0x00004be4       0x28 I:\atmel studio\led2\ArduinoSketch42\ArduinoSketch42\ArduinoCore\Debug\libArduinoCore.a(HardwareSerial.o)
                0x00004be4                _ZN14HardwareSerial4readEv
 .text._ZN14HardwareSerial17availableForWriteEv
                0x00004c0c       0x1e I:\atmel studio\led2\ArduinoSketch42\ArduinoSketch42\ArduinoCore\Debug\libArduinoCore.a(HardwareSerial.o)
                0x00004c0c                _ZN14HardwareSerial17availableForWriteEv
 .text._Z14serialEventRunv
                0x00004c2a       0x74 I:\atmel studio\led2\ArduinoSketch42\ArduinoSketch42\ArduinoCore\Debug\libArduinoCore.a(HardwareSerial.o)
                0x00004c2a                _Z14serialEventRunv
 .text._ZN14HardwareSerial17_tx_udr_empty_irqEv
                0x00004c9e       0x42 I:\atmel studio\led2\ArduinoSketch42\ArduinoSketch42\ArduinoCore\Debug\libArduinoCore.a(HardwareSerial.o)
                0x00004c9e                _ZN14HardwareSerial17_tx_udr_empty_irqEv
 .text._ZN14HardwareSerial5flushEv
                0x00004ce0       0x42 I:\atmel studio\led2\ArduinoSketch42\ArduinoSketch42\ArduinoCore\Debug\libArduinoCore.a(HardwareSerial.o)
                0x00004ce0                _ZN14HardwareSerial5flushEv
 .text._ZN14HardwareSerial5writeEh
                0x00004d22       0x8c I:\atmel studio\led2\ArduinoSketch42\ArduinoSketch42\ArduinoCore\Debug\libArduinoCore.a(HardwareSerial.o)
                0x00004d22                _ZN14HardwareSerial5writeEh
 .text._ZN14HardwareSerial5beginEmh
                0x00004dae       0xca I:\atmel studio\led2\ArduinoSketch42\ArduinoSketch42\ArduinoCore\Debug\libArduinoCore.a(HardwareSerial.o)
                0x00004dae                _ZN14HardwareSerial5beginEmh
 .text.__vector_25
                0x00004e78       0x6c I:\atmel studio\led2\ArduinoSketch42\ArduinoSketch42\ArduinoCore\Debug\libArduinoCore.a(HardwareSerial0.o)
                0x00004e78                __vector_25
 .text.__vector_26
                0x00004ee4       0x52 I:\atmel studio\led2\ArduinoSketch42\ArduinoSketch42\ArduinoCore\Debug\libArduinoCore.a(HardwareSerial0.o)
                0x00004ee4                __vector_26
 .text._Z17Serial0_availablev
                0x00004f36       0x12 I:\atmel studio\led2\ArduinoSketch42\ArduinoSketch42\ArduinoCore\Debug\libArduinoCore.a(HardwareSerial0.o)
                0x00004f36                _Z17Serial0_availablev
 .text.startup._GLOBAL__sub_I___vector_25
                0x00004f48       0x5a I:\atmel studio\led2\ArduinoSketch42\ArduinoSketch42\ArduinoCore\Debug\libArduinoCore.a(HardwareSerial0.o)
 .text.__vector_36
                0x00004fa2       0x6c I:\atmel studio\led2\ArduinoSketch42\ArduinoSketch42\ArduinoCore\Debug\libArduinoCore.a(HardwareSerial1.o)
                0x00004fa2                __vector_36
 .text.__vector_37
                0x0000500e       0x52 I:\atmel studio\led2\ArduinoSketch42\ArduinoSketch42\ArduinoCore\Debug\libArduinoCore.a(HardwareSerial1.o)
                0x0000500e                __vector_37
 .text._Z17Serial1_availablev
                0x00005060       0x12 I:\atmel studio\led2\ArduinoSketch42\ArduinoSketch42\ArduinoCore\Debug\libArduinoCore.a(HardwareSerial1.o)
                0x00005060                _Z17Serial1_availablev
 .text.startup._GLOBAL__sub_I___vector_36
                0x00005072       0x5a I:\atmel studio\led2\ArduinoSketch42\ArduinoSketch42\ArduinoCore\Debug\libArduinoCore.a(HardwareSerial1.o)
 .text.__vector_54
                0x000050cc       0x6c I:\atmel studio\led2\ArduinoSketch42\ArduinoSketch42\ArduinoCore\Debug\libArduinoCore.a(HardwareSerial3.o)
                0x000050cc                __vector_54
 .text.__vector_55
                0x00005138       0x52 I:\atmel studio\led2\ArduinoSketch42\ArduinoSketch42\ArduinoCore\Debug\libArduinoCore.a(HardwareSerial3.o)
                0x00005138                __vector_55
 .text._Z17Serial3_availablev
                0x0000518a       0x12 I:\atmel studio\led2\ArduinoSketch42\ArduinoSketch42\ArduinoCore\Debug\libArduinoCore.a(HardwareSerial3.o)
                0x0000518a                _Z17Serial3_availablev
 .text.startup._GLOBAL__sub_I___vector_54
                0x0000519c       0x5a I:\atmel studio\led2\ArduinoSketch42\ArduinoSketch42\ArduinoCore\Debug\libArduinoCore.a(HardwareSerial3.o)
 .text.initVariant
                0x000051f6        0x2 I:\atmel studio\led2\ArduinoSketch42\ArduinoSketch42\ArduinoCore\Debug\libArduinoCore.a(main.o)
                0x000051f6                initVariant
 .text.startup.main
                0x000051f8       0x18 I:\atmel studio\led2\ArduinoSketch42\ArduinoSketch42\ArduinoCore\Debug\libArduinoCore.a(main.o)
                0x000051f8                main
 .text._ZN5Print5writeEPKhj
                0x00005210       0x56 I:\atmel studio\led2\ArduinoSketch42\ArduinoSketch42\ArduinoCore\Debug\libArduinoCore.a(Print.o)
                0x00005210                _ZN5Print5writeEPKhj
 .text._ZN5Print5writeEPKc
                0x00005266       0x2a I:\atmel studio\led2\ArduinoSketch42\ArduinoSketch42\ArduinoCore\Debug\libArduinoCore.a(Print.o)
                0x00005266                _ZN5Print5writeEPKc
 .text._ZN5Print5printERK6String
                0x00005290       0x1c I:\atmel studio\led2\ArduinoSketch42\ArduinoSketch42\ArduinoCore\Debug\libArduinoCore.a(Print.o)
                0x00005290                _ZN5Print5printERK6String
 .text._ZN5Print5printEPKc
                0x000052ac        0x2 I:\atmel studio\led2\ArduinoSketch42\ArduinoSketch42\ArduinoCore\Debug\libArduinoCore.a(Print.o)
                0x000052ac                _ZN5Print5printEPKc
 .text._ZN5Print5printEc
                0x000052ae        0xe I:\atmel studio\led2\ArduinoSketch42\ArduinoSketch42\ArduinoCore\Debug\libArduinoCore.a(Print.o)
                0x000052ae                _ZN5Print5printEc
 .text._ZN5Print7printlnEv
                0x000052bc        0x6 I:\atmel studio\led2\ArduinoSketch42\ArduinoSketch42\ArduinoCore\Debug\libArduinoCore.a(Print.o)
                0x000052bc                _ZN5Print7printlnEv
 .text._ZN5Print7printlnERK6String
                0x000052c2       0x20 I:\atmel studio\led2\ArduinoSketch42\ArduinoSketch42\ArduinoCore\Debug\libArduinoCore.a(Print.o)
                0x000052c2                _ZN5Print7printlnERK6String
 .text._ZN5Print7printlnEPKc
                0x000052e2       0x20 I:\atmel studio\led2\ArduinoSketch42\ArduinoSketch42\ArduinoCore\Debug\libArduinoCore.a(Print.o)
                0x000052e2                _ZN5Print7printlnEPKc
 .text._ZN5Print11printNumberEmh
                0x00005302       0xa4 I:\atmel studio\led2\ArduinoSketch42\ArduinoSketch42\ArduinoCore\Debug\libArduinoCore.a(Print.o)
                0x00005302                _ZN5Print11printNumberEmh
 .text._ZN5Print5printEli
                0x000053a6       0x8e I:\atmel studio\led2\ArduinoSketch42\ArduinoSketch42\ArduinoCore\Debug\libArduinoCore.a(Print.o)
                0x000053a6                _ZN5Print5printEli
 .text._ZN5Print5printEii
                0x00005434        0xc I:\atmel studio\led2\ArduinoSketch42\ArduinoSketch42\ArduinoCore\Debug\libArduinoCore.a(Print.o)
                0x00005434                _ZN5Print5printEii
 .text._ZN5Print7printlnEii
                0x00005440       0x2a I:\atmel studio\led2\ArduinoSketch42\ArduinoSketch42\ArduinoCore\Debug\libArduinoCore.a(Print.o)
                0x00005440                _ZN5Print7printlnEii
 .text._ZN5Print5printEmi
                0x0000546a       0x18 I:\atmel studio\led2\ArduinoSketch42\ArduinoSketch42\ArduinoCore\Debug\libArduinoCore.a(Print.o)
                0x0000546a                _ZN5Print5printEmi
 .text._ZN5Print10printFloatEdh
                0x00005482      0x1ac I:\atmel studio\led2\ArduinoSketch42\ArduinoSketch42\ArduinoCore\Debug\libArduinoCore.a(Print.o)
                0x00005482                _ZN5Print10printFloatEdh
 .text._ZN5Print5printEdi
                0x0000562e        0x2 I:\atmel studio\led2\ArduinoSketch42\ArduinoSketch42\ArduinoCore\Debug\libArduinoCore.a(Print.o)
                0x0000562e                _ZN5Print5printEdi
 .text._ZN5Print7printlnEdi
                0x00005630       0x20 I:\atmel studio\led2\ArduinoSketch42\ArduinoSketch42\ArduinoCore\Debug\libArduinoCore.a(Print.o)
                0x00005630                _ZN5Print7printlnEdi
 .text.nothing  0x00005650        0x2 I:\atmel studio\led2\ArduinoSketch42\ArduinoSketch42\ArduinoCore\Debug\libArduinoCore.a(WInterrupts.o)
 .text.__vector_1
                0x00005652       0x56 I:\atmel studio\led2\ArduinoSketch42\ArduinoSketch42\ArduinoCore\Debug\libArduinoCore.a(WInterrupts.o)
                0x00005652                __vector_1
 .text.__vector_2
                0x000056a8       0x56 I:\atmel studio\led2\ArduinoSketch42\ArduinoSketch42\ArduinoCore\Debug\libArduinoCore.a(WInterrupts.o)
                0x000056a8                __vector_2
 .text.__vector_3
                0x000056fe       0x56 I:\atmel studio\led2\ArduinoSketch42\ArduinoSketch42\ArduinoCore\Debug\libArduinoCore.a(WInterrupts.o)
                0x000056fe                __vector_3
 .text.__vector_4
                0x00005754       0x56 I:\atmel studio\led2\ArduinoSketch42\ArduinoSketch42\ArduinoCore\Debug\libArduinoCore.a(WInterrupts.o)
                0x00005754                __vector_4
 .text.__vector_5
                0x000057aa       0x56 I:\atmel studio\led2\ArduinoSketch42\ArduinoSketch42\ArduinoCore\Debug\libArduinoCore.a(WInterrupts.o)
                0x000057aa                __vector_5
 .text.__vector_6
                0x00005800       0x56 I:\atmel studio\led2\ArduinoSketch42\ArduinoSketch42\ArduinoCore\Debug\libArduinoCore.a(WInterrupts.o)
                0x00005800                __vector_6
 .text.__vector_7
                0x00005856       0x56 I:\atmel studio\led2\ArduinoSketch42\ArduinoSketch42\ArduinoCore\Debug\libArduinoCore.a(WInterrupts.o)
                0x00005856                __vector_7
 .text.__vector_8
                0x000058ac       0x56 I:\atmel studio\led2\ArduinoSketch42\ArduinoSketch42\ArduinoCore\Debug\libArduinoCore.a(WInterrupts.o)
                0x000058ac                __vector_8
 .text.__vector_23
                0x00005902       0x94 I:\atmel studio\led2\ArduinoSketch42\ArduinoSketch42\ArduinoCore\Debug\libArduinoCore.a(wiring.o)
                0x00005902                __vector_23
 .text.millis   0x00005996       0x18 I:\atmel studio\led2\ArduinoSketch42\ArduinoSketch42\ArduinoCore\Debug\libArduinoCore.a(wiring.o)
                0x00005996                millis
 .text.micros   0x000059ae       0x4a I:\atmel studio\led2\ArduinoSketch42\ArduinoSketch42\ArduinoCore\Debug\libArduinoCore.a(wiring.o)
                0x000059ae                micros
 .text.delay    0x000059f8       0x72 I:\atmel studio\led2\ArduinoSketch42\ArduinoSketch42\ArduinoCore\Debug\libArduinoCore.a(wiring.o)
                0x000059f8                delay
 .text.delayMicroseconds
                0x00005a6a       0x16 I:\atmel studio\led2\ArduinoSketch42\ArduinoSketch42\ArduinoCore\Debug\libArduinoCore.a(wiring.o)
                0x00005a6a                delayMicroseconds
 .text.init     0x00005a80       0xc4 I:\atmel studio\led2\ArduinoSketch42\ArduinoSketch42\ArduinoCore\Debug\libArduinoCore.a(wiring.o)
                0x00005a80                init
 .text.turnOffPWM
                0x00005b44       0xaa I:\atmel studio\led2\ArduinoSketch42\ArduinoSketch42\ArduinoCore\Debug\libArduinoCore.a(wiring_digital.o)
 .text.pinMode  0x00005bee       0x78 I:\atmel studio\led2\ArduinoSketch42\ArduinoSketch42\ArduinoCore\Debug\libArduinoCore.a(wiring_digital.o)
                0x00005bee                pinMode
 .text.digitalWrite
                0x00005c66       0x5e I:\atmel studio\led2\ArduinoSketch42\ArduinoSketch42\ArduinoCore\Debug\libArduinoCore.a(wiring_digital.o)
                0x00005c66                digitalWrite
 .text._Z3maplllll
                0x00005cc4       0x7e I:\atmel studio\led2\ArduinoSketch42\ArduinoSketch42\ArduinoCore\Debug\libArduinoCore.a(WMath.o)
                0x00005cc4                _Z3maplllll
 .text._ZN6StringD2Ev
                0x00005d42        0x8 I:\atmel studio\led2\ArduinoSketch42\ArduinoSketch42\ArduinoCore\Debug\libArduinoCore.a(WString.o)
                0x00005d42                _ZN6StringD2Ev
                0x00005d42                _ZN6StringD1Ev
 .text._ZN6String10invalidateEv
                0x00005d4a       0x22 I:\atmel studio\led2\ArduinoSketch42\ArduinoSketch42\ArduinoCore\Debug\libArduinoCore.a(WString.o)
                0x00005d4a                _ZN6String10invalidateEv
 .text._ZN6String12changeBufferEj
                0x00005d6c       0x32 I:\atmel studio\led2\ArduinoSketch42\ArduinoSketch42\ArduinoCore\Debug\libArduinoCore.a(WString.o)
                0x00005d6c                _ZN6String12changeBufferEj
 .text._ZN6String7reserveEj
                0x00005d9e       0x36 I:\atmel studio\led2\ArduinoSketch42\ArduinoSketch42\ArduinoCore\Debug\libArduinoCore.a(WString.o)
                0x00005d9e                _ZN6String7reserveEj
 .text._ZN6String4copyEPKcj
                0x00005dd4       0x3c I:\atmel studio\led2\ArduinoSketch42\ArduinoSketch42\ArduinoCore\Debug\libArduinoCore.a(WString.o)
                0x00005dd4                _ZN6String4copyEPKcj
 .text._ZN6StringC2EPKc
                0x00005e10       0x28 I:\atmel studio\led2\ArduinoSketch42\ArduinoSketch42\ArduinoCore\Debug\libArduinoCore.a(WString.o)
                0x00005e10                _ZN6StringC2EPKc
                0x00005e10                _ZN6StringC1EPKc
 .text._ZN6StringaSERKS_
                0x00005e38       0x2a I:\atmel studio\led2\ArduinoSketch42\ArduinoSketch42\ArduinoCore\Debug\libArduinoCore.a(WString.o)
                0x00005e38                _ZN6StringaSERKS_
 .text._ZN6StringC2ERKS_
                0x00005e62       0x10 I:\atmel studio\led2\ArduinoSketch42\ArduinoSketch42\ArduinoCore\Debug\libArduinoCore.a(WString.o)
                0x00005e62                _ZN6StringC2ERKS_
                0x00005e62                _ZN6StringC1ERKS_
 .text._ZN6StringaSEPKc
                0x00005e72       0x2a I:\atmel studio\led2\ArduinoSketch42\ArduinoSketch42\ArduinoCore\Debug\libArduinoCore.a(WString.o)
                0x00005e72                _ZN6StringaSEPKc
 .text._ZN6String6concatEPKcj
                0x00005e9c       0x58 I:\atmel studio\led2\ArduinoSketch42\ArduinoSketch42\ArduinoCore\Debug\libArduinoCore.a(WString.o)
                0x00005e9c                _ZN6String6concatEPKcj
 .text._ZN6String6concatEc
                0x00005ef4       0x26 I:\atmel studio\led2\ArduinoSketch42\ArduinoSketch42\ArduinoCore\Debug\libArduinoCore.a(WString.o)
                0x00005ef4                _ZN6String6concatEc
 .text._ZNK6String6equalsEPKc
                0x00005f1a       0x3c I:\atmel studio\led2\ArduinoSketch42\ArduinoSketch42\ArduinoCore\Debug\libArduinoCore.a(WString.o)
                0x00005f1a                _ZNK6String6equalsEPKc
 .text._ZNK6String7indexOfEcj
                0x00005f56       0x32 I:\atmel studio\led2\ArduinoSketch42\ArduinoSketch42\ArduinoCore\Debug\libArduinoCore.a(WString.o)
                0x00005f56                _ZNK6String7indexOfEcj
 .text._ZNK6String7indexOfEc
                0x00005f88        0x6 I:\atmel studio\led2\ArduinoSketch42\ArduinoSketch42\ArduinoCore\Debug\libArduinoCore.a(WString.o)
                0x00005f88                _ZNK6String7indexOfEc
 .text._ZNK6String9substringEjj
                0x00005f8e       0x88 I:\atmel studio\led2\ArduinoSketch42\ArduinoSketch42\ArduinoCore\Debug\libArduinoCore.a(WString.o)
                0x00005f8e                _ZNK6String9substringEjj
 .text._ZN6String6removeEjj
                0x00006016       0x62 I:\atmel studio\led2\ArduinoSketch42\ArduinoSketch42\ArduinoCore\Debug\libArduinoCore.a(WString.o)
                0x00006016                _ZN6String6removeEjj
 .text._ZN6String11toUpperCaseEv
                0x00006078       0x22 I:\atmel studio\led2\ArduinoSketch42\ArduinoSketch42\ArduinoCore\Debug\libArduinoCore.a(WString.o)
                0x00006078                _ZN6String11toUpperCaseEv
 .text._ZNK6String5toIntEv
                0x0000609a       0x14 I:\atmel studio\led2\ArduinoSketch42\ArduinoSketch42\ArduinoCore\Debug\libArduinoCore.a(WString.o)
                0x0000609a                _ZNK6String5toIntEv
 .text.__empty  0x000060ae        0x2 I:\atmel studio\led2\ArduinoSketch42\ArduinoSketch42\ArduinoCore\Debug\libArduinoCore.a(hooks.o)
                0x000060ae                yield
 .text.avr-libc.fplib
                0x000060b0        0xa c:/program files (x86)/atmel/studio/7.0/toolchain/avr8/avr8-gnu-toolchain/bin/../lib/gcc/avr/4.9.2/../../../../avr/lib/avr6\libm.a(unordsf2.o)
                0x000060b0                __unordsf2
 .text.libgcc.mul
                0x000060ba       0x1e c:/program files (x86)/atmel/studio/7.0/toolchain/avr8/avr8-gnu-toolchain/bin/../lib/gcc/avr/4.9.2/avr6\libgcc.a(_mulsi3.o)
                0x000060ba                __mulsi3
 .text.libgcc.div
                0x000060d8       0x44 c:/program files (x86)/atmel/studio/7.0/toolchain/avr8/avr8-gnu-toolchain/bin/../lib/gcc/avr/4.9.2/avr6\libgcc.a(_udivmodsi4.o)
                0x000060d8                __udivmodsi4
 .text.libgcc.div
                0x0000611c       0x28 c:/program files (x86)/atmel/studio/7.0/toolchain/avr8/avr8-gnu-toolchain/bin/../lib/gcc/avr/4.9.2/avr6\libgcc.a(_divmodsi4.o)
                0x0000611c                __divmodsi4
 .text.libgcc.div
                0x00006144       0x10 c:/program files (x86)/atmel/studio/7.0/toolchain/avr8/avr8-gnu-toolchain/bin/../lib/gcc/avr/4.9.2/avr6\libgcc.a(_negsi2.o)
                0x00006144                __negsi2
 .text.libgcc   0x00006154       0x10 c:/program files (x86)/atmel/studio/7.0/toolchain/avr8/avr8-gnu-toolchain/bin/../lib/gcc/avr/4.9.2/avr6\libgcc.a(_tablejump2.o)
                0x00006154                __tablejump2__
 .text.libgcc.mul
                0x00006164       0x1e c:/program files (x86)/atmel/studio/7.0/toolchain/avr8/avr8-gnu-toolchain/bin/../lib/gcc/avr/4.9.2/avr6\libgcc.a(_umulhisi3.o)
                0x00006164                __umulhisi3
 .text.libgcc.mul
                0x00006182        0xc c:/program files (x86)/atmel/studio/7.0/toolchain/avr8/avr8-gnu-toolchain/bin/../lib/gcc/avr/4.9.2/avr6\libgcc.a(_usmulhisi3.o)
                0x00006182                __usmulhisi3
                0x00006184                __usmulhisi3_tail
 .text.libgcc.mul
                0x0000618e       0x14 c:/program files (x86)/atmel/studio/7.0/toolchain/avr8/avr8-gnu-toolchain/bin/../lib/gcc/avr/4.9.2/avr6\libgcc.a(_muluhisi3.o)
                0x0000618e                __muluhisi3
 .text.avr-libc
                0x000061a2      0x25a c:/program files (x86)/atmel/studio/7.0/toolchain/avr8/avr8-gnu-toolchain/bin/../lib/gcc/avr/4.9.2/../../../../avr/lib/avr6\libc.a(malloc.o)
                0x000061a2                malloc
                0x000062cc                free
 .text.avr-libc
                0x000063fc      0x1c8 c:/program files (x86)/atmel/studio/7.0/toolchain/avr8/avr8-gnu-toolchain/bin/../lib/gcc/avr/4.9.2/../../../../avr/lib/avr6\libc.a(realloc.o)
                0x000063fc                realloc
 .text.avr-libc
                0x000065c4        0x8 c:/program files (x86)/atmel/studio/7.0/toolchain/avr8/avr8-gnu-toolchain/bin/../lib/gcc/avr/4.9.2/../../../../avr/lib/avr6\libc.a(abort.o)
                0x000065c4                abort
 .text.avr-libc
                0x000065cc       0x4c c:/program files (x86)/atmel/studio/7.0/toolchain/avr8/avr8-gnu-toolchain/bin/../lib/gcc/avr/4.9.2/../../../../avr/lib/avr6\libc.a(atol.o)
                0x000065cc                atol
 .text.avr-libc
                0x00006618       0x10 c:/program files (x86)/atmel/studio/7.0/toolchain/avr8/avr8-gnu-toolchain/bin/../lib/gcc/avr/4.9.2/../../../../avr/lib/avr6\libc.a(toupper.o)
                0x00006618                toupper
 .text.avr-libc
                0x00006628       0x12 c:/program files (x86)/atmel/studio/7.0/toolchain/avr8/avr8-gnu-toolchain/bin/../lib/gcc/avr/4.9.2/../../../../avr/lib/avr6\libc.a(memcpy.o)
                0x00006628                memcpy
 .text.avr-libc
                0x0000663a       0x16 c:/program files (x86)/atmel/studio/7.0/toolchain/avr8/avr8-gnu-toolchain/bin/../lib/gcc/avr/4.9.2/../../../../avr/lib/avr6\libc.a(strchr.o)
                0x0000663a                strchr
 .text.avr-libc
                0x00006650       0x12 c:/program files (x86)/atmel/studio/7.0/toolchain/avr8/avr8-gnu-toolchain/bin/../lib/gcc/avr/4.9.2/../../../../avr/lib/avr6\libc.a(strcmp.o)
                0x00006650                strcmp
 .text.avr-libc
                0x00006662        0xe c:/program files (x86)/atmel/studio/7.0/toolchain/avr8/avr8-gnu-toolchain/bin/../lib/gcc/avr/4.9.2/../../../../avr/lib/avr6\libc.a(strcpy.o)
                0x00006662                strcpy
 .text.avr-libc
                0x00006670       0x1e c:/program files (x86)/atmel/studio/7.0/toolchain/avr8/avr8-gnu-toolchain/bin/../lib/gcc/avr/4.9.2/../../../../avr/lib/avr6\libc.a(strncpy.o)
                0x00006670                strncpy
 .text.avr-libc
                0x0000668e       0x2a c:/program files (x86)/atmel/studio/7.0/toolchain/avr8/avr8-gnu-toolchain/bin/../lib/gcc/avr/4.9.2/../../../../avr/lib/avr6\libc.a(mulsi10.o)
                0x0000668e                __mulsi_const_10
                0x000066b8                . = ALIGN (0x2)
 *(.fini9)
 .fini9         0x000066b8        0x0 c:/program files (x86)/atmel/studio/7.0/toolchain/avr8/avr8-gnu-toolchain/bin/../lib/gcc/avr/4.9.2/avr6\libgcc.a(_exit.o)
                0x000066b8                _exit
                0x000066b8                exit
 *(.fini9)
 *(.fini8)
 *(.fini8)
 *(.fini7)
 *(.fini7)
 *(.fini6)
 .fini6         0x000066b8       0x1e c:/program files (x86)/atmel/studio/7.0/toolchain/avr8/avr8-gnu-toolchain/bin/../lib/gcc/avr/4.9.2/avr6\libgcc.a(_dtors.o)
                0x000066b8                __do_global_dtors
 *(.fini6)
 *(.fini5)
 *(.fini5)
 *(.fini4)
 *(.fini4)
 *(.fini3)
 *(.fini3)
 *(.fini2)
 *(.fini2)
 *(.fini1)
 *(.fini1)
 *(.fini0)
 .fini0         0x000066d6        0x4 c:/program files (x86)/atmel/studio/7.0/toolchain/avr8/avr8-gnu-toolchain/bin/../lib/gcc/avr/4.9.2/avr6\libgcc.a(_exit.o)
 *(.fini0)
                0x000066da                _etext = .

.data           0x00800200      0x870 load address 0x000066da
                0x00800200                PROVIDE (__data_start, .)
 *(.data)
 .data          0x00800200        0x6 c:/program files (x86)/atmel/studio/7.0/toolchain/avr8/avr8-gnu-toolchain/bin/../lib/gcc/avr/4.9.2/../../../../avr/lib/avr6\libc.a(malloc.o)
                0x00800200                __malloc_heap_end
                0x00800202                __malloc_heap_start
                0x00800204                __malloc_margin
 *(.data*)
 .data._ZZN16Adafruit_SSD130621drawFastVLineInternalEiiijE8postmask
                0x00800206        0x8 Adafruit_SSD1306.o
                0x00800206                _ZZN16Adafruit_SSD130621drawFastVLineInternalEiiijE8postmask
 .data._ZZN16Adafruit_SSD130621drawFastVLineInternalEiiijE7premask
                0x0080020e        0x8 Adafruit_SSD1306.o
                0x0080020e                _ZZN16Adafruit_SSD130621drawFastVLineInternalEiiijE7premask
 .data._ZL6buffer
                0x00800216      0x400 Adafruit_SSD1306.o
 .data._ZL13enable_rumble
                0x00800616        0x5 PS2X_lib.o
 .data._ZL11exit_config
                0x0080061b        0x9 PS2X_lib.o
 .data._ZL15set_bytes_large
                0x00800624        0x9 PS2X_lib.o
 .data._ZL8set_mode
                0x0080062d        0x9 PS2X_lib.o
 .data._ZL12enter_config
                0x00800636        0x5 PS2X_lib.o
 .data._ZL8_intFunc
                0x0080063b        0x2 Timer1.o
 .data.intFunc  0x0080063d       0x10 I:\atmel studio\led2\ArduinoSketch42\ArduinoSketch42\ArduinoCore\Debug\libArduinoCore.a(WInterrupts.o)
 *(.rodata)
 .rodata        0x0080064d        0xa Timer1.o
 *(.rodata*)
 .rodata._ZTV12Adafruit_GFX
                0x00800657       0x2c Adafruit_GFX.o
                0x00800657                _ZTV12Adafruit_GFX
 .rodata._ZTV16Adafruit_SSD1306
                0x00800683       0x2c Adafruit_SSD1306.o
                0x00800683                _ZTV16Adafruit_SSD1306
 .rodata.str1.1
                0x008006af       0x1a ComwithMotor.o
 .rodata.str1.1
                0x008006c9       0x18 ComwithPC.o
 .rodata.str1.1
                0x008006e1       0x49 ComwithShot.o
                                 0x51 (size before relaxing)
 .rodata.str1.1
                0x0080072a       0x1b Display.o
 .rodata.str1.1
                0x00800745      0x2b1 mPS2_REPLACE.o
                                0x2ce (size before relaxing)
 .rodata._ZL9type_read
                0x008009f6        0x9 PS2X_lib.o
 .rodata.str1.1
                0x008009ff       0x3d Sketch.o
                                 0x3e (size before relaxing)
 .rodata._ZTV7TwoWire
                0x00800a3c       0x12 src/libraries/Wire/src/Wire.o
                0x00800a3c                _ZTV7TwoWire
 .rodata.str1.1
                0x00800a4e        0x5 Timer1.o
 .rodata._ZTV14HardwareSerial
                0x00800a4e       0x12 I:\atmel studio\led2\ArduinoSketch42\ArduinoSketch42\ArduinoCore\Debug\libArduinoCore.a(HardwareSerial.o)
                0x00800a4e                _ZTV14HardwareSerial
 .rodata.str1.1
                0x00800a60        0xf I:\atmel studio\led2\ArduinoSketch42\ArduinoSketch42\ArduinoCore\Debug\libArduinoCore.a(Print.o)
 .rodata.str1.1
                0x00800a6f        0x1 I:\atmel studio\led2\ArduinoSketch42\ArduinoSketch42\ArduinoCore\Debug\libArduinoCore.a(WString.o)
 *(.gnu.linkonce.d*)
                0x00800a70                . = ALIGN (0x2)
 *fill*         0x00800a6f        0x1 
                0x00800a70                _edata = .
                0x00800a70                PROVIDE (__data_end, .)

.bss            0x00800a70      0x3c7
                0x00800a70                PROVIDE (__bss_start, .)
 *(.bss)
 *(.bss*)
 .bss.display   0x00800a70       0x2e Display.o
                0x00800a70                display
 .bss.ps2x      0x00800a9e       0x2e mPS2_REPLACE.o
                0x00800a9e                ps2x
 .bss.state     0x00800acc        0x6 Sketch.o
                0x00800acc                state
 .bss.cm        0x00800ad2       0x21 Sketch.o
                0x00800ad2                cm
 .bss.kinematics
                0x00800af3       0x2e Sketch.o
                0x00800af3                kinematics
 .bss.CS        0x00800b21        0x3 Sketch.o
                0x00800b21                CS
 .bss.tc1       0x00800b24        0xc Sketch.o
                0x00800b24                tc1
 .bss.PS2       0x00800b30       0x1f Sketch.o
                0x00800b30                PS2
 .bss.motor     0x00800b4f        0xc Sketch.o
                0x00800b4f                motor
 .bss.pos       0x00800b5b       0x32 Sketch.o
                0x00800b5b                pos
 .bss.toPC      0x00800b8d        0x1 Sketch.o
                0x00800b8d                toPC
 .bss.dp        0x00800b8e        0x1 Sketch.o
                0x00800b8e                dp
 .bss._ZN8SPIClass13interruptSaveE
                0x00800b8f        0x1 src/libraries/SPI/src/SPI.o
                0x00800b8f                _ZN8SPIClass13interruptSaveE
 .bss._ZN8SPIClass13interruptMaskE
                0x00800b90        0x1 src/libraries/SPI/src/SPI.o
                0x00800b90                _ZN8SPIClass13interruptMaskE
 .bss._ZN8SPIClass13interruptModeE
                0x00800b91        0x1 src/libraries/SPI/src/SPI.o
                0x00800b91                _ZN8SPIClass13interruptModeE
 .bss._ZN8SPIClass11initializedE
                0x00800b92        0x1 src/libraries/SPI/src/SPI.o
                0x00800b92                _ZN8SPIClass11initializedE
 .bss.twi_error
                0x00800b93        0x1 src/libraries/Wire/src/utility/twi.o
 .bss.twi_rxBufferIndex
                0x00800b94        0x1 src/libraries/Wire/src/utility/twi.o
 .bss.twi_rxBuffer
                0x00800b95       0x20 src/libraries/Wire/src/utility/twi.o
 .bss.twi_txBufferLength
                0x00800bb5        0x1 src/libraries/Wire/src/utility/twi.o
 .bss.twi_txBufferIndex
                0x00800bb6        0x1 src/libraries/Wire/src/utility/twi.o
 .bss.twi_txBuffer
                0x00800bb7       0x20 src/libraries/Wire/src/utility/twi.o
 .bss.twi_masterBufferLength
                0x00800bd7        0x1 src/libraries/Wire/src/utility/twi.o
 .bss.twi_masterBufferIndex
                0x00800bd8        0x1 src/libraries/Wire/src/utility/twi.o
 .bss.twi_masterBuffer
                0x00800bd9       0x20 src/libraries/Wire/src/utility/twi.o
 .bss.twi_onSlaveReceive
                0x00800bf9        0x2 src/libraries/Wire/src/utility/twi.o
 .bss.twi_onSlaveTransmit
                0x00800bfb        0x2 src/libraries/Wire/src/utility/twi.o
 .bss.twi_inRepStart
                0x00800bfd        0x1 src/libraries/Wire/src/utility/twi.o
 .bss.twi_sendStop
                0x00800bfe        0x1 src/libraries/Wire/src/utility/twi.o
 .bss.twi_slarw
                0x00800bff        0x1 src/libraries/Wire/src/utility/twi.o
 .bss.twi_state
                0x00800c00        0x1 src/libraries/Wire/src/utility/twi.o
 .bss.Wire      0x00800c01        0xc src/libraries/Wire/src/Wire.o
                0x00800c01                Wire
 .bss._ZN7TwoWire12transmittingE
                0x00800c0d        0x1 src/libraries/Wire/src/Wire.o
                0x00800c0d                _ZN7TwoWire12transmittingE
 .bss._ZN7TwoWire14txBufferLengthE
                0x00800c0e        0x1 src/libraries/Wire/src/Wire.o
                0x00800c0e                _ZN7TwoWire14txBufferLengthE
 .bss._ZN7TwoWire13txBufferIndexE
                0x00800c0f        0x1 src/libraries/Wire/src/Wire.o
                0x00800c0f                _ZN7TwoWire13txBufferIndexE
 .bss._ZN7TwoWire8txBufferE
                0x00800c10       0x20 src/libraries/Wire/src/Wire.o
                0x00800c10                _ZN7TwoWire8txBufferE
 .bss._ZN7TwoWire9txAddressE
                0x00800c30        0x1 src/libraries/Wire/src/Wire.o
                0x00800c30                _ZN7TwoWire9txAddressE
 .bss._ZN7TwoWire14rxBufferLengthE
                0x00800c31        0x1 src/libraries/Wire/src/Wire.o
                0x00800c31                _ZN7TwoWire14rxBufferLengthE
 .bss._ZN7TwoWire13rxBufferIndexE
                0x00800c32        0x1 src/libraries/Wire/src/Wire.o
                0x00800c32                _ZN7TwoWire13rxBufferIndexE
 .bss._ZN7TwoWire8rxBufferE
                0x00800c33       0x20 src/libraries/Wire/src/Wire.o
                0x00800c33                _ZN7TwoWire8rxBufferE
 .bss.Serial    0x00800c53       0x9d I:\atmel studio\led2\ArduinoSketch42\ArduinoSketch42\ArduinoCore\Debug\libArduinoCore.a(HardwareSerial0.o)
                0x00800c53                Serial
 .bss.Serial1   0x00800cf0       0x9d I:\atmel studio\led2\ArduinoSketch42\ArduinoSketch42\ArduinoCore\Debug\libArduinoCore.a(HardwareSerial1.o)
                0x00800cf0                Serial1
 .bss.Serial3   0x00800d8d       0x9d I:\atmel studio\led2\ArduinoSketch42\ArduinoSketch42\ArduinoCore\Debug\libArduinoCore.a(HardwareSerial3.o)
                0x00800d8d                Serial3
 .bss.timer0_fract
                0x00800e2a        0x1 I:\atmel studio\led2\ArduinoSketch42\ArduinoSketch42\ArduinoCore\Debug\libArduinoCore.a(wiring.o)
 .bss.timer0_millis
                0x00800e2b        0x4 I:\atmel studio\led2\ArduinoSketch42\ArduinoSketch42\ArduinoCore\Debug\libArduinoCore.a(wiring.o)
                0x00800e2b                timer0_millis
 .bss.timer0_overflow_count
                0x00800e2f        0x4 I:\atmel studio\led2\ArduinoSketch42\ArduinoSketch42\ArduinoCore\Debug\libArduinoCore.a(wiring.o)
                0x00800e2f                timer0_overflow_count
 *(COMMON)
 COMMON         0x00800e33        0x4 c:/program files (x86)/atmel/studio/7.0/toolchain/avr8/avr8-gnu-toolchain/bin/../lib/gcc/avr/4.9.2/../../../../avr/lib/avr6\libc.a(malloc.o)
                0x00800e33                __brkval
                0x00800e35                __flp
                0x00800e37                PROVIDE (__bss_end, .)
                0x000066da                __data_load_start = LOADADDR (.data)
                0x00006f4a                __data_load_end = (__data_load_start + SIZEOF (.data))

.noinit         0x00800e37        0x0
                [!provide]                PROVIDE (__noinit_start, .)
 *(.noinit*)
                [!provide]                PROVIDE (__noinit_end, .)
                0x00800e37                _end = .
                0x00800e37                PROVIDE (__heap_start, .)

.eeprom         0x00810000        0x0
 *(.eeprom*)
                0x00810000                __eeprom_end = .

.fuse
 *(.fuse)
 *(.lfuse)
 *(.hfuse)
 *(.efuse)

.lock
 *(.lock*)

.signature
 *(.signature*)

.user_signatures
 *(.user_signatures*)

.stab
 *(.stab)

.stabstr
 *(.stabstr)

.stab.excl
 *(.stab.excl)

.stab.exclstr
 *(.stab.exclstr)

.stab.index
 *(.stab.index)

.stab.indexstr
 *(.stab.indexstr)

.comment        0x00000000       0x30
 *(.comment)
 .comment       0x00000000       0x30 Adafruit_GFX.o
                                 0x31 (size before relaxing)
 .comment       0x00000030       0x31 Adafruit_SSD1306.o
 .comment       0x00000030       0x31 ComwithMotor.o
 .comment       0x00000030       0x31 ComwithPC.o
 .comment       0x00000030       0x31 ComwithShot.o
 .comment       0x00000030       0x31 Display.o
 .comment       0x00000030       0x31 Kinematics.o
 .comment       0x00000030       0x31 mMotor.o
 .comment       0x00000030       0x31 mPOS.o
 .comment       0x00000030       0x31 mPS2_REPLACE.o
 .comment       0x00000030       0x31 PS2X_lib.o
 .comment       0x00000030       0x31 Sketch.o
 .comment       0x00000030       0x31 src/libraries/SPI/src/SPI.o
 .comment       0x00000030       0x31 src/libraries/Wire/src/utility/twi.o
 .comment       0x00000030       0x31 src/libraries/Wire/src/Wire.o
 .comment       0x00000030       0x31 Timer1.o
 .comment       0x00000030       0x31 I:\atmel studio\led2\ArduinoSketch42\ArduinoSketch42\ArduinoCore\Debug\libArduinoCore.a(abi.o)
 .comment       0x00000030       0x31 I:\atmel studio\led2\ArduinoSketch42\ArduinoSketch42\ArduinoCore\Debug\libArduinoCore.a(HardwareSerial.o)
 .comment       0x00000030       0x31 I:\atmel studio\led2\ArduinoSketch42\ArduinoSketch42\ArduinoCore\Debug\libArduinoCore.a(HardwareSerial0.o)
 .comment       0x00000030       0x31 I:\atmel studio\led2\ArduinoSketch42\ArduinoSketch42\ArduinoCore\Debug\libArduinoCore.a(HardwareSerial1.o)
 .comment       0x00000030       0x31 I:\atmel studio\led2\ArduinoSketch42\ArduinoSketch42\ArduinoCore\Debug\libArduinoCore.a(HardwareSerial3.o)
 .comment       0x00000030       0x31 I:\atmel studio\led2\ArduinoSketch42\ArduinoSketch42\ArduinoCore\Debug\libArduinoCore.a(main.o)
 .comment       0x00000030       0x31 I:\atmel studio\led2\ArduinoSketch42\ArduinoSketch42\ArduinoCore\Debug\libArduinoCore.a(Print.o)
 .comment       0x00000030       0x31 I:\atmel studio\led2\ArduinoSketch42\ArduinoSketch42\ArduinoCore\Debug\libArduinoCore.a(WInterrupts.o)
 .comment       0x00000030       0x31 I:\atmel studio\led2\ArduinoSketch42\ArduinoSketch42\ArduinoCore\Debug\libArduinoCore.a(wiring.o)
 .comment       0x00000030       0x31 I:\atmel studio\led2\ArduinoSketch42\ArduinoSketch42\ArduinoCore\Debug\libArduinoCore.a(wiring_digital.o)
 .comment       0x00000030       0x31 I:\atmel studio\led2\ArduinoSketch42\ArduinoSketch42\ArduinoCore\Debug\libArduinoCore.a(WMath.o)
 .comment       0x00000030       0x31 I:\atmel studio\led2\ArduinoSketch42\ArduinoSketch42\ArduinoCore\Debug\libArduinoCore.a(WString.o)
 .comment       0x00000030       0x31 I:\atmel studio\led2\ArduinoSketch42\ArduinoSketch42\ArduinoCore\Debug\libArduinoCore.a(hooks.o)
 .comment       0x00000030       0x31 c:/program files (x86)/atmel/studio/7.0/toolchain/avr8/avr8-gnu-toolchain/bin/../lib/gcc/avr/4.9.2/../../../../avr/lib/avr6\libc.a(malloc.o)
 .comment       0x00000030       0x31 c:/program files (x86)/atmel/studio/7.0/toolchain/avr8/avr8-gnu-toolchain/bin/../lib/gcc/avr/4.9.2/../../../../avr/lib/avr6\libc.a(realloc.o)

.note.gnu.avr.deviceinfo
                0x00000000       0x40
 .note.gnu.avr.deviceinfo
                0x00000000       0x40 C:/Program Files (x86)/Atmel/Studio/7.0/Packs/atmel/ATmega_DFP/1.0.106/gcc/dev/atmega2560/avr6/crtatmega2560.o

.note.gnu.build-id
 *(.note.gnu.build-id)

.debug
 *(.debug)

.line
 *(.line)

.debug_srcinfo
 *(.debug_srcinfo)

.debug_sfnames
 *(.debug_sfnames)

.debug_aranges  0x00000000      0xf78
 *(.debug_aranges)
 .debug_aranges
                0x00000000      0x2a0 Adafruit_GFX.o
 .debug_aranges
                0x000002a0       0xb8 Adafruit_SSD1306.o
 .debug_aranges
                0x00000358       0x88 ComwithMotor.o
 .debug_aranges
                0x000003e0       0x40 ComwithPC.o
 .debug_aranges
                0x00000420       0x38 ComwithShot.o
 .debug_aranges
                0x00000458       0x48 Display.o
 .debug_aranges
                0x000004a0       0x48 Kinematics.o
 .debug_aranges
                0x000004e8       0x38 mMotor.o
 .debug_aranges
                0x00000520       0x68 mPOS.o
 .debug_aranges
                0x00000588       0x30 mPS2_REPLACE.o
 .debug_aranges
                0x000005b8       0xc0 PS2X_lib.o
 .debug_aranges
                0x00000678       0x40 Sketch.o
 .debug_aranges
                0x000006b8       0x38 src/libraries/SPI/src/SPI.o
 .debug_aranges
                0x000006f0       0x80 src/libraries/Wire/src/utility/twi.o
 .debug_aranges
                0x00000770       0xf8 src/libraries/Wire/src/Wire.o
 .debug_aranges
                0x00000868       0x60 Timer1.o
 .debug_aranges
                0x000008c8       0x28 I:\atmel studio\led2\ArduinoSketch42\ArduinoSketch42\ArduinoCore\Debug\libArduinoCore.a(abi.o)
 .debug_aranges
                0x000008f0       0x68 I:\atmel studio\led2\ArduinoSketch42\ArduinoSketch42\ArduinoCore\Debug\libArduinoCore.a(HardwareSerial.o)
 .debug_aranges
                0x00000958       0x48 I:\atmel studio\led2\ArduinoSketch42\ArduinoSketch42\ArduinoCore\Debug\libArduinoCore.a(HardwareSerial0.o)
 .debug_aranges
                0x000009a0       0x48 I:\atmel studio\led2\ArduinoSketch42\ArduinoSketch42\ArduinoCore\Debug\libArduinoCore.a(HardwareSerial1.o)
 .debug_aranges
                0x000009e8       0x48 I:\atmel studio\led2\ArduinoSketch42\ArduinoSketch42\ArduinoCore\Debug\libArduinoCore.a(HardwareSerial3.o)
 .debug_aranges
                0x00000a30       0x38 I:\atmel studio\led2\ArduinoSketch42\ArduinoSketch42\ArduinoCore\Debug\libArduinoCore.a(main.o)
 .debug_aranges
                0x00000a68      0x100 I:\atmel studio\led2\ArduinoSketch42\ArduinoSketch42\ArduinoCore\Debug\libArduinoCore.a(Print.o)
 .debug_aranges
                0x00000b68       0x70 I:\atmel studio\led2\ArduinoSketch42\ArduinoSketch42\ArduinoCore\Debug\libArduinoCore.a(WInterrupts.o)
 .debug_aranges
                0x00000bd8       0x48 I:\atmel studio\led2\ArduinoSketch42\ArduinoSketch42\ArduinoCore\Debug\libArduinoCore.a(wiring.o)
 .debug_aranges
                0x00000c20       0x38 I:\atmel studio\led2\ArduinoSketch42\ArduinoSketch42\ArduinoCore\Debug\libArduinoCore.a(wiring_digital.o)
 .debug_aranges
                0x00000c58       0x48 I:\atmel studio\led2\ArduinoSketch42\ArduinoSketch42\ArduinoCore\Debug\libArduinoCore.a(WMath.o)
 .debug_aranges
                0x00000ca0      0x2b8 I:\atmel studio\led2\ArduinoSketch42\ArduinoSketch42\ArduinoCore\Debug\libArduinoCore.a(WString.o)
 .debug_aranges
                0x00000f58       0x20 I:\atmel studio\led2\ArduinoSketch42\ArduinoSketch42\ArduinoCore\Debug\libArduinoCore.a(hooks.o)

.debug_pubnames
 *(.debug_pubnames)

.debug_info     0x00000000    0x28568
 *(.debug_info .gnu.linkonce.wi.*)
 .debug_info    0x00000000     0x6216 Adafruit_GFX.o
 .debug_info    0x00006216     0x242b Adafruit_SSD1306.o
 .debug_info    0x00008641      0xe63 ComwithMotor.o
 .debug_info    0x000094a4     0x1804 ComwithPC.o
 .debug_info    0x0000aca8      0x6ff ComwithShot.o
 .debug_info    0x0000b3a7     0x1cea Display.o
 .debug_info    0x0000d091      0x93b Kinematics.o
 .debug_info    0x0000d9cc      0x49a mMotor.o
 .debug_info    0x0000de66      0x883 mPOS.o
 .debug_info    0x0000e6e9     0x1d84 mPS2_REPLACE.o
 .debug_info    0x0001046d     0x18ac PS2X_lib.o
 .debug_info    0x00011d19     0x28b1 Sketch.o
 .debug_info    0x000145ca      0x6f6 src/libraries/SPI/src/SPI.o
 .debug_info    0x00014cc0      0x667 src/libraries/Wire/src/utility/twi.o
 .debug_info    0x00015327     0x27c0 src/libraries/Wire/src/Wire.o
 .debug_info    0x00017ae7     0x17fb Timer1.o
 .debug_info    0x000192e2       0x8e I:\atmel studio\led2\ArduinoSketch42\ArduinoSketch42\ArduinoCore\Debug\libArduinoCore.a(abi.o)
 .debug_info    0x00019370     0x1f23 I:\atmel studio\led2\ArduinoSketch42\ArduinoSketch42\ArduinoCore\Debug\libArduinoCore.a(HardwareSerial.o)
 .debug_info    0x0001b293     0x1b25 I:\atmel studio\led2\ArduinoSketch42\ArduinoSketch42\ArduinoCore\Debug\libArduinoCore.a(HardwareSerial0.o)
 .debug_info    0x0001cdb8     0x1b25 I:\atmel studio\led2\ArduinoSketch42\ArduinoSketch42\ArduinoCore\Debug\libArduinoCore.a(HardwareSerial1.o)
 .debug_info    0x0001e8dd     0x1b2b I:\atmel studio\led2\ArduinoSketch42\ArduinoSketch42\ArduinoCore\Debug\libArduinoCore.a(HardwareSerial3.o)
 .debug_info    0x00020408      0x28f I:\atmel studio\led2\ArduinoSketch42\ArduinoSketch42\ArduinoCore\Debug\libArduinoCore.a(main.o)
 .debug_info    0x00020697     0x2ada I:\atmel studio\led2\ArduinoSketch42\ArduinoSketch42\ArduinoCore\Debug\libArduinoCore.a(Print.o)
 .debug_info    0x00023171      0x2fc I:\atmel studio\led2\ArduinoSketch42\ArduinoSketch42\ArduinoCore\Debug\libArduinoCore.a(WInterrupts.o)
 .debug_info    0x0002346d      0x326 I:\atmel studio\led2\ArduinoSketch42\ArduinoSketch42\ArduinoCore\Debug\libArduinoCore.a(wiring.o)
 .debug_info    0x00023793      0x635 I:\atmel studio\led2\ArduinoSketch42\ArduinoSketch42\ArduinoCore\Debug\libArduinoCore.a(wiring_digital.o)
 .debug_info    0x00023dc8      0x240 I:\atmel studio\led2\ArduinoSketch42\ArduinoSketch42\ArduinoCore\Debug\libArduinoCore.a(WMath.o)
 .debug_info    0x00024008     0x4522 I:\atmel studio\led2\ArduinoSketch42\ArduinoSketch42\ArduinoCore\Debug\libArduinoCore.a(WString.o)
 .debug_info    0x0002852a       0x3e I:\atmel studio\led2\ArduinoSketch42\ArduinoSketch42\ArduinoCore\Debug\libArduinoCore.a(hooks.o)

.debug_abbrev   0x00000000     0x58f0
 *(.debug_abbrev)
 .debug_abbrev  0x00000000      0x58f Adafruit_GFX.o
 .debug_abbrev  0x0000058f      0x5b8 Adafruit_SSD1306.o
 .debug_abbrev  0x00000b47      0x2f6 ComwithMotor.o
 .debug_abbrev  0x00000e3d      0x334 ComwithPC.o
 .debug_abbrev  0x00001171      0x215 ComwithShot.o
 .debug_abbrev  0x00001386      0x37a Display.o
 .debug_abbrev  0x00001700      0x1fd Kinematics.o
 .debug_abbrev  0x000018fd      0x1e8 mMotor.o
 .debug_abbrev  0x00001ae5      0x2d3 mPOS.o
 .debug_abbrev  0x00001db8      0x408 mPS2_REPLACE.o
 .debug_abbrev  0x000021c0      0x3fa PS2X_lib.o
 .debug_abbrev  0x000025ba      0x493 Sketch.o
 .debug_abbrev  0x00002a4d      0x28c src/libraries/SPI/src/SPI.o
 .debug_abbrev  0x00002cd9      0x25f src/libraries/Wire/src/utility/twi.o
 .debug_abbrev  0x00002f38      0x5c4 src/libraries/Wire/src/Wire.o
 .debug_abbrev  0x000034fc      0x3ed Timer1.o
 .debug_abbrev  0x000038e9       0x5e I:\atmel studio\led2\ArduinoSketch42\ArduinoSketch42\ArduinoCore\Debug\libArduinoCore.a(abi.o)
 .debug_abbrev  0x00003947      0x478 I:\atmel studio\led2\ArduinoSketch42\ArduinoSketch42\ArduinoCore\Debug\libArduinoCore.a(HardwareSerial.o)
 .debug_abbrev  0x00003dbf      0x3dd I:\atmel studio\led2\ArduinoSketch42\ArduinoSketch42\ArduinoCore\Debug\libArduinoCore.a(HardwareSerial0.o)
 .debug_abbrev  0x0000419c      0x3dd I:\atmel studio\led2\ArduinoSketch42\ArduinoSketch42\ArduinoCore\Debug\libArduinoCore.a(HardwareSerial1.o)
 .debug_abbrev  0x00004579      0x3e6 I:\atmel studio\led2\ArduinoSketch42\ArduinoSketch42\ArduinoCore\Debug\libArduinoCore.a(HardwareSerial3.o)
 .debug_abbrev  0x0000495f      0x109 I:\atmel studio\led2\ArduinoSketch42\ArduinoSketch42\ArduinoCore\Debug\libArduinoCore.a(main.o)
 .debug_abbrev  0x00004a68      0x498 I:\atmel studio\led2\ArduinoSketch42\ArduinoSketch42\ArduinoCore\Debug\libArduinoCore.a(Print.o)
 .debug_abbrev  0x00004f00       0xed I:\atmel studio\led2\ArduinoSketch42\ArduinoSketch42\ArduinoCore\Debug\libArduinoCore.a(WInterrupts.o)
 .debug_abbrev  0x00004fed      0x145 I:\atmel studio\led2\ArduinoSketch42\ArduinoSketch42\ArduinoCore\Debug\libArduinoCore.a(wiring.o)
 .debug_abbrev  0x00005132      0x15a I:\atmel studio\led2\ArduinoSketch42\ArduinoSketch42\ArduinoCore\Debug\libArduinoCore.a(wiring_digital.o)
 .debug_abbrev  0x0000528c      0x14b I:\atmel studio\led2\ArduinoSketch42\ArduinoSketch42\ArduinoCore\Debug\libArduinoCore.a(WMath.o)
 .debug_abbrev  0x000053d7      0x4ef I:\atmel studio\led2\ArduinoSketch42\ArduinoSketch42\ArduinoCore\Debug\libArduinoCore.a(WString.o)
 .debug_abbrev  0x000058c6       0x2a I:\atmel studio\led2\ArduinoSketch42\ArduinoSketch42\ArduinoCore\Debug\libArduinoCore.a(hooks.o)

.debug_line     0x00000000     0x8fd0
 *(.debug_line .debug_line.* .debug_line_end)
 .debug_line    0x00000000     0x1df9 Adafruit_GFX.o
 .debug_line    0x00001df9      0xbe6 Adafruit_SSD1306.o
 .debug_line    0x000029df      0x4ed ComwithMotor.o
 .debug_line    0x00002ecc      0x298 ComwithPC.o
 .debug_line    0x00003164      0x2ac ComwithShot.o
 .debug_line    0x00003410      0x34b Display.o
 .debug_line    0x0000375b      0x2e8 Kinematics.o
 .debug_line    0x00003a43      0x209 mMotor.o
 .debug_line    0x00003c4c      0x2f3 mPOS.o
 .debug_line    0x00003f3f      0x31c mPS2_REPLACE.o
 .debug_line    0x0000425b      0x726 PS2X_lib.o
 .debug_line    0x00004981      0x39a Sketch.o
 .debug_line    0x00004d1b      0x313 src/libraries/SPI/src/SPI.o
 .debug_line    0x0000502e      0x515 src/libraries/Wire/src/utility/twi.o
 .debug_line    0x00005543      0x5e6 src/libraries/Wire/src/Wire.o
 .debug_line    0x00005b29      0x2ba Timer1.o
 .debug_line    0x00005de3       0xbf I:\atmel studio\led2\ArduinoSketch42\ArduinoSketch42\ArduinoCore\Debug\libArduinoCore.a(abi.o)
 .debug_line    0x00005ea2      0x489 I:\atmel studio\led2\ArduinoSketch42\ArduinoSketch42\ArduinoCore\Debug\libArduinoCore.a(HardwareSerial.o)
 .debug_line    0x0000632b      0x288 I:\atmel studio\led2\ArduinoSketch42\ArduinoSketch42\ArduinoCore\Debug\libArduinoCore.a(HardwareSerial0.o)
 .debug_line    0x000065b3      0x288 I:\atmel studio\led2\ArduinoSketch42\ArduinoSketch42\ArduinoCore\Debug\libArduinoCore.a(HardwareSerial1.o)
 .debug_line    0x0000683b      0x286 I:\atmel studio\led2\ArduinoSketch42\ArduinoSketch42\ArduinoCore\Debug\libArduinoCore.a(HardwareSerial3.o)
 .debug_line    0x00006ac1      0x171 I:\atmel studio\led2\ArduinoSketch42\ArduinoSketch42\ArduinoCore\Debug\libArduinoCore.a(main.o)
 .debug_line    0x00006c32      0x697 I:\atmel studio\led2\ArduinoSketch42\ArduinoSketch42\ArduinoCore\Debug\libArduinoCore.a(Print.o)
 .debug_line    0x000072c9      0x2da I:\atmel studio\led2\ArduinoSketch42\ArduinoSketch42\ArduinoCore\Debug\libArduinoCore.a(WInterrupts.o)
 .debug_line    0x000075a3      0x2cb I:\atmel studio\led2\ArduinoSketch42\ArduinoSketch42\ArduinoCore\Debug\libArduinoCore.a(wiring.o)
 .debug_line    0x0000786e      0x284 I:\atmel studio\led2\ArduinoSketch42\ArduinoSketch42\ArduinoCore\Debug\libArduinoCore.a(wiring_digital.o)
 .debug_line    0x00007af2      0x149 I:\atmel studio\led2\ArduinoSketch42\ArduinoSketch42\ArduinoCore\Debug\libArduinoCore.a(WMath.o)
 .debug_line    0x00007c3b     0x1354 I:\atmel studio\led2\ArduinoSketch42\ArduinoSketch42\ArduinoCore\Debug\libArduinoCore.a(WString.o)
 .debug_line    0x00008f8f       0x41 I:\atmel studio\led2\ArduinoSketch42\ArduinoSketch42\ArduinoCore\Debug\libArduinoCore.a(hooks.o)

.debug_frame    0x00000000     0x3e94
 *(.debug_frame)
 .debug_frame   0x00000000     0x11e4 Adafruit_GFX.o
 .debug_frame   0x000011e4      0x2e0 Adafruit_SSD1306.o
 .debug_frame   0x000014c4      0x220 ComwithMotor.o
 .debug_frame   0x000016e4       0xe0 ComwithPC.o
 .debug_frame   0x000017c4       0xbc ComwithShot.o
 .debug_frame   0x00001880       0xcc Display.o
 .debug_frame   0x0000194c      0x228 Kinematics.o
 .debug_frame   0x00001b74       0x6c mMotor.o
 .debug_frame   0x00001be0      0x130 mPOS.o
 .debug_frame   0x00001d10       0x9c mPS2_REPLACE.o
 .debug_frame   0x00001dac      0x2a4 PS2X_lib.o
 .debug_frame   0x00002050       0xf4 Sketch.o
 .debug_frame   0x00002144       0x5c src/libraries/SPI/src/SPI.o
 .debug_frame   0x000021a0      0x134 src/libraries/Wire/src/utility/twi.o
 .debug_frame   0x000022d4      0x278 src/libraries/Wire/src/Wire.o
 .debug_frame   0x0000254c      0x194 Timer1.o
 .debug_frame   0x000026e0       0x34 I:\atmel studio\led2\ArduinoSketch42\ArduinoSketch42\ArduinoCore\Debug\libArduinoCore.a(abi.o)
 .debug_frame   0x00002714      0x110 I:\atmel studio\led2\ArduinoSketch42\ArduinoSketch42\ArduinoCore\Debug\libArduinoCore.a(HardwareSerial.o)
 .debug_frame   0x00002824       0xe0 I:\atmel studio\led2\ArduinoSketch42\ArduinoSketch42\ArduinoCore\Debug\libArduinoCore.a(HardwareSerial0.o)
 .debug_frame   0x00002904       0xe0 I:\atmel studio\led2\ArduinoSketch42\ArduinoSketch42\ArduinoCore\Debug\libArduinoCore.a(HardwareSerial1.o)
 .debug_frame   0x000029e4       0xe0 I:\atmel studio\led2\ArduinoSketch42\ArduinoSketch42\ArduinoCore\Debug\libArduinoCore.a(HardwareSerial3.o)
 .debug_frame   0x00002ac4       0x54 I:\atmel studio\led2\ArduinoSketch42\ArduinoSketch42\ArduinoCore\Debug\libArduinoCore.a(main.o)
 .debug_frame   0x00002b18      0x3bc I:\atmel studio\led2\ArduinoSketch42\ArduinoSketch42\ArduinoCore\Debug\libArduinoCore.a(Print.o)
 .debug_frame   0x00002ed4      0x304 I:\atmel studio\led2\ArduinoSketch42\ArduinoSketch42\ArduinoCore\Debug\libArduinoCore.a(WInterrupts.o)
 .debug_frame   0x000031d8       0xc4 I:\atmel studio\led2\ArduinoSketch42\ArduinoSketch42\ArduinoCore\Debug\libArduinoCore.a(wiring.o)
 .debug_frame   0x0000329c       0x7c I:\atmel studio\led2\ArduinoSketch42\ArduinoSketch42\ArduinoCore\Debug\libArduinoCore.a(wiring_digital.o)
 .debug_frame   0x00003318       0xf0 I:\atmel studio\led2\ArduinoSketch42\ArduinoSketch42\ArduinoCore\Debug\libArduinoCore.a(WMath.o)
 .debug_frame   0x00003408      0xa68 I:\atmel studio\led2\ArduinoSketch42\ArduinoSketch42\ArduinoCore\Debug\libArduinoCore.a(WString.o)
 .debug_frame   0x00003e70       0x24 I:\atmel studio\led2\ArduinoSketch42\ArduinoSketch42\ArduinoCore\Debug\libArduinoCore.a(hooks.o)

.debug_str      0x00000000     0x4ff4
 *(.debug_str)
 .debug_str     0x00000000     0x123e Adafruit_GFX.o
                               0x1368 (size before relaxing)
 .debug_str     0x0000123e      0x8b9 Adafruit_SSD1306.o
                                0xcc9 (size before relaxing)
 .debug_str     0x00001af7      0x39e ComwithMotor.o
                                0x6a8 (size before relaxing)
 .debug_str     0x00001e95      0xa7a ComwithPC.o
                                0xdb5 (size before relaxing)
 .debug_str     0x0000290f       0x9c ComwithShot.o
                                0x436 (size before relaxing)
 .debug_str     0x000029ab      0x170 Display.o
                                0xefc (size before relaxing)
 .debug_str     0x00002b1b      0x258 Kinematics.o
                                0x4a8 (size before relaxing)
 .debug_str     0x00002d73       0xc9 mMotor.o
                                0x32d (size before relaxing)
 .debug_str     0x00002e3c      0x169 mPOS.o
                                0x3d8 (size before relaxing)
 .debug_str     0x00002fa5      0x4e8 mPS2_REPLACE.o
                               0x11d0 (size before relaxing)
 .debug_str     0x0000348d       0xc1 PS2X_lib.o
                                0x7d4 (size before relaxing)
 .debug_str     0x0000354e      0x133 Sketch.o
                               0x1654 (size before relaxing)
 .debug_str     0x00003681       0xb4 src/libraries/SPI/src/SPI.o
                                0x67f (size before relaxing)
 .debug_str     0x00003735      0x2c1 src/libraries/Wire/src/utility/twi.o
                                0x3c8 (size before relaxing)
 .debug_str     0x000039f6      0x7c6 src/libraries/Wire/src/Wire.o
                               0x1620 (size before relaxing)
 .debug_str     0x000041bc       0x9d Timer1.o
                                0xd41 (size before relaxing)
 .debug_str     0x00004259       0x8a I:\atmel studio\led2\ArduinoSketch42\ArduinoSketch42\ArduinoCore\Debug\libArduinoCore.a(abi.o)
                                0x1a9 (size before relaxing)
 .debug_str     0x000042e3      0x3b9 I:\atmel studio\led2\ArduinoSketch42\ArduinoSketch42\ArduinoCore\Debug\libArduinoCore.a(HardwareSerial.o)
                               0x1412 (size before relaxing)
 .debug_str     0x0000469c       0x47 I:\atmel studio\led2\ArduinoSketch42\ArduinoSketch42\ArduinoCore\Debug\libArduinoCore.a(HardwareSerial0.o)
                               0x117d (size before relaxing)
 .debug_str     0x000046e3       0x47 I:\atmel studio\led2\ArduinoSketch42\ArduinoSketch42\ArduinoCore\Debug\libArduinoCore.a(HardwareSerial1.o)
                               0x117e (size before relaxing)
 .debug_str     0x0000472a       0x47 I:\atmel studio\led2\ArduinoSketch42\ArduinoSketch42\ArduinoCore\Debug\libArduinoCore.a(HardwareSerial3.o)
                               0x117e (size before relaxing)
 .debug_str     0x00004771       0x43 I:\atmel studio\led2\ArduinoSketch42\ArduinoSketch42\ArduinoCore\Debug\libArduinoCore.a(main.o)
                                0x2b8 (size before relaxing)
 .debug_str     0x000047b4      0x28b I:\atmel studio\led2\ArduinoSketch42\ArduinoSketch42\ArduinoCore\Debug\libArduinoCore.a(Print.o)
                                0xff2 (size before relaxing)
 .debug_str     0x00004a3f       0x7f I:\atmel studio\led2\ArduinoSketch42\ArduinoSketch42\ArduinoCore\Debug\libArduinoCore.a(WInterrupts.o)
                                0x271 (size before relaxing)
 .debug_str     0x00004abe       0x67 I:\atmel studio\led2\ArduinoSketch42\ArduinoSketch42\ArduinoCore\Debug\libArduinoCore.a(wiring.o)
                                0x242 (size before relaxing)
 .debug_str     0x00004b25       0x47 I:\atmel studio\led2\ArduinoSketch42\ArduinoSketch42\ArduinoCore\Debug\libArduinoCore.a(wiring_digital.o)
                                0x2a7 (size before relaxing)
 .debug_str     0x00004b6c       0xac I:\atmel studio\led2\ArduinoSketch42\ArduinoSketch42\ArduinoCore\Debug\libArduinoCore.a(WMath.o)
                                0x245 (size before relaxing)
 .debug_str     0x00004c18      0x3c0 I:\atmel studio\led2\ArduinoSketch42\ArduinoSketch42\ArduinoCore\Debug\libArduinoCore.a(WString.o)
                                0xf82 (size before relaxing)
 .debug_str     0x00004fd8       0x1c I:\atmel studio\led2\ArduinoSketch42\ArduinoSketch42\ArduinoCore\Debug\libArduinoCore.a(hooks.o)
                                0x137 (size before relaxing)

.debug_loc      0x00000000    0x1902d
 *(.debug_loc)