Archive member included to satisfy reference by file (symbol)

c:/program files (x86)/atmel/studio/7.0/toolchain/avr8/avr8-gnu-toolchain/bin/../lib/gcc/avr/4.9.2/../../../../avr/lib/avr6\libm.a(addsf3.o)
                              Kinematics.o (__subsf3)
c:/program files (x86)/atmel/studio/7.0/toolchain/avr8/avr8-gnu-toolchain/bin/../lib/gcc/avr/4.9.2/../../../../avr/lib/avr6\libm.a(addsf3x.o)
                              c:/program files (x86)/atmel/studio/7.0/toolchain/avr8/avr8-gnu-toolchain/bin/../lib/gcc/avr/4.9.2/../../../../avr/lib/avr6\libm.a(addsf3.o) (__addsf3x)
c:/program files (x86)/atmel/studio/7.0/toolchain/avr8/avr8-gnu-toolchain/bin/../lib/gcc/avr/4.9.2/../../../../avr/lib/avr6\libm.a(atan2.o)
                              Path.o (atan2)
c:/program files (x86)/atmel/studio/7.0/toolchain/avr8/avr8-gnu-toolchain/bin/../lib/gcc/avr/4.9.2/../../../../avr/lib/avr6\libm.a(atan.o)
                              c:/program files (x86)/atmel/studio/7.0/toolchain/avr8/avr8-gnu-toolchain/bin/../lib/gcc/avr/4.9.2/../../../../avr/lib/avr6\libm.a(atan2.o) (atan)
c:/program files (x86)/atmel/studio/7.0/toolchain/avr8/avr8-gnu-toolchain/bin/../lib/gcc/avr/4.9.2/../../../../avr/lib/avr6\libm.a(cmpsf2.o)
                              Path.o (__ltsf2)
c:/program files (x86)/atmel/studio/7.0/toolchain/avr8/avr8-gnu-toolchain/bin/../lib/gcc/avr/4.9.2/../../../../avr/lib/avr6\libm.a(cos.o)
                              Sketch.o (cos)
c:/program files (x86)/atmel/studio/7.0/toolchain/avr8/avr8-gnu-toolchain/bin/../lib/gcc/avr/4.9.2/../../../../avr/lib/avr6\libm.a(divsf3.o)
                              Kinematics.o (__divsf3)
c:/program files (x86)/atmel/studio/7.0/toolchain/avr8/avr8-gnu-toolchain/bin/../lib/gcc/avr/4.9.2/../../../../avr/lib/avr6\libm.a(divsf3x.o)
                              c:/program files (x86)/atmel/studio/7.0/toolchain/avr8/avr8-gnu-toolchain/bin/../lib/gcc/avr/4.9.2/../../../../avr/lib/avr6\libm.a(divsf3.o) (__divsf3x)
c:/program files (x86)/atmel/studio/7.0/toolchain/avr8/avr8-gnu-toolchain/bin/../lib/gcc/avr/4.9.2/../../../../avr/lib/avr6\libm.a(fixsfsi.o)
                              Kinematics.o (__fixsfsi)
c:/program files (x86)/atmel/studio/7.0/toolchain/avr8/avr8-gnu-toolchain/bin/../lib/gcc/avr/4.9.2/../../../../avr/lib/avr6\libm.a(fixunssfsi.o)
                              PS2X_lib.o (__fixunssfsi)
c:/program files (x86)/atmel/studio/7.0/toolchain/avr8/avr8-gnu-toolchain/bin/../lib/gcc/avr/4.9.2/../../../../avr/lib/avr6\libm.a(floatsisf.o)
                              PS2X_lib.o (__floatunsisf)
c:/program files (x86)/atmel/studio/7.0/toolchain/avr8/avr8-gnu-toolchain/bin/../lib/gcc/avr/4.9.2/../../../../avr/lib/avr6\libm.a(fmod.o)
                              Sketch.o (fmod)
c:/program files (x86)/atmel/studio/7.0/toolchain/avr8/avr8-gnu-toolchain/bin/../lib/gcc/avr/4.9.2/../../../../avr/lib/avr6\libm.a(fp_cmp.o)
                              c:/program files (x86)/atmel/studio/7.0/toolchain/avr8/avr8-gnu-toolchain/bin/../lib/gcc/avr/4.9.2/../../../../avr/lib/avr6\libm.a(cmpsf2.o) (__fp_cmp)
c:/program files (x86)/atmel/studio/7.0/toolchain/avr8/avr8-gnu-toolchain/bin/../lib/gcc/avr/4.9.2/../../../../avr/lib/avr6\libm.a(fp_inf.o)
                              c:/program files (x86)/atmel/studio/7.0/toolchain/avr8/avr8-gnu-toolchain/bin/../lib/gcc/avr/4.9.2/../../../../avr/lib/avr6\libm.a(addsf3x.o) (__fp_inf)
c:/program files (x86)/atmel/studio/7.0/toolchain/avr8/avr8-gnu-toolchain/bin/../lib/gcc/avr/4.9.2/../../../../avr/lib/avr6\libm.a(fp_mpack.o)
                              c:/program files (x86)/atmel/studio/7.0/toolchain/avr8/avr8-gnu-toolchain/bin/../lib/gcc/avr/4.9.2/../../../../avr/lib/avr6\libm.a(fmod.o) (__fp_mpack)
c:/program files (x86)/atmel/studio/7.0/toolchain/avr8/avr8-gnu-toolchain/bin/../lib/gcc/avr/4.9.2/../../../../avr/lib/avr6\libm.a(fp_nan.o)
                              c:/program files (x86)/atmel/studio/7.0/toolchain/avr8/avr8-gnu-toolchain/bin/../lib/gcc/avr/4.9.2/../../../../avr/lib/avr6\libm.a(addsf3x.o) (__fp_nan)
c:/program files (x86)/atmel/studio/7.0/toolchain/avr8/avr8-gnu-toolchain/bin/../lib/gcc/avr/4.9.2/../../../../avr/lib/avr6\libm.a(fp_powser.o)
                              c:/program files (x86)/atmel/studio/7.0/toolchain/avr8/avr8-gnu-toolchain/bin/../lib/gcc/avr/4.9.2/../../../../avr/lib/avr6\libm.a(atan.o) (__fp_powser)
c:/program files (x86)/atmel/studio/7.0/toolchain/avr8/avr8-gnu-toolchain/bin/../lib/gcc/avr/4.9.2/../../../../avr/lib/avr6\libm.a(fp_pscA.o)
                              c:/program files (x86)/atmel/studio/7.0/toolchain/avr8/avr8-gnu-toolchain/bin/../lib/gcc/avr/4.9.2/../../../../avr/lib/avr6\libm.a(addsf3x.o) (__fp_pscA)
c:/program files (x86)/atmel/studio/7.0/toolchain/avr8/avr8-gnu-toolchain/bin/../lib/gcc/avr/4.9.2/../../../../avr/lib/avr6\libm.a(fp_pscB.o)
[...]
Memory Configuration

Name             Origin             Length             Attributes
text             0x00000000         0x00100000         xr
data             0x00800200         0x0000fe00         rw !x
eeprom           0x00810000         0x00010000         rw !x
fuse             0x00820000         0x00000400         rw !x
lock             0x00830000         0x00000400         rw !x
signature        0x00840000         0x00000400         rw !x
user_signatures  0x00850000         0x00000400         rw !x
*default*        0x00000000         0xffffffff

Linker script and memory map

Address of section .data set to 0x800200
LOAD C:/Program Files (x86)/Atmel/Studio/7.0/Packs/atmel/ATmega_DFP/1.0.106/gcc/dev/atmega2560/avr6/crtatmega2560.o
LOAD Adafruit_GFX.o
LOAD Adafruit_SPITFT.o
LOAD Adafruit_SSD1306.o
LOAD ComwithMotor.o
LOAD ComwithPC.o
LOAD ComwithShot.o
LOAD Display.o
LOAD glcdfont.o
LOAD Kinematics.o
LOAD mMotor.o
LOAD mPS2.o
LOAD Path.o
LOAD PS2X_lib.o
LOAD SecondDisplay.o
LOAD SensorBoard.o
LOAD Sketch.o
LOAD src/libraries/SPI/src/SPI.o
LOAD src/libraries/Wire/src/utility/twi.o
LOAD src/libraries/Wire/src/Wire.o
LOAD Timer1.o
START GROUP
LOAD c:/program files (x86)/atmel/studio/7.0/toolchain/avr8/avr8-gnu-toolchain/bin/../lib/gcc/avr/4.9.2/../../../../avr/lib/avr6\libm.a
LOAD I:\atmel studio\led2\ArduinoSketch42\ArduinoSketch42\ArduinoCore\Debug\libArduinoCore.a
END GROUP
LOAD c:/program files (x86)/atmel/studio/7.0/toolchain/avr8/avr8-gnu-toolchain/bin/../lib/gcc/avr/4.9.2/avr6\libgcc.a
LOAD c:/program files (x86)/atmel/studio/7.0/toolchain/avr8/avr8-gnu-toolchain/bin/../lib/gcc/avr/4.9.2/../../../../avr/lib/avr6\libm.a
START GROUP
LOAD c:/program files (x86)/atmel/studio/7.0/toolchain/avr8/avr8-gnu-toolchain/bin/../lib/gcc/avr/4.9.2/avr6\libgcc.a
LOAD c:/program files (x86)/atmel/studio/7.0/toolchain/avr8/avr8-gnu-toolchain/bin/../lib/gcc/avr/4.9.2/../../../../avr/lib/avr6\libm.a
LOAD c:/program files (x86)/atmel/studio/7.0/toolchain/avr8/avr8-gnu-toolchain/bin/../lib/gcc/avr/4.9.2/../../../../avr/lib/avr6\libc.a
LOAD C:/Program Files (x86)/Atmel/Studio/7.0/Packs/atmel/ATmega_DFP/1.0.106/gcc/dev/atmega2560/avr6\libatmega2560.a
END GROUP
                0x00100000                __TEXT_REGION_LENGTH__ = DEFINED (__TEXT_REGION_LENGTH__)?__TEXT_REGION_LENGTH__:0x100000
                0x0000fe00                __DATA_REGION_LENGTH__ = DEFINED (__DATA_REGION_LENGTH__)?__DATA_REGION_LENGTH__:0xfe00
                0x00010000                __EEPROM_REGION_LENGTH__ = DEFINED (__EEPROM_REGION_LENGTH__)?__EEPROM_REGION_LENGTH__:0x10000
                0x00000400                __FUSE_REGION_LENGTH__ = DEFINED (__FUSE_REGION_LENGTH__)?__FUSE_REGION_LENGTH__:0x400
                0x00000400                __LOCK_REGION_LENGTH__ = DEFINED (__LOCK_REGION_LENGTH__)?__LOCK_REGION_LENGTH__:0x400
                0x00000400                __SIGNATURE_REGION_LENGTH__ = DEFINED (__SIGNATURE_REGION_LENGTH__)?__SIGNATURE_REGION_LENGTH__:0x400
                0x00000400                __USER_SIGNATURE_REGION_LENGTH__ = DEFINED (__USER_SIGNATURE_REGION_LENGTH__)?__USER_SIGNATURE_REGION_LENGTH__:0x400

.hash
 *(.hash)

.dynsym
 *(.dynsym)

.dynstr
 *(.dynstr)

.gnu.version
 *(.gnu.version)

.gnu.version_d
 *(.gnu.version_d)

.gnu.version_r
 *(.gnu.version_r)

.rel.init
 *(.rel.init)

.rela.init
 *(.rela.init)

.rel.text
 *(.rel.text)
 *(.rel.text.*)
 *(.rel.gnu.linkonce.t*)

.rela.text
 *(.rela.text)
 *(.rela.text.*)
 *(.rela.gnu.linkonce.t*)

.rel.fini
 *(.rel.fini)

.rela.fini
 *(.rela.fini)

.rel.rodata
 *(.rel.rodata)
 *(.rel.rodata.*)
 *(.rel.gnu.linkonce.r*)

.rela.rodata
 *(.rela.rodata)
 *(.rela.rodata.*)
 *(.rela.gnu.linkonce.r*)

.rel.data
 *(.rel.data)
 *(.rel.data.*)
 *(.rel.gnu.linkonce.d*)

.rela.data
 *(.rela.data)
 *(.rela.data.*)
 *(.rela.gnu.linkonce.d*)

.rel.ctors
 *(.rel.ctors)

.rela.ctors
 *(.rela.ctors)

.rel.dtors
 *(.rel.dtors)

.rela.dtors
 *(.rela.dtors)

.rel.got
 *(.rel.got)

.rela.got
 *(.rela.got)

.rel.bss
 *(.rel.bss)

.rela.bss
 *(.rela.bss)

.rel.plt
 *(.rel.plt)

.rela.plt
 *(.rela.plt)

.text           0x00000000     0x75d4
 *(.vectors)
 .vectors       0x00000000       0xe4 C:/Program Files (x86)/Atmel/Studio/7.0/Packs/atmel/ATmega_DFP/1.0.106/gcc/dev/atmega2560/avr6/crtatmega2560.o
                0x00000000                __vector_default
                0x00000000                __vectors
 *(.vectors)
 *(.progmem.gcc*)
 .progmem.gcc_fplib
                0x000000e4       0x2d c:/program files (x86)/atmel/studio/7.0/toolchain/avr8/avr8-gnu-toolchain/bin/../lib/gcc/avr/4.9.2/../../../../avr/lib/avr6\libm.a(atan.o)
 .progmem.gcc_fplib
                0x00000111       0x1e c:/program files (x86)/atmel/studio/7.0/toolchain/avr8/avr8-gnu-toolchain/bin/../lib/gcc/avr/4.9.2/../../../../avr/lib/avr6\libm.a(fp_sinus.o)
 .progmem.gcc_fplib
                0x0000012f       0x28 c:/program files (x86)/atmel/studio/7.0/toolchain/avr8/avr8-gnu-toolchain/bin/../lib/gcc/avr/4.9.2/../../../../avr/lib/avr6\libm.a(exp.o)
 .progmem.gcc_fplib
                0x00000157       0x5a c:/program files (x86)/atmel/studio/7.0/toolchain/avr8/avr8-gnu-toolchain/bin/../lib/gcc/avr/4.9.2/../../../../avr/lib/avr6\libm.a(log.o)
 *fill*         0x000001b1        0x1 
 .progmem.gcc_sw_table.attachInterrupt
                0x000001b2        0xe I:\atmel studio\led2\ArduinoSketch42\ArduinoSketch42\ArduinoCore\Debug\libArduinoCore.a(WInterrupts.o)
 .progmem.gcc_sw_table.turnOffPWM
                0x000001c0       0x24 I:\atmel studio\led2\ArduinoSketch42\ArduinoSketch42\ArduinoCore\Debug\libArduinoCore.a(wiring_digital.o)
                0x000001e4                . = ALIGN (0x2)
                0x000001e4                __trampolines_start = .
 *(.trampolines)
 .trampolines   0x000001e4        0x0 linker stubs
 *(.trampolines*)
                0x000001e4                __trampolines_end = .
 *libprintf_flt.a:*(.progmem.data)
 *libc.a:*(.progmem.data)
 *(.progmem*)
 .progmem.data._ZL4font
                0x000001e4      0x500 Adafruit_GFX.o
 .progmem.data.digital_pin_to_timer_PGM
                0x000006e4       0x46 I:\atmel studio\led2\ArduinoSketch42\ArduinoSketch42\ArduinoCore\Debug\libArduinoCore.a(wiring_digital.o)
                0x000006e4                digital_pin_to_timer_PGM
 .progmem.data.digital_pin_to_bit_mask_PGM
                0x0000072a       0x46 I:\atmel studio\led2\ArduinoSketch42\ArduinoSketch42\ArduinoCore\Debug\libArduinoCore.a(wiring_digital.o)
                0x0000072a                digital_pin_to_bit_mask_PGM
 .progmem.data.digital_pin_to_port_PGM
                0x00000770       0x46 I:\atmel studio\led2\ArduinoSketch42\ArduinoSketch42\ArduinoCore\Debug\libArduinoCore.a(wiring_digital.o)
                0x00000770                digital_pin_to_port_PGM
 .progmem.data.port_to_input_PGM
                0x000007b6       0x1a I:\atmel studio\led2\ArduinoSketch42\ArduinoSketch42\ArduinoCore\Debug\libArduinoCore.a(wiring_digital.o)
                0x000007b6                port_to_input_PGM
 .progmem.data.port_to_output_PGM
                0x000007d0       0x1a I:\atmel studio\led2\ArduinoSketch42\ArduinoSketch42\ArduinoCore\Debug\libArduinoCore.a(wiring_digital.o)
                0x000007d0                port_to_output_PGM
 .progmem.data.port_to_mode_PGM
                0x000007ea       0x1a I:\atmel studio\led2\ArduinoSketch42\ArduinoSketch42\ArduinoCore\Debug\libArduinoCore.a(wiring_digital.o)
                0x000007ea                port_to_mode_PGM
                0x00000804                . = ALIGN (0x2)
 *(.jumptables)
 *(.jumptables*)
 *(.lowtext)
 *(.lowtext*)
                0x00000804                __ctors_start = .
 *(.ctors)
 .ctors         0x00000804        0x2 Display.o
 .ctors         0x00000806        0x2 Sketch.o
 .ctors         0x00000808        0x2 src/libraries/Wire/src/Wire.o
 .ctors         0x0000080a        0x2 I:\atmel studio\led2\ArduinoSketch42\ArduinoSketch42\ArduinoCore\Debug\libArduinoCore.a(HardwareSerial0.o)
 .ctors         0x0000080c        0x2 I:\atmel studio\led2\ArduinoSketch42\ArduinoSketch42\ArduinoCore\Debug\libArduinoCore.a(HardwareSerial2.o)
                0x0000080e                __ctors_end = .
                0x0000080e                __dtors_start = .
 *(.dtors)
 .dtors         0x0000080e        0x2 Sketch.o
                0x00000810                __dtors_end = .
 SORT(*)(.ctors)
 SORT(*)(.dtors)
 *(.init0)
 .init0         0x00000810        0x0 C:/Program Files (x86)/Atmel/Studio/7.0/Packs/atmel/ATmega_DFP/1.0.106/gcc/dev/atmega2560/avr6/crtatmega2560.o
                0x00000810                __init
 *(.init0)
 *(.init1)
 *(.init1)
 *(.init2)
 .init2         0x00000810       0x10 C:/Program Files (x86)/Atmel/Studio/7.0/Packs/atmel/ATmega_DFP/1.0.106/gcc/dev/atmega2560/avr6/crtatmega2560.o
 *(.init2)
 *(.init3)
 *(.init3)
 *(.init4)
 .init4         0x00000820       0x1a c:/program files (x86)/atmel/studio/7.0/toolchain/avr8/avr8-gnu-toolchain/bin/../lib/gcc/avr/4.9.2/avr6\libgcc.a(_copy_data.o)
                0x00000820                __do_copy_data
 .init4         0x0000083a       0x10 c:/program files (x86)/atmel/studio/7.0/toolchain/avr8/avr8-gnu-toolchain/bin/../lib/gcc/avr/4.9.2/avr6\libgcc.a(_clear_bss.o)
                0x0000083a                __do_clear_bss
 *(.init4)
 *(.init5)
 *(.init5)
 *(.init6)
 .init6         0x0000084a       0x20 c:/program files (x86)/atmel/studio/7.0/toolchain/avr8/avr8-gnu-toolchain/bin/../lib/gcc/avr/4.9.2/avr6\libgcc.a(_ctors.o)
                0x0000084a                __do_global_ctors
 *(.init6)
 *(.init7)
 *(.init7)
 *(.init8)
 *(.init8)
 *(.init9)
 .init9         0x0000086a        0x8 C:/Program Files (x86)/Atmel/Studio/7.0/Packs/atmel/ATmega_DFP/1.0.106/gcc/dev/atmega2560/avr6/crtatmega2560.o
 *(.init9)
 *(.text)
 .text          0x00000872        0x2 C:/Program Files (x86)/Atmel/Studio/7.0/Packs/atmel/ATmega_DFP/1.0.106/gcc/dev/atmega2560/avr6/crtatmega2560.o
                0x00000872                __vector_38
                0x00000872                __vector_22
                0x00000872                __vector_28
                0x00000872                __vector_32
                0x00000872                __vector_34
                0x00000872                __vector_24
                0x00000872                __vector_12
                0x00000872                __vector_55
                0x00000872                __vector_46
                0x00000872                __bad_interrupt
                0x00000872                __vector_31
                0x00000872                __vector_35
                0x00000872                __vector_30
                0x00000872                __vector_45
                0x00000872                __vector_11
                0x00000872                __vector_54
                0x00000872                __vector_13
                0x00000872                __vector_19
                0x00000872                __vector_56
                0x00000872                __vector_49
                0x00000872                __vector_41
                0x00000872                __vector_43
                0x00000872                __vector_27
                0x00000872                __vector_33
                0x00000872                __vector_47
                0x00000872                __vector_37
                0x00000872                __vector_44
                0x00000872                __vector_9
                0x00000872                __vector_21
                0x00000872                __vector_15
                0x00000872                __vector_36
                0x00000872                __vector_29
                0x00000872                __vector_40
                0x00000872                __vector_48
                0x00000872                __vector_14
                0x00000872                __vector_53
                0x00000872                __vector_10
                0x00000872                __vector_50
                0x00000872                __vector_16
                0x00000872                __vector_18
                0x00000872                __vector_20
                0x00000872                __vector_42
                0x00000874                . = ALIGN (0x2)
 *(.text.*)
 .text._ZN5Print17availableForWriteEv
                0x00000874        0x6 Adafruit_GFX.o
                0x00000874                _ZN5Print17availableForWriteEv
 .text._ZN5Print5flushEv
                0x0000087a        0x2 Adafruit_GFX.o
                0x0000087a                _ZN5Print5flushEv
 .text._ZN12Adafruit_GFX9writeLineEiiiij
                0x0000087c      0x152 Adafruit_GFX.o
                0x0000087c                _ZN12Adafruit_GFX9writeLineEiiiij
 .text._ZN12Adafruit_GFX10startWriteEv
                0x000009ce        0x2 Adafruit_GFX.o
                0x000009ce                _ZN12Adafruit_GFX10startWriteEv
 .text._ZN12Adafruit_GFX10writePixelEiij
                0x000009d0        0xe Adafruit_GFX.o
                0x000009d0                _ZN12Adafruit_GFX10writePixelEiij
 .text._ZN12Adafruit_GFX14writeFastVLineEiiij
                0x000009de       0x18 Adafruit_GFX.o
                0x000009de                _ZN12Adafruit_GFX14writeFastVLineEiiij
 .text._ZN12Adafruit_GFX14writeFastHLineEiiij
                0x000009f6       0x18 Adafruit_GFX.o
                0x000009f6                _ZN12Adafruit_GFX14writeFastHLineEiiij
 .text._ZN12Adafruit_GFX13writeFillRectEiiiij
                0x00000a0e       0x20 Adafruit_GFX.o
                0x00000a0e                _ZN12Adafruit_GFX13writeFillRectEiiiij
 .text._ZN12Adafruit_GFX8endWriteEv
                0x00000a2e        0x2 Adafruit_GFX.o
                0x00000a2e                _ZN12Adafruit_GFX8endWriteEv
 .text._ZN12Adafruit_GFX13drawFastVLineEiiij
                0x00000a30       0x8a Adafruit_GFX.o
                0x00000a30                _ZN12Adafruit_GFX13drawFastVLineEiiij
 .text._ZN12Adafruit_GFX13drawFastHLineEiiij
                0x00000aba       0x88 Adafruit_GFX.o
                0x00000aba                _ZN12Adafruit_GFX13drawFastHLineEiiij
 .text._ZN12Adafruit_GFX8fillRectEiiiij
                0x00000b42       0xa2 Adafruit_GFX.o
                0x00000b42                _ZN12Adafruit_GFX8fillRectEiiiij
 .text._ZN12Adafruit_GFX10fillScreenEj
                0x00000be4       0x3c Adafruit_GFX.o
                0x00000be4                _ZN12Adafruit_GFX10fillScreenEj
 .text._ZN12Adafruit_GFX8drawLineEiiiij
                0x00000c20       0xec Adafruit_GFX.o
                0x00000c20                _ZN12Adafruit_GFX8drawLineEiiiij
 .text._ZN12Adafruit_GFX8drawRectEiiiij
                0x00000d0c       0xbe Adafruit_GFX.o
                0x00000d0c                _ZN12Adafruit_GFX8drawRectEiiiij
 .text._ZN12Adafruit_GFX13invertDisplayEb
                0x00000dca        0x2 Adafruit_GFX.o
                0x00000dca                _ZN12Adafruit_GFX13invertDisplayEb
 .text._ZN12Adafruit_GFX11setRotationEh
                0x00000dcc       0x2a Adafruit_GFX.o
                0x00000dcc                _ZN12Adafruit_GFX11setRotationEh
 .text._ZN12Adafruit_GFXC2Eii
                0x00000df6       0x42 Adafruit_GFX.o
                0x00000df6                _ZN12Adafruit_GFXC2Eii
                0x00000df6                _ZN12Adafruit_GFXC1Eii
 .text._ZN12Adafruit_GFX8drawCharEiihjjh
                0x00000e38      0x42c Adafruit_GFX.o
                0x00000e38                _ZN12Adafruit_GFX8drawCharEiihjjh
 .text._ZN12Adafruit_GFX5writeEh
                0x00001264      0x1a8 Adafruit_GFX.o
                0x00001264                _ZN12Adafruit_GFX5writeEh
 .text._ZN12Adafruit_GFX9setCursorEii
                0x0000140c        0xc Adafruit_GFX.o
                0x0000140c                _ZN12Adafruit_GFX9setCursorEii
 .text._ZN12Adafruit_GFX11setTextSizeEh
                0x00001418        0xc Adafruit_GFX.o
                0x00001418                _ZN12Adafruit_GFX11setTextSizeEh
 .text._ZN12Adafruit_GFX12setTextColorEj
                0x00001424        0xc Adafruit_GFX.o
                0x00001424                _ZN12Adafruit_GFX12setTextColorEj
 .text._ZNK12Adafruit_GFX11getRotationEv
                0x00001430        0x6 Adafruit_GFX.o
                0x00001430                _ZNK12Adafruit_GFX11getRotationEv
 .text._ZNK12Adafruit_GFX5widthEv
                0x00001436        0x8 Adafruit_GFX.o
                0x00001436                _ZNK12Adafruit_GFX5widthEv
 .text._ZNK12Adafruit_GFX6heightEv
                0x0000143e        0x8 Adafruit_GFX.o
                0x0000143e                _ZNK12Adafruit_GFX6heightEv
 .text._ZN16Adafruit_SSD130613drawFastHLineEiiij
                0x00001446      0x2b4 Adafruit_SSD1306.o
                0x00001446                _ZN16Adafruit_SSD130613drawFastHLineEiiij
 .text._ZN16Adafruit_SSD130613drawFastVLineEiiij
                0x000016fa      0x2b4 Adafruit_SSD1306.o
                0x000016fa                _ZN16Adafruit_SSD130613drawFastVLineEiiij
 .text._ZN16Adafruit_SSD13069drawPixelEiij
                0x000019ae      0x168 Adafruit_SSD1306.o
                0x000019ae                _ZN16Adafruit_SSD13069drawPixelEiij
 .text._ZN16Adafruit_SSD1306C2Ea
                0x00001b16       0x30 Adafruit_SSD1306.o
                0x00001b16                _ZN16Adafruit_SSD1306C2Ea
                0x00001b16                _ZN16Adafruit_SSD1306C1Ea
 .text._ZN16Adafruit_SSD130612clearDisplayEv
                0x00001b46       0x16 Adafruit_SSD1306.o
                0x00001b46                _ZN16Adafruit_SSD130612clearDisplayEv
 .text._ZN16Adafruit_SSD130612fastSPIwriteEh
                0x00001b5c       0x5a Adafruit_SSD1306.o
                0x00001b5c                _ZN16Adafruit_SSD130612fastSPIwriteEh
 .text._ZN16Adafruit_SSD130615ssd1306_commandEh
                0x00001bb6       0x82 Adafruit_SSD1306.o
                0x00001bb6                _ZN16Adafruit_SSD130615ssd1306_commandEh
 .text._ZN16Adafruit_SSD13065beginEhhb
                0x00001c38      0x236 Adafruit_SSD1306.o
                0x00001c38                _ZN16Adafruit_SSD13065beginEhhb
 .text._ZN16Adafruit_SSD13067displayEv
                0x00001e6e       0xf4 Adafruit_SSD1306.o
                0x00001e6e                _ZN16Adafruit_SSD13067displayEv
 .text._ZN12ComwithMotorC2Ev
                0x00001f62       0x4e ComwithMotor.o
                0x00001f62                _ZN12ComwithMotorC1Ev
                0x00001f62                _ZN12ComwithMotorC2Ev
 .text._ZN12ComwithMotor7SendAtoENS_5MotorEi
                0x00001fb0       0x36 ComwithMotor.o
                0x00001fb0                _ZN12ComwithMotor7SendAtoENS_5MotorEi
 .text._ZN12ComwithMotor10SendAtoALLEiiii
                0x00001fe6       0x44 ComwithMotor.o
                0x00001fe6                _ZN12ComwithMotor10SendAtoALLEiiii
 .text._ZN12ComwithMotor7SendKtoENS_5MotorEddd
                0x0000202a       0xc6 ComwithMotor.o
                0x0000202a                _ZN12ComwithMotor7SendKtoENS_5MotorEddd
 .text._ZN12ComwithMotor10SendKtoALLEddd
                0x000020f0       0xa2 ComwithMotor.o
                0x000020f0                _ZN12ComwithMotor10SendKtoALLEddd
 .text._ZN12ComwithMotor9ReadBfromENS_5MotorE
                0x00002192       0x46 ComwithMotor.o
                0x00002192                _ZN12ComwithMotor9ReadBfromENS_5MotorE
 .text._ZN12ComwithMotor5beginEv
                0x000021d8       0xf0 ComwithMotor.o
                0x000021d8                _ZN12ComwithMotor5beginEv
 .text._ZN9ComwithPCC2Ev
                0x000022c8        0x2 ComwithPC.o
                0x000022c8                _ZN9ComwithPCC2Ev
                0x000022c8                _ZN9ComwithPCC1Ev
 .text._ZN9ComwithPC5beginEm
                0x000022ca       0x16 ComwithPC.o
                0x000022ca                _ZN9ComwithPC5beginEm
 .text._ZN9ComwithPC7tellXYPEddd
                0x000022e0       0xcc ComwithPC.o
                0x000022e0                _ZN9ComwithPC7tellXYPEddd
 .text._ZN11ComwithShotC2Ev
                0x000023ac        0xe ComwithShot.o
                0x000023ac                _ZN11ComwithShotC2Ev
                0x000023ac                _ZN11ComwithShotC1Ev
 .text._ZN7DisplayC2Ev
                0x000023ba       0x78 Display.o
                0x000023ba                _ZN7DisplayC2Ev
                0x000023ba                _ZN7DisplayC1Ev
 .text._ZN7Display5beginEv
                0x00002432       0x24 Display.o
                0x00002432                _ZN7Display5beginEv
 .text._ZN7Display7refreshEiiiiddd6String
                0x00002456      0x262 Display.o
                0x00002456                _ZN7Display7refreshEiiiiddd6String
 .text.startup._GLOBAL__sub_I_display
                0x000026b8        0x8 Display.o
 .text._ZN10KinematicsC2Eiffi
                0x000026c0       0x9a Kinematics.o
                0x000026c0                _ZN10KinematicsC1Eiffi
                0x000026c0                _ZN10KinematicsC2Eiffi
 .text._ZN10Kinematics6getRPMEfff
                0x0000275a      0x1ea Kinematics.o
                0x0000275a                _ZN10Kinematics6getRPMEfff
 .text._ZN10Kinematics8rpmToPWMEi
                0x00002944       0x5a Kinematics.o
                0x00002944                _ZN10Kinematics8rpmToPWMEi
 .text._ZN10Kinematics6getPWMEfff
                0x0000299e      0x256 Kinematics.o
                0x0000299e                _ZN10Kinematics6getPWMEfff
 .text._ZN6mMotorC2Ev
                0x00002bf4       0x28 mMotor.o
                0x00002bf4                _ZN6mMotorC1Ev
                0x00002bf4                _ZN6mMotorC2Ev
 .text._ZN4mPS2C2Ev
                0x00002c1c       0x46 mPS2.o
                0x00002c1c                _ZN4mPS2C2Ev
                0x00002c1c                _ZN4mPS2C1Ev
 .text._ZN4mPS25beginEv
                0x00002c62      0x118 mPS2.o
                0x00002c62                _ZN4mPS25beginEv
 .text._ZN4mPS27refreshEv
                0x00002d7a      0x2fe mPS2.o
                0x00002d7a                _ZN4mPS27refreshEv
 .text._ZN4PathC2Ev
                0x00003078      0x11e Path.o
                0x00003078                _ZN4PathC2Ev
                0x00003078                _ZN4PathC1Ev
 .text._ZN4Path12CcltAngleSubEdd
                0x00003196       0x7a Path.o
                0x00003196                _ZN4Path12CcltAngleSubEdd
 .text._ZN4Path9gotoPointEddddd
                0x00003210      0x31e Path.o
                0x00003210                _ZN4Path9gotoPointEddddd
 .text._ZN4PS2X14NewButtonStateEv
                0x0000352e       0x16 PS2X_lib.o
                0x0000352e                _ZN4PS2X14NewButtonStateEv
 .text._ZN4PS2X14NewButtonStateEj
                0x00003544       0x1c PS2X_lib.o
                0x00003544                _ZN4PS2X14NewButtonStateEj
 .text._ZN4PS2X13ButtonPressedEj
                0x00003560       0x38 PS2X_lib.o
                0x00003560                _ZN4PS2X13ButtonPressedEj
 .text._ZN4PS2X14ButtonReleasedEj
                0x00003598       0x38 PS2X_lib.o
                0x00003598                _ZN4PS2X14ButtonReleasedEj
 .text._ZN4PS2X6ButtonEj
                0x000035d0       0x18 PS2X_lib.o
                0x000035d0                _ZN4PS2X6ButtonEj
 .text._ZN4PS2X6AnalogEh
                0x000035e8        0xa PS2X_lib.o
                0x000035e8                _ZN4PS2X6AnalogEh
 .text._ZN4PS2X8readTypeEv
                0x000035f2       0x20 PS2X_lib.o
                0x000035f2                _ZN4PS2X8readTypeEv
 .text._ZN4PS2X7CLK_SETEv
                0x00003612       0x1c PS2X_lib.o
                0x00003612                _ZN4PS2X7CLK_SETEv
 .text._ZN4PS2X7CMD_SETEv
                0x0000362e       0x1c PS2X_lib.o
                0x0000362e                _ZN4PS2X7CMD_SETEv
 .text._ZN4PS2X19_gamepad_shiftinoutEc
                0x0000364a       0xce PS2X_lib.o
                0x0000364a                _ZN4PS2X19_gamepad_shiftinoutEc
 .text._ZN4PS2X7ATT_SETEv
                0x00003718       0x1c PS2X_lib.o
                0x00003718                _ZN4PS2X7ATT_SETEv
 .text._ZN4PS2X7ATT_CLREv
                0x00003734       0x1e PS2X_lib.o
                0x00003734                _ZN4PS2X7ATT_CLREv
 .text._ZN4PS2X17sendCommandStringEPhh
                0x00003752       0x54 PS2X_lib.o
                0x00003752                _ZN4PS2X17sendCommandStringEPhh
 .text._ZN4PS2X16reconfig_gamepadEv
                0x000037a6       0x46 PS2X_lib.o
                0x000037a6                _ZN4PS2X16reconfig_gamepadEv
 .text._ZN4PS2X12read_gamepadEbh
                0x000037ec      0x1fc PS2X_lib.o
                0x000037ec                _ZN4PS2X12read_gamepadEbh
 .text._ZN4PS2X12read_gamepadEv
                0x000039e8        0x6 PS2X_lib.o
                0x000039e8                _ZN4PS2X12read_gamepadEv
 .text._ZN4PS2X14config_gamepadEhhhhbb
                0x000039ee      0x236 PS2X_lib.o
                0x000039ee                _ZN4PS2X14config_gamepadEhhhhbb
 .text._ZN11SensorBoardC2Ev
                0x00003c24       0x8a SensorBoard.o
                0x00003c24                _ZN11SensorBoardC1Ev
                0x00003c24                _ZN11SensorBoardC2Ev
 .text._ZN11SensorBoard7refreshEv
                0x00003cae        0x2 SensorBoard.o
                0x00003cae                _ZN11SensorBoard7refreshEv
 .text._Z11POS_refreshv
                0x00003cb0      0x366 Sketch.o
                0x00003cb0                _Z11POS_refreshv
 .text._Z6blinkXv
                0x00004016       0x3e Sketch.o
                0x00004016                _Z6blinkXv
 .text._Z6blinkYv
                0x00004054       0x3e Sketch.o
                0x00004054                _Z6blinkYv
 .text._Z6blinkPv
                0x00004092       0x3e Sketch.o
                0x00004092                _Z6blinkPv
 .text._Z9POS_beginv
                0x000040d0       0x5a Sketch.o
                0x000040d0                _Z9POS_beginv
 .text.loop     0x0000412a      0x6aa Sketch.o
                0x0000412a                loop
 .text.startup._GLOBAL__sub_I_x
                0x000047d4       0x9e Sketch.o
 .text.exit._GLOBAL__sub_D_x
                0x00004872       0x16 Sketch.o
 .text._Z12receiveEventi
                0x00004888       0x14 Sketch.o
                0x00004888                _Z12receiveEventi
 .text.setup    0x0000489c       0xc2 Sketch.o
                0x0000489c                setup
 .text._ZN8SPIClass5beginEv
                0x0000495e       0x6c src/libraries/SPI/src/SPI.o
                0x0000495e                _ZN8SPIClass5beginEv
 .text.twi_init
                0x000049ca       0x3c src/libraries/Wire/src/utility/twi.o
                0x000049ca                twi_init
 .text.twi_setAddress
                0x00004a06        0x8 src/libraries/Wire/src/utility/twi.o
                0x00004a06                twi_setAddress
 .text.twi_readFrom
                0x00004a0e       0x90 src/libraries/Wire/src/utility/twi.o
                0x00004a0e                twi_readFrom
 .text.twi_writeTo
                0x00004a9e       0xac src/libraries/Wire/src/utility/twi.o
                0x00004a9e                twi_writeTo
 .text.twi_transmit
                0x00004b4a       0x50 src/libraries/Wire/src/utility/twi.o
                0x00004b4a                twi_transmit
 .text.twi_attachSlaveRxEvent
                0x00004b9a        0xa src/libraries/Wire/src/utility/twi.o
                0x00004b9a                twi_attachSlaveRxEvent
 .text.twi_attachSlaveTxEvent
                0x00004ba4        0xa src/libraries/Wire/src/utility/twi.o
                0x00004ba4                twi_attachSlaveTxEvent
 .text.twi_stop
                0x00004bae       0x14 src/libraries/Wire/src/utility/twi.o
                0x00004bae                twi_stop
 .text.twi_releaseBus
                0x00004bc2        0xc src/libraries/Wire/src/utility/twi.o
                0x00004bc2                twi_releaseBus
 .text.__vector_39
                0x00004bce      0x25c src/libraries/Wire/src/utility/twi.o
                0x00004bce                __vector_39
 .text._ZN7TwoWire9availableEv
                0x00004e2a       0x10 src/libraries/Wire/src/Wire.o
                0x00004e2a                _ZN7TwoWire9availableEv
 .text._ZN7TwoWire4readEv
                0x00004e3a       0x28 src/libraries/Wire/src/Wire.o
                0x00004e3a                _ZN7TwoWire4readEv
 .text._ZN7TwoWire4peekEv
                0x00004e62       0x1e src/libraries/Wire/src/Wire.o
                0x00004e62                _ZN7TwoWire4peekEv
 .text._ZN7TwoWire5flushEv
                0x00004e80        0x2 src/libraries/Wire/src/Wire.o
                0x00004e80                _ZN7TwoWire5flushEv
 .text._ZN7TwoWire16onReceiveServiceEPhi
                0x00004e82       0x48 src/libraries/Wire/src/Wire.o
                0x00004e82                _ZN7TwoWire16onReceiveServiceEPhi
 .text._ZN7TwoWire16onRequestServiceEv
                0x00004eca       0x18 src/libraries/Wire/src/Wire.o
                0x00004eca                _ZN7TwoWire16onRequestServiceEv
 .text._ZN7TwoWire5writeEPKhj
                0x00004ee2       0x5e src/libraries/Wire/src/Wire.o
                0x00004ee2                _ZN7TwoWire5writeEPKhj
 .text._ZN7TwoWire5writeEh
                0x00004f40       0x5c src/libraries/Wire/src/Wire.o
                0x00004f40                _ZN7TwoWire5writeEh
 .text._ZN7TwoWireC2Ev
                0x00004f9c       0x20 src/libraries/Wire/src/Wire.o
                0x00004f9c                _ZN7TwoWireC1Ev
                0x00004f9c                _ZN7TwoWireC2Ev
 .text._ZN7TwoWire5beginEv
                0x00004fbc       0x12 src/libraries/Wire/src/Wire.o
                0x00004fbc                _ZN7TwoWire5beginEv
 .text._ZN7TwoWire5beginEh
                0x00004fce       0x1e src/libraries/Wire/src/Wire.o
                0x00004fce                _ZN7TwoWire5beginEh
 .text._ZN7TwoWire5beginEi
                0x00004fec        0x2 src/libraries/Wire/src/Wire.o
                0x00004fec                _ZN7TwoWire5beginEi
 .text._ZN7TwoWire17beginTransmissionEh
                0x00004fee       0x14 src/libraries/Wire/src/Wire.o
                0x00004fee                _ZN7TwoWire17beginTransmissionEh
 .text._ZN7TwoWire17beginTransmissionEi
                0x00005002        0x2 src/libraries/Wire/src/Wire.o
                0x00005002                _ZN7TwoWire17beginTransmissionEi
 .text._ZN7TwoWire15endTransmissionEh
                0x00005004       0x24 src/libraries/Wire/src/Wire.o
                0x00005004                _ZN7TwoWire15endTransmissionEh
 .text._ZN7TwoWire11requestFromEhhmhh
                0x00005028       0xa2 src/libraries/Wire/src/Wire.o
                0x00005028                _ZN7TwoWire11requestFromEhhmhh
 .text._ZN7TwoWire11requestFromEhhh
                0x000050ca       0x1e src/libraries/Wire/src/Wire.o
                0x000050ca                _ZN7TwoWire11requestFromEhhh
 .text._ZN7TwoWire11requestFromEii
                0x000050e8        0x4 src/libraries/Wire/src/Wire.o
                0x000050e8                _ZN7TwoWire11requestFromEii
 .text._ZN7TwoWire15endTransmissionEv
                0x000050ec        0x4 src/libraries/Wire/src/Wire.o
                0x000050ec                _ZN7TwoWire15endTransmissionEv
 .text._ZN7TwoWire9onReceiveEPFviE
                0x000050f0        0xa src/libraries/Wire/src/Wire.o
                0x000050f0                _ZN7TwoWire9onReceiveEPFviE
 .text.startup._GLOBAL__sub_I__ZN7TwoWire8rxBufferE
                0x000050fa        0x6 src/libraries/Wire/src/Wire.o
 .text._ZL7nothingv
                0x00005100        0x2 Timer1.o
 .text._ZN6Timer116select_prescalerEi
                0x00005102       0xc8 Timer1.o
                0x00005102                _ZN6Timer116select_prescalerEi
 .text._ZN6Timer1C2Ev
                0x000051ca       0x2a Timer1.o
                0x000051ca                _ZN6Timer1C1Ev
                0x000051ca                _ZN6Timer1C2Ev
 .text._ZN6Timer17setModeE6Stringi
                0x000051f4       0xde Timer1.o
                0x000051f4                _ZN6Timer17setModeE6Stringi
 .text._ZN6Timer115attachInterruptEPFvvE
                0x000052d2        0xa Timer1.o
                0x000052d2                _ZN6Timer115attachInterruptEPFvvE
 .text._ZN6Timer1D2Ev
                0x000052dc        0x4 Timer1.o
                0x000052dc                _ZN6Timer1D1Ev
                0x000052dc                _ZN6Timer1D2Ev
 .text.__vector_17
                0x000052e0       0x56 Timer1.o
                0x000052e0                __vector_17
 .text.avr-libc.fplib
                0x00005336        0xa c:/program files (x86)/atmel/studio/7.0/toolchain/avr8/avr8-gnu-toolchain/bin/../lib/gcc/avr/4.9.2/../../../../avr/lib/avr6\libm.a(addsf3.o)
                0x00005336                __subsf3
                0x00005338                __addsf3
 .text.avr-libc.fplib
                0x00005340       0xc0 c:/program files (x86)/atmel/studio/7.0/toolchain/avr8/avr8-gnu-toolchain/bin/../lib/gcc/avr/4.9.2/../../../../avr/lib/avr6\libm.a(addsf3x.o)
                0x0000535a                __addsf3x
 .text.avr-libc.fplib
                0x00005400       0x74 c:/program files (x86)/atmel/studio/7.0/toolchain/avr8/avr8-gnu-toolchain/bin/../lib/gcc/avr/4.9.2/../../../../avr/lib/avr6\libm.a(atan2.o)
                0x0000541e                atan2
 .text.avr-libc.fplib
                0x00005474       0x50 c:/program files (x86)/atmel/studio/7.0/toolchain/avr8/avr8-gnu-toolchain/bin/../lib/gcc/avr/4.9.2/../../../../avr/lib/avr6\libm.a(atan.o)
                0x00005474                atan
 .text.avr-libc.fplib
                0x000054c4        0x8 c:/program files (x86)/atmel/studio/7.0/toolchain/avr8/avr8-gnu-toolchain/bin/../lib/gcc/avr/4.9.2/../../../../avr/lib/avr6\libm.a(cmpsf2.o)
                0x000054c4                __nesf2
                0x000054c4                __eqsf2
                0x000054c4                __cmpsf2
                0x000054c4                __ltsf2
                0x000054c4                __lesf2
 .text.avr-libc.fplib
                0x000054cc        0x6 c:/program files (x86)/atmel/studio/7.0/toolchain/avr8/avr8-gnu-toolchain/bin/../lib/gcc/avr/4.9.2/../../../../avr/lib/avr6\libm.a(cos.o)
                0x000054cc                cos
 .text.avr-libc.fplib
                0x000054d2        0x4 c:/program files (x86)/atmel/studio/7.0/toolchain/avr8/avr8-gnu-toolchain/bin/../lib/gcc/avr/4.9.2/../../../../avr/lib/avr6\libm.a(divsf3.o)
                0x000054d2                __divsf3
 .text.avr-libc.fplib
                0x000054d6       0xcc c:/program files (x86)/atmel/studio/7.0/toolchain/avr8/avr8-gnu-toolchain/bin/../lib/gcc/avr/4.9.2/../../../../avr/lib/avr6\libm.a(divsf3x.o)
                0x000054ec                __divsf3x
                0x000054f0                __divsf3_pse
 .text.avr-libc.fplib
                0x000055a2        0xa c:/program files (x86)/atmel/studio/7.0/toolchain/avr8/avr8-gnu-toolchain/bin/../lib/gcc/avr/4.9.2/../../../../avr/lib/avr6\libm.a(fixsfsi.o)
                0x000055a2                __fixsfsi
 .text.avr-libc.fplib
                0x000055ac       0x58 c:/program files (x86)/atmel/studio/7.0/toolchain/avr8/avr8-gnu-toolchain/bin/../lib/gcc/avr/4.9.2/../../../../avr/lib/avr6\libm.a(fixunssfsi.o)
                0x000055ac                __fixunssfsi
 .text.avr-libc.fplib
                0x00005604       0x7a c:/program files (x86)/atmel/studio/7.0/toolchain/avr8/avr8-gnu-toolchain/bin/../lib/gcc/avr/4.9.2/../../../../avr/lib/avr6\libm.a(floatsisf.o)
                0x00005604                __floatunsisf
                0x00005608                __floatsisf
 .text.avr-libc.fplib
                0x0000567e       0x9c c:/program files (x86)/atmel/studio/7.0/toolchain/avr8/avr8-gnu-toolchain/bin/../lib/gcc/avr/4.9.2/../../../../avr/lib/avr6\libm.a(fmod.o)
                0x0000568c                fmod
 .text.avr-libc.fplib
                0x0000571a       0x48 c:/program files (x86)/atmel/studio/7.0/toolchain/avr8/avr8-gnu-toolchain/bin/../lib/gcc/avr/4.9.2/../../../../avr/lib/avr6\libm.a(fp_cmp.o)
                0x0000571a                __fp_cmp
 .text.avr-libc.fplib
                0x00005762        0xc c:/program files (x86)/atmel/studio/7.0/toolchain/avr8/avr8-gnu-toolchain/bin/../lib/gcc/avr/4.9.2/../../../../avr/lib/avr6\libm.a(fp_inf.o)
                0x00005762                __fp_inf
 .text.avr-libc.fplib
                0x0000576e       0x1c c:/program files (x86)/atmel/studio/7.0/toolchain/avr8/avr8-gnu-toolchain/bin/../lib/gcc/avr/4.9.2/../../../../avr/lib/avr6\libm.a(fp_mpack.o)
                0x0000576e                __fp_mpack
                0x00005772                __fp_mpack_finite
 .text.avr-libc.fplib
                0x0000578a        0x6 c:/program files (x86)/atmel/studio/7.0/toolchain/avr8/avr8-gnu-toolchain/bin/../lib/gcc/avr/4.9.2/../../../../avr/lib/avr6\libm.a(fp_nan.o)
                0x0000578a                __fp_nan
 .text.avr-libc.fplib
                0x00005790       0x4a c:/program files (x86)/atmel/studio/7.0/toolchain/avr8/avr8-gnu-toolchain/bin/../lib/gcc/avr/4.9.2/../../../../avr/lib/avr6\libm.a(fp_powser.o)
                0x00005790                __fp_powser
 .text.avr-libc.fplib
                0x000057da        0xe c:/program files (x86)/atmel/studio/7.0/toolchain/avr8/avr8-gnu-toolchain/bin/../lib/gcc/avr/4.9.2/../../../../avr/lib/avr6\libm.a(fp_pscA.o)
                0x000057da                __fp_pscA
 .text.avr-libc.fplib
                0x000057e8        0xe c:/program files (x86)/atmel/studio/7.0/toolchain/avr8/avr8-gnu-toolchain/bin/../lib/gcc/avr/4.9.2/../../../../avr/lib/avr6\libm.a(fp_pscB.o)
                0x000057e8                __fp_pscB
 .text.avr-libc.fplib
                0x000057f6       0x50 c:/program files (x86)/atmel/studio/7.0/toolchain/avr8/avr8-gnu-toolchain/bin/../lib/gcc/avr/4.9.2/../../../../avr/lib/avr6\libm.a(fp_rempio2.o)
                0x000057f8                __fp_rempio2
 .text.avr-libc.fplib
                0x00005846       0x22 c:/program files (x86)/atmel/studio/7.0/toolchain/avr8/avr8-gnu-toolchain/bin/../lib/gcc/avr/4.9.2/../../../../avr/lib/avr6\libm.a(fp_round.o)
                0x00005846                __fp_round
 .text.avr-libc.fplib
                0x00005868       0x22 c:/program files (x86)/atmel/studio/7.0/toolchain/avr8/avr8-gnu-toolchain/bin/../lib/gcc/avr/4.9.2/../../../../avr/lib/avr6\libm.a(fp_sinus.o)
                0x00005868                __fp_sinus
 .text.avr-libc.fplib
                0x0000588a       0x44 c:/program files (x86)/atmel/studio/7.0/toolchain/avr8/avr8-gnu-toolchain/bin/../lib/gcc/avr/4.9.2/../../../../avr/lib/avr6\libm.a(fp_split3.o)
                0x0000588a                __fp_split3
                0x0000589a                __fp_splitA
 .text.avr-libc.fplib
                0x000058ce        0xe c:/program files (x86)/atmel/studio/7.0/toolchain/avr8/avr8-gnu-toolchain/bin/../lib/gcc/avr/4.9.2/../../../../avr/lib/avr6\libm.a(fp_zero.o)
                0x000058ce                __fp_zero
                0x000058d0                __fp_szero
 .text.avr-libc.fplib
                0x000058dc        0x8 c:/program files (x86)/atmel/studio/7.0/toolchain/avr8/avr8-gnu-toolchain/bin/../lib/gcc/avr/4.9.2/../../../../avr/lib/avr6\libm.a(gesf2.o)
                0x000058dc                __gesf2
                0x000058dc                __gtsf2
 .text.avr-libc.fplib
                0x000058e4        0xe c:/program files (x86)/atmel/studio/7.0/toolchain/avr8/avr8-gnu-toolchain/bin/../lib/gcc/avr/4.9.2/../../../../avr/lib/avr6\libm.a(inverse.o)
                0x000058e4                inverse
 .text.avr-libc.fplib
                0x000058f2        0x4 c:/program files (x86)/atmel/studio/7.0/toolchain/avr8/avr8-gnu-toolchain/bin/../lib/gcc/avr/4.9.2/../../../../avr/lib/avr6\libm.a(mulsf3.o)
                0x000058f2                __mulsf3
 .text.avr-libc.fplib
                0x000058f6       0xc2 c:/program files (x86)/atmel/studio/7.0/toolchain/avr8/avr8-gnu-toolchain/bin/../lib/gcc/avr/4.9.2/../../../../avr/lib/avr6\libm.a(mulsf3x.o)
                0x0000590a                __mulsf3x
                0x0000590e                __mulsf3_pse
 .text.avr-libc.fplib
                0x000059b8       0x98 c:/program files (x86)/atmel/studio/7.0/toolchain/avr8/avr8-gnu-toolchain/bin/../lib/gcc/avr/4.9.2/../../../../avr/lib/avr6\libm.a(pow.o)
                0x000059b8                pow
 .text.avr-libc.fplib
                0x00005a50        0xc c:/program files (x86)/atmel/studio/7.0/toolchain/avr8/avr8-gnu-toolchain/bin/../lib/gcc/avr/4.9.2/../../../../avr/lib/avr6\libm.a(sin.o)
                0x00005a50                sin
 .text.avr-libc.fplib
                0x00005a5c       0x84 c:/program files (x86)/atmel/studio/7.0/toolchain/avr8/avr8-gnu-toolchain/bin/../lib/gcc/avr/4.9.2/../../../../avr/lib/avr6\libm.a(sqrt.o)
                0x00005a64                sqrtf
                0x00005a64                sqrt
 .text.avr-libc.fplib
                0x00005ae0        0x6 c:/program files (x86)/atmel/studio/7.0/toolchain/avr8/avr8-gnu-toolchain/bin/../lib/gcc/avr/4.9.2/../../../../avr/lib/avr6\libm.a(square.o)
                0x00005ae0                square
 .text.avr-libc.fplib
                0x00005ae6       0x62 c:/program files (x86)/atmel/studio/7.0/toolchain/avr8/avr8-gnu-toolchain/bin/../lib/gcc/avr/4.9.2/../../../../avr/lib/avr6\libm.a(exp.o)
                0x00005af0                exp
 .text.avr-libc.fplib
                0x00005b48        0xe c:/program files (x86)/atmel/studio/7.0/toolchain/avr8/avr8-gnu-toolchain/bin/../lib/gcc/avr/4.9.2/../../../../avr/lib/avr6\libm.a(fp_norm2.o)
                0x00005b48                __fp_norm2
 .text.avr-libc.fplib
                0x00005b56       0x22 c:/program files (x86)/atmel/studio/7.0/toolchain/avr8/avr8-gnu-toolchain/bin/../lib/gcc/avr/4.9.2/../../../../avr/lib/avr6\libm.a(fp_powsodd.o)
                0x00005b56                __fp_powsodd
 .text.avr-libc.fplib
                0x00005b78       0x6c c:/program files (x86)/atmel/studio/7.0/toolchain/avr8/avr8-gnu-toolchain/bin/../lib/gcc/avr/4.9.2/../../../../avr/lib/avr6\libm.a(ldexp.o)
                0x00005b7c                ldexp
 .text.avr-libc.fplib
                0x00005be4       0x8a c:/program files (x86)/atmel/studio/7.0/toolchain/avr8/avr8-gnu-toolchain/bin/../lib/gcc/avr/4.9.2/../../../../avr/lib/avr6\libm.a(log.o)
                0x00005bee                log
 .text.avr-libc.fplib
                0x00005c6e       0x66 c:/program files (x86)/atmel/studio/7.0/toolchain/avr8/avr8-gnu-toolchain/bin/../lib/gcc/avr/4.9.2/../../../../avr/lib/avr6\libm.a(modf.o)
                0x00005c6e                modf
                0x00005c6e                modff
 .text.__cxa_pure_virtual
                0x00005cd4        0x4 I:\atmel studio\led2\ArduinoSketch42\ArduinoSketch42\ArduinoCore\Debug\libArduinoCore.a(abi.o)
                0x00005cd4                __cxa_pure_virtual
 .text._ZN14HardwareSerial9availableEv
                0x00005cd8       0x18 I:\atmel studio\led2\ArduinoSketch42\ArduinoSketch42\ArduinoCore\Debug\libArduinoCore.a(HardwareSerial.o)
                0x00005cd8                _ZN14HardwareSerial9availableEv
 .text._ZN14HardwareSerial4peekEv
                0x00005cf0       0x1c I:\atmel studio\led2\ArduinoSketch42\ArduinoSketch42\ArduinoCore\Debug\libArduinoCore.a(HardwareSerial.o)
                0x00005cf0                _ZN14HardwareSerial4peekEv
 .text._ZN14HardwareSerial4readEv
                0x00005d0c       0x28 I:\atmel studio\led2\ArduinoSketch42\ArduinoSketch42\ArduinoCore\Debug\libArduinoCore.a(HardwareSerial.o)
                0x00005d0c                _ZN14HardwareSerial4readEv
 .text._ZN14HardwareSerial17availableForWriteEv
                0x00005d34       0x1e I:\atmel studio\led2\ArduinoSketch42\ArduinoSketch42\ArduinoCore\Debug\libArduinoCore.a(HardwareSerial.o)
                0x00005d34                _ZN14HardwareSerial17availableForWriteEv
 .text._Z14serialEventRunv
                0x00005d52       0x76 I:\atmel studio\led2\ArduinoSketch42\ArduinoSketch42\ArduinoCore\Debug\libArduinoCore.a(HardwareSerial.o)
                0x00005d52                _Z14serialEventRunv
 .text._ZN14HardwareSerial17_tx_udr_empty_irqEv
                0x00005dc8       0x42 I:\atmel studio\led2\ArduinoSketch42\ArduinoSketch42\ArduinoCore\Debug\libArduinoCore.a(HardwareSerial.o)
                0x00005dc8                _ZN14HardwareSerial17_tx_udr_empty_irqEv
 .text._ZN14HardwareSerial5flushEv
                0x00005e0a       0x42 I:\atmel studio\led2\ArduinoSketch42\ArduinoSketch42\ArduinoCore\Debug\libArduinoCore.a(HardwareSerial.o)
                0x00005e0a                _ZN14HardwareSerial5flushEv
 .text._ZN14HardwareSerial5writeEh
                0x00005e4c       0x8c I:\atmel studio\led2\ArduinoSketch42\ArduinoSketch42\ArduinoCore\Debug\libArduinoCore.a(HardwareSerial.o)
                0x00005e4c                _ZN14HardwareSerial5writeEh
 .text._ZN14HardwareSerial5beginEmh
                0x00005ed8       0xca I:\atmel studio\led2\ArduinoSketch42\ArduinoSketch42\ArduinoCore\Debug\libArduinoCore.a(HardwareSerial.o)
                0x00005ed8                _ZN14HardwareSerial5beginEmh
 .text.__vector_25
                0x00005fa2       0x6c I:\atmel studio\led2\ArduinoSketch42\ArduinoSketch42\ArduinoCore\Debug\libArduinoCore.a(HardwareSerial0.o)
                0x00005fa2                __vector_25
 .text.__vector_26
                0x0000600e       0x52 I:\atmel studio\led2\ArduinoSketch42\ArduinoSketch42\ArduinoCore\Debug\libArduinoCore.a(HardwareSerial0.o)
                0x0000600e                __vector_26
 .text._Z17Serial0_availablev
                0x00006060       0x12 I:\atmel studio\led2\ArduinoSketch42\ArduinoSketch42\ArduinoCore\Debug\libArduinoCore.a(HardwareSerial0.o)
                0x00006060                _Z17Serial0_availablev
 .text.startup._GLOBAL__sub_I___vector_25
                0x00006072       0x5a I:\atmel studio\led2\ArduinoSketch42\ArduinoSketch42\ArduinoCore\Debug\libArduinoCore.a(HardwareSerial0.o)
 .text.__vector_51
                0x000060cc       0x6c I:\atmel studio\led2\ArduinoSketch42\ArduinoSketch42\ArduinoCore\Debug\libArduinoCore.a(HardwareSerial2.o)
                0x000060cc                __vector_51
 .text.__vector_52
                0x00006138       0x52 I:\atmel studio\led2\ArduinoSketch42\ArduinoSketch42\ArduinoCore\Debug\libArduinoCore.a(HardwareSerial2.o)
                0x00006138                __vector_52
 .text._Z17Serial2_availablev
                0x0000618a       0x12 I:\atmel studio\led2\ArduinoSketch42\ArduinoSketch42\ArduinoCore\Debug\libArduinoCore.a(HardwareSerial2.o)
                0x0000618a                _Z17Serial2_availablev
 .text.startup._GLOBAL__sub_I___vector_51
                0x0000619c       0x5a I:\atmel studio\led2\ArduinoSketch42\ArduinoSketch42\ArduinoCore\Debug\libArduinoCore.a(HardwareSerial2.o)
 .text.initVariant
                0x000061f6        0x2 I:\atmel studio\led2\ArduinoSketch42\ArduinoSketch42\ArduinoCore\Debug\libArduinoCore.a(main.o)
                0x000061f6                initVariant
 .text.startup.main
                0x000061f8       0x18 I:\atmel studio\led2\ArduinoSketch42\ArduinoSketch42\ArduinoCore\Debug\libArduinoCore.a(main.o)
                0x000061f8                main
 .text._ZN5Print5writeEPKhj
                0x00006210       0x56 I:\atmel studio\led2\ArduinoSketch42\ArduinoSketch42\ArduinoCore\Debug\libArduinoCore.a(Print.o)
                0x00006210                _ZN5Print5writeEPKhj
 .text._ZN5Print5writeEPKc
                0x00006266       0x2a I:\atmel studio\led2\ArduinoSketch42\ArduinoSketch42\ArduinoCore\Debug\libArduinoCore.a(Print.o)
                0x00006266                _ZN5Print5writeEPKc
 .text._ZN5Print5printERK6String
                0x00006290       0x1c I:\atmel studio\led2\ArduinoSketch42\ArduinoSketch42\ArduinoCore\Debug\libArduinoCore.a(Print.o)
                0x00006290                _ZN5Print5printERK6String
 .text._ZN5Print5printEPKc
                0x000062ac        0x2 I:\atmel studio\led2\ArduinoSketch42\ArduinoSketch42\ArduinoCore\Debug\libArduinoCore.a(Print.o)
                0x000062ac                _ZN5Print5printEPKc
 .text._ZN5Print5printEc
                0x000062ae        0xe I:\atmel studio\led2\ArduinoSketch42\ArduinoSketch42\ArduinoCore\Debug\libArduinoCore.a(Print.o)
                0x000062ae                _ZN5Print5printEc
 .text._ZN5Print7printlnEv
                0x000062bc        0x6 I:\atmel studio\led2\ArduinoSketch42\ArduinoSketch42\ArduinoCore\Debug\libArduinoCore.a(Print.o)
                0x000062bc                _ZN5Print7printlnEv
 .text._ZN5Print7printlnEPKc
                0x000062c2       0x20 I:\atmel studio\led2\ArduinoSketch42\ArduinoSketch42\ArduinoCore\Debug\libArduinoCore.a(Print.o)
                0x000062c2                _ZN5Print7printlnEPKc
 .text._ZN5Print11printNumberEmh
                0x000062e2       0xa4 I:\atmel studio\led2\ArduinoSketch42\ArduinoSketch42\ArduinoCore\Debug\libArduinoCore.a(Print.o)
                0x000062e2                _ZN5Print11printNumberEmh
 .text._ZN5Print5printEli
                0x00006386       0x8e I:\atmel studio\led2\ArduinoSketch42\ArduinoSketch42\ArduinoCore\Debug\libArduinoCore.a(Print.o)
                0x00006386                _ZN5Print5printEli
 .text._ZN5Print5printEii
                0x00006414        0xc I:\atmel studio\led2\ArduinoSketch42\ArduinoSketch42\ArduinoCore\Debug\libArduinoCore.a(Print.o)
                0x00006414                _ZN5Print5printEii
 .text._ZN5Print7printlnEii
                0x00006420       0x2a I:\atmel studio\led2\ArduinoSketch42\ArduinoSketch42\ArduinoCore\Debug\libArduinoCore.a(Print.o)
                0x00006420                _ZN5Print7printlnEii
 .text._ZN5Print5printEmi
                0x0000644a       0x18 I:\atmel studio\led2\ArduinoSketch42\ArduinoSketch42\ArduinoCore\Debug\libArduinoCore.a(Print.o)
                0x0000644a                _ZN5Print5printEmi
 .text._ZN5Print7printlnEhi
                0x00006462       0x2a I:\atmel studio\led2\ArduinoSketch42\ArduinoSketch42\ArduinoCore\Debug\libArduinoCore.a(Print.o)
                0x00006462                _ZN5Print7printlnEhi
 .text._ZN5Print10printFloatEdh
                0x0000648c      0x1ac I:\atmel studio\led2\ArduinoSketch42\ArduinoSketch42\ArduinoCore\Debug\libArduinoCore.a(Print.o)
                0x0000648c                _ZN5Print10printFloatEdh
 .text._ZN5Print5printEdi
                0x00006638        0x2 I:\atmel studio\led2\ArduinoSketch42\ArduinoSketch42\ArduinoCore\Debug\libArduinoCore.a(Print.o)
                0x00006638                _ZN5Print5printEdi
 .text._ZN5Print7printlnEdi
                0x0000663a       0x20 I:\atmel studio\led2\ArduinoSketch42\ArduinoSketch42\ArduinoCore\Debug\libArduinoCore.a(Print.o)
                0x0000663a                _ZN5Print7printlnEdi
 .text.nothing  0x0000665a        0x2 I:\atmel studio\led2\ArduinoSketch42\ArduinoSketch42\ArduinoCore\Debug\libArduinoCore.a(WInterrupts.o)
 .text.attachInterrupt
                0x0000665c       0xe6 I:\atmel studio\led2\ArduinoSketch42\ArduinoSketch42\ArduinoCore\Debug\libArduinoCore.a(WInterrupts.o)
                0x0000665c                attachInterrupt
 .text.__vector_1
                0x00006742       0x56 I:\atmel studio\led2\ArduinoSketch42\ArduinoSketch42\ArduinoCore\Debug\libArduinoCore.a(WInterrupts.o)
                0x00006742                __vector_1
 .text.__vector_2
                0x00006798       0x56 I:\atmel studio\led2\ArduinoSketch42\ArduinoSketch42\ArduinoCore\Debug\libArduinoCore.a(WInterrupts.o)
                0x00006798                __vector_2
 .text.__vector_3
                0x000067ee       0x56 I:\atmel studio\led2\ArduinoSketch42\ArduinoSketch42\ArduinoCore\Debug\libArduinoCore.a(WInterrupts.o)
                0x000067ee                __vector_3
 .text.__vector_4
                0x00006844       0x56 I:\atmel studio\led2\ArduinoSketch42\ArduinoSketch42\ArduinoCore\Debug\libArduinoCore.a(WInterrupts.o)
                0x00006844                __vector_4
 .text.__vector_5
                0x0000689a       0x56 I:\atmel studio\led2\ArduinoSketch42\ArduinoSketch42\ArduinoCore\Debug\libArduinoCore.a(WInterrupts.o)
                0x0000689a                __vector_5
 .text.__vector_6
                0x000068f0       0x56 I:\atmel studio\led2\ArduinoSketch42\ArduinoSketch42\ArduinoCore\Debug\libArduinoCore.a(WInterrupts.o)
                0x000068f0                __vector_6
 .text.__vector_7
                0x00006946       0x56 I:\atmel studio\led2\ArduinoSketch42\ArduinoSketch42\ArduinoCore\Debug\libArduinoCore.a(WInterrupts.o)
                0x00006946                __vector_7
 .text.__vector_8
                0x0000699c       0x56 I:\atmel studio\led2\ArduinoSketch42\ArduinoSketch42\ArduinoCore\Debug\libArduinoCore.a(WInterrupts.o)
                0x0000699c                __vector_8
 .text.__vector_23
                0x000069f2       0x94 I:\atmel studio\led2\ArduinoSketch42\ArduinoSketch42\ArduinoCore\Debug\libArduinoCore.a(wiring.o)
                0x000069f2                __vector_23
 .text.millis   0x00006a86       0x18 I:\atmel studio\led2\ArduinoSketch42\ArduinoSketch42\ArduinoCore\Debug\libArduinoCore.a(wiring.o)
                0x00006a86                millis
 .text.micros   0x00006a9e       0x4a I:\atmel studio\led2\ArduinoSketch42\ArduinoSketch42\ArduinoCore\Debug\libArduinoCore.a(wiring.o)
                0x00006a9e                micros
 .text.delay    0x00006ae8       0x72 I:\atmel studio\led2\ArduinoSketch42\ArduinoSketch42\ArduinoCore\Debug\libArduinoCore.a(wiring.o)
                0x00006ae8                delay
 .text.delayMicroseconds
                0x00006b5a       0x16 I:\atmel studio\led2\ArduinoSketch42\ArduinoSketch42\ArduinoCore\Debug\libArduinoCore.a(wiring.o)
                0x00006b5a                delayMicroseconds
 .text.init     0x00006b70       0xc4 I:\atmel studio\led2\ArduinoSketch42\ArduinoSketch42\ArduinoCore\Debug\libArduinoCore.a(wiring.o)
                0x00006b70                init
 .text.turnOffPWM
                0x00006c34       0xaa I:\atmel studio\led2\ArduinoSketch42\ArduinoSketch42\ArduinoCore\Debug\libArduinoCore.a(wiring_digital.o)
 .text.pinMode  0x00006cde       0x78 I:\atmel studio\led2\ArduinoSketch42\ArduinoSketch42\ArduinoCore\Debug\libArduinoCore.a(wiring_digital.o)
                0x00006cde                pinMode
 .text.digitalWrite
                0x00006d56       0x5e I:\atmel studio\led2\ArduinoSketch42\ArduinoSketch42\ArduinoCore\Debug\libArduinoCore.a(wiring_digital.o)
                0x00006d56                digitalWrite
 .text.digitalRead
                0x00006db4       0x50 I:\atmel studio\led2\ArduinoSketch42\ArduinoSketch42\ArduinoCore\Debug\libArduinoCore.a(wiring_digital.o)
                0x00006db4                digitalRead
 .text._Z3maplllll
                0x00006e04       0x7e I:\atmel studio\led2\ArduinoSketch42\ArduinoSketch42\ArduinoCore\Debug\libArduinoCore.a(WMath.o)
                0x00006e04                _Z3maplllll
 .text._ZN6StringD2Ev
                0x00006e82        0x8 I:\atmel studio\led2\ArduinoSketch42\ArduinoSketch42\ArduinoCore\Debug\libArduinoCore.a(WString.o)
                0x00006e82                _ZN6StringD2Ev
                0x00006e82                _ZN6StringD1Ev
 .text._ZN6String10invalidateEv
                0x00006e8a       0x22 I:\atmel studio\led2\ArduinoSketch42\ArduinoSketch42\ArduinoCore\Debug\libArduinoCore.a(WString.o)
                0x00006e8a                _ZN6String10invalidateEv
 .text._ZN6String12changeBufferEj
                0x00006eac       0x32 I:\atmel studio\led2\ArduinoSketch42\ArduinoSketch42\ArduinoCore\Debug\libArduinoCore.a(WString.o)
                0x00006eac                _ZN6String12changeBufferEj
 .text._ZN6String7reserveEj
                0x00006ede       0x36 I:\atmel studio\led2\ArduinoSketch42\ArduinoSketch42\ArduinoCore\Debug\libArduinoCore.a(WString.o)
                0x00006ede                _ZN6String7reserveEj
 .text._ZN6String4copyEPKcj
                0x00006f14       0x3c I:\atmel studio\led2\ArduinoSketch42\ArduinoSketch42\ArduinoCore\Debug\libArduinoCore.a(WString.o)
                0x00006f14                _ZN6String4copyEPKcj
 .text._ZN6StringC2EPKc
                0x00006f50       0x28 I:\atmel studio\led2\ArduinoSketch42\ArduinoSketch42\ArduinoCore\Debug\libArduinoCore.a(WString.o)
                0x00006f50                _ZN6StringC2EPKc
                0x00006f50                _ZN6StringC1EPKc
 .text._ZN6StringaSERKS_
                0x00006f78       0x2a I:\atmel studio\led2\ArduinoSketch42\ArduinoSketch42\ArduinoCore\Debug\libArduinoCore.a(WString.o)
                0x00006f78                _ZN6StringaSERKS_
 .text._ZN6StringC2ERKS_
                0x00006fa2       0x10 I:\atmel studio\led2\ArduinoSketch42\ArduinoSketch42\ArduinoCore\Debug\libArduinoCore.a(WString.o)
                0x00006fa2                _ZN6StringC2ERKS_
                0x00006fa2                _ZN6StringC1ERKS_
 .text._ZN6StringaSEPKc
                0x00006fb2       0x2a I:\atmel studio\led2\ArduinoSketch42\ArduinoSketch42\ArduinoCore\Debug\libArduinoCore.a(WString.o)
                0x00006fb2                _ZN6StringaSEPKc
 .text._ZNK6String6equalsEPKc
                0x00006fdc       0x3c I:\atmel studio\led2\ArduinoSketch42\ArduinoSketch42\ArduinoCore\Debug\libArduinoCore.a(WString.o)
                0x00006fdc                _ZNK6String6equalsEPKc
 .text._ZN6String11toUpperCaseEv
                0x00007018       0x22 I:\atmel studio\led2\ArduinoSketch42\ArduinoSketch42\ArduinoCore\Debug\libArduinoCore.a(WString.o)
                0x00007018                _ZN6String11toUpperCaseEv
 .text.__empty  0x0000703a        0x2 I:\atmel studio\led2\ArduinoSketch42\ArduinoSketch42\ArduinoCore\Debug\libArduinoCore.a(hooks.o)
                0x0000703a                yield
 .text.avr-libc.fplib
                0x0000703c        0xa c:/program files (x86)/atmel/studio/7.0/toolchain/avr8/avr8-gnu-toolchain/bin/../lib/gcc/avr/4.9.2/../../../../avr/lib/avr6\libm.a(unordsf2.o)
                0x0000703c                __unordsf2
 .text.libgcc.mul
                0x00007046       0x1e c:/program files (x86)/atmel/studio/7.0/toolchain/avr8/avr8-gnu-toolchain/bin/../lib/gcc/avr/4.9.2/avr6\libgcc.a(_mulsi3.o)
                0x00007046                __mulsi3
 .text.libgcc.div
                0x00007064       0x18 c:/program files (x86)/atmel/studio/7.0/toolchain/avr8/avr8-gnu-toolchain/bin/../lib/gcc/avr/4.9.2/avr6\libgcc.a(_udivmodqi4.o)
                0x00007064                __udivmodqi4
 .text.libgcc.div
                0x0000707c       0x44 c:/program files (x86)/atmel/studio/7.0/toolchain/avr8/avr8-gnu-toolchain/bin/../lib/gcc/avr/4.9.2/avr6\libgcc.a(_udivmodsi4.o)
                0x0000707c                __udivmodsi4
 .text.libgcc.div
                0x000070c0       0x28 c:/program files (x86)/atmel/studio/7.0/toolchain/avr8/avr8-gnu-toolchain/bin/../lib/gcc/avr/4.9.2/avr6\libgcc.a(_divmodsi4.o)
                0x000070c0                __divmodsi4
 .text.libgcc.div
                0x000070e8       0x10 c:/program files (x86)/atmel/studio/7.0/toolchain/avr8/avr8-gnu-toolchain/bin/../lib/gcc/avr/4.9.2/avr6\libgcc.a(_negsi2.o)
                0x000070e8                __negsi2
 .text.libgcc   0x000070f8       0x10 c:/program files (x86)/atmel/studio/7.0/toolchain/avr8/avr8-gnu-toolchain/bin/../lib/gcc/avr/4.9.2/avr6\libgcc.a(_tablejump2.o)
                0x000070f8                __tablejump2__
 .text.libgcc.mul
                0x00007108       0x1e c:/program files (x86)/atmel/studio/7.0/toolchain/avr8/avr8-gnu-toolchain/bin/../lib/gcc/avr/4.9.2/avr6\libgcc.a(_umulhisi3.o)
                0x00007108                __umulhisi3
 .text.libgcc.mul
                0x00007126        0xc c:/program files (x86)/atmel/studio/7.0/toolchain/avr8/avr8-gnu-toolchain/bin/../lib/gcc/avr/4.9.2/avr6\libgcc.a(_usmulhisi3.o)
                0x00007126                __usmulhisi3
                0x00007128                __usmulhisi3_tail
 .text.libgcc.mul
                0x00007132       0x14 c:/program files (x86)/atmel/studio/7.0/toolchain/avr8/avr8-gnu-toolchain/bin/../lib/gcc/avr/4.9.2/avr6\libgcc.a(_muluhisi3.o)
                0x00007132                __muluhisi3
 .text.avr-libc
                0x00007146      0x25a c:/program files (x86)/atmel/studio/7.0/toolchain/avr8/avr8-gnu-toolchain/bin/../lib/gcc/avr/4.9.2/../../../../avr/lib/avr6\libc.a(malloc.o)
                0x00007146                malloc
                0x00007270                free
 .text.avr-libc
                0x000073a0      0x1c8 c:/program files (x86)/atmel/studio/7.0/toolchain/avr8/avr8-gnu-toolchain/bin/../lib/gcc/avr/4.9.2/../../../../avr/lib/avr6\libc.a(realloc.o)
                0x000073a0                realloc
 .text.avr-libc
                0x00007568        0x8 c:/program files (x86)/atmel/studio/7.0/toolchain/avr8/avr8-gnu-toolchain/bin/../lib/gcc/avr/4.9.2/../../../../avr/lib/avr6\libc.a(abort.o)
                0x00007568                abort
 .text.avr-libc
                0x00007570       0x10 c:/program files (x86)/atmel/studio/7.0/toolchain/avr8/avr8-gnu-toolchain/bin/../lib/gcc/avr/4.9.2/../../../../avr/lib/avr6\libc.a(toupper.o)
                0x00007570                toupper
 .text.avr-libc
                0x00007580       0x12 c:/program files (x86)/atmel/studio/7.0/toolchain/avr8/avr8-gnu-toolchain/bin/../lib/gcc/avr/4.9.2/../../../../avr/lib/avr6\libc.a(memcpy.o)
                0x00007580                memcpy
 .text.avr-libc
                0x00007592       0x12 c:/program files (x86)/atmel/studio/7.0/toolchain/avr8/avr8-gnu-toolchain/bin/../lib/gcc/avr/4.9.2/../../../../avr/lib/avr6\libc.a(strcmp.o)
                0x00007592                strcmp
 .text.avr-libc
                0x000075a4        0xe c:/program files (x86)/atmel/studio/7.0/toolchain/avr8/avr8-gnu-toolchain/bin/../lib/gcc/avr/4.9.2/../../../../avr/lib/avr6\libc.a(strcpy.o)
                0x000075a4                strcpy
                0x000075b2                . = ALIGN (0x2)
 *(.fini9)
 .fini9         0x000075b2        0x0 c:/program files (x86)/atmel/studio/7.0/toolchain/avr8/avr8-gnu-toolchain/bin/../lib/gcc/avr/4.9.2/avr6\libgcc.a(_exit.o)
                0x000075b2                _exit
                0x000075b2                exit
 *(.fini9)
 *(.fini8)
 *(.fini8)
 *(.fini7)
 *(.fini7)
 *(.fini6)
 .fini6         0x000075b2       0x1e c:/program files (x86)/atmel/studio/7.0/toolchain/avr8/avr8-gnu-toolchain/bin/../lib/gcc/avr/4.9.2/avr6\libgcc.a(_dtors.o)
                0x000075b2                __do_global_dtors
 *(.fini6)
 *(.fini5)
 *(.fini5)
 *(.fini4)
 *(.fini4)
 *(.fini3)
 *(.fini3)
 *(.fini2)
 *(.fini2)
 *(.fini1)
 *(.fini1)
 *(.fini0)
 .fini0         0x000075d0        0x4 c:/program files (x86)/atmel/studio/7.0/toolchain/avr8/avr8-gnu-toolchain/bin/../lib/gcc/avr/4.9.2/avr6\libgcc.a(_exit.o)
 *(.fini0)
                0x000075d4                _etext = .

.data           0x00800200      0xab6 load address 0x000075d4
                0x00800200                PROVIDE (__data_start, .)
 *(.data)
 .data          0x00800200        0x6 c:/program files (x86)/atmel/studio/7.0/toolchain/avr8/avr8-gnu-toolchain/bin/../lib/gcc/avr/4.9.2/../../../../avr/lib/avr6\libc.a(malloc.o)
                0x00800200                __malloc_heap_end
                0x00800202                __malloc_heap_start
                0x00800204                __malloc_margin
 *(.data*)
 .data._ZZN16Adafruit_SSD130621drawFastVLineInternalEiiijE8postmask
                0x00800206        0x8 Adafruit_SSD1306.o
                0x00800206                _ZZN16Adafruit_SSD130621drawFastVLineInternalEiiijE8postmask
 .data._ZZN16Adafruit_SSD130621drawFastVLineInternalEiiijE7premask
                0x0080020e        0x8 Adafruit_SSD1306.o
                0x0080020e                _ZZN16Adafruit_SSD130621drawFastVLineInternalEiiijE7premask
 .data._ZL6buffer
                0x00800216      0x400 Adafruit_SSD1306.o
 .data._ZL13enable_rumble
                0x00800616        0x5 PS2X_lib.o
 .data._ZL11exit_config
                0x0080061b        0x9 PS2X_lib.o
 .data._ZL15set_bytes_large
                0x00800624        0x9 PS2X_lib.o
 .data._ZL8set_mode
                0x0080062d        0x9 PS2X_lib.o
 .data._ZL12enter_config
                0x00800636        0x5 PS2X_lib.o
 .data.task_list
                0x0080063b        0x3 Sketch.o
                0x0080063b                task_list
 .data.point    0x0080063e       0x88 Sketch.o
                0x0080063e                point
 .data.fix_pos_list
                0x008006c6        0x1 Sketch.o
                0x008006c6                fix_pos_list
 .data._ZL8_intFunc
                0x008006c7        0x2 Timer1.o
 .data.intFunc  0x008006c9       0x10 I:\atmel studio\led2\ArduinoSketch42\ArduinoSketch42\ArduinoCore\Debug\libArduinoCore.a(WInterrupts.o)
 *(.rodata)
 .rodata        0x008006d9        0xa Timer1.o
 *(.rodata*)
 .rodata._ZTV12Adafruit_GFX
                0x008006e3       0x2c Adafruit_GFX.o
                0x008006e3                _ZTV12Adafruit_GFX
 .rodata._ZTV16Adafruit_SSD1306
                0x0080070f       0x2c Adafruit_SSD1306.o
                0x0080070f                _ZTV16Adafruit_SSD1306
 .rodata.str1.1
                0x0080073b       0x1a ComwithMotor.o
 .rodata.str1.1
                0x00800755       0x1c ComwithPC.o
                                 0x22 (size before relaxing)
 .rodata.str1.1
                0x00800771       0x2d Display.o
 .rodata.str1.1
                0x0080079e      0x485 mPS2.o
                                0x4a2 (size before relaxing)
 .rodata.str1.1
                0x00800c23        0x8 Path.o
 .rodata._ZL9type_read
                0x00800c2b        0x9 PS2X_lib.o
 .rodata.str1.1
                0x00800c34       0x4f Sketch.o
                                 0x64 (size before relaxing)
 .rodata._ZTV7TwoWire
                0x00800c83       0x12 src/libraries/Wire/src/Wire.o
                0x00800c83                _ZTV7TwoWire
 .rodata.str1.1
                0x00800c95        0x5 Timer1.o
 .rodata._ZTV14HardwareSerial
                0x00800c95       0x12 I:\atmel studio\led2\ArduinoSketch42\ArduinoSketch42\ArduinoCore\Debug\libArduinoCore.a(HardwareSerial.o)
                0x00800c95                _ZTV14HardwareSerial
 .rodata.str1.1
                0x00800ca7        0xf I:\atmel studio\led2\ArduinoSketch42\ArduinoSketch42\ArduinoCore\Debug\libArduinoCore.a(Print.o)
 *(.gnu.linkonce.d*)
                0x00800cb6                . = ALIGN (0x2)
                0x00800cb6                _edata = .
                0x00800cb6                PROVIDE (__data_end, .)

.bss            0x00800cb6      0x443
                0x00800cb6                PROVIDE (__bss_start, .)
 *(.bss)
 *(.bss*)
 .bss.display   0x00800cb6       0x2e Display.o
                0x00800cb6                display
 .bss.ps2x      0x00800ce4       0x2e mPS2.o
                0x00800ce4                ps2x
 .bss._ZZN4Path9gotoPointEdddddE7counter
                0x00800d12        0x1 Path.o
 .bss.d_ang     0x00800d13       0x18 Path.o
                0x00800d13                d_ang
 .bss.angle     0x00800d2b       0x18 Path.o
                0x00800d2b                angle
 .bss.present_task
                0x00800d43        0x1 Sketch.o
                0x00800d43                present_task
 .bss.present_task_index
                0x00800d44        0x2 Sketch.o
                0x00800d44                present_task_index
 .bss.PID_pre_time
                0x00800d46        0x2 Sketch.o
                0x00800d46                PID_pre_time
 .bss.has_time_out
                0x00800d48        0x1 Sketch.o
                0x00800d48                has_time_out
 .bss.previous_time
                0x00800d49        0x2 Sketch.o
                0x00800d49                previous_time
 .bss._ZL5index
                0x00800d4b        0x2 Sketch.o
 .bss.state     0x00800d4d        0x6 Sketch.o
                0x00800d4d                state
 .bss.Sensors   0x00800d53       0x40 Sketch.o
                0x00800d53                Sensors
 .bss.path      0x00800d93       0x76 Sketch.o
                0x00800d93                path
 .bss.cm        0x00800e09       0x21 Sketch.o
                0x00800e09                cm
 .bss.kinematics
                0x00800e2a       0x2e Sketch.o
                0x00800e2a                kinematics
 .bss.CS        0x00800e58        0x3 Sketch.o
                0x00800e58                CS
 .bss.tc1       0x00800e5b        0xc Sketch.o
                0x00800e5b                tc1
 .bss.PS2       0x00800e67       0x1a Sketch.o
                0x00800e67                PS2
 .bss.motor     0x00800e81        0xc Sketch.o
                0x00800e81                motor
 .bss.toPC      0x00800e8d        0x1 Sketch.o
                0x00800e8d                toPC
 .bss.dp        0x00800e8e       0x2c Sketch.o
                0x00800e8e                dp
 .bss.p2        0x00800eba        0x4 Sketch.o
                0x00800eba                p2
 .bss.y2        0x00800ebe        0x4 Sketch.o
                0x00800ebe                y2
 .bss.x2        0x00800ec2        0x4 Sketch.o
                0x00800ec2                x2
 .bss.p1        0x00800ec6        0x4 Sketch.o
                0x00800ec6                p1
 .bss.y1        0x00800eca        0x4 Sketch.o
                0x00800eca                y1
 .bss.x1        0x00800ece        0x4 Sketch.o
                0x00800ece                x1
 .bss.p_step    0x00800ed2        0x4 Sketch.o
                0x00800ed2                p_step
 .bss.y_step    0x00800ed6        0x4 Sketch.o
                0x00800ed6                y_step
 .bss.x_step    0x00800eda        0x4 Sketch.o
                0x00800eda                x_step
 .bss.p         0x00800ede        0x4 Sketch.o
                0x00800ede                p
 .bss.y         0x00800ee2        0x4 Sketch.o
                0x00800ee2                y
 .bss.x         0x00800ee6        0x4 Sketch.o
                0x00800ee6                x
 .bss._ZN8SPIClass13interruptSaveE
                0x00800eea        0x1 src/libraries/SPI/src/SPI.o
                0x00800eea                _ZN8SPIClass13interruptSaveE
 .bss._ZN8SPIClass13interruptMaskE
                0x00800eeb        0x1 src/libraries/SPI/src/SPI.o
                0x00800eeb                _ZN8SPIClass13interruptMaskE
 .bss._ZN8SPIClass13interruptModeE
                0x00800eec        0x1 src/libraries/SPI/src/SPI.o
                0x00800eec                _ZN8SPIClass13interruptModeE
 .bss._ZN8SPIClass11initializedE
                0x00800eed        0x1 src/libraries/SPI/src/SPI.o
                0x00800eed                _ZN8SPIClass11initializedE
 .bss.twi_error
                0x00800eee        0x1 src/libraries/Wire/src/utility/twi.o
 .bss.twi_rxBufferIndex
                0x00800eef        0x1 src/libraries/Wire/src/utility/twi.o
 .bss.twi_rxBuffer
                0x00800ef0       0x20 src/libraries/Wire/src/utility/twi.o
 .bss.twi_txBufferLength
                0x00800f10        0x1 src/libraries/Wire/src/utility/twi.o
 .bss.twi_txBufferIndex
                0x00800f11        0x1 src/libraries/Wire/src/utility/twi.o
 .bss.twi_txBuffer
                0x00800f12       0x20 src/libraries/Wire/src/utility/twi.o
 .bss.twi_masterBufferLength
                0x00800f32        0x1 src/libraries/Wire/src/utility/twi.o
 .bss.twi_masterBufferIndex
                0x00800f33        0x1 src/libraries/Wire/src/utility/twi.o
 .bss.twi_masterBuffer
                0x00800f34       0x20 src/libraries/Wire/src/utility/twi.o
 .bss.twi_onSlaveReceive
                0x00800f54        0x2 src/libraries/Wire/src/utility/twi.o
 .bss.twi_onSlaveTransmit
                0x00800f56        0x2 src/libraries/Wire/src/utility/twi.o
 .bss.twi_inRepStart
                0x00800f58        0x1 src/libraries/Wire/src/utility/twi.o
 .bss.twi_sendStop
                0x00800f59        0x1 src/libraries/Wire/src/utility/twi.o
 .bss.twi_slarw
                0x00800f5a        0x1 src/libraries/Wire/src/utility/twi.o
 .bss.twi_state
                0x00800f5b        0x1 src/libraries/Wire/src/utility/twi.o
 .bss.Wire      0x00800f5c        0xc src/libraries/Wire/src/Wire.o
                0x00800f5c                Wire
 .bss._ZN7TwoWire14user_onReceiveE
                0x00800f68        0x2 src/libraries/Wire/src/Wire.o
                0x00800f68                _ZN7TwoWire14user_onReceiveE
 .bss._ZN7TwoWire14user_onRequestE
                0x00800f6a        0x2 src/libraries/Wire/src/Wire.o
                0x00800f6a                _ZN7TwoWire14user_onRequestE
 .bss._ZN7TwoWire12transmittingE
                0x00800f6c        0x1 src/libraries/Wire/src/Wire.o
                0x00800f6c                _ZN7TwoWire12transmittingE
 .bss._ZN7TwoWire14txBufferLengthE
                0x00800f6d        0x1 src/libraries/Wire/src/Wire.o
                0x00800f6d                _ZN7TwoWire14txBufferLengthE
 .bss._ZN7TwoWire13txBufferIndexE
                0x00800f6e        0x1 src/libraries/Wire/src/Wire.o
                0x00800f6e                _ZN7TwoWire13txBufferIndexE
 .bss._ZN7TwoWire8txBufferE
                0x00800f6f       0x20 src/libraries/Wire/src/Wire.o
                0x00800f6f                _ZN7TwoWire8txBufferE
 .bss._ZN7TwoWire9txAddressE
                0x00800f8f        0x1 src/libraries/Wire/src/Wire.o
                0x00800f8f                _ZN7TwoWire9txAddressE
 .bss._ZN7TwoWire14rxBufferLengthE
                0x00800f90        0x1 src/libraries/Wire/src/Wire.o
                0x00800f90                _ZN7TwoWire14rxBufferLengthE
 .bss._ZN7TwoWire13rxBufferIndexE
                0x00800f91        0x1 src/libraries/Wire/src/Wire.o
                0x00800f91                _ZN7TwoWire13rxBufferIndexE
 .bss._ZN7TwoWire8rxBufferE
                0x00800f92       0x20 src/libraries/Wire/src/Wire.o
                0x00800f92                _ZN7TwoWire8rxBufferE
 .bss.Serial    0x00800fb2       0x9d I:\atmel studio\led2\ArduinoSketch42\ArduinoSketch42\ArduinoCore\Debug\libArduinoCore.a(HardwareSerial0.o)
                0x00800fb2                Serial
 .bss.Serial2   0x0080104f       0x9d I:\atmel studio\led2\ArduinoSketch42\ArduinoSketch42\ArduinoCore\Debug\libArduinoCore.a(HardwareSerial2.o)
                0x0080104f                Serial2
 .bss.timer0_fract
                0x008010ec        0x1 I:\atmel studio\led2\ArduinoSketch42\ArduinoSketch42\ArduinoCore\Debug\libArduinoCore.a(wiring.o)
 .bss.timer0_millis
                0x008010ed        0x4 I:\atmel studio\led2\ArduinoSketch42\ArduinoSketch42\ArduinoCore\Debug\libArduinoCore.a(wiring.o)
                0x008010ed                timer0_millis
 .bss.timer0_overflow_count
                0x008010f1        0x4 I:\atmel studio\led2\ArduinoSketch42\ArduinoSketch42\ArduinoCore\Debug\libArduinoCore.a(wiring.o)
                0x008010f1                timer0_overflow_count
 *(COMMON)
 COMMON         0x008010f5        0x4 c:/program files (x86)/atmel/studio/7.0/toolchain/avr8/avr8-gnu-toolchain/bin/../lib/gcc/avr/4.9.2/../../../../avr/lib/avr6\libc.a(malloc.o)
                0x008010f5                __brkval
                0x008010f7                __flp
                0x008010f9                PROVIDE (__bss_end, .)
                0x000075d4                __data_load_start = LOADADDR (.data)
                0x0000808a                __data_load_end = (__data_load_start + SIZEOF (.data))

.noinit         0x008010f9        0x0
                [!provide]                PROVIDE (__noinit_start, .)
 *(.noinit*)
                [!provide]                PROVIDE (__noinit_end, .)
                0x008010f9                _end = .
                0x008010f9                PROVIDE (__heap_start, .)

.eeprom         0x00810000        0x0
 *(.eeprom*)
                0x00810000                __eeprom_end = .

.fuse
 *(.fuse)
 *(.lfuse)
 *(.hfuse)
 *(.efuse)

.lock
 *(.lock*)

.signature
 *(.signature*)

.user_signatures
 *(.user_signatures*)

.stab
 *(.stab)

.stabstr
 *(.stabstr)

.stab.excl
 *(.stab.excl)

.stab.exclstr
 *(.stab.exclstr)

.stab.index
 *(.stab.index)

.stab.indexstr
 *(.stab.indexstr)

.comment        0x00000000       0x30
 *(.comment)
 .comment       0x00000000       0x30 Adafruit_GFX.o
                                 0x31 (size before relaxing)
 .comment       0x00000030       0x31 Adafruit_SSD1306.o
 .comment       0x00000030       0x31 ComwithMotor.o
 .comment       0x00000030       0x31 ComwithPC.o
 .comment       0x00000030       0x31 ComwithShot.o
 .comment       0x00000030       0x31 Display.o
 .comment       0x00000030       0x31 Kinematics.o
 .comment       0x00000030       0x31 mMotor.o
 .comment       0x00000030       0x31 mPS2.o
 .comment       0x00000030       0x31 Path.o
 .comment       0x00000030       0x31 PS2X_lib.o
 .comment       0x00000030       0x31 SensorBoard.o
 .comment       0x00000030       0x31 Sketch.o
 .comment       0x00000030       0x31 src/libraries/SPI/src/SPI.o
 .comment       0x00000030       0x31 src/libraries/Wire/src/utility/twi.o
 .comment       0x00000030       0x31 src/libraries/Wire/src/Wire.o
 .comment       0x00000030       0x31 Timer1.o
 .comment       0x00000030       0x31 I:\atmel studio\led2\ArduinoSketch42\ArduinoSketch42\ArduinoCore\Debug\libArduinoCore.a(abi.o)
 .comment       0x00000030       0x31 I:\atmel studio\led2\ArduinoSketch42\ArduinoSketch42\ArduinoCore\Debug\libArduinoCore.a(HardwareSerial.o)
 .comment       0x00000030       0x31 I:\atmel studio\led2\ArduinoSketch42\ArduinoSketch42\ArduinoCore\Debug\libArduinoCore.a(HardwareSerial0.o)
 .comment       0x00000030       0x31 I:\atmel studio\led2\ArduinoSketch42\ArduinoSketch42\ArduinoCore\Debug\libArduinoCore.a(HardwareSerial2.o)
 .comment       0x00000030       0x31 I:\atmel studio\led2\ArduinoSketch42\ArduinoSketch42\ArduinoCore\Debug\libArduinoCore.a(main.o)
 .comment       0x00000030       0x31 I:\atmel studio\led2\ArduinoSketch42\ArduinoSketch42\ArduinoCore\Debug\libArduinoCore.a(Print.o)
 .comment       0x00000030       0x31 I:\atmel studio\led2\ArduinoSketch42\ArduinoSketch42\ArduinoCore\Debug\libArduinoCore.a(WInterrupts.o)
 .comment       0x00000030       0x31 I:\atmel studio\led2\ArduinoSketch42\ArduinoSketch42\ArduinoCore\Debug\libArduinoCore.a(wiring.o)
 .comment       0x00000030       0x31 I:\atmel studio\led2\ArduinoSketch42\ArduinoSketch42\ArduinoCore\Debug\libArduinoCore.a(wiring_digital.o)
 .comment       0x00000030       0x31 I:\atmel studio\led2\ArduinoSketch42\ArduinoSketch42\ArduinoCore\Debug\libArduinoCore.a(WMath.o)
 .comment       0x00000030       0x31 I:\atmel studio\led2\ArduinoSketch42\ArduinoSketch42\ArduinoCore\Debug\libArduinoCore.a(WString.o)
 .comment       0x00000030       0x31 I:\atmel studio\led2\ArduinoSketch42\ArduinoSketch42\ArduinoCore\Debug\libArduinoCore.a(hooks.o)
 .comment       0x00000030       0x31 c:/program files (x86)/atmel/studio/7.0/toolchain/avr8/avr8-gnu-toolchain/bin/../lib/gcc/avr/4.9.2/../../../../avr/lib/avr6\libc.a(malloc.o)
 .comment       0x00000030       0x31 c:/program files (x86)/atmel/studio/7.0/toolchain/avr8/avr8-gnu-toolchain/bin/../lib/gcc/avr/4.9.2/../../../../avr/lib/avr6\libc.a(realloc.o)

.note.gnu.avr.deviceinfo
                0x00000000       0x40
 .note.gnu.avr.deviceinfo
                0x00000000       0x40 C:/Program Files (x86)/Atmel/Studio/7.0/Packs/atmel/ATmega_DFP/1.0.106/gcc/dev/atmega2560/avr6/crtatmega2560.o

.note.gnu.build-id
 *(.note.gnu.build-id)

.debug
 *(.debug)

.line
 *(.line)

.debug_srcinfo
 *(.debug_srcinfo)

.debug_sfnames
 *(.debug_sfnames)

.debug_aranges  0x00000000      0xf50
 *(.debug_aranges)
 .debug_aranges
                0x00000000      0x2a0 Adafruit_GFX.o
 .debug_aranges
                0x000002a0       0xb8 Adafruit_SSD1306.o
 .debug_aranges
                0x00000358       0x88 ComwithMotor.o
 .debug_aranges
                0x000003e0       0x40 ComwithPC.o
 .debug_aranges
                0x00000420       0x38 ComwithShot.o
 .debug_aranges
                0x00000458       0x48 Display.o
 .debug_aranges
                0x000004a0       0x48 Kinematics.o
 .debug_aranges
                0x000004e8       0x38 mMotor.o
 .debug_aranges
                0x00000520       0x30 mPS2.o
 .debug_aranges
                0x00000550       0x30 Path.o
 .debug_aranges
                0x00000580       0xc0 PS2X_lib.o
 .debug_aranges
                0x00000640       0x28 SensorBoard.o
 .debug_aranges
                0x00000668       0x70 Sketch.o
 .debug_aranges
                0x000006d8       0x38 src/libraries/SPI/src/SPI.o
 .debug_aranges
                0x00000710       0x80 src/libraries/Wire/src/utility/twi.o
 .debug_aranges
                0x00000790       0xf8 src/libraries/Wire/src/Wire.o
 .debug_aranges
                0x00000888       0x60 Timer1.o
 .debug_aranges
                0x000008e8       0x28 I:\atmel studio\led2\ArduinoSketch42\ArduinoSketch42\ArduinoCore\Debug\libArduinoCore.a(abi.o)
 .debug_aranges
                0x00000910       0x68 I:\atmel studio\led2\ArduinoSketch42\ArduinoSketch42\ArduinoCore\Debug\libArduinoCore.a(HardwareSerial.o)
 .debug_aranges
                0x00000978       0x48 I:\atmel studio\led2\ArduinoSketch42\ArduinoSketch42\ArduinoCore\Debug\libArduinoCore.a(HardwareSerial0.o)
 .debug_aranges
                0x000009c0       0x48 I:\atmel studio\led2\ArduinoSketch42\ArduinoSketch42\ArduinoCore\Debug\libArduinoCore.a(HardwareSerial2.o)
 .debug_aranges
                0x00000a08       0x38 I:\atmel studio\led2\ArduinoSketch42\ArduinoSketch42\ArduinoCore\Debug\libArduinoCore.a(main.o)
 .debug_aranges
                0x00000a40      0x100 I:\atmel studio\led2\ArduinoSketch42\ArduinoSketch42\ArduinoCore\Debug\libArduinoCore.a(Print.o)
 .debug_aranges
                0x00000b40       0x70 I:\atmel studio\led2\ArduinoSketch42\ArduinoSketch42\ArduinoCore\Debug\libArduinoCore.a(WInterrupts.o)
 .debug_aranges
                0x00000bb0       0x48 I:\atmel studio\led2\ArduinoSketch42\ArduinoSketch42\ArduinoCore\Debug\libArduinoCore.a(wiring.o)
 .debug_aranges
                0x00000bf8       0x38 I:\atmel studio\led2\ArduinoSketch42\ArduinoSketch42\ArduinoCore\Debug\libArduinoCore.a(wiring_digital.o)
 .debug_aranges
                0x00000c30       0x48 I:\atmel studio\led2\ArduinoSketch42\ArduinoSketch42\ArduinoCore\Debug\libArduinoCore.a(WMath.o)
 .debug_aranges
                0x00000c78      0x2b8 I:\atmel studio\led2\ArduinoSketch42\ArduinoSketch42\ArduinoCore\Debug\libArduinoCore.a(WString.o)
 .debug_aranges
                0x00000f30       0x20 I:\atmel studio\led2\ArduinoSketch42\ArduinoSketch42\ArduinoCore\Debug\libArduinoCore.a(hooks.o)

.debug_pubnames
 *(.debug_pubnames)

.debug_info     0x00000000    0x27f81
 *(.debug_info .gnu.linkonce.wi.*)
 .debug_info    0x00000000     0x6216 Adafruit_GFX.o
 .debug_info    0x00006216     0x242b Adafruit_SSD1306.o
 .debug_info    0x00008641      0xe63 ComwithMotor.o
 .debug_info    0x000094a4     0x188f ComwithPC.o
 .debug_info    0x0000ad33      0x6ff ComwithShot.o
 .debug_info    0x0000b432     0x1f78 Display.o
 .debug_info    0x0000d3aa      0x897 Kinematics.o
 .debug_info    0x0000dc41      0x49a mMotor.o
 .debug_info    0x0000e0db     0x22cc mPS2.o
 .debug_info    0x000103a7      0x64b Path.o
 .debug_info    0x000109f2     0x18ac PS2X_lib.o
 .debug_info    0x0001229e      0x2c0 SensorBoard.o
 .debug_info    0x0001255e     0x35b0 Sketch.o
 .debug_info    0x00015b0e      0x6f6 src/libraries/SPI/src/SPI.o
 .debug_info    0x00016204      0x667 src/libraries/Wire/src/utility/twi.o
 .debug_info    0x0001686b     0x27c0 src/libraries/Wire/src/Wire.o
 .debug_info    0x0001902b     0x17fb Timer1.o
 .debug_info    0x0001a826       0x8e I:\atmel studio\led2\ArduinoSketch42\ArduinoSketch42\ArduinoCore\Debug\libArduinoCore.a(abi.o)
 .debug_info    0x0001a8b4     0x1f23 I:\atmel studio\led2\ArduinoSketch42\ArduinoSketch42\ArduinoCore\Debug\libArduinoCore.a(HardwareSerial.o)
 .debug_info    0x0001c7d7     0x1b25 I:\atmel studio\led2\ArduinoSketch42\ArduinoSketch42\ArduinoCore\Debug\libArduinoCore.a(HardwareSerial0.o)
 .debug_info    0x0001e2fc     0x1b25 I:\atmel studio\led2\ArduinoSketch42\ArduinoSketch42\ArduinoCore\Debug\libArduinoCore.a(HardwareSerial2.o)
 .debug_info    0x0001fe21      0x28f I:\atmel studio\led2\ArduinoSketch42\ArduinoSketch42\ArduinoCore\Debug\libArduinoCore.a(main.o)
 .debug_info    0x000200b0     0x2ada I:\atmel studio\led2\ArduinoSketch42\ArduinoSketch42\ArduinoCore\Debug\libArduinoCore.a(Print.o)
 .debug_info    0x00022b8a      0x2fc I:\atmel studio\led2\ArduinoSketch42\ArduinoSketch42\ArduinoCore\Debug\libArduinoCore.a(WInterrupts.o)
 .debug_info    0x00022e86      0x326 I:\atmel studio\led2\ArduinoSketch42\ArduinoSketch42\ArduinoCore\Debug\libArduinoCore.a(wiring.o)
 .debug_info    0x000231ac      0x635 I:\atmel studio\led2\ArduinoSketch42\ArduinoSketch42\ArduinoCore\Debug\libArduinoCore.a(wiring_digital.o)
 .debug_info    0x000237e1      0x240 I:\atmel studio\led2\ArduinoSketch42\ArduinoSketch42\ArduinoCore\Debug\libArduinoCore.a(WMath.o)
 .debug_info    0x00023a21     0x4522 I:\atmel studio\led2\ArduinoSketch42\ArduinoSketch42\ArduinoCore\Debug\libArduinoCore.a(WString.o)
 .debug_info    0x00027f43       0x3e I:\atmel studio\led2\ArduinoSketch42\ArduinoSketch42\ArduinoCore\Debug\libArduinoCore.a(hooks.o)

.debug_abbrev   0x00000000     0x566c
 *(.debug_abbrev)
 .debug_abbrev  0x00000000      0x58f Adafruit_GFX.o
 .debug_abbrev  0x0000058f      0x5b8 Adafruit_SSD1306.o
 .debug_abbrev  0x00000b47      0x2f6 ComwithMotor.o
 .debug_abbrev  0x00000e3d      0x334 ComwithPC.o
 .debug_abbrev  0x00001171      0x215 ComwithShot.o
 .debug_abbrev  0x00001386      0x37a Display.o
 .debug_abbrev  0x00001700      0x217 Kinematics.o
 .debug_abbrev  0x00001917      0x1e8 mMotor.o
 .debug_abbrev  0x00001aff      0x372 mPS2.o
 .debug_abbrev  0x00001e71      0x265 Path.o
 .debug_abbrev  0x000020d6      0x3fa PS2X_lib.o
 .debug_abbrev  0x000024d0      0x105 SensorBoard.o
 .debug_abbrev  0x000025d5      0x5da Sketch.o
 .debug_abbrev  0x00002baf      0x28c src/libraries/SPI/src/SPI.o
 .debug_abbrev  0x00002e3b      0x25f src/libraries/Wire/src/utility/twi.o
 .debug_abbrev  0x0000309a      0x5c4 src/libraries/Wire/src/Wire.o
 .debug_abbrev  0x0000365e      0x3ed Timer1.o
 .debug_abbrev  0x00003a4b       0x5e I:\atmel studio\led2\ArduinoSketch42\ArduinoSketch42\ArduinoCore\Debug\libArduinoCore.a(abi.o)
 .debug_abbrev  0x00003aa9      0x478 I:\atmel studio\led2\ArduinoSketch42\ArduinoSketch42\ArduinoCore\Debug\libArduinoCore.a(HardwareSerial.o)
 .debug_abbrev  0x00003f21      0x3dd I:\atmel studio\led2\ArduinoSketch42\ArduinoSketch42\ArduinoCore\Debug\libArduinoCore.a(HardwareSerial0.o)
 .debug_abbrev  0x000042fe      0x3dd I:\atmel studio\led2\ArduinoSketch42\ArduinoSketch42\ArduinoCore\Debug\libArduinoCore.a(HardwareSerial2.o)
 .debug_abbrev  0x000046db      0x109 I:\atmel studio\led2\ArduinoSketch42\ArduinoSketch42\ArduinoCore\Debug\libArduinoCore.a(main.o)
 .debug_abbrev  0x000047e4      0x498 I:\atmel studio\led2\ArduinoSketch42\ArduinoSketch42\ArduinoCore\Debug\libArduinoCore.a(Print.o)
 .debug_abbrev  0x00004c7c       0xed I:\atmel studio\led2\ArduinoSketch42\ArduinoSketch42\ArduinoCore\Debug\libArduinoCore.a(WInterrupts.o)
 .debug_abbrev  0x00004d69      0x145 I:\atmel studio\led2\ArduinoSketch42\ArduinoSketch42\ArduinoCore\Debug\libArduinoCore.a(wiring.o)
 .debug_abbrev  0x00004eae      0x15a I:\atmel studio\led2\ArduinoSketch42\ArduinoSketch42\ArduinoCore\Debug\libArduinoCore.a(wiring_digital.o)
 .debug_abbrev  0x00005008      0x14b I:\atmel studio\led2\ArduinoSketch42\ArduinoSketch42\ArduinoCore\Debug\libArduinoCore.a(WMath.o)
 .debug_abbrev  0x00005153      0x4ef I:\atmel studio\led2\ArduinoSketch42\ArduinoSketch42\ArduinoCore\Debug\libArduinoCore.a(WString.o)
 .debug_abbrev  0x00005642       0x2a I:\atmel studio\led2\ArduinoSketch42\ArduinoSketch42\ArduinoCore\Debug\libArduinoCore.a(hooks.o)

.debug_line     0x00000000     0x9253
 *(.debug_line .debug_line.* .debug_line_end)
 .debug_line    0x00000000     0x1df9 Adafruit_GFX.o
 .debug_line    0x00001df9      0xbe6 Adafruit_SSD1306.o
 .debug_line    0x000029df      0x4ed ComwithMotor.o
 .debug_line    0x00002ecc      0x2b0 ComwithPC.o
 .debug_line    0x0000317c      0x2ac ComwithShot.o
 .debug_line    0x00003428      0x387 Display.o
 .debug_line    0x000037af      0x312 Kinematics.o
 .debug_line    0x00003ac1      0x209 mMotor.o
 .debug_line    0x00003cca      0x410 mPS2.o
 .debug_line    0x000040da      0x2be Path.o
 .debug_line    0x00004398      0x726 PS2X_lib.o
 .debug_line    0x00004abe       0xcb SensorBoard.o
 .debug_line    0x00004b89      0x69d Sketch.o
 .debug_line    0x00005226      0x313 src/libraries/SPI/src/SPI.o
 .debug_line    0x00005539      0x515 src/libraries/Wire/src/utility/twi.o
 .debug_line    0x00005a4e      0x5e6 src/libraries/Wire/src/Wire.o
 .debug_line    0x00006034      0x2ba Timer1.o
 .debug_line    0x000062ee       0xbf I:\atmel studio\led2\ArduinoSketch42\ArduinoSketch42\ArduinoCore\Debug\libArduinoCore.a(abi.o)
 .debug_line    0x000063ad      0x489 I:\atmel studio\led2\ArduinoSketch42\ArduinoSketch42\ArduinoCore\Debug\libArduinoCore.a(HardwareSerial.o)
 .debug_line    0x00006836      0x288 I:\atmel studio\led2\ArduinoSketch42\ArduinoSketch42\ArduinoCore\Debug\libArduinoCore.a(HardwareSerial0.o)
 .debug_line    0x00006abe      0x286 I:\atmel studio\led2\ArduinoSketch42\ArduinoSketch42\ArduinoCore\Debug\libArduinoCore.a(HardwareSerial2.o)
 .debug_line    0x00006d44      0x171 I:\atmel studio\led2\ArduinoSketch42\ArduinoSketch42\ArduinoCore\Debug\libArduinoCore.a(main.o)
 .debug_line    0x00006eb5      0x697 I:\atmel studio\led2\ArduinoSketch42\ArduinoSketch42\ArduinoCore\Debug\libArduinoCore.a(Print.o)
 .debug_line    0x0000754c      0x2da I:\atmel studio\led2\ArduinoSketch42\ArduinoSketch42\ArduinoCore\Debug\libArduinoCore.a(WInterrupts.o)
 .debug_line    0x00007826      0x2cb I:\atmel studio\led2\ArduinoSketch42\ArduinoSketch42\ArduinoCore\Debug\libArduinoCore.a(wiring.o)
 .debug_line    0x00007af1      0x284 I:\atmel studio\led2\ArduinoSketch42\ArduinoSketch42\ArduinoCore\Debug\libArduinoCore.a(wiring_digital.o)
 .debug_line    0x00007d75      0x149 I:\atmel studio\led2\ArduinoSketch42\ArduinoSketch42\ArduinoCore\Debug\libArduinoCore.a(WMath.o)
 .debug_line    0x00007ebe     0x1354 I:\atmel studio\led2\ArduinoSketch42\ArduinoSketch42\ArduinoCore\Debug\libArduinoCore.a(WString.o)
 .debug_line    0x00009212       0x41 I:\atmel studio\led2\ArduinoSketch42\ArduinoSketch42\ArduinoCore\Debug\libArduinoCore.a(hooks.o)

.debug_frame    0x00000000     0x3e2c
 *(.debug_frame)
 .debug_frame   0x00000000     0x11e4 Adafruit_GFX.o
 .debug_frame   0x000011e4      0x2e0 Adafruit_SSD1306.o
 .debug_frame   0x000014c4      0x220 ComwithMotor.o
 .debug_frame   0x000016e4       0xe0 ComwithPC.o
 .debug_frame   0x000017c4       0xbc ComwithShot.o
 .debug_frame   0x00001880       0xec Display.o
 .debug_frame   0x0000196c      0x220 Kinematics.o
 .debug_frame   0x00001b8c       0x6c mMotor.o
 .debug_frame   0x00001bf8       0x7c mPS2.o
 .debug_frame   0x00001c74       0xd0 Path.o
 .debug_frame   0x00001d44      0x2a4 PS2X_lib.o
 .debug_frame   0x00001fe8       0x34 SensorBoard.o
 .debug_frame   0x0000201c      0x1a0 Sketch.o
 .debug_frame   0x000021bc       0x5c src/libraries/SPI/src/SPI.o
 .debug_frame   0x00002218      0x134 src/libraries/Wire/src/utility/twi.o
 .debug_frame   0x0000234c      0x278 src/libraries/Wire/src/Wire.o
 .debug_frame   0x000025c4      0x194 Timer1.o
 .debug_frame   0x00002758       0x34 I:\atmel studio\led2\ArduinoSketch42\ArduinoSketch42\ArduinoCore\Debug\libArduinoCore.a(abi.o)
 .debug_frame   0x0000278c      0x110 I:\atmel studio\led2\ArduinoSketch42\ArduinoSketch42\ArduinoCore\Debug\libArduinoCore.a(HardwareSerial.o)
 .debug_frame   0x0000289c       0xe0 I:\atmel studio\led2\ArduinoSketch42\ArduinoSketch42\ArduinoCore\Debug\libArduinoCore.a(HardwareSerial0.o)
 .debug_frame   0x0000297c       0xe0 I:\atmel studio\led2\ArduinoSketch42\ArduinoSketch42\ArduinoCore\Debug\libArduinoCore.a(HardwareSerial2.o)
 .debug_frame   0x00002a5c       0x54 I:\atmel studio\led2\ArduinoSketch42\ArduinoSketch42\ArduinoCore\Debug\libArduinoCore.a(main.o)
 .debug_frame   0x00002ab0      0x3bc I:\atmel studio\led2\ArduinoSketch42\ArduinoSketch42\ArduinoCore\Debug\libArduinoCore.a(Print.o)
 .debug_frame   0x00002e6c      0x304 I:\atmel studio\led2\ArduinoSketch42\ArduinoSketch42\ArduinoCore\Debug\libArduinoCore.a(WInterrupts.o)
 .debug_frame   0x00003170       0xc4 I:\atmel studio\led2\ArduinoSketch42\ArduinoSketch42\ArduinoCore\Debug\libArduinoCore.a(wiring.o)
 .debug_frame   0x00003234       0x7c I:\atmel studio\led2\ArduinoSketch42\ArduinoSketch42\ArduinoCore\Debug\libArduinoCore.a(wiring_digital.o)
 .debug_frame   0x000032b0       0xf0 I:\atmel studio\led2\ArduinoSketch42\ArduinoSketch42\ArduinoCore\Debug\libArduinoCore.a(WMath.o)
 .debug_frame   0x000033a0      0xa68 I:\atmel studio\led2\ArduinoSketch42\ArduinoSketch42\ArduinoCore\Debug\libArduinoCore.a(WString.o)
 .debug_frame   0x00003e08       0x24 I:\atmel studio\led2\ArduinoSketch42\ArduinoSketch42\ArduinoCore\Debug\libArduinoCore.a(hooks.o)

.debug_str      0x00000000     0x538b
 *(.debug_str)
 .debug_str     0x00000000     0x123e Adafruit_GFX.o
                               0x1368 (size before relaxing)
 .debug_str     0x0000123e      0x8b9 Adafruit_SSD1306.o
                                0xcc9 (size before relaxing)
 .debug_str     0x00001af7      0x39e ComwithMotor.o
                                0x6a8 (size before relaxing)
 .debug_str     0x00001e95      0xa7a ComwithPC.o
                                0xdb5 (size before relaxing)
 .debug_str     0x0000290f       0x9c ComwithShot.o
                                0x436 (size before relaxing)
 .debug_str     0x000029ab      0x22e Display.o
                                0xfd5 (size before relaxing)
 .debug_str     0x00002bd9      0x258 Kinematics.o
                                0x4a8 (size before relaxing)
 .debug_str     0x00002e31       0xc9 mMotor.o