Archive member included to satisfy reference by file (symbol)

c:/program files (x86)/atmel/studio/7.0/toolchain/avr8/avr8-gnu-toolchain/bin/../lib/gcc/avr/4.9.2/../../../../avr/lib/avr6\libm.a(addsf3.o)
                              Kinematics.o (__subsf3)
c:/program files (x86)/atmel/studio/7.0/toolchain/avr8/avr8-gnu-toolchain/bin/../lib/gcc/avr/4.9.2/../../../../avr/lib/avr6\libm.a(addsf3x.o)
                              c:/program files (x86)/atmel/studio/7.0/toolchain/avr8/avr8-gnu-toolchain/bin/../lib/gcc/avr/4.9.2/../../../../avr/lib/avr6\libm.a(addsf3.o) (__addsf3x)
c:/program files (x86)/atmel/studio/7.0/toolchain/avr8/avr8-gnu-toolchain/bin/../lib/gcc/avr/4.9.2/../../../../avr/lib/avr6\libm.a(atan2.o)
                              Path.o (atan2)
c:/program files (x86)/atmel/studio/7.0/toolchain/avr8/avr8-gnu-toolchain/bin/../lib/gcc/avr/4.9.2/../../../../avr/lib/avr6\libm.a(atan.o)
                              c:/program files (x86)/atmel/studio/7.0/toolchain/avr8/avr8-gnu-toolchain/bin/../lib/gcc/avr/4.9.2/../../../../avr/lib/avr6\libm.a(atan2.o) (atan)
c:/program files (x86)/atmel/studio/7.0/toolchain/avr8/avr8-gnu-toolchain/bin/../lib/gcc/avr/4.9.2/../../../../avr/lib/avr6\libm.a(cmpsf2.o)
                              Path.o (__ltsf2)
c:/program files (x86)/atmel/studio/7.0/toolchain/avr8/avr8-gnu-toolchain/bin/../lib/gcc/avr/4.9.2/../../../../avr/lib/avr6\libm.a(cos.o)
                              Sketch.o (cos)
c:/program files (x86)/atmel/studio/7.0/toolchain/avr8/avr8-gnu-toolchain/bin/../lib/gcc/avr/4.9.2/../../../../avr/lib/avr6\libm.a(divsf3.o)
                              ComwithGY25.o (__divsf3)
c:/program files (x86)/atmel/studio/7.0/toolchain/avr8/avr8-gnu-toolchain/bin/../lib/gcc/avr/4.9.2/../../../../avr/lib/avr6\libm.a(divsf3x.o)
                              c:/program files (x86)/atmel/studio/7.0/toolchain/avr8/avr8-gnu-toolchain/bin/../lib/gcc/avr/4.9.2/../../../../avr/lib/avr6\libm.a(divsf3.o) (__divsf3x)
c:/program files (x86)/atmel/studio/7.0/toolchain/avr8/avr8-gnu-toolchain/bin/../lib/gcc/avr/4.9.2/../../../../avr/lib/avr6\libm.a(fixsfsi.o)
                              Kinematics.o (__fixsfsi)
c:/program files (x86)/atmel/studio/7.0/toolchain/avr8/avr8-gnu-toolchain/bin/../lib/gcc/avr/4.9.2/../../../../avr/lib/avr6\libm.a(fixunssfsi.o)
                              PS2X_lib.o (__fixunssfsi)
c:/program files (x86)/atmel/studio/7.0/toolchain/avr8/avr8-gnu-toolchain/bin/../lib/gcc/avr/4.9.2/../../../../avr/lib/avr6\libm.a(floatsisf.o)
                              PS2X_lib.o (__floatunsisf)
c:/program files (x86)/atmel/studio/7.0/toolchain/avr8/avr8-gnu-toolchain/bin/../lib/gcc/avr/4.9.2/../../../../avr/lib/avr6\libm.a(fp_cmp.o)
                              c:/program files (x86)/atmel/studio/7.0/toolchain/avr8/avr8-gnu-toolchain/bin/../lib/gcc/avr/4.9.2/../../../../avr/lib/avr6\libm.a(cmpsf2.o) (__fp_cmp)
c:/program files (x86)/atmel/studio/7.0/toolchain/avr8/avr8-gnu-toolchain/bin/../lib/gcc/avr/4.9.2/../../../../avr/lib/avr6\libm.a(fp_inf.o)
                              c:/program files (x86)/atmel/studio/7.0/toolchain/avr8/avr8-gnu-toolchain/bin/../lib/gcc/avr/4.9.2/../../../../avr/lib/avr6\libm.a(addsf3x.o) (__fp_inf)
c:/program files (x86)/atmel/studio/7.0/toolchain/avr8/avr8-gnu-toolchain/bin/../lib/gcc/avr/4.9.2/../../../../avr/lib/avr6\libm.a(fp_nan.o)
                              c:/program files (x86)/atmel/studio/7.0/toolchain/avr8/avr8-gnu-toolchain/bin/../lib/gcc/avr/4.9.2/../../../../avr/lib/avr6\libm.a(addsf3x.o) (__fp_nan)
c:/program files (x86)/atmel/studio/7.0/toolchain/avr8/avr8-gnu-toolchain/bin/../lib/gcc/avr/4.9.2/../../../../avr/lib/avr6\libm.a(fp_powser.o)
                              c:/program files (x86)/atmel/studio/7.0/toolchain/avr8/avr8-gnu-toolchain/bin/../lib/gcc/avr/4.9.2/../../../../avr/lib/avr6\libm.a(atan.o) (__fp_powser)
c:/program files (x86)/atmel/studio/7.0/toolchain/avr8/avr8-gnu-toolchain/bin/../lib/gcc/avr/4.9.2/../../../../avr/lib/avr6\libm.a(fp_pscA.o)
                              c:/program files (x86)/atmel/studio/7.0/toolchain/avr8/avr8-gnu-toolchain/bin/../lib/gcc/avr/4.9.2/../../../../avr/lib/avr6\libm.a(addsf3x.o) (__fp_pscA)
c:/program files (x86)/atmel/studio/7.0/toolchain/avr8/avr8-gnu-toolchain/bin/../lib/gcc/avr/4.9.2/../../../../avr/lib/avr6\libm.a(fp_pscB.o)
                              c:/program files (x86)/atmel/studio/7.0/toolchain/avr8/avr8-gnu-toolchain/bin/../lib/gcc/avr/4.9.2/../../../../avr/lib/avr6\libm.a(addsf3x.o) (__fp_pscB)
c:/program files (x86)/atmel/studio/7.0/toolchain/avr8/avr8-gnu-toolchain/bin/../lib/gcc/avr/4.9.2/../../../../avr/lib/avr6\libm.a(fp_rempio2.o)
                              c:/program files (x86)/atmel/studio/7.0/toolchain/avr8/avr8-gnu-toolchain/bin/../lib/gcc/avr/4.9.2/../../../../avr/lib/avr6\libm.a(cos.o) (__fp_rempio2)
c:/program files (x86)/atmel/studio/7.0/toolchain/avr8/avr8-gnu-toolchain/bin/../lib/gcc/avr/4.9.2/../../../../avr/lib/avr6\libm.a(fp_round.o)
[...]
Memory Configuration

Name             Origin             Length             Attributes
text             0x00000000         0x00100000         xr
data             0x00800200         0x0000fe00         rw !x
eeprom           0x00810000         0x00010000         rw !x
fuse             0x00820000         0x00000400         rw !x
lock             0x00830000         0x00000400         rw !x
signature        0x00840000         0x00000400         rw !x
user_signatures  0x00850000         0x00000400         rw !x
*default*        0x00000000         0xffffffff

Linker script and memory map

Address of section .data set to 0x800200
LOAD C:/Program Files (x86)/Atmel/Studio/7.0/Packs/atmel/ATmega_DFP/1.0.106/gcc/dev/atmega2560/avr6/crtatmega2560.o
LOAD Adafruit_GFX.o
LOAD Adafruit_SPITFT.o
LOAD Adafruit_SSD1306.o
LOAD ComwithGY25.o
LOAD ComwithMotor.o
LOAD ComwithPC.o
LOAD ComwithShot.o
LOAD Display.o
LOAD glcdfont.o
LOAD Kinematics.o
LOAD mMotor.o
LOAD Timer3.o
LOAD mPS2.o
LOAD Path.o
LOAD PS2X_lib.o
LOAD SecondDisplay.o
LOAD SensorBoard.o
LOAD Sketch.o
LOAD src/libraries/SPI/src/SPI.o
LOAD src/libraries/Wire/src/utility/twi.o
LOAD src/libraries/Wire/src/Wire.o
LOAD Timer1.o
START GROUP
LOAD c:/program files (x86)/atmel/studio/7.0/toolchain/avr8/avr8-gnu-toolchain/bin/../lib/gcc/avr/4.9.2/../../../../avr/lib/avr6\libm.a
LOAD I:\atmel studio\led2\ArduinoSketch42\ArduinoSketch42\ArduinoCore\Debug\libArduinoCore.a
END GROUP
LOAD c:/program files (x86)/atmel/studio/7.0/toolchain/avr8/avr8-gnu-toolchain/bin/../lib/gcc/avr/4.9.2/avr6\libgcc.a
LOAD c:/program files (x86)/atmel/studio/7.0/toolchain/avr8/avr8-gnu-toolchain/bin/../lib/gcc/avr/4.9.2/../../../../avr/lib/avr6\libm.a
START GROUP
LOAD c:/program files (x86)/atmel/studio/7.0/toolchain/avr8/avr8-gnu-toolchain/bin/../lib/gcc/avr/4.9.2/avr6\libgcc.a
LOAD c:/program files (x86)/atmel/studio/7.0/toolchain/avr8/avr8-gnu-toolchain/bin/../lib/gcc/avr/4.9.2/../../../../avr/lib/avr6\libm.a
LOAD c:/program files (x86)/atmel/studio/7.0/toolchain/avr8/avr8-gnu-toolchain/bin/../lib/gcc/avr/4.9.2/../../../../avr/lib/avr6\libc.a
LOAD C:/Program Files (x86)/Atmel/Studio/7.0/Packs/atmel/ATmega_DFP/1.0.106/gcc/dev/atmega2560/avr6\libatmega2560.a
END GROUP
                0x00100000                __TEXT_REGION_LENGTH__ = DEFINED (__TEXT_REGION_LENGTH__)?__TEXT_REGION_LENGTH__:0x100000
                0x0000fe00                __DATA_REGION_LENGTH__ = DEFINED (__DATA_REGION_LENGTH__)?__DATA_REGION_LENGTH__:0xfe00
                0x00010000                __EEPROM_REGION_LENGTH__ = DEFINED (__EEPROM_REGION_LENGTH__)?__EEPROM_REGION_LENGTH__:0x10000
                0x00000400                __FUSE_REGION_LENGTH__ = DEFINED (__FUSE_REGION_LENGTH__)?__FUSE_REGION_LENGTH__:0x400
                0x00000400                __LOCK_REGION_LENGTH__ = DEFINED (__LOCK_REGION_LENGTH__)?__LOCK_REGION_LENGTH__:0x400
                0x00000400                __SIGNATURE_REGION_LENGTH__ = DEFINED (__SIGNATURE_REGION_LENGTH__)?__SIGNATURE_REGION_LENGTH__:0x400
                0x00000400                __USER_SIGNATURE_REGION_LENGTH__ = DEFINED (__USER_SIGNATURE_REGION_LENGTH__)?__USER_SIGNATURE_REGION_LENGTH__:0x400

.hash
 *(.hash)

.dynsym
 *(.dynsym)

.dynstr
 *(.dynstr)

.gnu.version
 *(.gnu.version)

.gnu.version_d
 *(.gnu.version_d)

.gnu.version_r
 *(.gnu.version_r)

.rel.init
 *(.rel.init)

.rela.init
 *(.rela.init)

.rel.text
 *(.rel.text)
 *(.rel.text.*)
 *(.rel.gnu.linkonce.t*)

.rela.text
 *(.rela.text)
 *(.rela.text.*)
 *(.rela.gnu.linkonce.t*)

.rel.fini
 *(.rel.fini)

.rela.fini
 *(.rela.fini)

.rel.rodata
 *(.rel.rodata)
 *(.rel.rodata.*)
 *(.rel.gnu.linkonce.r*)

.rela.rodata
 *(.rela.rodata)
 *(.rela.rodata.*)
 *(.rela.gnu.linkonce.r*)

.rel.data
 *(.rel.data)
 *(.rel.data.*)
 *(.rel.gnu.linkonce.d*)

.rela.data
 *(.rela.data)
 *(.rela.data.*)
 *(.rela.gnu.linkonce.d*)

.rel.ctors
 *(.rel.ctors)

.rela.ctors
 *(.rela.ctors)

.rel.dtors
 *(.rel.dtors)

.rela.dtors
 *(.rela.dtors)

.rel.got
 *(.rel.got)

.rela.got
 *(.rela.got)

.rel.bss
 *(.rel.bss)

.rela.bss
 *(.rela.bss)

.rel.plt
 *(.rel.plt)

.rela.plt
 *(.rela.plt)

.text           0x00000000     0x80fe
 *(.vectors)
 .vectors       0x00000000       0xe4 C:/Program Files (x86)/Atmel/Studio/7.0/Packs/atmel/ATmega_DFP/1.0.106/gcc/dev/atmega2560/avr6/crtatmega2560.o
                0x00000000                __vector_default
                0x00000000                __vectors
 *(.vectors)
 *(.progmem.gcc*)
 .progmem.gcc_fplib
                0x000000e4       0x2d c:/program files (x86)/atmel/studio/7.0/toolchain/avr8/avr8-gnu-toolchain/bin/../lib/gcc/avr/4.9.2/../../../../avr/lib/avr6\libm.a(atan.o)
 .progmem.gcc_fplib
                0x00000111       0x1e c:/program files (x86)/atmel/studio/7.0/toolchain/avr8/avr8-gnu-toolchain/bin/../lib/gcc/avr/4.9.2/../../../../avr/lib/avr6\libm.a(fp_sinus.o)
 .progmem.gcc_fplib
                0x0000012f       0x28 c:/program files (x86)/atmel/studio/7.0/toolchain/avr8/avr8-gnu-toolchain/bin/../lib/gcc/avr/4.9.2/../../../../avr/lib/avr6\libm.a(exp.o)
 .progmem.gcc_fplib
                0x00000157       0x5a c:/program files (x86)/atmel/studio/7.0/toolchain/avr8/avr8-gnu-toolchain/bin/../lib/gcc/avr/4.9.2/../../../../avr/lib/avr6\libm.a(log.o)
 *fill*         0x000001b1        0x1 
 .progmem.gcc_sw_table.attachInterrupt
                0x000001b2        0xe I:\atmel studio\led2\ArduinoSketch42\ArduinoSketch42\ArduinoCore\Debug\libArduinoCore.a(WInterrupts.o)
 .progmem.gcc_sw_table.turnOffPWM
                0x000001c0       0x24 I:\atmel studio\led2\ArduinoSketch42\ArduinoSketch42\ArduinoCore\Debug\libArduinoCore.a(wiring_digital.o)
                0x000001e4                . = ALIGN (0x2)
                0x000001e4                __trampolines_start = .
 *(.trampolines)
 .trampolines   0x000001e4        0x0 linker stubs
 *(.trampolines*)
                0x000001e4                __trampolines_end = .
 *libprintf_flt.a:*(.progmem.data)
 *libc.a:*(.progmem.data)
 *(.progmem*)
 .progmem.data._ZL4font
                0x000001e4      0x500 Adafruit_GFX.o
 .progmem.data.digital_pin_to_timer_PGM
                0x000006e4       0x46 I:\atmel studio\led2\ArduinoSketch42\ArduinoSketch42\ArduinoCore\Debug\libArduinoCore.a(wiring_digital.o)
                0x000006e4                digital_pin_to_timer_PGM
 .progmem.data.digital_pin_to_bit_mask_PGM
                0x0000072a       0x46 I:\atmel studio\led2\ArduinoSketch42\ArduinoSketch42\ArduinoCore\Debug\libArduinoCore.a(wiring_digital.o)
                0x0000072a                digital_pin_to_bit_mask_PGM
 .progmem.data.digital_pin_to_port_PGM
                0x00000770       0x46 I:\atmel studio\led2\ArduinoSketch42\ArduinoSketch42\ArduinoCore\Debug\libArduinoCore.a(wiring_digital.o)
                0x00000770                digital_pin_to_port_PGM
 .progmem.data.port_to_input_PGM
                0x000007b6       0x1a I:\atmel studio\led2\ArduinoSketch42\ArduinoSketch42\ArduinoCore\Debug\libArduinoCore.a(wiring_digital.o)
                0x000007b6                port_to_input_PGM
 .progmem.data.port_to_output_PGM
                0x000007d0       0x1a I:\atmel studio\led2\ArduinoSketch42\ArduinoSketch42\ArduinoCore\Debug\libArduinoCore.a(wiring_digital.o)
                0x000007d0                port_to_output_PGM
 .progmem.data.port_to_mode_PGM
                0x000007ea       0x1a I:\atmel studio\led2\ArduinoSketch42\ArduinoSketch42\ArduinoCore\Debug\libArduinoCore.a(wiring_digital.o)
                0x000007ea                port_to_mode_PGM
                0x00000804                . = ALIGN (0x2)
 *(.jumptables)
 *(.jumptables*)
 *(.lowtext)
 *(.lowtext*)
                0x00000804                __ctors_start = .
 *(.ctors)
 .ctors         0x00000804        0x2 Display.o
 .ctors         0x00000806        0x2 Sketch.o
 .ctors         0x00000808        0x2 src/libraries/Wire/src/Wire.o
 .ctors         0x0000080a        0x2 I:\atmel studio\led2\ArduinoSketch42\ArduinoSketch42\ArduinoCore\Debug\libArduinoCore.a(HardwareSerial0.o)
 .ctors         0x0000080c        0x2 I:\atmel studio\led2\ArduinoSketch42\ArduinoSketch42\ArduinoCore\Debug\libArduinoCore.a(HardwareSerial2.o)
 .ctors         0x0000080e        0x2 I:\atmel studio\led2\ArduinoSketch42\ArduinoSketch42\ArduinoCore\Debug\libArduinoCore.a(HardwareSerial3.o)
                0x00000810                __ctors_end = .
                0x00000810                __dtors_start = .
 *(.dtors)
 .dtors         0x00000810        0x2 Sketch.o
                0x00000812                __dtors_end = .
 SORT(*)(.ctors)
 SORT(*)(.dtors)
 *(.init0)
 .init0         0x00000812        0x0 C:/Program Files (x86)/Atmel/Studio/7.0/Packs/atmel/ATmega_DFP/1.0.106/gcc/dev/atmega2560/avr6/crtatmega2560.o
                0x00000812                __init
 *(.init0)
 *(.init1)
 *(.init1)
 *(.init2)
 .init2         0x00000812       0x10 C:/Program Files (x86)/Atmel/Studio/7.0/Packs/atmel/ATmega_DFP/1.0.106/gcc/dev/atmega2560/avr6/crtatmega2560.o
 *(.init2)
 *(.init3)
 *(.init3)
 *(.init4)
 .init4         0x00000822       0x1a c:/program files (x86)/atmel/studio/7.0/toolchain/avr8/avr8-gnu-toolchain/bin/../lib/gcc/avr/4.9.2/avr6\libgcc.a(_copy_data.o)
                0x00000822                __do_copy_data
 .init4         0x0000083c       0x10 c:/program files (x86)/atmel/studio/7.0/toolchain/avr8/avr8-gnu-toolchain/bin/../lib/gcc/avr/4.9.2/avr6\libgcc.a(_clear_bss.o)
                0x0000083c                __do_clear_bss
 *(.init4)
 *(.init5)
 *(.init5)
 *(.init6)
 .init6         0x0000084c       0x20 c:/program files (x86)/atmel/studio/7.0/toolchain/avr8/avr8-gnu-toolchain/bin/../lib/gcc/avr/4.9.2/avr6\libgcc.a(_ctors.o)
                0x0000084c                __do_global_ctors
 *(.init6)
 *(.init7)
 *(.init7)
 *(.init8)
 *(.init8)
 *(.init9)
 .init9         0x0000086c        0x8 C:/Program Files (x86)/Atmel/Studio/7.0/Packs/atmel/ATmega_DFP/1.0.106/gcc/dev/atmega2560/avr6/crtatmega2560.o
 *(.init9)
 *(.text)
 .text          0x00000874        0x2 C:/Program Files (x86)/Atmel/Studio/7.0/Packs/atmel/ATmega_DFP/1.0.106/gcc/dev/atmega2560/avr6/crtatmega2560.o
                0x00000874                __vector_38
                0x00000874                __vector_22
                0x00000874                __vector_28
                0x00000874                __vector_34
                0x00000874                __vector_24
                0x00000874                __vector_12
                0x00000874                __vector_46
                0x00000874                __bad_interrupt
                0x00000874                __vector_31
                0x00000874                __vector_35
                0x00000874                __vector_30
                0x00000874                __vector_45
                0x00000874                __vector_11
                0x00000874                __vector_13
                0x00000874                __vector_19
                0x00000874                __vector_56
                0x00000874                __vector_49
                0x00000874                __vector_41
                0x00000874                __vector_43
                0x00000874                __vector_27
                0x00000874                __vector_33
                0x00000874                __vector_47
                0x00000874                __vector_37
                0x00000874                __vector_44
                0x00000874                __vector_9
                0x00000874                __vector_21
                0x00000874                __vector_15
                0x00000874                __vector_36
                0x00000874                __vector_29
                0x00000874                __vector_40
                0x00000874                __vector_48
                0x00000874                __vector_14
                0x00000874                __vector_53
                0x00000874                __vector_10
                0x00000874                __vector_50
                0x00000874                __vector_16
                0x00000874                __vector_18
                0x00000874                __vector_20
                0x00000874                __vector_42
                0x00000876                . = ALIGN (0x2)
 *(.text.*)
 .text._ZN5Print17availableForWriteEv
                0x00000876        0x6 Adafruit_GFX.o
                0x00000876                _ZN5Print17availableForWriteEv
 .text._ZN5Print5flushEv
                0x0000087c        0x2 Adafruit_GFX.o
                0x0000087c                _ZN5Print5flushEv
 .text._ZN12Adafruit_GFX9writeLineEiiiij
                0x0000087e      0x152 Adafruit_GFX.o
                0x0000087e                _ZN12Adafruit_GFX9writeLineEiiiij
 .text._ZN12Adafruit_GFX10startWriteEv
                0x000009d0        0x2 Adafruit_GFX.o
                0x000009d0                _ZN12Adafruit_GFX10startWriteEv
 .text._ZN12Adafruit_GFX10writePixelEiij
                0x000009d2        0xe Adafruit_GFX.o
                0x000009d2                _ZN12Adafruit_GFX10writePixelEiij
 .text._ZN12Adafruit_GFX14writeFastVLineEiiij
                0x000009e0       0x18 Adafruit_GFX.o
                0x000009e0                _ZN12Adafruit_GFX14writeFastVLineEiiij
 .text._ZN12Adafruit_GFX14writeFastHLineEiiij
                0x000009f8       0x18 Adafruit_GFX.o
                0x000009f8                _ZN12Adafruit_GFX14writeFastHLineEiiij
 .text._ZN12Adafruit_GFX13writeFillRectEiiiij
                0x00000a10       0x20 Adafruit_GFX.o
                0x00000a10                _ZN12Adafruit_GFX13writeFillRectEiiiij
 .text._ZN12Adafruit_GFX8endWriteEv
                0x00000a30        0x2 Adafruit_GFX.o
                0x00000a30                _ZN12Adafruit_GFX8endWriteEv
 .text._ZN12Adafruit_GFX13drawFastVLineEiiij
                0x00000a32       0x8a Adafruit_GFX.o
                0x00000a32                _ZN12Adafruit_GFX13drawFastVLineEiiij
 .text._ZN12Adafruit_GFX13drawFastHLineEiiij
                0x00000abc       0x88 Adafruit_GFX.o
                0x00000abc                _ZN12Adafruit_GFX13drawFastHLineEiiij
 .text._ZN12Adafruit_GFX8fillRectEiiiij
                0x00000b44       0xa2 Adafruit_GFX.o
                0x00000b44                _ZN12Adafruit_GFX8fillRectEiiiij
 .text._ZN12Adafruit_GFX10fillScreenEj
                0x00000be6       0x3c Adafruit_GFX.o
                0x00000be6                _ZN12Adafruit_GFX10fillScreenEj
 .text._ZN12Adafruit_GFX8drawLineEiiiij
                0x00000c22       0xec Adafruit_GFX.o
                0x00000c22                _ZN12Adafruit_GFX8drawLineEiiiij
 .text._ZN12Adafruit_GFX8drawRectEiiiij
                0x00000d0e       0xbe Adafruit_GFX.o
                0x00000d0e                _ZN12Adafruit_GFX8drawRectEiiiij
 .text._ZN12Adafruit_GFX13invertDisplayEb
                0x00000dcc        0x2 Adafruit_GFX.o
                0x00000dcc                _ZN12Adafruit_GFX13invertDisplayEb
 .text._ZN12Adafruit_GFX11setRotationEh
                0x00000dce       0x2a Adafruit_GFX.o
                0x00000dce                _ZN12Adafruit_GFX11setRotationEh
 .text._ZN12Adafruit_GFXC2Eii
                0x00000df8       0x42 Adafruit_GFX.o
                0x00000df8                _ZN12Adafruit_GFXC2Eii
                0x00000df8                _ZN12Adafruit_GFXC1Eii
 .text._ZN12Adafruit_GFX8drawCharEiihjjh
                0x00000e3a      0x42c Adafruit_GFX.o
                0x00000e3a                _ZN12Adafruit_GFX8drawCharEiihjjh
 .text._ZN12Adafruit_GFX5writeEh
                0x00001266      0x1a8 Adafruit_GFX.o
                0x00001266                _ZN12Adafruit_GFX5writeEh
 .text._ZN12Adafruit_GFX9setCursorEii
                0x0000140e        0xc Adafruit_GFX.o
                0x0000140e                _ZN12Adafruit_GFX9setCursorEii
 .text._ZN12Adafruit_GFX11setTextSizeEh
                0x0000141a        0xc Adafruit_GFX.o
                0x0000141a                _ZN12Adafruit_GFX11setTextSizeEh
 .text._ZN12Adafruit_GFX12setTextColorEj
                0x00001426        0xc Adafruit_GFX.o
                0x00001426                _ZN12Adafruit_GFX12setTextColorEj
 .text._ZNK12Adafruit_GFX11getRotationEv
                0x00001432        0x6 Adafruit_GFX.o
                0x00001432                _ZNK12Adafruit_GFX11getRotationEv
 .text._ZNK12Adafruit_GFX5widthEv
                0x00001438        0x8 Adafruit_GFX.o
                0x00001438                _ZNK12Adafruit_GFX5widthEv
 .text._ZNK12Adafruit_GFX6heightEv
                0x00001440        0x8 Adafruit_GFX.o
                0x00001440                _ZNK12Adafruit_GFX6heightEv
 .text._ZN16Adafruit_SSD130613drawFastHLineEiiij
                0x00001448      0x2b4 Adafruit_SSD1306.o
                0x00001448                _ZN16Adafruit_SSD130613drawFastHLineEiiij
 .text._ZN16Adafruit_SSD130613drawFastVLineEiiij
                0x000016fc      0x2b4 Adafruit_SSD1306.o
                0x000016fc                _ZN16Adafruit_SSD130613drawFastVLineEiiij
 .text._ZN16Adafruit_SSD13069drawPixelEiij
                0x000019b0      0x168 Adafruit_SSD1306.o
                0x000019b0                _ZN16Adafruit_SSD13069drawPixelEiij
 .text._ZN16Adafruit_SSD1306C2Ea
                0x00001b18       0x30 Adafruit_SSD1306.o
                0x00001b18                _ZN16Adafruit_SSD1306C2Ea
                0x00001b18                _ZN16Adafruit_SSD1306C1Ea
 .text._ZN16Adafruit_SSD130612clearDisplayEv
                0x00001b48       0x16 Adafruit_SSD1306.o
                0x00001b48                _ZN16Adafruit_SSD130612clearDisplayEv
 .text._ZN16Adafruit_SSD130612fastSPIwriteEh
                0x00001b5e       0x5a Adafruit_SSD1306.o
                0x00001b5e                _ZN16Adafruit_SSD130612fastSPIwriteEh
 .text._ZN16Adafruit_SSD130615ssd1306_commandEh
                0x00001bb8       0x82 Adafruit_SSD1306.o
                0x00001bb8                _ZN16Adafruit_SSD130615ssd1306_commandEh
 .text._ZN16Adafruit_SSD13065beginEhhb
                0x00001c3a      0x236 Adafruit_SSD1306.o
                0x00001c3a                _ZN16Adafruit_SSD13065beginEhhb
 .text._ZN16Adafruit_SSD13067displayEv
                0x00001e70       0xf4 Adafruit_SSD1306.o
                0x00001e70                _ZN16Adafruit_SSD13067displayEv
 .text._ZN14HardwareSerial5writeEi
                0x00001f64        0xe ComwithGY25.o
                0x00001f64                _ZN14HardwareSerial5writeEi
 .text._ZN11ComwithGY25C2Ev
                0x00001f72        0x8 ComwithGY25.o
                0x00001f72                _ZN11ComwithGY25C2Ev
                0x00001f72                _ZN11ComwithGY25C1Ev
 .text._ZN11ComwithGY2510singleModeEv
                0x00001f7a       0x14 ComwithGY25.o
                0x00001f7a                _ZN11ComwithGY2510singleModeEv
 .text._ZN11ComwithGY2510correctYawEv
                0x00001f8e       0x14 ComwithGY25.o
                0x00001f8e                _ZN11ComwithGY2510correctYawEv
 .text._ZN11ComwithGY255beginEv
                0x00001fa2       0x40 ComwithGY25.o
                0x00001fa2                _ZN11ComwithGY255beginEv
 .text._ZN11ComwithGY257refreshEv
                0x00001fe2       0xf6 ComwithGY25.o
                0x00001fe2                _ZN11ComwithGY257refreshEv
 .text._ZN12ComwithMotorC2Ev
                0x000020d8       0x4e ComwithMotor.o
                0x000020d8                _ZN12ComwithMotorC1Ev
                0x000020d8                _ZN12ComwithMotorC2Ev
 .text._ZN12ComwithMotor7SendAtoENS_5MotorEi
                0x00002126       0x36 ComwithMotor.o
                0x00002126                _ZN12ComwithMotor7SendAtoENS_5MotorEi
 .text._ZN12ComwithMotor10SendAtoALLEiiii
                0x0000215c       0x44 ComwithMotor.o
                0x0000215c                _ZN12ComwithMotor10SendAtoALLEiiii
 .text._ZN12ComwithMotor7SendKtoENS_5MotorEddd
                0x000021a0       0xc6 ComwithMotor.o
                0x000021a0                _ZN12ComwithMotor7SendKtoENS_5MotorEddd
 .text._ZN12ComwithMotor10SendKtoALLEddd
                0x00002266       0xa2 ComwithMotor.o
                0x00002266                _ZN12ComwithMotor10SendKtoALLEddd
 .text._ZN12ComwithMotor9ReadBfromENS_5MotorE
                0x00002308       0x46 ComwithMotor.o
                0x00002308                _ZN12ComwithMotor9ReadBfromENS_5MotorE
 .text._ZN12ComwithMotor5beginEv
                0x0000234e       0xf0 ComwithMotor.o
                0x0000234e                _ZN12ComwithMotor5beginEv
 .text._ZN9ComwithPCC2Ev
                0x0000243e        0x2 ComwithPC.o
                0x0000243e                _ZN9ComwithPCC2Ev
                0x0000243e                _ZN9ComwithPCC1Ev
 .text._ZN9ComwithPC5beginEm
                0x00002440       0x16 ComwithPC.o
                0x00002440                _ZN9ComwithPC5beginEm
 .text._ZN9ComwithPC7tellXYPEddd
                0x00002456       0xcc ComwithPC.o
                0x00002456                _ZN9ComwithPC7tellXYPEddd
 .text._ZN11ComwithShotC2Ev
                0x00002522        0xe ComwithShot.o
                0x00002522                _ZN11ComwithShotC2Ev
                0x00002522                _ZN11ComwithShotC1Ev
 .text._ZN7DisplayC2Ev
                0x00002530       0x90 Display.o
                0x00002530                _ZN7DisplayC2Ev
                0x00002530                _ZN7DisplayC1Ev
 .text._ZN7Display5beginEv
                0x000025c0       0x24 Display.o
                0x000025c0                _ZN7Display5beginEv
 .text._ZN7Display7refreshEiiiiddd6Stringddd
                0x000025e4      0x2fa Display.o
                0x000025e4                _ZN7Display7refreshEiiiiddd6Stringddd
 .text.startup._GLOBAL__sub_I_display
                0x000028de        0x8 Display.o
 .text._ZN10KinematicsC2Eiffi
                0x000028e6       0x9a Kinematics.o
                0x000028e6                _ZN10KinematicsC1Eiffi
                0x000028e6                _ZN10KinematicsC2Eiffi
 .text._ZN10Kinematics6getRPMEfff
                0x00002980      0x1ea Kinematics.o
                0x00002980                _ZN10Kinematics6getRPMEfff
 .text._ZN10Kinematics8rpmToPWMEi
                0x00002b6a       0x5a Kinematics.o
                0x00002b6a                _ZN10Kinematics8rpmToPWMEi
 .text._ZN10Kinematics6getPWMEfff
                0x00002bc4      0x256 Kinematics.o
                0x00002bc4                _ZN10Kinematics6getPWMEfff
 .text._ZN6mMotorC2Ev
                0x00002e1a       0x28 mMotor.o
                0x00002e1a                _ZN6mMotorC1Ev
                0x00002e1a                _ZN6mMotorC2Ev
 .text._ZL7nothingv
                0x00002e42        0x2 Timer3.o
 .text._ZN6Timer3C2Ev
                0x00002e44       0x2a Timer3.o
                0x00002e44                _ZN6Timer3C2Ev
                0x00002e44                _ZN6Timer3C1Ev
 .text._ZN6Timer3D2Ev
                0x00002e6e        0x4 Timer3.o
                0x00002e6e                _ZN6Timer3D2Ev
                0x00002e6e                _ZN6Timer3D1Ev
 .text.__vector_32
                0x00002e72       0x56 Timer3.o
                0x00002e72                __vector_32
 .text._ZN4mPS2C2Ev
                0x00002ec8       0x46 mPS2.o
                0x00002ec8                _ZN4mPS2C2Ev
                0x00002ec8                _ZN4mPS2C1Ev
 .text._ZN4mPS25beginEv
                0x00002f0e      0x11a mPS2.o
                0x00002f0e                _ZN4mPS25beginEv
 .text._ZN4mPS27refreshEv
                0x00003028      0x2fe mPS2.o
                0x00003028                _ZN4mPS27refreshEv
 .text._ZN4PathC2Ev
                0x00003326      0x12e Path.o
                0x00003326                _ZN4PathC2Ev
                0x00003326                _ZN4PathC1Ev
 .text._ZN4Path12CcltAngleSubEdd
                0x00003454       0x7a Path.o
                0x00003454                _ZN4Path12CcltAngleSubEdd
 .text._ZN4Path9gotoPointEddddd
                0x000034ce      0x5d6 Path.o
                0x000034ce                _ZN4Path9gotoPointEddddd
 .text._ZN4Path9rotatetoPEdd
                0x00003aa4      0x2ce Path.o
                0x00003aa4                _ZN4Path9rotatetoPEdd
 .text._ZN4PS2X14NewButtonStateEv
                0x00003d72       0x16 PS2X_lib.o
                0x00003d72                _ZN4PS2X14NewButtonStateEv
 .text._ZN4PS2X14NewButtonStateEj
                0x00003d88       0x1c PS2X_lib.o
                0x00003d88                _ZN4PS2X14NewButtonStateEj
 .text._ZN4PS2X13ButtonPressedEj
                0x00003da4       0x38 PS2X_lib.o
                0x00003da4                _ZN4PS2X13ButtonPressedEj
 .text._ZN4PS2X14ButtonReleasedEj
                0x00003ddc       0x38 PS2X_lib.o
                0x00003ddc                _ZN4PS2X14ButtonReleasedEj
 .text._ZN4PS2X6ButtonEj
                0x00003e14       0x18 PS2X_lib.o
                0x00003e14                _ZN4PS2X6ButtonEj
 .text._ZN4PS2X6AnalogEh
                0x00003e2c        0xa PS2X_lib.o
                0x00003e2c                _ZN4PS2X6AnalogEh
 .text._ZN4PS2X8readTypeEv
                0x00003e36       0x20 PS2X_lib.o
                0x00003e36                _ZN4PS2X8readTypeEv
 .text._ZN4PS2X7CLK_SETEv
                0x00003e56       0x1c PS2X_lib.o
                0x00003e56                _ZN4PS2X7CLK_SETEv
 .text._ZN4PS2X7CMD_SETEv
                0x00003e72       0x1c PS2X_lib.o
                0x00003e72                _ZN4PS2X7CMD_SETEv
 .text._ZN4PS2X19_gamepad_shiftinoutEc
                0x00003e8e       0xce PS2X_lib.o
                0x00003e8e                _ZN4PS2X19_gamepad_shiftinoutEc
 .text._ZN4PS2X7ATT_SETEv
                0x00003f5c       0x1c PS2X_lib.o
                0x00003f5c                _ZN4PS2X7ATT_SETEv
 .text._ZN4PS2X7ATT_CLREv
                0x00003f78       0x1e PS2X_lib.o
                0x00003f78                _ZN4PS2X7ATT_CLREv
 .text._ZN4PS2X17sendCommandStringEPhh
                0x00003f96       0x54 PS2X_lib.o
                0x00003f96                _ZN4PS2X17sendCommandStringEPhh
 .text._ZN4PS2X16reconfig_gamepadEv
                0x00003fea       0x46 PS2X_lib.o
                0x00003fea                _ZN4PS2X16reconfig_gamepadEv
 .text._ZN4PS2X12read_gamepadEbh
                0x00004030      0x1fc PS2X_lib.o
                0x00004030                _ZN4PS2X12read_gamepadEbh
 .text._ZN4PS2X12read_gamepadEv
                0x0000422c        0x6 PS2X_lib.o
                0x0000422c                _ZN4PS2X12read_gamepadEv
 .text._ZN4PS2X14config_gamepadEhhhhbb
                0x00004232      0x236 PS2X_lib.o
                0x00004232                _ZN4PS2X14config_gamepadEhhhhbb
 .text._ZN11SensorBoardC2Ev
                0x00004468       0x8a SensorBoard.o
                0x00004468                _ZN11SensorBoardC1Ev
                0x00004468                _ZN11SensorBoardC2Ev
 .text._ZN11SensorBoard7refreshEv
                0x000044f2        0x2 SensorBoard.o
                0x000044f2                _ZN11SensorBoard7refreshEv
 .text._Z11POS_refreshv
                0x000044f4      0x3a8 Sketch.o
                0x000044f4                _Z11POS_refreshv
 .text._Z6blinkXv
                0x0000489c       0x3e Sketch.o
                0x0000489c                _Z6blinkXv
 .text._Z6blinkYv
                0x000048da       0x3e Sketch.o
                0x000048da                _Z6blinkYv
 .text._Z6blinkPv
                0x00004918       0x3e Sketch.o
                0x00004918                _Z6blinkPv
 .text._Z9POS_beginv
                0x00004956       0x5a Sketch.o
                0x00004956                _Z9POS_beginv
 .text._Z14read_DeFenBallv
                0x000049b0       0x18 Sketch.o
                0x000049b0                _Z14read_DeFenBallv
 .text.setup    0x000049c8       0xca Sketch.o
                0x000049c8                setup
 .text._Z12serialEvent3v
                0x00004a92        0x8 Sketch.o
                0x00004a92                _Z12serialEvent3v
 .text.startup._GLOBAL__sub_I_x
                0x00004a9a       0xb0 Sketch.o
 .text.exit._GLOBAL__sub_D_x
                0x00004b4a       0x20 Sketch.o
 .text._Z12askforFenQiuv
                0x00004b6a       0x48 Sketch.o
                0x00004b6a                _Z12askforFenQiuv
 .text._Z12receiveEventi
                0x00004bb2       0x14 Sketch.o
                0x00004bb2                _Z12receiveEventi
 .text._Z8toFenQiuv
                0x00004bc6       0x1c Sketch.o
                0x00004bc6                _Z8toFenQiuv
 .text.loop     0x00004be2      0x848 Sketch.o
                0x00004be2                loop
 .text._ZN8SPIClass5beginEv
                0x0000542a       0x6c src/libraries/SPI/src/SPI.o
                0x0000542a                _ZN8SPIClass5beginEv
 .text.twi_init
                0x00005496       0x3c src/libraries/Wire/src/utility/twi.o
                0x00005496                twi_init
 .text.twi_setAddress
                0x000054d2        0x8 src/libraries/Wire/src/utility/twi.o
                0x000054d2                twi_setAddress
 .text.twi_readFrom
                0x000054da       0x90 src/libraries/Wire/src/utility/twi.o
                0x000054da                twi_readFrom
 .text.twi_writeTo
                0x0000556a       0xac src/libraries/Wire/src/utility/twi.o
                0x0000556a                twi_writeTo
 .text.twi_transmit
                0x00005616       0x50 src/libraries/Wire/src/utility/twi.o
                0x00005616                twi_transmit
 .text.twi_attachSlaveRxEvent
                0x00005666        0xa src/libraries/Wire/src/utility/twi.o
                0x00005666                twi_attachSlaveRxEvent
 .text.twi_attachSlaveTxEvent
                0x00005670        0xa src/libraries/Wire/src/utility/twi.o
                0x00005670                twi_attachSlaveTxEvent
 .text.twi_stop
                0x0000567a       0x14 src/libraries/Wire/src/utility/twi.o
                0x0000567a                twi_stop
 .text.twi_releaseBus
                0x0000568e        0xc src/libraries/Wire/src/utility/twi.o
                0x0000568e                twi_releaseBus
 .text.__vector_39
                0x0000569a      0x25c src/libraries/Wire/src/utility/twi.o
                0x0000569a                __vector_39
 .text._ZN7TwoWire9availableEv
                0x000058f6       0x10 src/libraries/Wire/src/Wire.o
                0x000058f6                _ZN7TwoWire9availableEv
 .text._ZN7TwoWire4readEv
                0x00005906       0x28 src/libraries/Wire/src/Wire.o
                0x00005906                _ZN7TwoWire4readEv
 .text._ZN7TwoWire4peekEv
                0x0000592e       0x1e src/libraries/Wire/src/Wire.o
                0x0000592e                _ZN7TwoWire4peekEv
 .text._ZN7TwoWire5flushEv
                0x0000594c        0x2 src/libraries/Wire/src/Wire.o
                0x0000594c                _ZN7TwoWire5flushEv
 .text._ZN7TwoWire16onReceiveServiceEPhi
                0x0000594e       0x48 src/libraries/Wire/src/Wire.o
                0x0000594e                _ZN7TwoWire16onReceiveServiceEPhi
 .text._ZN7TwoWire16onRequestServiceEv
                0x00005996       0x18 src/libraries/Wire/src/Wire.o
                0x00005996                _ZN7TwoWire16onRequestServiceEv
 .text._ZN7TwoWire5writeEPKhj
                0x000059ae       0x5e src/libraries/Wire/src/Wire.o
                0x000059ae                _ZN7TwoWire5writeEPKhj
 .text._ZN7TwoWire5writeEh
                0x00005a0c       0x5c src/libraries/Wire/src/Wire.o
                0x00005a0c                _ZN7TwoWire5writeEh
 .text._ZN7TwoWireC2Ev
                0x00005a68       0x20 src/libraries/Wire/src/Wire.o
                0x00005a68                _ZN7TwoWireC1Ev
                0x00005a68                _ZN7TwoWireC2Ev
 .text._ZN7TwoWire5beginEv
                0x00005a88       0x12 src/libraries/Wire/src/Wire.o
                0x00005a88                _ZN7TwoWire5beginEv
 .text._ZN7TwoWire5beginEh
                0x00005a9a       0x1e src/libraries/Wire/src/Wire.o
                0x00005a9a                _ZN7TwoWire5beginEh
 .text._ZN7TwoWire5beginEi
                0x00005ab8        0x2 src/libraries/Wire/src/Wire.o
                0x00005ab8                _ZN7TwoWire5beginEi
 .text._ZN7TwoWire17beginTransmissionEh
                0x00005aba       0x14 src/libraries/Wire/src/Wire.o
                0x00005aba                _ZN7TwoWire17beginTransmissionEh
 .text._ZN7TwoWire17beginTransmissionEi
                0x00005ace        0x2 src/libraries/Wire/src/Wire.o
                0x00005ace                _ZN7TwoWire17beginTransmissionEi
 .text._ZN7TwoWire15endTransmissionEh
                0x00005ad0       0x24 src/libraries/Wire/src/Wire.o
                0x00005ad0                _ZN7TwoWire15endTransmissionEh
 .text._ZN7TwoWire11requestFromEhhmhh
                0x00005af4       0xa2 src/libraries/Wire/src/Wire.o
                0x00005af4                _ZN7TwoWire11requestFromEhhmhh
 .text._ZN7TwoWire11requestFromEhhh
                0x00005b96       0x1e src/libraries/Wire/src/Wire.o
                0x00005b96                _ZN7TwoWire11requestFromEhhh
 .text._ZN7TwoWire11requestFromEii
                0x00005bb4        0x4 src/libraries/Wire/src/Wire.o
                0x00005bb4                _ZN7TwoWire11requestFromEii
 .text._ZN7TwoWire15endTransmissionEv
                0x00005bb8        0x4 src/libraries/Wire/src/Wire.o
                0x00005bb8                _ZN7TwoWire15endTransmissionEv
 .text._ZN7TwoWire9onReceiveEPFviE
                0x00005bbc        0xa src/libraries/Wire/src/Wire.o
                0x00005bbc                _ZN7TwoWire9onReceiveEPFviE
 .text.startup._GLOBAL__sub_I__ZN7TwoWire8rxBufferE
                0x00005bc6        0x6 src/libraries/Wire/src/Wire.o
 .text._ZL7nothingv
                0x00005bcc        0x2 Timer1.o
 .text._ZN6Timer116select_prescalerEi
                0x00005bce       0xc8 Timer1.o
                0x00005bce                _ZN6Timer116select_prescalerEi
 .text._ZN6Timer1C2Ev
                0x00005c96       0x2a Timer1.o
                0x00005c96                _ZN6Timer1C1Ev
                0x00005c96                _ZN6Timer1C2Ev
 .text._ZN6Timer17setModeE6Stringi
                0x00005cc0       0xde Timer1.o
                0x00005cc0                _ZN6Timer17setModeE6Stringi
 .text._ZN6Timer115attachInterruptEPFvvE
                0x00005d9e        0xa Timer1.o
                0x00005d9e                _ZN6Timer115attachInterruptEPFvvE
 .text._ZN6Timer1D2Ev
                0x00005da8        0x4 Timer1.o
                0x00005da8                _ZN6Timer1D1Ev
                0x00005da8                _ZN6Timer1D2Ev
 .text.__vector_17
                0x00005dac       0x56 Timer1.o
                0x00005dac                __vector_17
 .text.avr-libc.fplib
                0x00005e02        0xa c:/program files (x86)/atmel/studio/7.0/toolchain/avr8/avr8-gnu-toolchain/bin/../lib/gcc/avr/4.9.2/../../../../avr/lib/avr6\libm.a(addsf3.o)
                0x00005e02                __subsf3
                0x00005e04                __addsf3
 .text.avr-libc.fplib
                0x00005e0c       0xc0 c:/program files (x86)/atmel/studio/7.0/toolchain/avr8/avr8-gnu-toolchain/bin/../lib/gcc/avr/4.9.2/../../../../avr/lib/avr6\libm.a(addsf3x.o)
                0x00005e26                __addsf3x
 .text.avr-libc.fplib
                0x00005ecc       0x74 c:/program files (x86)/atmel/studio/7.0/toolchain/avr8/avr8-gnu-toolchain/bin/../lib/gcc/avr/4.9.2/../../../../avr/lib/avr6\libm.a(atan2.o)
                0x00005eea                atan2
 .text.avr-libc.fplib
                0x00005f40       0x50 c:/program files (x86)/atmel/studio/7.0/toolchain/avr8/avr8-gnu-toolchain/bin/../lib/gcc/avr/4.9.2/../../../../avr/lib/avr6\libm.a(atan.o)
                0x00005f40                atan
 .text.avr-libc.fplib
                0x00005f90        0x8 c:/program files (x86)/atmel/studio/7.0/toolchain/avr8/avr8-gnu-toolchain/bin/../lib/gcc/avr/4.9.2/../../../../avr/lib/avr6\libm.a(cmpsf2.o)
                0x00005f90                __nesf2
                0x00005f90                __eqsf2
                0x00005f90                __cmpsf2
                0x00005f90                __ltsf2
                0x00005f90                __lesf2
 .text.avr-libc.fplib
                0x00005f98        0x6 c:/program files (x86)/atmel/studio/7.0/toolchain/avr8/avr8-gnu-toolchain/bin/../lib/gcc/avr/4.9.2/../../../../avr/lib/avr6\libm.a(cos.o)
                0x00005f98                cos
 .text.avr-libc.fplib
                0x00005f9e        0x4 c:/program files (x86)/atmel/studio/7.0/toolchain/avr8/avr8-gnu-toolchain/bin/../lib/gcc/avr/4.9.2/../../../../avr/lib/avr6\libm.a(divsf3.o)
                0x00005f9e                __divsf3
 .text.avr-libc.fplib
                0x00005fa2       0xcc c:/program files (x86)/atmel/studio/7.0/toolchain/avr8/avr8-gnu-toolchain/bin/../lib/gcc/avr/4.9.2/../../../../avr/lib/avr6\libm.a(divsf3x.o)
                0x00005fb8                __divsf3x
                0x00005fbc                __divsf3_pse
 .text.avr-libc.fplib
                0x0000606e        0xa c:/program files (x86)/atmel/studio/7.0/toolchain/avr8/avr8-gnu-toolchain/bin/../lib/gcc/avr/4.9.2/../../../../avr/lib/avr6\libm.a(fixsfsi.o)
                0x0000606e                __fixsfsi
 .text.avr-libc.fplib
                0x00006078       0x58 c:/program files (x86)/atmel/studio/7.0/toolchain/avr8/avr8-gnu-toolchain/bin/../lib/gcc/avr/4.9.2/../../../../avr/lib/avr6\libm.a(fixunssfsi.o)
                0x00006078                __fixunssfsi
 .text.avr-libc.fplib
                0x000060d0       0x7a c:/program files (x86)/atmel/studio/7.0/toolchain/avr8/avr8-gnu-toolchain/bin/../lib/gcc/avr/4.9.2/../../../../avr/lib/avr6\libm.a(floatsisf.o)
                0x000060d0                __floatunsisf
                0x000060d4                __floatsisf
 .text.avr-libc.fplib
                0x0000614a       0x48 c:/program files (x86)/atmel/studio/7.0/toolchain/avr8/avr8-gnu-toolchain/bin/../lib/gcc/avr/4.9.2/../../../../avr/lib/avr6\libm.a(fp_cmp.o)
                0x0000614a                __fp_cmp
 .text.avr-libc.fplib
                0x00006192        0xc c:/program files (x86)/atmel/studio/7.0/toolchain/avr8/avr8-gnu-toolchain/bin/../lib/gcc/avr/4.9.2/../../../../avr/lib/avr6\libm.a(fp_inf.o)
                0x00006192                __fp_inf
 .text.avr-libc.fplib
                0x0000619e        0x6 c:/program files (x86)/atmel/studio/7.0/toolchain/avr8/avr8-gnu-toolchain/bin/../lib/gcc/avr/4.9.2/../../../../avr/lib/avr6\libm.a(fp_nan.o)
                0x0000619e                __fp_nan
 .text.avr-libc.fplib
                0x000061a4       0x4a c:/program files (x86)/atmel/studio/7.0/toolchain/avr8/avr8-gnu-toolchain/bin/../lib/gcc/avr/4.9.2/../../../../avr/lib/avr6\libm.a(fp_powser.o)
                0x000061a4                __fp_powser
 .text.avr-libc.fplib
                0x000061ee        0xe c:/program files (x86)/atmel/studio/7.0/toolchain/avr8/avr8-gnu-toolchain/bin/../lib/gcc/avr/4.9.2/../../../../avr/lib/avr6\libm.a(fp_pscA.o)
                0x000061ee                __fp_pscA
 .text.avr-libc.fplib
                0x000061fc        0xe c:/program files (x86)/atmel/studio/7.0/toolchain/avr8/avr8-gnu-toolchain/bin/../lib/gcc/avr/4.9.2/../../../../avr/lib/avr6\libm.a(fp_pscB.o)
                0x000061fc                __fp_pscB
 .text.avr-libc.fplib
                0x0000620a       0x50 c:/program files (x86)/atmel/studio/7.0/toolchain/avr8/avr8-gnu-toolchain/bin/../lib/gcc/avr/4.9.2/../../../../avr/lib/avr6\libm.a(fp_rempio2.o)
                0x0000620c                __fp_rempio2
 .text.avr-libc.fplib
                0x0000625a       0x22 c:/program files (x86)/atmel/studio/7.0/toolchain/avr8/avr8-gnu-toolchain/bin/../lib/gcc/avr/4.9.2/../../../../avr/lib/avr6\libm.a(fp_round.o)
                0x0000625a                __fp_round
 .text.avr-libc.fplib
                0x0000627c       0x22 c:/program files (x86)/atmel/studio/7.0/toolchain/avr8/avr8-gnu-toolchain/bin/../lib/gcc/avr/4.9.2/../../../../avr/lib/avr6\libm.a(fp_sinus.o)
                0x0000627c                __fp_sinus
 .text.avr-libc.fplib
                0x0000629e       0x44 c:/program files (x86)/atmel/studio/7.0/toolchain/avr8/avr8-gnu-toolchain/bin/../lib/gcc/avr/4.9.2/../../../../avr/lib/avr6\libm.a(fp_split3.o)
                0x0000629e                __fp_split3
                0x000062ae                __fp_splitA
 .text.avr-libc.fplib
                0x000062e2        0xe c:/program files (x86)/atmel/studio/7.0/toolchain/avr8/avr8-gnu-toolchain/bin/../lib/gcc/avr/4.9.2/../../../../avr/lib/avr6\libm.a(fp_zero.o)
                0x000062e2                __fp_zero
                0x000062e4                __fp_szero
 .text.avr-libc.fplib
                0x000062f0        0x8 c:/program files (x86)/atmel/studio/7.0/toolchain/avr8/avr8-gnu-toolchain/bin/../lib/gcc/avr/4.9.2/../../../../avr/lib/avr6\libm.a(gesf2.o)
                0x000062f0                __gesf2
                0x000062f0                __gtsf2
 .text.avr-libc.fplib
                0x000062f8        0xe c:/program files (x86)/atmel/studio/7.0/toolchain/avr8/avr8-gnu-toolchain/bin/../lib/gcc/avr/4.9.2/../../../../avr/lib/avr6\libm.a(inverse.o)
                0x000062f8                inverse
 .text.avr-libc.fplib
                0x00006306        0x4 c:/program files (x86)/atmel/studio/7.0/toolchain/avr8/avr8-gnu-toolchain/bin/../lib/gcc/avr/4.9.2/../../../../avr/lib/avr6\libm.a(mulsf3.o)
                0x00006306                __mulsf3
 .text.avr-libc.fplib
                0x0000630a       0xc2 c:/program files (x86)/atmel/studio/7.0/toolchain/avr8/avr8-gnu-toolchain/bin/../lib/gcc/avr/4.9.2/../../../../avr/lib/avr6\libm.a(mulsf3x.o)
                0x0000631e                __mulsf3x
                0x00006322                __mulsf3_pse
 .text.avr-libc.fplib
                0x000063cc       0x98 c:/program files (x86)/atmel/studio/7.0/toolchain/avr8/avr8-gnu-toolchain/bin/../lib/gcc/avr/4.9.2/../../../../avr/lib/avr6\libm.a(pow.o)
                0x000063cc                pow
 .text.avr-libc.fplib
                0x00006464        0xc c:/program files (x86)/atmel/studio/7.0/toolchain/avr8/avr8-gnu-toolchain/bin/../lib/gcc/avr/4.9.2/../../../../avr/lib/avr6\libm.a(sin.o)
                0x00006464                sin
 .text.avr-libc.fplib
                0x00006470       0x84 c:/program files (x86)/atmel/studio/7.0/toolchain/avr8/avr8-gnu-toolchain/bin/../lib/gcc/avr/4.9.2/../../../../avr/lib/avr6\libm.a(sqrt.o)
                0x00006478                sqrtf
                0x00006478                sqrt
 .text.avr-libc.fplib
                0x000064f4        0x6 c:/program files (x86)/atmel/studio/7.0/toolchain/avr8/avr8-gnu-toolchain/bin/../lib/gcc/avr/4.9.2/../../../../avr/lib/avr6\libm.a(square.o)
                0x000064f4                square
 .text.avr-libc.fplib
                0x000064fa       0x62 c:/program files (x86)/atmel/studio/7.0/toolchain/avr8/avr8-gnu-toolchain/bin/../lib/gcc/avr/4.9.2/../../../../avr/lib/avr6\libm.a(exp.o)
                0x00006504                exp
 .text.avr-libc.fplib
                0x0000655c       0x1c c:/program files (x86)/atmel/studio/7.0/toolchain/avr8/avr8-gnu-toolchain/bin/../lib/gcc/avr/4.9.2/../../../../avr/lib/avr6\libm.a(fp_mpack.o)
                0x0000655c                __fp_mpack
                0x00006560                __fp_mpack_finite
 .text.avr-libc.fplib
                0x00006578        0xe c:/program files (x86)/atmel/studio/7.0/toolchain/avr8/avr8-gnu-toolchain/bin/../lib/gcc/avr/4.9.2/../../../../avr/lib/avr6\libm.a(fp_norm2.o)
                0x00006578                __fp_norm2
 .text.avr-libc.fplib
                0x00006586       0x22 c:/program files (x86)/atmel/studio/7.0/toolchain/avr8/avr8-gnu-toolchain/bin/../lib/gcc/avr/4.9.2/../../../../avr/lib/avr6\libm.a(fp_powsodd.o)
                0x00006586                __fp_powsodd
 .text.avr-libc.fplib
                0x000065a8       0x6c c:/program files (x86)/atmel/studio/7.0/toolchain/avr8/avr8-gnu-toolchain/bin/../lib/gcc/avr/4.9.2/../../../../avr/lib/avr6\libm.a(ldexp.o)
                0x000065ac                ldexp
 .text.avr-libc.fplib
                0x00006614       0x8a c:/program files (x86)/atmel/studio/7.0/toolchain/avr8/avr8-gnu-toolchain/bin/../lib/gcc/avr/4.9.2/../../../../avr/lib/avr6\libm.a(log.o)
                0x0000661e                log
 .text.avr-libc.fplib
                0x0000669e       0x66 c:/program files (x86)/atmel/studio/7.0/toolchain/avr8/avr8-gnu-toolchain/bin/../lib/gcc/avr/4.9.2/../../../../avr/lib/avr6\libm.a(modf.o)
                0x0000669e                modf
                0x0000669e                modff
 .text.__cxa_pure_virtual
                0x00006704        0x4 I:\atmel studio\led2\ArduinoSketch42\ArduinoSketch42\ArduinoCore\Debug\libArduinoCore.a(abi.o)
                0x00006704                __cxa_pure_virtual
 .text._ZN14HardwareSerial9availableEv
                0x00006708       0x18 I:\atmel studio\led2\ArduinoSketch42\ArduinoSketch42\ArduinoCore\Debug\libArduinoCore.a(HardwareSerial.o)
                0x00006708                _ZN14HardwareSerial9availableEv
 .text._ZN14HardwareSerial4peekEv
                0x00006720       0x1c I:\atmel studio\led2\ArduinoSketch42\ArduinoSketch42\ArduinoCore\Debug\libArduinoCore.a(HardwareSerial.o)
                0x00006720                _ZN14HardwareSerial4peekEv
 .text._ZN14HardwareSerial4readEv
                0x0000673c       0x28 I:\atmel studio\led2\ArduinoSketch42\ArduinoSketch42\ArduinoCore\Debug\libArduinoCore.a(HardwareSerial.o)
                0x0000673c                _ZN14HardwareSerial4readEv
 .text._ZN14HardwareSerial17availableForWriteEv
                0x00006764       0x1e I:\atmel studio\led2\ArduinoSketch42\ArduinoSketch42\ArduinoCore\Debug\libArduinoCore.a(HardwareSerial.o)
                0x00006764                _ZN14HardwareSerial17availableForWriteEv
 .text._Z14serialEventRunv
                0x00006782       0x74 I:\atmel studio\led2\ArduinoSketch42\ArduinoSketch42\ArduinoCore\Debug\libArduinoCore.a(HardwareSerial.o)
                0x00006782                _Z14serialEventRunv
 .text._ZN14HardwareSerial17_tx_udr_empty_irqEv
                0x000067f6       0x42 I:\atmel studio\led2\ArduinoSketch42\ArduinoSketch42\ArduinoCore\Debug\libArduinoCore.a(HardwareSerial.o)
                0x000067f6                _ZN14HardwareSerial17_tx_udr_empty_irqEv
 .text._ZN14HardwareSerial5flushEv
                0x00006838       0x42 I:\atmel studio\led2\ArduinoSketch42\ArduinoSketch42\ArduinoCore\Debug\libArduinoCore.a(HardwareSerial.o)
                0x00006838                _ZN14HardwareSerial5flushEv
 .text._ZN14HardwareSerial5writeEh
                0x0000687a       0x8c I:\atmel studio\led2\ArduinoSketch42\ArduinoSketch42\ArduinoCore\Debug\libArduinoCore.a(HardwareSerial.o)
                0x0000687a                _ZN14HardwareSerial5writeEh
 .text._ZN14HardwareSerial5beginEmh
                0x00006906       0xca I:\atmel studio\led2\ArduinoSketch42\ArduinoSketch42\ArduinoCore\Debug\libArduinoCore.a(HardwareSerial.o)
                0x00006906                _ZN14HardwareSerial5beginEmh
 .text.__vector_25
                0x000069d0       0x6c I:\atmel studio\led2\ArduinoSketch42\ArduinoSketch42\ArduinoCore\Debug\libArduinoCore.a(HardwareSerial0.o)
                0x000069d0                __vector_25
 .text.__vector_26
                0x00006a3c       0x52 I:\atmel studio\led2\ArduinoSketch42\ArduinoSketch42\ArduinoCore\Debug\libArduinoCore.a(HardwareSerial0.o)
                0x00006a3c                __vector_26
 .text._Z17Serial0_availablev
                0x00006a8e       0x12 I:\atmel studio\led2\ArduinoSketch42\ArduinoSketch42\ArduinoCore\Debug\libArduinoCore.a(HardwareSerial0.o)
                0x00006a8e                _Z17Serial0_availablev
 .text.startup._GLOBAL__sub_I___vector_25
                0x00006aa0       0x5a I:\atmel studio\led2\ArduinoSketch42\ArduinoSketch42\ArduinoCore\Debug\libArduinoCore.a(HardwareSerial0.o)
 .text.__vector_51
                0x00006afa       0x6c I:\atmel studio\led2\ArduinoSketch42\ArduinoSketch42\ArduinoCore\Debug\libArduinoCore.a(HardwareSerial2.o)
                0x00006afa                __vector_51
 .text.__vector_52
                0x00006b66       0x52 I:\atmel studio\led2\ArduinoSketch42\ArduinoSketch42\ArduinoCore\Debug\libArduinoCore.a(HardwareSerial2.o)
                0x00006b66                __vector_52
 .text._Z17Serial2_availablev
                0x00006bb8       0x12 I:\atmel studio\led2\ArduinoSketch42\ArduinoSketch42\ArduinoCore\Debug\libArduinoCore.a(HardwareSerial2.o)
                0x00006bb8                _Z17Serial2_availablev
 .text.startup._GLOBAL__sub_I___vector_51
                0x00006bca       0x5a I:\atmel studio\led2\ArduinoSketch42\ArduinoSketch42\ArduinoCore\Debug\libArduinoCore.a(HardwareSerial2.o)
 .text.__vector_54
                0x00006c24       0x6c I:\atmel studio\led2\ArduinoSketch42\ArduinoSketch42\ArduinoCore\Debug\libArduinoCore.a(HardwareSerial3.o)
                0x00006c24                __vector_54
 .text.__vector_55
                0x00006c90       0x52 I:\atmel studio\led2\ArduinoSketch42\ArduinoSketch42\ArduinoCore\Debug\libArduinoCore.a(HardwareSerial3.o)
                0x00006c90                __vector_55
 .text._Z17Serial3_availablev
                0x00006ce2       0x12 I:\atmel studio\led2\ArduinoSketch42\ArduinoSketch42\ArduinoCore\Debug\libArduinoCore.a(HardwareSerial3.o)
                0x00006ce2                _Z17Serial3_availablev
 .text.startup._GLOBAL__sub_I___vector_54
                0x00006cf4       0x5a I:\atmel studio\led2\ArduinoSketch42\ArduinoSketch42\ArduinoCore\Debug\libArduinoCore.a(HardwareSerial3.o)
 .text.initVariant
                0x00006d4e        0x2 I:\atmel studio\led2\ArduinoSketch42\ArduinoSketch42\ArduinoCore\Debug\libArduinoCore.a(main.o)
                0x00006d4e                initVariant
 .text.startup.main
                0x00006d50       0x18 I:\atmel studio\led2\ArduinoSketch42\ArduinoSketch42\ArduinoCore\Debug\libArduinoCore.a(main.o)
                0x00006d50                main
 .text._ZN5Print5writeEPKhj
                0x00006d68       0x56 I:\atmel studio\led2\ArduinoSketch42\ArduinoSketch42\ArduinoCore\Debug\libArduinoCore.a(Print.o)
                0x00006d68                _ZN5Print5writeEPKhj
 .text._ZN5Print5writeEPKc
                0x00006dbe       0x2a I:\atmel studio\led2\ArduinoSketch42\ArduinoSketch42\ArduinoCore\Debug\libArduinoCore.a(Print.o)
                0x00006dbe                _ZN5Print5writeEPKc
 .text._ZN5Print5printEPKc
                0x00006de8        0x2 I:\atmel studio\led2\ArduinoSketch42\ArduinoSketch42\ArduinoCore\Debug\libArduinoCore.a(Print.o)
                0x00006de8                _ZN5Print5printEPKc
 .text._ZN5Print5printEc
                0x00006dea        0xe I:\atmel studio\led2\ArduinoSketch42\ArduinoSketch42\ArduinoCore\Debug\libArduinoCore.a(Print.o)
                0x00006dea                _ZN5Print5printEc
 .text._ZN5Print7printlnEv
                0x00006df8        0x6 I:\atmel studio\led2\ArduinoSketch42\ArduinoSketch42\ArduinoCore\Debug\libArduinoCore.a(Print.o)
                0x00006df8                _ZN5Print7printlnEv
 .text._ZN5Print7printlnEPKc
                0x00006dfe       0x20 I:\atmel studio\led2\ArduinoSketch42\ArduinoSketch42\ArduinoCore\Debug\libArduinoCore.a(Print.o)
                0x00006dfe                _ZN5Print7printlnEPKc
 .text._ZN5Print11printNumberEmh
                0x00006e1e       0xa4 I:\atmel studio\led2\ArduinoSketch42\ArduinoSketch42\ArduinoCore\Debug\libArduinoCore.a(Print.o)
                0x00006e1e                _ZN5Print11printNumberEmh
 .text._ZN5Print5printEli
                0x00006ec2       0x8e I:\atmel studio\led2\ArduinoSketch42\ArduinoSketch42\ArduinoCore\Debug\libArduinoCore.a(Print.o)
                0x00006ec2                _ZN5Print5printEli
 .text._ZN5Print5printEii
                0x00006f50        0xc I:\atmel studio\led2\ArduinoSketch42\ArduinoSketch42\ArduinoCore\Debug\libArduinoCore.a(Print.o)
                0x00006f50                _ZN5Print5printEii
 .text._ZN5Print7printlnEii
                0x00006f5c       0x2a I:\atmel studio\led2\ArduinoSketch42\ArduinoSketch42\ArduinoCore\Debug\libArduinoCore.a(Print.o)
                0x00006f5c                _ZN5Print7printlnEii
 .text._ZN5Print5printEmi
                0x00006f86       0x18 I:\atmel studio\led2\ArduinoSketch42\ArduinoSketch42\ArduinoCore\Debug\libArduinoCore.a(Print.o)
                0x00006f86                _ZN5Print5printEmi
 .text._ZN5Print7printlnEhi
                0x00006f9e       0x2a I:\atmel studio\led2\ArduinoSketch42\ArduinoSketch42\ArduinoCore\Debug\libArduinoCore.a(Print.o)
                0x00006f9e                _ZN5Print7printlnEhi
 .text._ZN5Print10printFloatEdh
                0x00006fc8      0x1b2 I:\atmel studio\led2\ArduinoSketch42\ArduinoSketch42\ArduinoCore\Debug\libArduinoCore.a(Print.o)
                0x00006fc8                _ZN5Print10printFloatEdh
 .text._ZN5Print5printEdi
                0x0000717a        0x2 I:\atmel studio\led2\ArduinoSketch42\ArduinoSketch42\ArduinoCore\Debug\libArduinoCore.a(Print.o)
                0x0000717a                _ZN5Print5printEdi
 .text._ZN5Print7printlnEdi
                0x0000717c       0x20 I:\atmel studio\led2\ArduinoSketch42\ArduinoSketch42\ArduinoCore\Debug\libArduinoCore.a(Print.o)
                0x0000717c                _ZN5Print7printlnEdi
 .text.nothing  0x0000719c        0x2 I:\atmel studio\led2\ArduinoSketch42\ArduinoSketch42\ArduinoCore\Debug\libArduinoCore.a(WInterrupts.o)
 .text.attachInterrupt
                0x0000719e       0xe6 I:\atmel studio\led2\ArduinoSketch42\ArduinoSketch42\ArduinoCore\Debug\libArduinoCore.a(WInterrupts.o)
                0x0000719e                attachInterrupt
 .text.__vector_1
                0x00007284       0x56 I:\atmel studio\led2\ArduinoSketch42\ArduinoSketch42\ArduinoCore\Debug\libArduinoCore.a(WInterrupts.o)
                0x00007284                __vector_1
 .text.__vector_2
                0x000072da       0x56 I:\atmel studio\led2\ArduinoSketch42\ArduinoSketch42\ArduinoCore\Debug\libArduinoCore.a(WInterrupts.o)
                0x000072da                __vector_2
 .text.__vector_3
                0x00007330       0x56 I:\atmel studio\led2\ArduinoSketch42\ArduinoSketch42\ArduinoCore\Debug\libArduinoCore.a(WInterrupts.o)
                0x00007330                __vector_3
 .text.__vector_4
                0x00007386       0x56 I:\atmel studio\led2\ArduinoSketch42\ArduinoSketch42\ArduinoCore\Debug\libArduinoCore.a(WInterrupts.o)
                0x00007386                __vector_4
 .text.__vector_5
                0x000073dc       0x56 I:\atmel studio\led2\ArduinoSketch42\ArduinoSketch42\ArduinoCore\Debug\libArduinoCore.a(WInterrupts.o)
                0x000073dc                __vector_5
 .text.__vector_6
                0x00007432       0x56 I:\atmel studio\led2\ArduinoSketch42\ArduinoSketch42\ArduinoCore\Debug\libArduinoCore.a(WInterrupts.o)
                0x00007432                __vector_6
 .text.__vector_7
                0x00007488       0x56 I:\atmel studio\led2\ArduinoSketch42\ArduinoSketch42\ArduinoCore\Debug\libArduinoCore.a(WInterrupts.o)
                0x00007488                __vector_7
 .text.__vector_8
                0x000074de       0x56 I:\atmel studio\led2\ArduinoSketch42\ArduinoSketch42\ArduinoCore\Debug\libArduinoCore.a(WInterrupts.o)
                0x000074de                __vector_8
 .text.__vector_23
                0x00007534       0x94 I:\atmel studio\led2\ArduinoSketch42\ArduinoSketch42\ArduinoCore\Debug\libArduinoCore.a(wiring.o)
                0x00007534                __vector_23
 .text.millis   0x000075c8       0x18 I:\atmel studio\led2\ArduinoSketch42\ArduinoSketch42\ArduinoCore\Debug\libArduinoCore.a(wiring.o)
                0x000075c8                millis
 .text.micros   0x000075e0       0x4a I:\atmel studio\led2\ArduinoSketch42\ArduinoSketch42\ArduinoCore\Debug\libArduinoCore.a(wiring.o)
                0x000075e0                micros
 .text.delay    0x0000762a       0x72 I:\atmel studio\led2\ArduinoSketch42\ArduinoSketch42\ArduinoCore\Debug\libArduinoCore.a(wiring.o)
                0x0000762a                delay
 .text.delayMicroseconds
                0x0000769c       0x16 I:\atmel studio\led2\ArduinoSketch42\ArduinoSketch42\ArduinoCore\Debug\libArduinoCore.a(wiring.o)
                0x0000769c                delayMicroseconds
 .text.init     0x000076b2       0xc4 I:\atmel studio\led2\ArduinoSketch42\ArduinoSketch42\ArduinoCore\Debug\libArduinoCore.a(wiring.o)
                0x000076b2                init
 .text.turnOffPWM
                0x00007776       0xaa I:\atmel studio\led2\ArduinoSketch42\ArduinoSketch42\ArduinoCore\Debug\libArduinoCore.a(wiring_digital.o)
 .text.pinMode  0x00007820       0x78 I:\atmel studio\led2\ArduinoSketch42\ArduinoSketch42\ArduinoCore\Debug\libArduinoCore.a(wiring_digital.o)
                0x00007820                pinMode
 .text.digitalWrite
                0x00007898       0x5e I:\atmel studio\led2\ArduinoSketch42\ArduinoSketch42\ArduinoCore\Debug\libArduinoCore.a(wiring_digital.o)
                0x00007898                digitalWrite
 .text.digitalRead
                0x000078f6       0x50 I:\atmel studio\led2\ArduinoSketch42\ArduinoSketch42\ArduinoCore\Debug\libArduinoCore.a(wiring_digital.o)
                0x000078f6                digitalRead
 .text._Z3maplllll
                0x00007946       0x7e I:\atmel studio\led2\ArduinoSketch42\ArduinoSketch42\ArduinoCore\Debug\libArduinoCore.a(WMath.o)
                0x00007946                _Z3maplllll
 .text._ZN6StringD2Ev
                0x000079c4        0x8 I:\atmel studio\led2\ArduinoSketch42\ArduinoSketch42\ArduinoCore\Debug\libArduinoCore.a(WString.o)
                0x000079c4                _ZN6StringD2Ev
                0x000079c4                _ZN6StringD1Ev
 .text._ZN6String10invalidateEv
                0x000079cc       0x22 I:\atmel studio\led2\ArduinoSketch42\ArduinoSketch42\ArduinoCore\Debug\libArduinoCore.a(WString.o)
                0x000079cc                _ZN6String10invalidateEv
 .text._ZN6String12changeBufferEj
                0x000079ee       0x32 I:\atmel studio\led2\ArduinoSketch42\ArduinoSketch42\ArduinoCore\Debug\libArduinoCore.a(WString.o)
                0x000079ee                _ZN6String12changeBufferEj
 .text._ZN6String7reserveEj
                0x00007a20       0x36 I:\atmel studio\led2\ArduinoSketch42\ArduinoSketch42\ArduinoCore\Debug\libArduinoCore.a(WString.o)
                0x00007a20                _ZN6String7reserveEj
 .text._ZN6String4copyEPKcj
                0x00007a56       0x3c I:\atmel studio\led2\ArduinoSketch42\ArduinoSketch42\ArduinoCore\Debug\libArduinoCore.a(WString.o)
                0x00007a56                _ZN6String4copyEPKcj
 .text._ZN6StringC2EPKc
                0x00007a92       0x28 I:\atmel studio\led2\ArduinoSketch42\ArduinoSketch42\ArduinoCore\Debug\libArduinoCore.a(WString.o)
                0x00007a92                _ZN6StringC2EPKc
                0x00007a92                _ZN6StringC1EPKc
 .text._ZN6StringaSERKS_
                0x00007aba       0x2a I:\atmel studio\led2\ArduinoSketch42\ArduinoSketch42\ArduinoCore\Debug\libArduinoCore.a(WString.o)
                0x00007aba                _ZN6StringaSERKS_
 .text._ZN6StringC2ERKS_
                0x00007ae4       0x10 I:\atmel studio\led2\ArduinoSketch42\ArduinoSketch42\ArduinoCore\Debug\libArduinoCore.a(WString.o)
                0x00007ae4                _ZN6StringC2ERKS_
                0x00007ae4                _ZN6StringC1ERKS_
 .text._ZN6StringaSEPKc
                0x00007af4       0x2a I:\atmel studio\led2\ArduinoSketch42\ArduinoSketch42\ArduinoCore\Debug\libArduinoCore.a(WString.o)
                0x00007af4                _ZN6StringaSEPKc
 .text._ZNK6String6equalsEPKc
                0x00007b1e       0x3c I:\atmel studio\led2\ArduinoSketch42\ArduinoSketch42\ArduinoCore\Debug\libArduinoCore.a(WString.o)
                0x00007b1e                _ZNK6String6equalsEPKc
 .text._ZN6String11toUpperCaseEv
                0x00007b5a       0x22 I:\atmel studio\led2\ArduinoSketch42\ArduinoSketch42\ArduinoCore\Debug\libArduinoCore.a(WString.o)
                0x00007b5a                _ZN6String11toUpperCaseEv
 .text.__empty  0x00007b7c        0x2 I:\atmel studio\led2\ArduinoSketch42\ArduinoSketch42\ArduinoCore\Debug\libArduinoCore.a(hooks.o)
                0x00007b7c                yield
 .text.avr-libc.fplib
                0x00007b7e        0xa c:/program files (x86)/atmel/studio/7.0/toolchain/avr8/avr8-gnu-toolchain/bin/../lib/gcc/avr/4.9.2/../../../../avr/lib/avr6\libm.a(unordsf2.o)
                0x00007b7e                __unordsf2
 .text.libgcc.mul
                0x00007b88       0x1e c:/program files (x86)/atmel/studio/7.0/toolchain/avr8/avr8-gnu-toolchain/bin/../lib/gcc/avr/4.9.2/avr6\libgcc.a(_mulsi3.o)
                0x00007b88                __mulsi3
 .text.libgcc.div
                0x00007ba6       0x44 c:/program files (x86)/atmel/studio/7.0/toolchain/avr8/avr8-gnu-toolchain/bin/../lib/gcc/avr/4.9.2/avr6\libgcc.a(_udivmodsi4.o)
                0x00007ba6                __udivmodsi4
 .text.libgcc.div
                0x00007bea       0x28 c:/program files (x86)/atmel/studio/7.0/toolchain/avr8/avr8-gnu-toolchain/bin/../lib/gcc/avr/4.9.2/avr6\libgcc.a(_divmodsi4.o)
                0x00007bea                __divmodsi4
 .text.libgcc.div
                0x00007c12       0x10 c:/program files (x86)/atmel/studio/7.0/toolchain/avr8/avr8-gnu-toolchain/bin/../lib/gcc/avr/4.9.2/avr6\libgcc.a(_negsi2.o)
                0x00007c12                __negsi2
 .text.libgcc   0x00007c22       0x10 c:/program files (x86)/atmel/studio/7.0/toolchain/avr8/avr8-gnu-toolchain/bin/../lib/gcc/avr/4.9.2/avr6\libgcc.a(_tablejump2.o)
                0x00007c22                __tablejump2__
 .text.libgcc.mul
                0x00007c32       0x1e c:/program files (x86)/atmel/studio/7.0/toolchain/avr8/avr8-gnu-toolchain/bin/../lib/gcc/avr/4.9.2/avr6\libgcc.a(_umulhisi3.o)
                0x00007c32                __umulhisi3
 .text.libgcc.mul
                0x00007c50        0xc c:/program files (x86)/atmel/studio/7.0/toolchain/avr8/avr8-gnu-toolchain/bin/../lib/gcc/avr/4.9.2/avr6\libgcc.a(_usmulhisi3.o)
                0x00007c50                __usmulhisi3
                0x00007c52                __usmulhisi3_tail
 .text.libgcc.mul
                0x00007c5c       0x14 c:/program files (x86)/atmel/studio/7.0/toolchain/avr8/avr8-gnu-toolchain/bin/../lib/gcc/avr/4.9.2/avr6\libgcc.a(_muluhisi3.o)
                0x00007c5c                __muluhisi3
 .text.avr-libc
                0x00007c70      0x25a c:/program files (x86)/atmel/studio/7.0/toolchain/avr8/avr8-gnu-toolchain/bin/../lib/gcc/avr/4.9.2/../../../../avr/lib/avr6\libc.a(malloc.o)
                0x00007c70                malloc
                0x00007d9a                free
 .text.avr-libc
                0x00007eca      0x1c8 c:/program files (x86)/atmel/studio/7.0/toolchain/avr8/avr8-gnu-toolchain/bin/../lib/gcc/avr/4.9.2/../../../../avr/lib/avr6\libc.a(realloc.o)
                0x00007eca                realloc
 .text.avr-libc
                0x00008092        0x8 c:/program files (x86)/atmel/studio/7.0/toolchain/avr8/avr8-gnu-toolchain/bin/../lib/gcc/avr/4.9.2/../../../../avr/lib/avr6\libc.a(abort.o)
                0x00008092                abort
 .text.avr-libc
                0x0000809a       0x10 c:/program files (x86)/atmel/studio/7.0/toolchain/avr8/avr8-gnu-toolchain/bin/../lib/gcc/avr/4.9.2/../../../../avr/lib/avr6\libc.a(toupper.o)
                0x0000809a                toupper
 .text.avr-libc
                0x000080aa       0x12 c:/program files (x86)/atmel/studio/7.0/toolchain/avr8/avr8-gnu-toolchain/bin/../lib/gcc/avr/4.9.2/../../../../avr/lib/avr6\libc.a(memcpy.o)
                0x000080aa                memcpy
 .text.avr-libc
                0x000080bc       0x12 c:/program files (x86)/atmel/studio/7.0/toolchain/avr8/avr8-gnu-toolchain/bin/../lib/gcc/avr/4.9.2/../../../../avr/lib/avr6\libc.a(strcmp.o)
                0x000080bc                strcmp
 .text.avr-libc
                0x000080ce        0xe c:/program files (x86)/atmel/studio/7.0/toolchain/avr8/avr8-gnu-toolchain/bin/../lib/gcc/avr/4.9.2/../../../../avr/lib/avr6\libc.a(strcpy.o)
                0x000080ce                strcpy
                0x000080dc                . = ALIGN (0x2)
 *(.fini9)
 .fini9         0x000080dc        0x0 c:/program files (x86)/atmel/studio/7.0/toolchain/avr8/avr8-gnu-toolchain/bin/../lib/gcc/avr/4.9.2/avr6\libgcc.a(_exit.o)
                0x000080dc                _exit
                0x000080dc                exit
 *(.fini9)
 *(.fini8)
 *(.fini8)
 *(.fini7)
 *(.fini7)
 *(.fini6)
 .fini6         0x000080dc       0x1e c:/program files (x86)/atmel/studio/7.0/toolchain/avr8/avr8-gnu-toolchain/bin/../lib/gcc/avr/4.9.2/avr6\libgcc.a(_dtors.o)
                0x000080dc                __do_global_dtors
 *(.fini6)
 *(.fini5)
 *(.fini5)
 *(.fini4)
 *(.fini4)
 *(.fini3)
 *(.fini3)
 *(.fini2)
 *(.fini2)
 *(.fini1)
 *(.fini1)
 *(.fini0)
 .fini0         0x000080fa        0x4 c:/program files (x86)/atmel/studio/7.0/toolchain/avr8/avr8-gnu-toolchain/bin/../lib/gcc/avr/4.9.2/avr6\libgcc.a(_exit.o)
 *(.fini0)
                0x000080fe                _etext = .

.data           0x00800200      0xa6a load address 0x000080fe
                0x00800200                PROVIDE (__data_start, .)
 *(.data)
 .data          0x00800200        0x6 c:/program files (x86)/atmel/studio/7.0/toolchain/avr8/avr8-gnu-toolchain/bin/../lib/gcc/avr/4.9.2/../../../../avr/lib/avr6\libc.a(malloc.o)
                0x00800200                __malloc_heap_end
                0x00800202                __malloc_heap_start
                0x00800204                __malloc_margin
 *(.data*)
 .data._ZZN16Adafruit_SSD130621drawFastVLineInternalEiiijE8postmask
                0x00800206        0x8 Adafruit_SSD1306.o
                0x00800206                _ZZN16Adafruit_SSD130621drawFastVLineInternalEiiijE8postmask
 .data._ZZN16Adafruit_SSD130621drawFastVLineInternalEiiijE7premask
                0x0080020e        0x8 Adafruit_SSD1306.o
                0x0080020e                _ZZN16Adafruit_SSD130621drawFastVLineInternalEiiijE7premask
 .data._ZL6buffer
                0x00800216      0x400 Adafruit_SSD1306.o
 .data._ZL8_intFunc
                0x00800616        0x2 Timer3.o
 .data._ZL13enable_rumble
                0x00800618        0x5 PS2X_lib.o
 .data._ZL11exit_config
                0x0080061d        0x9 PS2X_lib.o
 .data._ZL15set_bytes_large
                0x00800626        0x9 PS2X_lib.o
 .data._ZL8set_mode
                0x0080062f        0x9 PS2X_lib.o
 .data._ZL12enter_config
                0x00800638        0x5 PS2X_lib.o
 .data.task_list
                0x0080063d        0x3 Sketch.o
                0x0080063d                task_list
 .data.value    0x00800640        0x2 Sketch.o
                0x00800640                value
 .data.fix_pos_list
                0x00800642        0x1 Sketch.o
                0x00800642                fix_pos_list
 .data._ZL8_intFunc
                0x00800643        0x2 Timer1.o
 .data.intFunc  0x00800645       0x10 I:\atmel studio\led2\ArduinoSketch42\ArduinoSketch42\ArduinoCore\Debug\libArduinoCore.a(WInterrupts.o)
 *(.rodata)
 .rodata        0x00800655        0xa Timer1.o
 *(.rodata*)
 .rodata._ZTV12Adafruit_GFX
                0x0080065f       0x2c Adafruit_GFX.o
                0x0080065f                _ZTV12Adafruit_GFX
 .rodata._ZTV16Adafruit_SSD1306
                0x0080068b       0x2c Adafruit_SSD1306.o
                0x0080068b                _ZTV16Adafruit_SSD1306
 .rodata.str1.1
                0x008006b7       0x1a ComwithMotor.o
 .rodata.str1.1
                0x008006d1       0x16 ComwithPC.o
                                 0x22 (size before relaxing)
 .rodata.str1.1
                0x008006e7       0x39 Display.o
 .rodata.str1.1
                0x00800720        0x4 Timer3.o
                                  0x5 (size before relaxing)
 .rodata.str1.1
                0x00800724      0x485 mPS2.o
                                0x4a2 (size before relaxing)
 .rodata.str1.1
                0x00800ba9       0x4f Path.o
                                 0x54 (size before relaxing)
 .rodata._ZL9type_read
                0x00800bf8        0x9 PS2X_lib.o
 .rodata.str1.1
                0x00800c01       0x35 Sketch.o
                                 0x3a (size before relaxing)
 .rodata._ZTV7TwoWire
                0x00800c36       0x12 src/libraries/Wire/src/Wire.o
                0x00800c36                _ZTV7TwoWire
 .rodata.str1.1
                0x00800c48        0x5 Timer1.o
 .rodata._ZTV14HardwareSerial
                0x00800c48       0x12 I:\atmel studio\led2\ArduinoSketch42\ArduinoSketch42\ArduinoCore\Debug\libArduinoCore.a(HardwareSerial.o)
                0x00800c48                _ZTV14HardwareSerial
 .rodata.str1.1
                0x00800c5a        0xf I:\atmel studio\led2\ArduinoSketch42\ArduinoSketch42\ArduinoCore\Debug\libArduinoCore.a(Print.o)
 *(.gnu.linkonce.d*)
                0x00800c6a                . = ALIGN (0x2)
 *fill*         0x00800c69        0x1 
                0x00800c6a                _edata = .
                0x00800c6a                PROVIDE (__data_end, .)

.bss            0x00800c6a      0x4dc
                0x00800c6a                PROVIDE (__bss_start, .)
 *(.bss)
 *(.bss*)
 .bss.display   0x00800c6a       0x2e Display.o
                0x00800c6a                display
 .bss.ps2x      0x00800c98       0x2e mPS2.o
                0x00800c98                ps2x
 .bss._p2       0x00800cc6        0x4 Sketch.o
                0x00800cc6                _p2
 .bss.present_task
                0x00800cca        0x1 Sketch.o
                0x00800cca                present_task
 .bss.present_task_index
                0x00800ccb        0x2 Sketch.o
                0x00800ccb                present_task_index
 .bss._ZL5index
                0x00800ccd        0x2 Sketch.o
 .bss.state     0x00800ccf        0x6 Sketch.o
                0x00800ccf                state
 .bss.GY25      0x00800cd5       0x16 Sketch.o
                0x00800cd5                GY25
 .bss.Sensors   0x00800ceb       0x40 Sketch.o
                0x00800ceb                Sensors
 .bss.path      0x00800d2b       0x76 Sketch.o
                0x00800d2b                path
 .bss.cm        0x00800da1       0x21 Sketch.o
                0x00800da1                cm
 .bss.kinematics
                0x00800dc2       0x2e Sketch.o
                0x00800dc2                kinematics
 .bss.CS        0x00800df0        0x3 Sketch.o
                0x00800df0                CS
 .bss.tc3       0x00800df3        0xc Sketch.o
                0x00800df3                tc3
 .bss.tc1       0x00800dff        0xc Sketch.o
                0x00800dff                tc1
 .bss.PS2       0x00800e0b       0x1a Sketch.o
                0x00800e0b                PS2
 .bss.motor     0x00800e25        0xc Sketch.o
                0x00800e25                motor
 .bss.toPC      0x00800e31        0x1 Sketch.o
                0x00800e31                toPC
 .bss.dp        0x00800e32       0x38 Sketch.o
                0x00800e32                dp
 .bss.p2        0x00800e6a        0x4 Sketch.o
                0x00800e6a                p2
 .bss.y2        0x00800e6e        0x4 Sketch.o
                0x00800e6e                y2
 .bss.x2        0x00800e72        0x4 Sketch.o
                0x00800e72                x2
 .bss.p1        0x00800e76        0x4 Sketch.o
                0x00800e76                p1
 .bss.y1        0x00800e7a        0x4 Sketch.o
                0x00800e7a                y1
 .bss.x1        0x00800e7e        0x4 Sketch.o
                0x00800e7e                x1
 .bss.p_step    0x00800e82        0x4 Sketch.o
                0x00800e82                p_step
 .bss.y_step    0x00800e86        0x4 Sketch.o
                0x00800e86                y_step
 .bss.x_step    0x00800e8a        0x4 Sketch.o
                0x00800e8a                x_step
 .bss.p         0x00800e8e        0x4 Sketch.o
                0x00800e8e                p
 .bss.y         0x00800e92        0x4 Sketch.o
                0x00800e92                y
 .bss.x         0x00800e96        0x4 Sketch.o
                0x00800e96                x
 .bss._ZN8SPIClass13interruptSaveE
                0x00800e9a        0x1 src/libraries/SPI/src/SPI.o
                0x00800e9a                _ZN8SPIClass13interruptSaveE
 .bss._ZN8SPIClass13interruptMaskE
                0x00800e9b        0x1 src/libraries/SPI/src/SPI.o
                0x00800e9b                _ZN8SPIClass13interruptMaskE
 .bss._ZN8SPIClass13interruptModeE
                0x00800e9c        0x1 src/libraries/SPI/src/SPI.o
                0x00800e9c                _ZN8SPIClass13interruptModeE
 .bss._ZN8SPIClass11initializedE
                0x00800e9d        0x1 src/libraries/SPI/src/SPI.o
                0x00800e9d                _ZN8SPIClass11initializedE
 .bss.twi_error
                0x00800e9e        0x1 src/libraries/Wire/src/utility/twi.o
 .bss.twi_rxBufferIndex
                0x00800e9f        0x1 src/libraries/Wire/src/utility/twi.o
 .bss.twi_rxBuffer
                0x00800ea0       0x20 src/libraries/Wire/src/utility/twi.o
 .bss.twi_txBufferLength
                0x00800ec0        0x1 src/libraries/Wire/src/utility/twi.o
 .bss.twi_txBufferIndex
                0x00800ec1        0x1 src/libraries/Wire/src/utility/twi.o
 .bss.twi_txBuffer
                0x00800ec2       0x20 src/libraries/Wire/src/utility/twi.o
 .bss.twi_masterBufferLength
                0x00800ee2        0x1 src/libraries/Wire/src/utility/twi.o
 .bss.twi_masterBufferIndex
                0x00800ee3        0x1 src/libraries/Wire/src/utility/twi.o
 .bss.twi_masterBuffer
                0x00800ee4       0x20 src/libraries/Wire/src/utility/twi.o
 .bss.twi_onSlaveReceive
                0x00800f04        0x2 src/libraries/Wire/src/utility/twi.o
 .bss.twi_onSlaveTransmit
                0x00800f06        0x2 src/libraries/Wire/src/utility/twi.o
 .bss.twi_inRepStart
                0x00800f08        0x1 src/libraries/Wire/src/utility/twi.o
 .bss.twi_sendStop
                0x00800f09        0x1 src/libraries/Wire/src/utility/twi.o
 .bss.twi_slarw
                0x00800f0a        0x1 src/libraries/Wire/src/utility/twi.o
 .bss.twi_state
                0x00800f0b        0x1 src/libraries/Wire/src/utility/twi.o
 .bss.Wire      0x00800f0c        0xc src/libraries/Wire/src/Wire.o
                0x00800f0c                Wire
 .bss._ZN7TwoWire14user_onReceiveE
                0x00800f18        0x2 src/libraries/Wire/src/Wire.o
                0x00800f18                _ZN7TwoWire14user_onReceiveE
 .bss._ZN7TwoWire14user_onRequestE
                0x00800f1a        0x2 src/libraries/Wire/src/Wire.o
                0x00800f1a                _ZN7TwoWire14user_onRequestE
 .bss._ZN7TwoWire12transmittingE
                0x00800f1c        0x1 src/libraries/Wire/src/Wire.o
                0x00800f1c                _ZN7TwoWire12transmittingE
 .bss._ZN7TwoWire14txBufferLengthE
                0x00800f1d        0x1 src/libraries/Wire/src/Wire.o
                0x00800f1d                _ZN7TwoWire14txBufferLengthE
 .bss._ZN7TwoWire13txBufferIndexE
                0x00800f1e        0x1 src/libraries/Wire/src/Wire.o
                0x00800f1e                _ZN7TwoWire13txBufferIndexE
 .bss._ZN7TwoWire8txBufferE
                0x00800f1f       0x20 src/libraries/Wire/src/Wire.o
                0x00800f1f                _ZN7TwoWire8txBufferE
 .bss._ZN7TwoWire9txAddressE
                0x00800f3f        0x1 src/libraries/Wire/src/Wire.o
                0x00800f3f                _ZN7TwoWire9txAddressE
 .bss._ZN7TwoWire14rxBufferLengthE
                0x00800f40        0x1 src/libraries/Wire/src/Wire.o
                0x00800f40                _ZN7TwoWire14rxBufferLengthE
 .bss._ZN7TwoWire13rxBufferIndexE
                0x00800f41        0x1 src/libraries/Wire/src/Wire.o
                0x00800f41                _ZN7TwoWire13rxBufferIndexE
 .bss._ZN7TwoWire8rxBufferE
                0x00800f42       0x20 src/libraries/Wire/src/Wire.o
                0x00800f42                _ZN7TwoWire8rxBufferE
 .bss.Serial    0x00800f62       0x9d I:\atmel studio\led2\ArduinoSketch42\ArduinoSketch42\ArduinoCore\Debug\libArduinoCore.a(HardwareSerial0.o)
                0x00800f62                Serial
 .bss.Serial2   0x00800fff       0x9d I:\atmel studio\led2\ArduinoSketch42\ArduinoSketch42\ArduinoCore\Debug\libArduinoCore.a(HardwareSerial2.o)
                0x00800fff                Serial2
 .bss.Serial3   0x0080109c       0x9d I:\atmel studio\led2\ArduinoSketch42\ArduinoSketch42\ArduinoCore\Debug\libArduinoCore.a(HardwareSerial3.o)
                0x0080109c                Serial3
 .bss.timer0_fract
                0x00801139        0x1 I:\atmel studio\led2\ArduinoSketch42\ArduinoSketch42\ArduinoCore\Debug\libArduinoCore.a(wiring.o)
 .bss.timer0_millis
                0x0080113a        0x4 I:\atmel studio\led2\ArduinoSketch42\ArduinoSketch42\ArduinoCore\Debug\libArduinoCore.a(wiring.o)
                0x0080113a                timer0_millis
 .bss.timer0_overflow_count
                0x0080113e        0x4 I:\atmel studio\led2\ArduinoSketch42\ArduinoSketch42\ArduinoCore\Debug\libArduinoCore.a(wiring.o)
                0x0080113e                timer0_overflow_count
 *(COMMON)
 COMMON         0x00801142        0x4 c:/program files (x86)/atmel/studio/7.0/toolchain/avr8/avr8-gnu-toolchain/bin/../lib/gcc/avr/4.9.2/../../../../avr/lib/avr6\libc.a(malloc.o)
                0x00801142                __brkval
                0x00801144                __flp
                0x00801146                PROVIDE (__bss_end, .)
                0x000080fe                __data_load_start = LOADADDR (.data)
                0x00008b68                __data_load_end = (__data_load_start + SIZEOF (.data))

.noinit         0x00801146        0x0
                [!provide]                PROVIDE (__noinit_start, .)
 *(.noinit*)
                [!provide]                PROVIDE (__noinit_end, .)
                0x00801146                _end = .
                0x00801146                PROVIDE (__heap_start, .)

.eeprom         0x00810000        0x0
 *(.eeprom*)
                0x00810000                __eeprom_end = .

.fuse
 *(.fuse)
 *(.lfuse)
 *(.hfuse)
 *(.efuse)

.lock
 *(.lock*)

.signature
 *(.signature*)

.user_signatures
 *(.user_signatures*)

.stab
 *(.stab)

.stabstr
 *(.stabstr)

.stab.excl
 *(.stab.excl)

.stab.exclstr
 *(.stab.exclstr)

.stab.index
 *(.stab.index)

.stab.indexstr
 *(.stab.indexstr)

.comment        0x00000000       0x30
 *(.comment)
 .comment       0x00000000       0x30 Adafruit_GFX.o
                                 0x31 (size before relaxing)
 .comment       0x00000030       0x31 Adafruit_SSD1306.o
 .comment       0x00000030       0x31 ComwithGY25.o
 .comment       0x00000030       0x31 ComwithMotor.o
 .comment       0x00000030       0x31 ComwithPC.o
 .comment       0x00000030       0x31 ComwithShot.o
 .comment       0x00000030       0x31 Display.o
 .comment       0x00000030       0x31 Kinematics.o
 .comment       0x00000030       0x31 mMotor.o
 .comment       0x00000030       0x31 Timer3.o
 .comment       0x00000030       0x31 mPS2.o
 .comment       0x00000030       0x31 Path.o
 .comment       0x00000030       0x31 PS2X_lib.o
 .comment       0x00000030       0x31 SensorBoard.o
 .comment       0x00000030       0x31 Sketch.o
 .comment       0x00000030       0x31 src/libraries/SPI/src/SPI.o
 .comment       0x00000030       0x31 src/libraries/Wire/src/utility/twi.o
 .comment       0x00000030       0x31 src/libraries/Wire/src/Wire.o
 .comment       0x00000030       0x31 Timer1.o
 .comment       0x00000030       0x31 I:\atmel studio\led2\ArduinoSketch42\ArduinoSketch42\ArduinoCore\Debug\libArduinoCore.a(abi.o)
 .comment       0x00000030       0x31 I:\atmel studio\led2\ArduinoSketch42\ArduinoSketch42\ArduinoCore\Debug\libArduinoCore.a(HardwareSerial.o)
 .comment       0x00000030       0x31 I:\atmel studio\led2\ArduinoSketch42\ArduinoSketch42\ArduinoCore\Debug\libArduinoCore.a(HardwareSerial0.o)
 .comment       0x00000030       0x31 I:\atmel studio\led2\ArduinoSketch42\ArduinoSketch42\ArduinoCore\Debug\libArduinoCore.a(HardwareSerial2.o)
 .comment       0x00000030       0x31 I:\atmel studio\led2\ArduinoSketch42\ArduinoSketch42\ArduinoCore\Debug\libArduinoCore.a(HardwareSerial3.o)
 .comment       0x00000030       0x31 I:\atmel studio\led2\ArduinoSketch42\ArduinoSketch42\ArduinoCore\Debug\libArduinoCore.a(main.o)
 .comment       0x00000030       0x31 I:\atmel studio\led2\ArduinoSketch42\ArduinoSketch42\ArduinoCore\Debug\libArduinoCore.a(Print.o)
 .comment       0x00000030       0x31 I:\atmel studio\led2\ArduinoSketch42\ArduinoSketch42\ArduinoCore\Debug\libArduinoCore.a(WInterrupts.o)
 .comment       0x00000030       0x31 I:\atmel studio\led2\ArduinoSketch42\ArduinoSketch42\ArduinoCore\Debug\libArduinoCore.a(wiring.o)
 .comment       0x00000030       0x31 I:\atmel studio\led2\ArduinoSketch42\ArduinoSketch42\ArduinoCore\Debug\libArduinoCore.a(wiring_digital.o)
 .comment       0x00000030       0x31 I:\atmel studio\led2\ArduinoSketch42\ArduinoSketch42\ArduinoCore\Debug\libArduinoCore.a(WMath.o)
 .comment       0x00000030       0x31 I:\atmel studio\led2\ArduinoSketch42\ArduinoSketch42\ArduinoCore\Debug\libArduinoCore.a(WString.o)
 .comment       0x00000030       0x31 I:\atmel studio\led2\ArduinoSketch42\ArduinoSketch42\ArduinoCore\Debug\libArduinoCore.a(hooks.o)
 .comment       0x00000030       0x31 c:/program files (x86)/atmel/studio/7.0/toolchain/avr8/avr8-gnu-toolchain/bin/../lib/gcc/avr/4.9.2/../../../../avr/lib/avr6\libc.a(malloc.o)
 .comment       0x00000030       0x31 c:/program files (x86)/atmel/studio/7.0/toolchain/avr8/avr8-gnu-toolchain/bin/../lib/gcc/avr/4.9.2/../../../../avr/lib/avr6\libc.a(realloc.o)

.note.gnu.avr.deviceinfo
                0x00000000       0x40
 .note.gnu.avr.deviceinfo
                0x00000000       0x40 C:/Program Files (x86)/Atmel/Studio/7.0/Packs/atmel/ATmega_DFP/1.0.106/gcc/dev/atmega2560/avr6/crtatmega2560.o

.note.gnu.build-id
 *(.note.gnu.build-id)

.debug
 *(.debug)

.line
 *(.line)

.debug_srcinfo
 *(.debug_srcinfo)

.debug_sfnames
 *(.debug_sfnames)

.debug_aranges  0x00000000     0x1088
 *(.debug_aranges)
 .debug_aranges
                0x00000000      0x2a0 Adafruit_GFX.o
 .debug_aranges
                0x000002a0       0xb8 Adafruit_SSD1306.o
 .debug_aranges
                0x00000358       0x60 ComwithGY25.o
 .debug_aranges
                0x000003b8       0x88 ComwithMotor.o
 .debug_aranges
                0x00000440       0x40 ComwithPC.o
 .debug_aranges
                0x00000480       0x38 ComwithShot.o
 .debug_aranges
                0x000004b8       0x48 Display.o
 .debug_aranges
                0x00000500       0x48 Kinematics.o
 .debug_aranges
                0x00000548       0x38 mMotor.o
 .debug_aranges
                0x00000580       0x60 Timer3.o
 .debug_aranges
                0x000005e0       0x30 mPS2.o
 .debug_aranges
                0x00000610       0x40 Path.o
 .debug_aranges
                0x00000650       0xc0 PS2X_lib.o
 .debug_aranges
                0x00000710       0x28 SensorBoard.o
 .debug_aranges
                0x00000738       0x90 Sketch.o
 .debug_aranges
                0x000007c8       0x38 src/libraries/SPI/src/SPI.o
 .debug_aranges
                0x00000800       0x80 src/libraries/Wire/src/utility/twi.o
 .debug_aranges
                0x00000880       0xf8 src/libraries/Wire/src/Wire.o
 .debug_aranges
                0x00000978       0x60 Timer1.o
 .debug_aranges
                0x000009d8       0x28 I:\atmel studio\led2\ArduinoSketch42\ArduinoSketch42\ArduinoCore\Debug\libArduinoCore.a(abi.o)
 .debug_aranges
                0x00000a00       0x68 I:\atmel studio\led2\ArduinoSketch42\ArduinoSketch42\ArduinoCore\Debug\libArduinoCore.a(HardwareSerial.o)
 .debug_aranges
                0x00000a68       0x48 I:\atmel studio\led2\ArduinoSketch42\ArduinoSketch42\ArduinoCore\Debug\libArduinoCore.a(HardwareSerial0.o)
 .debug_aranges
                0x00000ab0       0x48 I:\atmel studio\led2\ArduinoSketch42\ArduinoSketch42\ArduinoCore\Debug\libArduinoCore.a(HardwareSerial2.o)
 .debug_aranges
                0x00000af8       0x48 I:\atmel studio\led2\ArduinoSketch42\ArduinoSketch42\ArduinoCore\Debug\libArduinoCore.a(HardwareSerial3.o)
 .debug_aranges
                0x00000b40       0x38 I:\atmel studio\led2\ArduinoSketch42\ArduinoSketch42\ArduinoCore\Debug\libArduinoCore.a(main.o)
 .debug_aranges
                0x00000b78      0x100 I:\atmel studio\led2\ArduinoSketch42\ArduinoSketch42\ArduinoCore\Debug\libArduinoCore.a(Print.o)
 .debug_aranges
                0x00000c78       0x70 I:\atmel studio\led2\ArduinoSketch42\ArduinoSketch42\ArduinoCore\Debug\libArduinoCore.a(WInterrupts.o)
 .debug_aranges
                0x00000ce8       0x48 I:\atmel studio\led2\ArduinoSketch42\ArduinoSketch42\ArduinoCore\Debug\libArduinoCore.a(wiring.o)
 .debug_aranges
                0x00000d30       0x38 I:\atmel studio\led2\ArduinoSketch42\ArduinoSketch42\ArduinoCore\Debug\libArduinoCore.a(wiring_digital.o)
 .debug_aranges
                0x00000d68       0x48 I:\atmel studio\led2\ArduinoSketch42\ArduinoSketch42\ArduinoCore\Debug\libArduinoCore.a(WMath.o)
 .debug_aranges
                0x00000db0      0x2b8 I:\atmel studio\led2\ArduinoSketch42\ArduinoSketch42\ArduinoCore\Debug\libArduinoCore.a(WString.o)
 .debug_aranges
                0x00001068       0x20 I:\atmel studio\led2\ArduinoSketch42\ArduinoSketch42\ArduinoCore\Debug\libArduinoCore.a(hooks.o)

.debug_pubnames
 *(.debug_pubnames)

.debug_info     0x00000000    0x2ca8e
 *(.debug_info .gnu.linkonce.wi.*)
 .debug_info    0x00000000     0x6216 Adafruit_GFX.o
 .debug_info    0x00006216     0x242b Adafruit_SSD1306.o
 .debug_info    0x00008641      0x7d3 ComwithGY25.o
 .debug_info    0x00008e14      0xe63 ComwithMotor.o
 .debug_info    0x00009c77     0x188f ComwithPC.o
 .debug_info    0x0000b506      0x6ff ComwithShot.o
 .debug_info    0x0000bc05     0x20fb Display.o
 .debug_info    0x0000dd00      0x897 Kinematics.o
 .debug_info    0x0000e597      0x49a mMotor.o
 .debug_info    0x0000ea31     0x17fb Timer3.o
 .debug_info    0x0001022c     0x22cc mPS2.o
 .debug_info    0x000124f8      0xdd2 Path.o
 .debug_info    0x000132ca     0x18ac PS2X_lib.o
 .debug_info    0x00014b76      0x2c0 SensorBoard.o
 .debug_info    0x00014e36     0x3cba Sketch.o
 .debug_info    0x00018af0      0x6f6 src/libraries/SPI/src/SPI.o
 .debug_info    0x000191e6      0x667 src/libraries/Wire/src/utility/twi.o
 .debug_info    0x0001984d     0x27c0 src/libraries/Wire/src/Wire.o
 .debug_info    0x0001c00d     0x17fb Timer1.o
 .debug_info    0x0001d808       0x8e I:\atmel studio\led2\ArduinoSketch42\ArduinoSketch42\ArduinoCore\Debug\libArduinoCore.a(abi.o)
 .debug_info    0x0001d896     0x1f23 I:\atmel studio\led2\ArduinoSketch42\ArduinoSketch42\ArduinoCore\Debug\libArduinoCore.a(HardwareSerial.o)
 .debug_info    0x0001f7b9     0x1b25 I:\atmel studio\led2\ArduinoSketch42\ArduinoSketch42\ArduinoCore\Debug\libArduinoCore.a(HardwareSerial0.o)
 .debug_info    0x000212de     0x1b25 I:\atmel studio\led2\ArduinoSketch42\ArduinoSketch42\ArduinoCore\Debug\libArduinoCore.a(HardwareSerial2.o)
 .debug_info    0x00022e03     0x1b2b I:\atmel studio\led2\ArduinoSketch42\ArduinoSketch42\ArduinoCore\Debug\libArduinoCore.a(HardwareSerial3.o)
 .debug_info    0x0002492e      0x28f I:\atmel studio\led2\ArduinoSketch42\ArduinoSketch42\ArduinoCore\Debug\libArduinoCore.a(main.o)
 .debug_info    0x00024bbd     0x2ada I:\atmel studio\led2\ArduinoSketch42\ArduinoSketch42\ArduinoCore\Debug\libArduinoCore.a(Print.o)
 .debug_info    0x00027697      0x2fc I:\atmel studio\led2\ArduinoSketch42\ArduinoSketch42\ArduinoCore\Debug\libArduinoCore.a(WInterrupts.o)
 .debug_info    0x00027993      0x326 I:\atmel studio\led2\ArduinoSketch42\ArduinoSketch42\ArduinoCore\Debug\libArduinoCore.a(wiring.o)
 .debug_info    0x00027cb9      0x635 I:\atmel studio\led2\ArduinoSketch42\ArduinoSketch42\ArduinoCore\Debug\libArduinoCore.a(wiring_digital.o)
 .debug_info    0x000282ee      0x240 I:\atmel studio\led2\ArduinoSketch42\ArduinoSketch42\ArduinoCore\Debug\libArduinoCore.a(WMath.o)
 .debug_info    0x0002852e     0x4522 I:\atmel studio\led2\ArduinoSketch42\ArduinoSketch42\ArduinoCore\Debug\libArduinoCore.a(WString.o)
 .debug_info    0x0002ca50       0x3e I:\atmel studio\led2\ArduinoSketch42\ArduinoSketch42\ArduinoCore\Debug\libArduinoCore.a(hooks.o)

.debug_abbrev   0x00000000     0x61a4
 *(.debug_abbrev)
 .debug_abbrev  0x00000000      0x58f Adafruit_GFX.o
 .debug_abbrev  0x0000058f      0x5b8 Adafruit_SSD1306.o
 .debug_abbrev  0x00000b47      0x2e8 ComwithGY25.o
 .debug_abbrev  0x00000e2f      0x2f6 ComwithMotor.o
 .debug_abbrev  0x00001125      0x334 ComwithPC.o
 .debug_abbrev  0x00001459      0x215 ComwithShot.o
 .debug_abbrev  0x0000166e      0x389 Display.o
 .debug_abbrev  0x000019f7      0x217 Kinematics.o
 .debug_abbrev  0x00001c0e      0x1e8 mMotor.o
 .debug_abbrev  0x00001df6      0x3ed Timer3.o
 .debug_abbrev  0x000021e3      0x372 mPS2.o
 .debug_abbrev  0x00002555      0x292 Path.o
 .debug_abbrev  0x000027e7      0x3fa PS2X_lib.o
 .debug_abbrev  0x00002be1      0x105 SensorBoard.o
 .debug_abbrev  0x00002ce6      0x61b Sketch.o
 .debug_abbrev  0x00003301      0x28c src/libraries/SPI/src/SPI.o
 .debug_abbrev  0x0000358d      0x25f src/libraries/Wire/src/utility/twi.o
 .debug_abbrev  0x000037ec      0x5c4 src/libraries/Wire/src/Wire.o
 .debug_abbrev  0x00003db0      0x3ed Timer1.o
 .debug_abbrev  0x0000419d       0x5e I:\atmel studio\led2\ArduinoSketch42\ArduinoSketch42\ArduinoCore\Debug\libArduinoCore.a(abi.o)
 .debug_abbrev  0x000041fb      0x478 I:\atmel studio\led2\ArduinoSketch42\ArduinoSketch42\ArduinoCore\Debug\libArduinoCore.a(HardwareSerial.o)
 .debug_abbrev  0x00004673      0x3dd I:\atmel studio\led2\ArduinoSketch42\ArduinoSketch42\ArduinoCore\Debug\libArduinoCore.a(HardwareSerial0.o)
 .debug_abbrev  0x00004a50      0x3dd I:\atmel studio\led2\ArduinoSketch42\ArduinoSketch42\ArduinoCore\Debug\libArduinoCore.a(HardwareSerial2.o)
 .debug_abbrev  0x00004e2d      0x3e6 I:\atmel studio\led2\ArduinoSketch42\ArduinoSketch42\ArduinoCore\Debug\libArduinoCore.a(HardwareSerial3.o)
 .debug_abbrev  0x00005213      0x109 I:\atmel studio\led2\ArduinoSketch42\ArduinoSketch42\ArduinoCore\Debug\libArduinoCore.a(main.o)
 .debug_abbrev  0x0000531c      0x498 I:\atmel studio\led2\ArduinoSketch42\ArduinoSketch42\ArduinoCore\Debug\libArduinoCore.a(Print.o)
 .debug_abbrev  0x000057b4       0xed I:\atmel studio\led2\ArduinoSketch42\ArduinoSketch42\ArduinoCore\Debug\libArduinoCore.a(WInterrupts.o)
 .debug_abbrev  0x000058a1      0x145 I:\atmel studio\led2\ArduinoSketch42\ArduinoSketch42\ArduinoCore\Debug\libArduinoCore.a(wiring.o)
 .debug_abbrev  0x000059e6      0x15a I:\atmel studio\led2\ArduinoSketch42\ArduinoSketch42\ArduinoCore\Debug\libArduinoCore.a(wiring_digital.o)
 .debug_abbrev  0x00005b40      0x14b I:\atmel studio\led2\ArduinoSketch42\ArduinoSketch42\ArduinoCore\Debug\libArduinoCore.a(WMath.o)
 .debug_abbrev  0x00005c8b      0x4ef I:\atmel studio\led2\ArduinoSketch42\ArduinoSketch42\ArduinoCore\Debug\libArduinoCore.a(WString.o)
 .debug_abbrev  0x0000617a       0x2a I:\atmel studio\led2\ArduinoSketch42\ArduinoSketch42\ArduinoCore\Debug\libArduinoCore.a(hooks.o)

.debug_line     0x00000000     0x9e2b
 *(.debug_line .debug_line.* .debug_line_end)
 .debug_line    0x00000000     0x1df9 Adafruit_GFX.o
 .debug_line    0x00001df9      0xbe6 Adafruit_SSD1306.o
 .debug_line    0x000029df      0x333 ComwithGY25.o
 .debug_line    0x00002d12      0x4ed ComwithMotor.o
 .debug_line    0x000031ff      0x2b0 ComwithPC.o
 .debug_line    0x000034af      0x2ac ComwithShot.o
 .debug_line    0x0000375b      0x3ab Display.o
 .debug_line    0x00003b06      0x312 Kinematics.o
 .debug_line    0x00003e18      0x209 mMotor.o
 .debug_line    0x00004021      0x2ba Timer3.o
 .debug_line    0x000042db      0x410 mPS2.o
 .debug_line    0x000046eb      0x484 Path.o
 .debug_line    0x00004b6f      0x726 PS2X_lib.o
 .debug_line    0x00005295       0xcb SensorBoard.o
 .debug_line    0x00005360      0x818 Sketch.o
 .debug_line    0x00005b78      0x313 src/libraries/SPI/src/SPI.o
 .debug_line    0x00005e8b      0x515 src/libraries/Wire/src/utility/twi.o
 .debug_line    0x000063a0      0x5e6 src/libraries/Wire/src/Wire.o
 .debug_line    0x00006986      0x2ba Timer1.o
 .debug_line    0x00006c40       0xbf I:\atmel studio\led2\ArduinoSketch42\ArduinoSketch42\ArduinoCore\Debug\libArduinoCore.a(abi.o)
 .debug_line    0x00006cff      0x489 I:\atmel studio\led2\ArduinoSketch42\ArduinoSketch42\ArduinoCore\Debug\libArduinoCore.a(HardwareSerial.o)
 .debug_line    0x00007188      0x288 I:\atmel studio\led2\ArduinoSketch42\ArduinoSketch42\ArduinoCore\Debug\libArduinoCore.a(HardwareSerial0.o)
 .debug_line    0x00007410      0x286 I:\atmel studio\led2\ArduinoSketch42\ArduinoSketch42\ArduinoCore\Debug\libArduinoCore.a(HardwareSerial2.o)
 .debug_line    0x00007696      0x286 I:\atmel studio\led2\ArduinoSketch42\ArduinoSketch42\ArduinoCore\Debug\libArduinoCore.a(HardwareSerial3.o)
 .debug_line    0x0000791c      0x171 I:\atmel studio\led2\ArduinoSketch42\ArduinoSketch42\ArduinoCore\Debug\libArduinoCore.a(main.o)
 .debug_line    0x00007a8d      0x697 I:\atmel studio\led2\ArduinoSketch42\ArduinoSketch42\ArduinoCore\Debug\libArduinoCore.a(Print.o)
 .debug_line    0x00008124      0x2da I:\atmel studio\led2\ArduinoSketch42\ArduinoSketch42\ArduinoCore\Debug\libArduinoCore.a(WInterrupts.o)
 .debug_line    0x000083fe      0x2cb I:\atmel studio\led2\ArduinoSketch42\ArduinoSketch42\ArduinoCore\Debug\libArduinoCore.a(wiring.o)
 .debug_line    0x000086c9      0x284 I:\atmel studio\led2\ArduinoSketch42\ArduinoSketch42\ArduinoCore\Debug\libArduinoCore.a(wiring_digital.o)
 .debug_line    0x0000894d      0x149 I:\atmel studio\led2\ArduinoSketch42\ArduinoSketch42\ArduinoCore\Debug\libArduinoCore.a(WMath.o)